Using device: cuda:0, visible GPUs: 2
GPU name: NVIDIA GeForce RTX 3090
Seed: 3407
Command script saved to: /data01/lyw/GLoMo/experiments/mosei_baseline_valmae_seed3407/command.sh
train labels: n=16265 min=-3.000 max=3.000 mean=0.146 std=1.125
dev labels: n=1869 min=-3.000 max=3.000 mean=0.190 std=1.038
test labels: n=4643 min=-3.000 max=3.000 mean=0.141 std=1.108
BERT load: missing=3 unexpected=10
BERT missing keys (first 5): ['linear1.weight', 'linear1.bias', 'proj_l.weight']
BERT unexpected keys (first 5): ['pooler.dense.weight', 'pooler.dense.bias', 'cls.predictions.bias', 'cls.predictions.transform.dense.weight', 'cls.predictions.transform.dense.bias']
conv audio std 0.038861121982336044
conv video std 0.05623858794569969
total parameter for the model:  115952142
epoch:0, train_loss:2.1570, valid_mse:0.5961, valid_mae:0.5890, test_acc2:0.8299
current mae:0.6200, current corr:0.7016, acc7:0.4542, acc5:0.4542,acc2_non_zero:0.8448, f_score_non_zero:0.8427, acc2:0.8299, f_score:0.8313
Saved best model at epoch 0 by valid_mae=0.5890 -> /data01/lyw/GLoMo/experiments/mosei_baseline_valmae_seed3407/best_model.pt
epoch:1, train_loss:1.7248, valid_mse:0.5763, valid_mae:0.5698, test_acc2:0.8458
current mae:0.5782, current corr:0.7445, acc7:0.5040, acc5:0.5188,acc2_non_zero:0.8528, f_score_non_zero:0.8494, acc2:0.8458, f_score:0.8449
Saved best model at epoch 1 by valid_mae=0.5698 -> /data01/lyw/GLoMo/experiments/mosei_baseline_valmae_seed3407/best_model.pt
epoch:2, train_loss:1.5432, valid_mse:0.5340, valid_mae:0.5419, test_acc2:0.8266
current mae:0.5547, current corr:0.7521, acc7:0.5251, acc5:0.5423,acc2_non_zero:0.8564, f_score_non_zero:0.8557, acc2:0.8266, f_score:0.8303
Saved best model at epoch 2 by valid_mae=0.5419 -> /data01/lyw/GLoMo/experiments/mosei_baseline_valmae_seed3407/best_model.pt
epoch:3, train_loss:1.4172, valid_mse:0.5520, valid_mae:0.5435, test_acc2:0.8118
current mae:0.5496, current corr:0.7509, acc7:0.5262, acc5:0.5440,acc2_non_zero:0.8569, f_score_non_zero:0.8575, acc2:0.8118, f_score:0.8180
epoch:4, train_loss:1.3017, valid_mse:0.5673, valid_mae:0.5527, test_acc2:0.8133
current mae:0.5610, current corr:0.7502, acc7:0.5210, acc5:0.5393,acc2_non_zero:0.8536, f_score_non_zero:0.8540, acc2:0.8133, f_score:0.8190
epoch:5, train_loss:1.1987, valid_mse:0.5311, valid_mae:0.5447, test_acc2:0.8428
current mae:0.5618, current corr:0.7545, acc7:0.5244, acc5:0.5428,acc2_non_zero:0.8577, f_score_non_zero:0.8556, acc2:0.8428, f_score:0.8436
epoch:6, train_loss:1.1070, valid_mse:0.5856, valid_mae:0.5730, test_acc2:0.8363
current mae:0.5863, current corr:0.7498, acc7:0.5020, acc5:0.5212,acc2_non_zero:0.8569, f_score_non_zero:0.8557, acc2:0.8363, f_score:0.8386
epoch:7, train_loss:0.9914, valid_mse:0.5514, valid_mae:0.5464, test_acc2:0.8012
current mae:0.5609, current corr:0.7418, acc7:0.5197, acc5:0.5378,acc2_non_zero:0.8445, f_score_non_zero:0.8456, acc2:0.8012, f_score:0.8084
epoch:8, train_loss:0.9142, valid_mse:0.6007, valid_mae:0.5873, test_acc2:0.8454
current mae:0.5981, current corr:0.7515, acc7:0.4921, acc5:0.5104,acc2_non_zero:0.8503, f_score_non_zero:0.8464, acc2:0.8454, f_score:0.8440
epoch:9, train_loss:0.8258, valid_mse:0.5192, valid_mae:0.5353, test_acc2:0.8303
current mae:0.5546, current corr:0.7474, acc7:0.5173, acc5:0.5333,acc2_non_zero:0.8533, f_score_non_zero:0.8528, acc2:0.8303, f_score:0.8336
Saved best model at epoch 9 by valid_mae=0.5353 -> /data01/lyw/GLoMo/experiments/mosei_baseline_valmae_seed3407/best_model.pt
epoch:10, train_loss:0.7579, valid_mse:0.5447, valid_mae:0.5499, test_acc2:0.8184
current mae:0.5634, current corr:0.7467, acc7:0.5130, acc5:0.5305,acc2_non_zero:0.8503, f_score_non_zero:0.8502, acc2:0.8184, f_score:0.8232
epoch:11, train_loss:0.6979, valid_mse:0.5515, valid_mae:0.5487, test_acc2:0.8165
current mae:0.5636, current corr:0.7399, acc7:0.5150, acc5:0.5320,acc2_non_zero:0.8475, f_score_non_zero:0.8477, acc2:0.8165, f_score:0.8215
epoch:12, train_loss:0.6337, valid_mse:0.5429, valid_mae:0.5486, test_acc2:0.8210
current mae:0.5616, current corr:0.7443, acc7:0.5186, acc5:0.5359,acc2_non_zero:0.8547, f_score_non_zero:0.8539, acc2:0.8210, f_score:0.8250
epoch:13, train_loss:0.5871, valid_mse:0.5597, valid_mae:0.5567, test_acc2:0.8322
current mae:0.5669, current corr:0.7460, acc7:0.5139, acc5:0.5309,acc2_non_zero:0.8591, f_score_non_zero:0.8579, acc2:0.8322, f_score:0.8349
epoch:14, train_loss:0.5480, valid_mse:0.5592, valid_mae:0.5547, test_acc2:0.8131
current mae:0.5677, current corr:0.7446, acc7:0.5072, acc5:0.5236,acc2_non_zero:0.8528, f_score_non_zero:0.8533, acc2:0.8131, f_score:0.8190
epoch:15, train_loss:0.5030, valid_mse:0.5467, valid_mae:0.5511, test_acc2:0.8260
current mae:0.5622, current corr:0.7452, acc7:0.5195, acc5:0.5363,acc2_non_zero:0.8552, f_score_non_zero:0.8543, acc2:0.8260, f_score:0.8294
epoch:16, train_loss:0.4757, valid_mse:0.5750, valid_mae:0.5652, test_acc2:0.8348
current mae:0.5760, current corr:0.7457, acc7:0.5008, acc5:0.5204,acc2_non_zero:0.8580, f_score_non_zero:0.8567, acc2:0.8348, f_score:0.8371
epoch:17, train_loss:0.4460, valid_mse:0.5338, valid_mae:0.5434, test_acc2:0.7872
current mae:0.5573, current corr:0.7478, acc7:0.5197, acc5:0.5365,acc2_non_zero:0.8456, f_score_non_zero:0.8468, acc2:0.7872, f_score:0.7956
epoch:18, train_loss:0.4264, valid_mse:0.5400, valid_mae:0.5458, test_acc2:0.8260
current mae:0.5592, current corr:0.7504, acc7:0.5130, acc5:0.5296,acc2_non_zero:0.8528, f_score_non_zero:0.8517, acc2:0.8260, f_score:0.8291
epoch:19, train_loss:0.3922, valid_mse:0.5854, valid_mae:0.5677, test_acc2:0.7947
current mae:0.5789, current corr:0.7422, acc7:0.5057, acc5:0.5281,acc2_non_zero:0.8442, f_score_non_zero:0.8452, acc2:0.7947, f_score:0.8022
epoch:20, train_loss:0.3791, valid_mse:0.5565, valid_mae:0.5538, test_acc2:0.7685
current mae:0.5663, current corr:0.7437, acc7:0.5139, acc5:0.5316,acc2_non_zero:0.8331, f_score_non_zero:0.8353, acc2:0.7685, f_score:0.7787
epoch:21, train_loss:0.3664, valid_mse:0.5434, valid_mae:0.5486, test_acc2:0.8128
current mae:0.5653, current corr:0.7451, acc7:0.5132, acc5:0.5324,acc2_non_zero:0.8552, f_score_non_zero:0.8555, acc2:0.8128, f_score:0.8185
epoch:22, train_loss:0.3485, valid_mse:0.5369, valid_mae:0.5491, test_acc2:0.8395
current mae:0.5588, current corr:0.7501, acc7:0.5130, acc5:0.5305,acc2_non_zero:0.8555, f_score_non_zero:0.8535, acc2:0.8395, f_score:0.8406
epoch:23, train_loss:0.3302, valid_mse:0.5340, valid_mae:0.5465, test_acc2:0.8131
current mae:0.5612, current corr:0.7490, acc7:0.5141, acc5:0.5318,acc2_non_zero:0.8530, f_score_non_zero:0.8531, acc2:0.8131, f_score:0.8185
epoch:24, train_loss:0.3121, valid_mse:0.5297, valid_mae:0.5433, test_acc2:0.8217
current mae:0.5565, current corr:0.7499, acc7:0.5169, acc5:0.5339,acc2_non_zero:0.8533, f_score_non_zero:0.8530, acc2:0.8217, f_score:0.8259
epoch:25, train_loss:0.3064, valid_mse:0.5349, valid_mae:0.5429, test_acc2:0.7868
current mae:0.5532, current corr:0.7475, acc7:0.5290, acc5:0.5445,acc2_non_zero:0.8398, f_score_non_zero:0.8412, acc2:0.7868, f_score:0.7952
epoch:26, train_loss:0.2852, valid_mse:0.5485, valid_mae:0.5537, test_acc2:0.7980
current mae:0.5688, current corr:0.7463, acc7:0.5126, acc5:0.5303,acc2_non_zero:0.8494, f_score_non_zero:0.8498, acc2:0.7980, f_score:0.8048
epoch:27, train_loss:0.2849, valid_mse:0.5233, valid_mae:0.5399, test_acc2:0.8202
current mae:0.5530, current corr:0.7485, acc7:0.5171, acc5:0.5348,acc2_non_zero:0.8530, f_score_non_zero:0.8529, acc2:0.8202, f_score:0.8248
epoch:28, train_loss:0.2725, valid_mse:0.5375, valid_mae:0.5449, test_acc2:0.8098
current mae:0.5530, current corr:0.7508, acc7:0.5219, acc5:0.5410,acc2_non_zero:0.8525, f_score_non_zero:0.8525, acc2:0.8098, f_score:0.8154
epoch:29, train_loss:0.2670, valid_mse:0.5815, valid_mae:0.5720, test_acc2:0.7728
current mae:0.5791, current corr:0.7433, acc7:0.5076, acc5:0.5290,acc2_non_zero:0.8356, f_score_non_zero:0.8374, acc2:0.7728, f_score:0.7824
epoch:30, train_loss:0.2516, valid_mse:0.5714, valid_mae:0.5645, test_acc2:0.7913
current mae:0.5701, current corr:0.7490, acc7:0.5072, acc5:0.5285,acc2_non_zero:0.8436, f_score_non_zero:0.8450, acc2:0.7913, f_score:0.7994
epoch:31, train_loss:0.2431, valid_mse:0.5327, valid_mae:0.5451, test_acc2:0.8182
current mae:0.5610, current corr:0.7507, acc7:0.5143, acc5:0.5335,acc2_non_zero:0.8561, f_score_non_zero:0.8557, acc2:0.8182, f_score:0.8229
epoch:32, train_loss:0.2410, valid_mse:0.5458, valid_mae:0.5553, test_acc2:0.8370
current mae:0.5676, current corr:0.7521, acc7:0.5076, acc5:0.5279,acc2_non_zero:0.8564, f_score_non_zero:0.8544, acc2:0.8370, f_score:0.8384
epoch:33, train_loss:0.2347, valid_mse:0.5414, valid_mae:0.5513, test_acc2:0.7818
current mae:0.5652, current corr:0.7503, acc7:0.5173, acc5:0.5359,acc2_non_zero:0.8456, f_score_non_zero:0.8470, acc2:0.7818, f_score:0.7908
epoch:34, train_loss:0.2302, valid_mse:0.5419, valid_mae:0.5540, test_acc2:0.8264
current mae:0.5619, current corr:0.7554, acc7:0.5122, acc5:0.5309,acc2_non_zero:0.8561, f_score_non_zero:0.8556, acc2:0.8264, f_score:0.8303
epoch:35, train_loss:0.2260, valid_mse:0.5316, valid_mae:0.5424, test_acc2:0.8143
current mae:0.5515, current corr:0.7527, acc7:0.5281, acc5:0.5458,acc2_non_zero:0.8547, f_score_non_zero:0.8549, acc2:0.8143, f_score:0.8199
epoch:36, train_loss:0.2198, valid_mse:0.5210, valid_mae:0.5403, test_acc2:0.8240
current mae:0.5518, current corr:0.7549, acc7:0.5268, acc5:0.5456,acc2_non_zero:0.8544, f_score_non_zero:0.8539, acc2:0.8240, f_score:0.8280
epoch:37, train_loss:0.2118, valid_mse:0.5217, valid_mae:0.5387, test_acc2:0.7973
current mae:0.5507, current corr:0.7519, acc7:0.5236, acc5:0.5412,acc2_non_zero:0.8511, f_score_non_zero:0.8519, acc2:0.7973, f_score:0.8047
epoch:38, train_loss:0.2094, valid_mse:0.5351, valid_mae:0.5462, test_acc2:0.7773
current mae:0.5609, current corr:0.7528, acc7:0.5145, acc5:0.5341,acc2_non_zero:0.8423, f_score_non_zero:0.8438, acc2:0.7773, f_score:0.7866
epoch:39, train_loss:0.1991, valid_mse:0.5289, valid_mae:0.5468, test_acc2:0.8337
current mae:0.5572, current corr:0.7546, acc7:0.5107, acc5:0.5275,acc2_non_zero:0.8550, f_score_non_zero:0.8534, acc2:0.8337, f_score:0.8358
epoch:40, train_loss:0.1969, valid_mse:0.5355, valid_mae:0.5442, test_acc2:0.8122
current mae:0.5526, current corr:0.7535, acc7:0.5204, acc5:0.5384,acc2_non_zero:0.8506, f_score_non_zero:0.8505, acc2:0.8122, f_score:0.8175
epoch:41, train_loss:0.1930, valid_mse:0.5467, valid_mae:0.5490, test_acc2:0.7930
current mae:0.5602, current corr:0.7493, acc7:0.5100, acc5:0.5275,acc2_non_zero:0.8478, f_score_non_zero:0.8490, acc2:0.7930, f_score:0.8011
epoch:42, train_loss:0.1891, valid_mse:0.5318, valid_mae:0.5474, test_acc2:0.8156
current mae:0.5567, current corr:0.7539, acc7:0.5182, acc5:0.5380,acc2_non_zero:0.8530, f_score_non_zero:0.8531, acc2:0.8156, f_score:0.8209
epoch:43, train_loss:0.1875, valid_mse:0.5405, valid_mae:0.5480, test_acc2:0.8154
current mae:0.5527, current corr:0.7574, acc7:0.5197, acc5:0.5382,acc2_non_zero:0.8541, f_score_non_zero:0.8539, acc2:0.8154, f_score:0.8203
epoch:44, train_loss:0.1831, valid_mse:0.5538, valid_mae:0.5564, test_acc2:0.8042
current mae:0.5618, current corr:0.7539, acc7:0.5089, acc5:0.5285,acc2_non_zero:0.8519, f_score_non_zero:0.8526, acc2:0.8042, f_score:0.8109
epoch:45, train_loss:0.1783, valid_mse:0.5420, valid_mae:0.5477, test_acc2:0.8003
current mae:0.5589, current corr:0.7508, acc7:0.5132, acc5:0.5313,acc2_non_zero:0.8478, f_score_non_zero:0.8489, acc2:0.8003, f_score:0.8076
epoch:46, train_loss:0.1765, valid_mse:0.5378, valid_mae:0.5462, test_acc2:0.8217
current mae:0.5541, current corr:0.7583, acc7:0.5132, acc5:0.5311,acc2_non_zero:0.8558, f_score_non_zero:0.8551, acc2:0.8217, f_score:0.8257
epoch:47, train_loss:0.1692, valid_mse:0.5535, valid_mae:0.5581, test_acc2:0.7924
current mae:0.5695, current corr:0.7492, acc7:0.5089, acc5:0.5277,acc2_non_zero:0.8470, f_score_non_zero:0.8480, acc2:0.7924, f_score:0.8002
epoch:48, train_loss:0.1704, valid_mse:0.5282, valid_mae:0.5386, test_acc2:0.8215
current mae:0.5513, current corr:0.7534, acc7:0.5169, acc5:0.5354,acc2_non_zero:0.8544, f_score_non_zero:0.8542, acc2:0.8215, f_score:0.8259
epoch:49, train_loss:0.1697, valid_mse:0.5371, valid_mae:0.5495, test_acc2:0.8100
current mae:0.5628, current corr:0.7497, acc7:0.5051, acc5:0.5240,acc2_non_zero:0.8525, f_score_non_zero:0.8531, acc2:0.8100, f_score:0.8162
epoch:50, train_loss:0.1596, valid_mse:0.5543, valid_mae:0.5600, test_acc2:0.8163
current mae:0.5707, current corr:0.7512, acc7:0.5070, acc5:0.5270,acc2_non_zero:0.8544, f_score_non_zero:0.8546, acc2:0.8163, f_score:0.8216
epoch:51, train_loss:0.1629, valid_mse:0.5501, valid_mae:0.5579, test_acc2:0.8047
current mae:0.5670, current corr:0.7515, acc7:0.5139, acc5:0.5328,acc2_non_zero:0.8522, f_score_non_zero:0.8526, acc2:0.8047, f_score:0.8110
epoch:52, train_loss:0.1614, valid_mse:0.5419, valid_mae:0.5527, test_acc2:0.8001
current mae:0.5671, current corr:0.7520, acc7:0.5156, acc5:0.5365,acc2_non_zero:0.8517, f_score_non_zero:0.8520, acc2:0.8001, f_score:0.8069
epoch:53, train_loss:0.1520, valid_mse:0.5246, valid_mae:0.5391, test_acc2:0.7971
current mae:0.5543, current corr:0.7503, acc7:0.5178, acc5:0.5356,acc2_non_zero:0.8453, f_score_non_zero:0.8458, acc2:0.7971, f_score:0.8040
epoch:54, train_loss:0.1547, valid_mse:0.5602, valid_mae:0.5608, test_acc2:0.8105
current mae:0.5755, current corr:0.7495, acc7:0.5074, acc5:0.5279,acc2_non_zero:0.8492, f_score_non_zero:0.8493, acc2:0.8105, f_score:0.8160
epoch:55, train_loss:0.1518, valid_mse:0.5190, valid_mae:0.5401, test_acc2:0.8303
current mae:0.5531, current corr:0.7540, acc7:0.5167, acc5:0.5363,acc2_non_zero:0.8575, f_score_non_zero:0.8565, acc2:0.8303, f_score:0.8334
epoch:56, train_loss:0.1442, valid_mse:0.5428, valid_mae:0.5514, test_acc2:0.7999
current mae:0.5662, current corr:0.7482, acc7:0.5186, acc5:0.5395,acc2_non_zero:0.8439, f_score_non_zero:0.8447, acc2:0.7999, f_score:0.8068
epoch:57, train_loss:0.1451, valid_mse:0.5578, valid_mae:0.5616, test_acc2:0.7945
current mae:0.5707, current corr:0.7471, acc7:0.5135, acc5:0.5335,acc2_non_zero:0.8439, f_score_non_zero:0.8450, acc2:0.7945, f_score:0.8022
epoch:58, train_loss:0.1472, valid_mse:0.5518, valid_mae:0.5572, test_acc2:0.7952
current mae:0.5678, current corr:0.7501, acc7:0.5167, acc5:0.5376,acc2_non_zero:0.8475, f_score_non_zero:0.8480, acc2:0.7952, f_score:0.8023
epoch:59, train_loss:0.1403, valid_mse:0.5525, valid_mae:0.5557, test_acc2:0.7827
current mae:0.5723, current corr:0.7448, acc7:0.5092, acc5:0.5292,acc2_non_zero:0.8414, f_score_non_zero:0.8430, acc2:0.7827, f_score:0.7916
epoch:60, train_loss:0.1347, valid_mse:0.5302, valid_mae:0.5446, test_acc2:0.7810
current mae:0.5620, current corr:0.7468, acc7:0.5191, acc5:0.5397,acc2_non_zero:0.8381, f_score_non_zero:0.8396, acc2:0.7810, f_score:0.7898
epoch:61, train_loss:0.1323, valid_mse:0.5425, valid_mae:0.5482, test_acc2:0.8094
current mae:0.5667, current corr:0.7521, acc7:0.5154, acc5:0.5356,acc2_non_zero:0.8519, f_score_non_zero:0.8521, acc2:0.8094, f_score:0.8151
epoch:62, train_loss:0.1259, valid_mse:0.5372, valid_mae:0.5515, test_acc2:0.8047
current mae:0.5666, current corr:0.7486, acc7:0.5184, acc5:0.5376,acc2_non_zero:0.8494, f_score_non_zero:0.8496, acc2:0.8047, f_score:0.8107
epoch:63, train_loss:0.1291, valid_mse:0.5611, valid_mae:0.5631, test_acc2:0.8131
current mae:0.5750, current corr:0.7527, acc7:0.5042, acc5:0.5242,acc2_non_zero:0.8541, f_score_non_zero:0.8539, acc2:0.8131, f_score:0.8182
epoch:64, train_loss:0.1274, valid_mse:0.5581, valid_mae:0.5581, test_acc2:0.7928
current mae:0.5662, current corr:0.7506, acc7:0.5139, acc5:0.5348,acc2_non_zero:0.8439, f_score_non_zero:0.8448, acc2:0.7928, f_score:0.8004
epoch:65, train_loss:0.1228, valid_mse:0.5739, valid_mae:0.5671, test_acc2:0.8083
current mae:0.5717, current corr:0.7530, acc7:0.4992, acc5:0.5206,acc2_non_zero:0.8486, f_score_non_zero:0.8483, acc2:0.8083, f_score:0.8136
epoch:66, train_loss:0.1195, valid_mse:0.5454, valid_mae:0.5523, test_acc2:0.8115
current mae:0.5638, current corr:0.7520, acc7:0.5139, acc5:0.5359,acc2_non_zero:0.8492, f_score_non_zero:0.8487, acc2:0.8115, f_score:0.8164
epoch:67, train_loss:0.1192, valid_mse:0.5507, valid_mae:0.5519, test_acc2:0.8070
current mae:0.5664, current corr:0.7501, acc7:0.5182, acc5:0.5391,acc2_non_zero:0.8506, f_score_non_zero:0.8510, acc2:0.8070, f_score:0.8132
epoch:68, train_loss:0.1170, valid_mse:0.5347, valid_mae:0.5471, test_acc2:0.8087
current mae:0.5600, current corr:0.7516, acc7:0.5193, acc5:0.5395,acc2_non_zero:0.8511, f_score_non_zero:0.8512, acc2:0.8087, f_score:0.8144
epoch:69, train_loss:0.1167, valid_mse:0.5621, valid_mae:0.5653, test_acc2:0.7928
current mae:0.5762, current corr:0.7488, acc7:0.5061, acc5:0.5288,acc2_non_zero:0.8431, f_score_non_zero:0.8441, acc2:0.7928, f_score:0.8004
epoch:70, train_loss:0.1159, valid_mse:0.5356, valid_mae:0.5458, test_acc2:0.8070
current mae:0.5621, current corr:0.7532, acc7:0.5145, acc5:0.5350,acc2_non_zero:0.8483, f_score_non_zero:0.8485, acc2:0.8070, f_score:0.8128
epoch:71, train_loss:0.1109, valid_mse:0.5543, valid_mae:0.5555, test_acc2:0.8042
current mae:0.5691, current corr:0.7508, acc7:0.5111, acc5:0.5331,acc2_non_zero:0.8500, f_score_non_zero:0.8505, acc2:0.8042, f_score:0.8107
epoch:72, train_loss:0.1097, valid_mse:0.5498, valid_mae:0.5538, test_acc2:0.7997
current mae:0.5642, current corr:0.7504, acc7:0.5124, acc5:0.5348,acc2_non_zero:0.8478, f_score_non_zero:0.8487, acc2:0.7997, f_score:0.8068
epoch:73, train_loss:0.1127, valid_mse:0.5374, valid_mae:0.5494, test_acc2:0.7986
current mae:0.5609, current corr:0.7494, acc7:0.5132, acc5:0.5326,acc2_non_zero:0.8456, f_score_non_zero:0.8462, acc2:0.7986, f_score:0.8055
epoch:74, train_loss:0.1084, valid_mse:0.5534, valid_mae:0.5593, test_acc2:0.8092
current mae:0.5722, current corr:0.7480, acc7:0.5094, acc5:0.5292,acc2_non_zero:0.8511, f_score_non_zero:0.8515, acc2:0.8092, f_score:0.8152
epoch:75, train_loss:0.1080, valid_mse:0.5474, valid_mae:0.5540, test_acc2:0.8075
current mae:0.5677, current corr:0.7530, acc7:0.5113, acc5:0.5313,acc2_non_zero:0.8536, f_score_non_zero:0.8537, acc2:0.8075, f_score:0.8134
epoch:76, train_loss:0.1009, valid_mse:0.5811, valid_mae:0.5680, test_acc2:0.8059
current mae:0.5742, current corr:0.7462, acc7:0.5145, acc5:0.5348,acc2_non_zero:0.8481, f_score_non_zero:0.8487, acc2:0.8059, f_score:0.8124
epoch:77, train_loss:0.1048, valid_mse:0.5510, valid_mae:0.5540, test_acc2:0.8124
current mae:0.5673, current corr:0.7525, acc7:0.5104, acc5:0.5313,acc2_non_zero:0.8508, f_score_non_zero:0.8511, acc2:0.8124, f_score:0.8180
epoch:78, train_loss:0.1017, valid_mse:0.5493, valid_mae:0.5493, test_acc2:0.7978
current mae:0.5620, current corr:0.7501, acc7:0.5145, acc5:0.5356,acc2_non_zero:0.8448, f_score_non_zero:0.8457, acc2:0.7978, f_score:0.8050
epoch:79, train_loss:0.0999, valid_mse:0.5401, valid_mae:0.5518, test_acc2:0.7937
current mae:0.5643, current corr:0.7480, acc7:0.5180, acc5:0.5372,acc2_non_zero:0.8431, f_score_non_zero:0.8437, acc2:0.7937, f_score:0.8009
epoch:80, train_loss:0.0864, valid_mse:0.5450, valid_mae:0.5537, test_acc2:0.8001
current mae:0.5653, current corr:0.7504, acc7:0.5154, acc5:0.5346,acc2_non_zero:0.8456, f_score_non_zero:0.8460, acc2:0.8001, f_score:0.8067
epoch:81, train_loss:0.0828, valid_mse:0.5436, valid_mae:0.5533, test_acc2:0.8031
current mae:0.5660, current corr:0.7502, acc7:0.5100, acc5:0.5296,acc2_non_zero:0.8475, f_score_non_zero:0.8481, acc2:0.8031, f_score:0.8097
epoch:82, train_loss:0.0794, valid_mse:0.5486, valid_mae:0.5546, test_acc2:0.8010
current mae:0.5653, current corr:0.7505, acc7:0.5124, acc5:0.5316,acc2_non_zero:0.8464, f_score_non_zero:0.8469, acc2:0.8010, f_score:0.8076
epoch:83, train_loss:0.0782, valid_mse:0.5385, valid_mae:0.5501, test_acc2:0.8031
current mae:0.5637, current corr:0.7504, acc7:0.5154, acc5:0.5346,acc2_non_zero:0.8483, f_score_non_zero:0.8490, acc2:0.8031, f_score:0.8098
epoch:84, train_loss:0.0760, valid_mse:0.5342, valid_mae:0.5458, test_acc2:0.8124
current mae:0.5601, current corr:0.7516, acc7:0.5160, acc5:0.5354,acc2_non_zero:0.8503, f_score_non_zero:0.8504, acc2:0.8124, f_score:0.8178
epoch:85, train_loss:0.0757, valid_mse:0.5406, valid_mae:0.5498, test_acc2:0.8001
current mae:0.5664, current corr:0.7497, acc7:0.5104, acc5:0.5294,acc2_non_zero:0.8481, f_score_non_zero:0.8488, acc2:0.8001, f_score:0.8071
epoch:86, train_loss:0.0752, valid_mse:0.5363, valid_mae:0.5497, test_acc2:0.8010
current mae:0.5671, current corr:0.7504, acc7:0.5083, acc5:0.5281,acc2_non_zero:0.8461, f_score_non_zero:0.8466, acc2:0.8010, f_score:0.8075
epoch:87, train_loss:0.0735, valid_mse:0.5424, valid_mae:0.5496, test_acc2:0.8042
current mae:0.5652, current corr:0.7507, acc7:0.5107, acc5:0.5298,acc2_non_zero:0.8467, f_score_non_zero:0.8471, acc2:0.8042, f_score:0.8104
epoch:88, train_loss:0.0732, valid_mse:0.5327, valid_mae:0.5463, test_acc2:0.7975
current mae:0.5616, current corr:0.7515, acc7:0.5141, acc5:0.5333,acc2_non_zero:0.8470, f_score_non_zero:0.8475, acc2:0.7975, f_score:0.8045
epoch:89, train_loss:0.0720, valid_mse:0.5355, valid_mae:0.5490, test_acc2:0.8027
current mae:0.5633, current corr:0.7510, acc7:0.5115, acc5:0.5303,acc2_non_zero:0.8489, f_score_non_zero:0.8494, acc2:0.8027, f_score:0.8093
epoch:90, train_loss:0.0730, valid_mse:0.5331, valid_mae:0.5471, test_acc2:0.8066
current mae:0.5635, current corr:0.7513, acc7:0.5126, acc5:0.5320,acc2_non_zero:0.8492, f_score_non_zero:0.8494, acc2:0.8066, f_score:0.8125
epoch:91, train_loss:0.0710, valid_mse:0.5400, valid_mae:0.5501, test_acc2:0.8025
current mae:0.5616, current corr:0.7515, acc7:0.5141, acc5:0.5333,acc2_non_zero:0.8475, f_score_non_zero:0.8480, acc2:0.8025, f_score:0.8090
epoch:92, train_loss:0.0716, valid_mse:0.5311, valid_mae:0.5460, test_acc2:0.8036
current mae:0.5628, current corr:0.7508, acc7:0.5117, acc5:0.5311,acc2_non_zero:0.8483, f_score_non_zero:0.8489, acc2:0.8036, f_score:0.8101
epoch:93, train_loss:0.0696, valid_mse:0.5317, valid_mae:0.5450, test_acc2:0.8085
current mae:0.5603, current corr:0.7526, acc7:0.5158, acc5:0.5350,acc2_non_zero:0.8508, f_score_non_zero:0.8512, acc2:0.8085, f_score:0.8145
epoch:94, train_loss:0.0700, valid_mse:0.5377, valid_mae:0.5485, test_acc2:0.8038
current mae:0.5653, current corr:0.7522, acc7:0.5100, acc5:0.5292,acc2_non_zero:0.8481, f_score_non_zero:0.8484, acc2:0.8038, f_score:0.8101
epoch:95, train_loss:0.0693, valid_mse:0.5350, valid_mae:0.5481, test_acc2:0.8057
current mae:0.5626, current corr:0.7521, acc7:0.5096, acc5:0.5292,acc2_non_zero:0.8500, f_score_non_zero:0.8504, acc2:0.8057, f_score:0.8120
epoch:96, train_loss:0.0684, valid_mse:0.5339, valid_mae:0.5468, test_acc2:0.8044
current mae:0.5636, current corr:0.7520, acc7:0.5117, acc5:0.5305,acc2_non_zero:0.8472, f_score_non_zero:0.8476, acc2:0.8044, f_score:0.8107
epoch:97, train_loss:0.0687, valid_mse:0.5335, valid_mae:0.5474, test_acc2:0.8019
current mae:0.5638, current corr:0.7521, acc7:0.5132, acc5:0.5326,acc2_non_zero:0.8467, f_score_non_zero:0.8472, acc2:0.8019, f_score:0.8085
epoch:98, train_loss:0.0687, valid_mse:0.5317, valid_mae:0.5465, test_acc2:0.8001
current mae:0.5645, current corr:0.7514, acc7:0.5141, acc5:0.5337,acc2_non_zero:0.8475, f_score_non_zero:0.8482, acc2:0.8001, f_score:0.8071
epoch:99, train_loss:0.0678, valid_mse:0.5337, valid_mae:0.5468, test_acc2:0.8081
current mae:0.5605, current corr:0.7527, acc7:0.5160, acc5:0.5354,acc2_non_zero:0.8503, f_score_non_zero:0.8505, acc2:0.8081, f_score:0.8140
Loading best model from epoch 9 by valid_mae=0.5353 for analysis export.
Analysis files exported to: /data01/lyw/GLoMo/experiments/mosei_baseline_valmae_seed3407/analysis
  predictions: /data01/lyw/GLoMo/experiments/mosei_baseline_valmae_seed3407/analysis/predictions.csv
  repr: /data01/lyw/GLoMo/experiments/mosei_baseline_valmae_seed3407/analysis/repr.npz
  repr meta: /data01/lyw/GLoMo/experiments/mosei_baseline_valmae_seed3407/analysis/repr_meta.json
  cases: /data01/lyw/GLoMo/experiments/mosei_baseline_valmae_seed3407/analysis/cases.csv
Metrics summary saved to: /data01/lyw/GLoMo/experiments/mosei_baseline_valmae_seed3407/metrics.json
Total runtime: 7243569.2048072815 ms
