Using device: cuda:0, visible GPUs: 5
GPU name: NVIDIA GeForce RTX 3090
Seed: 2026
Command script saved to: /data01/lyw/GLoMo/experiments/mosei_only_moe_valmae_seed2026/command.sh
train labels: n=16265 min=-3.000 max=3.000 mean=0.146 std=1.125
dev labels: n=1869 min=-3.000 max=3.000 mean=0.190 std=1.038
test labels: n=4643 min=-3.000 max=3.000 mean=0.141 std=1.108
BERT load: missing=3 unexpected=10
BERT missing keys (first 5): ['linear1.weight', 'linear1.bias', 'proj_l.weight']
BERT unexpected keys (first 5): ['pooler.dense.weight', 'pooler.dense.bias', 'cls.predictions.bias', 'cls.predictions.transform.dense.weight', 'cls.predictions.transform.dense.bias']
conv audio std 0.038659658282995224
conv video std 0.05639365687966347
total parameter for the model:  117281879
epoch:0, train_loss:2.1461, valid_mse:0.5629, valid_mae:0.5761, test_acc2:0.8311
current mae:0.5976, current corr:0.7163, acc7:0.4758, acc5:0.4758,acc2_non_zero:0.8459, f_score_non_zero:0.8435, acc2:0.8311, f_score:0.8322
Saved best model at epoch 0 by valid_mae=0.5761 -> /data01/lyw/GLoMo/experiments/mosei_only_moe_valmae_seed2026/best_model.pt
epoch:1, train_loss:1.7088, valid_mse:0.5388, valid_mae:0.5488, test_acc2:0.8171
current mae:0.5635, current corr:0.7393, acc7:0.5244, acc5:0.5400,acc2_non_zero:0.8514, f_score_non_zero:0.8507, acc2:0.8171, f_score:0.8214
Saved best model at epoch 1 by valid_mae=0.5488 -> /data01/lyw/GLoMo/experiments/mosei_only_moe_valmae_seed2026/best_model.pt
epoch:2, train_loss:1.5453, valid_mse:0.5372, valid_mae:0.5498, test_acc2:0.8292
current mae:0.5568, current corr:0.7509, acc7:0.5309, acc5:0.5494,acc2_non_zero:0.8511, f_score_non_zero:0.8499, acc2:0.8292, f_score:0.8319
epoch:3, train_loss:1.4136, valid_mse:0.5330, valid_mae:0.5438, test_acc2:0.8350
current mae:0.5493, current corr:0.7526, acc7:0.5324, acc5:0.5505,acc2_non_zero:0.8522, f_score_non_zero:0.8509, acc2:0.8350, f_score:0.8372
Saved best model at epoch 3 by valid_mae=0.5438 -> /data01/lyw/GLoMo/experiments/mosei_only_moe_valmae_seed2026/best_model.pt
epoch:4, train_loss:1.3002, valid_mse:0.5214, valid_mae:0.5390, test_acc2:0.8258
current mae:0.5440, current corr:0.7546, acc7:0.5313, acc5:0.5484,acc2_non_zero:0.8497, f_score_non_zero:0.8495, acc2:0.8258, f_score:0.8297
Saved best model at epoch 4 by valid_mae=0.5390 -> /data01/lyw/GLoMo/experiments/mosei_only_moe_valmae_seed2026/best_model.pt
epoch:5, train_loss:1.1961, valid_mse:0.5370, valid_mae:0.5493, test_acc2:0.8333
current mae:0.5523, current corr:0.7529, acc7:0.5257, acc5:0.5438,acc2_non_zero:0.8508, f_score_non_zero:0.8501, acc2:0.8333, f_score:0.8361
epoch:6, train_loss:1.0962, valid_mse:0.5369, valid_mae:0.5506, test_acc2:0.8423
current mae:0.5572, current corr:0.7562, acc7:0.5305, acc5:0.5486,acc2_non_zero:0.8519, f_score_non_zero:0.8499, acc2:0.8423, f_score:0.8431
epoch:7, train_loss:0.9869, valid_mse:0.5704, valid_mae:0.5651, test_acc2:0.8195
current mae:0.5661, current corr:0.7481, acc7:0.5150, acc5:0.5337,acc2_non_zero:0.8475, f_score_non_zero:0.8480, acc2:0.8195, f_score:0.8246
epoch:8, train_loss:0.8999, valid_mse:0.5617, valid_mae:0.5599, test_acc2:0.8311
current mae:0.5621, current corr:0.7459, acc7:0.5156, acc5:0.5337,acc2_non_zero:0.8517, f_score_non_zero:0.8513, acc2:0.8311, f_score:0.8346
epoch:9, train_loss:0.8271, valid_mse:0.5496, valid_mae:0.5546, test_acc2:0.8150
current mae:0.5574, current corr:0.7494, acc7:0.5141, acc5:0.5322,acc2_non_zero:0.8470, f_score_non_zero:0.8469, acc2:0.8150, f_score:0.8198
epoch:10, train_loss:0.7436, valid_mse:0.5773, valid_mae:0.5753, test_acc2:0.8279
current mae:0.5750, current corr:0.7484, acc7:0.5079, acc5:0.5268,acc2_non_zero:0.8511, f_score_non_zero:0.8502, acc2:0.8279, f_score:0.8309
epoch:11, train_loss:0.6925, valid_mse:0.5784, valid_mae:0.5712, test_acc2:0.8309
current mae:0.5656, current corr:0.7453, acc7:0.5137, acc5:0.5313,acc2_non_zero:0.8494, f_score_non_zero:0.8486, acc2:0.8309, f_score:0.8338
epoch:12, train_loss:0.6335, valid_mse:0.5695, valid_mae:0.5707, test_acc2:0.8419
current mae:0.5728, current corr:0.7457, acc7:0.5083, acc5:0.5260,acc2_non_zero:0.8456, f_score_non_zero:0.8422, acc2:0.8419, f_score:0.8410
epoch:13, train_loss:0.5833, valid_mse:0.5685, valid_mae:0.5628, test_acc2:0.8320
current mae:0.5649, current corr:0.7442, acc7:0.5186, acc5:0.5374,acc2_non_zero:0.8514, f_score_non_zero:0.8501, acc2:0.8320, f_score:0.8344
epoch:14, train_loss:0.5471, valid_mse:0.5594, valid_mae:0.5608, test_acc2:0.8243
current mae:0.5698, current corr:0.7450, acc7:0.5117, acc5:0.5303,acc2_non_zero:0.8486, f_score_non_zero:0.8486, acc2:0.8243, f_score:0.8285
epoch:15, train_loss:0.5146, valid_mse:0.5468, valid_mae:0.5548, test_acc2:0.8159
current mae:0.5581, current corr:0.7478, acc7:0.5143, acc5:0.5331,acc2_non_zero:0.8492, f_score_non_zero:0.8492, acc2:0.8159, f_score:0.8209
epoch:16, train_loss:0.4672, valid_mse:0.5586, valid_mae:0.5587, test_acc2:0.8156
current mae:0.5609, current corr:0.7498, acc7:0.5089, acc5:0.5277,acc2_non_zero:0.8508, f_score_non_zero:0.8509, acc2:0.8156, f_score:0.8208
epoch:17, train_loss:0.4463, valid_mse:0.5579, valid_mae:0.5572, test_acc2:0.8059
current mae:0.5649, current corr:0.7437, acc7:0.5094, acc5:0.5292,acc2_non_zero:0.8500, f_score_non_zero:0.8509, acc2:0.8059, f_score:0.8127
epoch:18, train_loss:0.4171, valid_mse:0.5395, valid_mae:0.5472, test_acc2:0.8195
current mae:0.5503, current corr:0.7468, acc7:0.5285, acc5:0.5436,acc2_non_zero:0.8522, f_score_non_zero:0.8516, acc2:0.8195, f_score:0.8236
epoch:19, train_loss:0.3994, valid_mse:0.5518, valid_mae:0.5522, test_acc2:0.7915
current mae:0.5629, current corr:0.7448, acc7:0.5150, acc5:0.5348,acc2_non_zero:0.8414, f_score_non_zero:0.8426, acc2:0.7915, f_score:0.7994
epoch:20, train_loss:0.3810, valid_mse:0.5475, valid_mae:0.5502, test_acc2:0.7803
current mae:0.5565, current corr:0.7492, acc7:0.5195, acc5:0.5406,acc2_non_zero:0.8387, f_score_non_zero:0.8404, acc2:0.7803, f_score:0.7895
epoch:21, train_loss:0.3513, valid_mse:0.5480, valid_mae:0.5560, test_acc2:0.7971
current mae:0.5599, current corr:0.7493, acc7:0.5158, acc5:0.5376,acc2_non_zero:0.8431, f_score_non_zero:0.8443, acc2:0.7971, f_score:0.8046
epoch:22, train_loss:0.3321, valid_mse:0.5409, valid_mae:0.5492, test_acc2:0.8195
current mae:0.5563, current corr:0.7512, acc7:0.5184, acc5:0.5400,acc2_non_zero:0.8475, f_score_non_zero:0.8475, acc2:0.8195, f_score:0.8241
epoch:23, train_loss:0.3222, valid_mse:0.5581, valid_mae:0.5619, test_acc2:0.8049
current mae:0.5629, current corr:0.7489, acc7:0.5137, acc5:0.5365,acc2_non_zero:0.8464, f_score_non_zero:0.8471, acc2:0.8049, f_score:0.8113
epoch:24, train_loss:0.3066, valid_mse:0.5488, valid_mae:0.5563, test_acc2:0.8143
current mae:0.5607, current corr:0.7494, acc7:0.5107, acc5:0.5316,acc2_non_zero:0.8489, f_score_non_zero:0.8495, acc2:0.8143, f_score:0.8201
epoch:25, train_loss:0.2954, valid_mse:0.5395, valid_mae:0.5502, test_acc2:0.7960
current mae:0.5572, current corr:0.7489, acc7:0.5117, acc5:0.5341,acc2_non_zero:0.8448, f_score_non_zero:0.8459, acc2:0.7960, f_score:0.8037
epoch:26, train_loss:0.2937, valid_mse:0.5362, valid_mae:0.5541, test_acc2:0.8044
current mae:0.5606, current corr:0.7519, acc7:0.5115, acc5:0.5337,acc2_non_zero:0.8494, f_score_non_zero:0.8495, acc2:0.8044, f_score:0.8104
epoch:27, train_loss:0.2804, valid_mse:0.5436, valid_mae:0.5532, test_acc2:0.8070
current mae:0.5579, current corr:0.7497, acc7:0.5104, acc5:0.5322,acc2_non_zero:0.8511, f_score_non_zero:0.8516, acc2:0.8070, f_score:0.8133
epoch:28, train_loss:0.2656, valid_mse:0.5297, valid_mae:0.5435, test_acc2:0.8075
current mae:0.5484, current corr:0.7526, acc7:0.5251, acc5:0.5460,acc2_non_zero:0.8461, f_score_non_zero:0.8465, acc2:0.8075, f_score:0.8134
epoch:29, train_loss:0.2652, valid_mse:0.5380, valid_mae:0.5481, test_acc2:0.8193
current mae:0.5539, current corr:0.7509, acc7:0.5160, acc5:0.5367,acc2_non_zero:0.8450, f_score_non_zero:0.8450, acc2:0.8193, f_score:0.8237
epoch:30, train_loss:0.2452, valid_mse:0.5541, valid_mae:0.5600, test_acc2:0.8008
current mae:0.5678, current corr:0.7469, acc7:0.5061, acc5:0.5285,acc2_non_zero:0.8439, f_score_non_zero:0.8443, acc2:0.8008, f_score:0.8072
epoch:31, train_loss:0.2481, valid_mse:0.5318, valid_mae:0.5516, test_acc2:0.8277
current mae:0.5581, current corr:0.7526, acc7:0.5152, acc5:0.5365,acc2_non_zero:0.8470, f_score_non_zero:0.8464, acc2:0.8277, f_score:0.8310
epoch:32, train_loss:0.2393, valid_mse:0.5238, valid_mae:0.5473, test_acc2:0.8174
current mae:0.5539, current corr:0.7494, acc7:0.5214, acc5:0.5402,acc2_non_zero:0.8525, f_score_non_zero:0.8525, acc2:0.8174, f_score:0.8224
epoch:33, train_loss:0.2325, valid_mse:0.5393, valid_mae:0.5472, test_acc2:0.7797
current mae:0.5559, current corr:0.7476, acc7:0.5197, acc5:0.5380,acc2_non_zero:0.8351, f_score_non_zero:0.8367, acc2:0.7797, f_score:0.7886
epoch:34, train_loss:0.2310, valid_mse:0.5115, valid_mae:0.5386, test_acc2:0.8249
current mae:0.5510, current corr:0.7525, acc7:0.5199, acc5:0.5395,acc2_non_zero:0.8536, f_score_non_zero:0.8530, acc2:0.8249, f_score:0.8286
Saved best model at epoch 34 by valid_mae=0.5386 -> /data01/lyw/GLoMo/experiments/mosei_only_moe_valmae_seed2026/best_model.pt
epoch:35, train_loss:0.2260, valid_mse:0.5271, valid_mae:0.5449, test_acc2:0.8047
current mae:0.5554, current corr:0.7510, acc7:0.5193, acc5:0.5378,acc2_non_zero:0.8464, f_score_non_zero:0.8470, acc2:0.8047, f_score:0.8110
epoch:36, train_loss:0.2163, valid_mse:0.5154, valid_mae:0.5381, test_acc2:0.8001
current mae:0.5501, current corr:0.7501, acc7:0.5206, acc5:0.5384,acc2_non_zero:0.8434, f_score_non_zero:0.8442, acc2:0.8001, f_score:0.8070
Saved best model at epoch 36 by valid_mae=0.5381 -> /data01/lyw/GLoMo/experiments/mosei_only_moe_valmae_seed2026/best_model.pt
epoch:37, train_loss:0.2136, valid_mse:0.5332, valid_mae:0.5502, test_acc2:0.8408
current mae:0.5538, current corr:0.7554, acc7:0.5156, acc5:0.5350,acc2_non_zero:0.8525, f_score_non_zero:0.8505, acc2:0.8408, f_score:0.8417
epoch:38, train_loss:0.2130, valid_mse:0.5212, valid_mae:0.5426, test_acc2:0.8010
current mae:0.5543, current corr:0.7511, acc7:0.5167, acc5:0.5344,acc2_non_zero:0.8483, f_score_non_zero:0.8496, acc2:0.8010, f_score:0.8085
epoch:39, train_loss:0.2075, valid_mse:0.5236, valid_mae:0.5469, test_acc2:0.8051
current mae:0.5587, current corr:0.7519, acc7:0.5150, acc5:0.5337,acc2_non_zero:0.8492, f_score_non_zero:0.8500, acc2:0.8051, f_score:0.8118
epoch:40, train_loss:0.1966, valid_mse:0.5324, valid_mae:0.5449, test_acc2:0.8083
current mae:0.5579, current corr:0.7539, acc7:0.5197, acc5:0.5415,acc2_non_zero:0.8494, f_score_non_zero:0.8500, acc2:0.8083, f_score:0.8145
epoch:41, train_loss:0.1969, valid_mse:0.5562, valid_mae:0.5668, test_acc2:0.7984
current mae:0.5704, current corr:0.7512, acc7:0.5051, acc5:0.5257,acc2_non_zero:0.8492, f_score_non_zero:0.8499, acc2:0.7984, f_score:0.8055
epoch:42, train_loss:0.1913, valid_mse:0.5335, valid_mae:0.5485, test_acc2:0.8320
current mae:0.5563, current corr:0.7562, acc7:0.5139, acc5:0.5341,acc2_non_zero:0.8525, f_score_non_zero:0.8513, acc2:0.8320, f_score:0.8345
epoch:43, train_loss:0.1864, valid_mse:0.5392, valid_mae:0.5504, test_acc2:0.8266
current mae:0.5629, current corr:0.7543, acc7:0.5074, acc5:0.5292,acc2_non_zero:0.8489, f_score_non_zero:0.8480, acc2:0.8266, f_score:0.8297
epoch:44, train_loss:0.1798, valid_mse:0.5409, valid_mae:0.5528, test_acc2:0.8077
current mae:0.5596, current corr:0.7539, acc7:0.5158, acc5:0.5367,acc2_non_zero:0.8453, f_score_non_zero:0.8461, acc2:0.8077, f_score:0.8140
epoch:45, train_loss:0.1762, valid_mse:0.5154, valid_mae:0.5385, test_acc2:0.8014
current mae:0.5494, current corr:0.7573, acc7:0.5212, acc5:0.5397,acc2_non_zero:0.8475, f_score_non_zero:0.8481, acc2:0.8014, f_score:0.8081
epoch:46, train_loss:0.1741, valid_mse:0.5264, valid_mae:0.5462, test_acc2:0.7855
current mae:0.5540, current corr:0.7539, acc7:0.5262, acc5:0.5458,acc2_non_zero:0.8434, f_score_non_zero:0.8446, acc2:0.7855, f_score:0.7939
epoch:47, train_loss:0.1714, valid_mse:0.5259, valid_mae:0.5451, test_acc2:0.7919
current mae:0.5502, current corr:0.7543, acc7:0.5266, acc5:0.5449,acc2_non_zero:0.8450, f_score_non_zero:0.8461, acc2:0.7919, f_score:0.7998
epoch:48, train_loss:0.1690, valid_mse:0.5224, valid_mae:0.5476, test_acc2:0.8311
current mae:0.5507, current corr:0.7609, acc7:0.5173, acc5:0.5365,acc2_non_zero:0.8586, f_score_non_zero:0.8582, acc2:0.8311, f_score:0.8349
epoch:49, train_loss:0.1660, valid_mse:0.5252, valid_mae:0.5427, test_acc2:0.8210
current mae:0.5471, current corr:0.7590, acc7:0.5253, acc5:0.5449,acc2_non_zero:0.8539, f_score_non_zero:0.8540, acc2:0.8210, f_score:0.8259
epoch:50, train_loss:0.1625, valid_mse:0.5485, valid_mae:0.5589, test_acc2:0.7913
current mae:0.5636, current corr:0.7541, acc7:0.5109, acc5:0.5324,acc2_non_zero:0.8461, f_score_non_zero:0.8476, acc2:0.7913, f_score:0.7996
epoch:51, train_loss:0.1654, valid_mse:0.5388, valid_mae:0.5551, test_acc2:0.7870
current mae:0.5591, current corr:0.7521, acc7:0.5160, acc5:0.5356,acc2_non_zero:0.8420, f_score_non_zero:0.8438, acc2:0.7870, f_score:0.7958
epoch:52, train_loss:0.1546, valid_mse:0.5394, valid_mae:0.5580, test_acc2:0.8016
current mae:0.5674, current corr:0.7536, acc7:0.5053, acc5:0.5277,acc2_non_zero:0.8517, f_score_non_zero:0.8524, acc2:0.8016, f_score:0.8086
epoch:53, train_loss:0.1543, valid_mse:0.5387, valid_mae:0.5556, test_acc2:0.8139
current mae:0.5590, current corr:0.7570, acc7:0.5143, acc5:0.5352,acc2_non_zero:0.8500, f_score_non_zero:0.8502, acc2:0.8139, f_score:0.8193
epoch:54, train_loss:0.1478, valid_mse:0.5318, valid_mae:0.5453, test_acc2:0.8027
current mae:0.5521, current corr:0.7544, acc7:0.5223, acc5:0.5421,acc2_non_zero:0.8503, f_score_non_zero:0.8514, acc2:0.8027, f_score:0.8100
epoch:55, train_loss:0.1466, valid_mse:0.5255, valid_mae:0.5436, test_acc2:0.8120
current mae:0.5523, current corr:0.7554, acc7:0.5225, acc5:0.5419,acc2_non_zero:0.8528, f_score_non_zero:0.8535, acc2:0.8120, f_score:0.8181
epoch:56, train_loss:0.1466, valid_mse:0.5301, valid_mae:0.5487, test_acc2:0.8066
current mae:0.5648, current corr:0.7517, acc7:0.5109, acc5:0.5309,acc2_non_zero:0.8483, f_score_non_zero:0.8491, acc2:0.8066, f_score:0.8131
epoch:57, train_loss:0.1430, valid_mse:0.5387, valid_mae:0.5535, test_acc2:0.8025
current mae:0.5669, current corr:0.7540, acc7:0.5154, acc5:0.5367,acc2_non_zero:0.8494, f_score_non_zero:0.8499, acc2:0.8025, f_score:0.8090
epoch:58, train_loss:0.1397, valid_mse:0.5199, valid_mae:0.5384, test_acc2:0.8083
current mae:0.5493, current corr:0.7525, acc7:0.5242, acc5:0.5443,acc2_non_zero:0.8478, f_score_non_zero:0.8482, acc2:0.8083, f_score:0.8143
epoch:59, train_loss:0.1383, valid_mse:0.5196, valid_mae:0.5414, test_acc2:0.7988
current mae:0.5559, current corr:0.7511, acc7:0.5152, acc5:0.5344,acc2_non_zero:0.8453, f_score_non_zero:0.8465, acc2:0.7988, f_score:0.8063
epoch:60, train_loss:0.1347, valid_mse:0.5451, valid_mae:0.5569, test_acc2:0.8070
current mae:0.5674, current corr:0.7524, acc7:0.5117, acc5:0.5316,acc2_non_zero:0.8483, f_score_non_zero:0.8489, acc2:0.8070, f_score:0.8132
epoch:61, train_loss:0.1311, valid_mse:0.5241, valid_mae:0.5434, test_acc2:0.7945
current mae:0.5570, current corr:0.7521, acc7:0.5176, acc5:0.5387,acc2_non_zero:0.8425, f_score_non_zero:0.8438, acc2:0.7945, f_score:0.8023
epoch:62, train_loss:0.1330, valid_mse:0.5284, valid_mae:0.5473, test_acc2:0.8094
current mae:0.5569, current corr:0.7541, acc7:0.5186, acc5:0.5402,acc2_non_zero:0.8525, f_score_non_zero:0.8528, acc2:0.8094, f_score:0.8153
epoch:63, train_loss:0.1271, valid_mse:0.5236, valid_mae:0.5407, test_acc2:0.7898
current mae:0.5536, current corr:0.7553, acc7:0.5221, acc5:0.5421,acc2_non_zero:0.8398, f_score_non_zero:0.8414, acc2:0.7898, f_score:0.7981
epoch:64, train_loss:0.1261, valid_mse:0.5207, valid_mae:0.5402, test_acc2:0.8012
current mae:0.5520, current corr:0.7568, acc7:0.5240, acc5:0.5451,acc2_non_zero:0.8428, f_score_non_zero:0.8436, acc2:0.8012, f_score:0.8079
epoch:65, train_loss:0.1220, valid_mse:0.5283, valid_mae:0.5484, test_acc2:0.7950
current mae:0.5623, current corr:0.7529, acc7:0.5150, acc5:0.5350,acc2_non_zero:0.8434, f_score_non_zero:0.8446, acc2:0.7950, f_score:0.8026
epoch:66, train_loss:0.1215, valid_mse:0.5337, valid_mae:0.5514, test_acc2:0.8042
current mae:0.5634, current corr:0.7525, acc7:0.5128, acc5:0.5341,acc2_non_zero:0.8453, f_score_non_zero:0.8461, acc2:0.8042, f_score:0.8108
epoch:67, train_loss:0.1158, valid_mse:0.5393, valid_mae:0.5569, test_acc2:0.7947
current mae:0.5643, current corr:0.7509, acc7:0.5148, acc5:0.5354,acc2_non_zero:0.8428, f_score_non_zero:0.8441, acc2:0.7947, f_score:0.8025
epoch:68, train_loss:0.1169, valid_mse:0.5226, valid_mae:0.5467, test_acc2:0.8066
current mae:0.5593, current corr:0.7519, acc7:0.5234, acc5:0.5421,acc2_non_zero:0.8436, f_score_non_zero:0.8443, acc2:0.8066, f_score:0.8128
epoch:69, train_loss:0.1161, valid_mse:0.5515, valid_mae:0.5620, test_acc2:0.7960
current mae:0.5725, current corr:0.7537, acc7:0.5036, acc5:0.5262,acc2_non_zero:0.8439, f_score_non_zero:0.8449, acc2:0.7960, f_score:0.8034
epoch:70, train_loss:0.1160, valid_mse:0.5316, valid_mae:0.5469, test_acc2:0.7954
current mae:0.5585, current corr:0.7520, acc7:0.5206, acc5:0.5412,acc2_non_zero:0.8431, f_score_non_zero:0.8443, acc2:0.7954, f_score:0.8031
epoch:71, train_loss:0.1093, valid_mse:0.5285, valid_mae:0.5505, test_acc2:0.8040
current mae:0.5620, current corr:0.7534, acc7:0.5167, acc5:0.5372,acc2_non_zero:0.8486, f_score_non_zero:0.8495, acc2:0.8040, f_score:0.8109
epoch:72, train_loss:0.1138, valid_mse:0.5353, valid_mae:0.5538, test_acc2:0.8120
current mae:0.5616, current corr:0.7549, acc7:0.5201, acc5:0.5412,acc2_non_zero:0.8514, f_score_non_zero:0.8519, acc2:0.8120, f_score:0.8179
epoch:73, train_loss:0.1051, valid_mse:0.5458, valid_mae:0.5554, test_acc2:0.8098
current mae:0.5664, current corr:0.7543, acc7:0.5145, acc5:0.5356,acc2_non_zero:0.8503, f_score_non_zero:0.8509, acc2:0.8098, f_score:0.8159
epoch:74, train_loss:0.1090, valid_mse:0.5271, valid_mae:0.5445, test_acc2:0.8077
current mae:0.5548, current corr:0.7531, acc7:0.5277, acc5:0.5475,acc2_non_zero:0.8486, f_score_non_zero:0.8496, acc2:0.8077, f_score:0.8143
epoch:75, train_loss:0.1104, valid_mse:0.5273, valid_mae:0.5428, test_acc2:0.7975
current mae:0.5543, current corr:0.7542, acc7:0.5188, acc5:0.5374,acc2_non_zero:0.8456, f_score_non_zero:0.8465, acc2:0.7975, f_score:0.8048
epoch:76, train_loss:0.1050, valid_mse:0.5319, valid_mae:0.5509, test_acc2:0.8016
current mae:0.5677, current corr:0.7501, acc7:0.5111, acc5:0.5294,acc2_non_zero:0.8470, f_score_non_zero:0.8478, acc2:0.8016, f_score:0.8086
epoch:77, train_loss:0.1061, valid_mse:0.5174, valid_mae:0.5420, test_acc2:0.8044
current mae:0.5581, current corr:0.7541, acc7:0.5210, acc5:0.5402,acc2_non_zero:0.8453, f_score_non_zero:0.8464, acc2:0.8044, f_score:0.8113
epoch:78, train_loss:0.1006, valid_mse:0.5310, valid_mae:0.5473, test_acc2:0.8027
current mae:0.5581, current corr:0.7520, acc7:0.5216, acc5:0.5408,acc2_non_zero:0.8459, f_score_non_zero:0.8469, acc2:0.8027, f_score:0.8097
epoch:79, train_loss:0.1018, valid_mse:0.5327, valid_mae:0.5488, test_acc2:0.8008
current mae:0.5611, current corr:0.7537, acc7:0.5182, acc5:0.5384,acc2_non_zero:0.8442, f_score_non_zero:0.8452, acc2:0.8008, f_score:0.8078
epoch:80, train_loss:0.0905, valid_mse:0.5347, valid_mae:0.5511, test_acc2:0.8070
current mae:0.5633, current corr:0.7539, acc7:0.5167, acc5:0.5369,acc2_non_zero:0.8470, f_score_non_zero:0.8478, acc2:0.8070, f_score:0.8135
epoch:81, train_loss:0.0855, valid_mse:0.5313, valid_mae:0.5490, test_acc2:0.8081
current mae:0.5615, current corr:0.7544, acc7:0.5188, acc5:0.5391,acc2_non_zero:0.8489, f_score_non_zero:0.8496, acc2:0.8081, f_score:0.8144
epoch:82, train_loss:0.0816, valid_mse:0.5322, valid_mae:0.5483, test_acc2:0.8059
current mae:0.5570, current corr:0.7553, acc7:0.5182, acc5:0.5380,acc2_non_zero:0.8464, f_score_non_zero:0.8471, acc2:0.8059, f_score:0.8124
epoch:83, train_loss:0.0788, valid_mse:0.5212, valid_mae:0.5455, test_acc2:0.8098
current mae:0.5590, current corr:0.7548, acc7:0.5199, acc5:0.5402,acc2_non_zero:0.8481, f_score_non_zero:0.8486, acc2:0.8098, f_score:0.8158
epoch:84, train_loss:0.0788, valid_mse:0.5236, valid_mae:0.5468, test_acc2:0.8184
current mae:0.5582, current corr:0.7566, acc7:0.5214, acc5:0.5412,acc2_non_zero:0.8533, f_score_non_zero:0.8535, acc2:0.8184, f_score:0.8235
epoch:85, train_loss:0.0779, valid_mse:0.5257, valid_mae:0.5472, test_acc2:0.8122
current mae:0.5561, current corr:0.7566, acc7:0.5210, acc5:0.5410,acc2_non_zero:0.8500, f_score_non_zero:0.8504, acc2:0.8122, f_score:0.8180
epoch:86, train_loss:0.0754, valid_mse:0.5203, valid_mae:0.5447, test_acc2:0.8107
current mae:0.5573, current corr:0.7554, acc7:0.5173, acc5:0.5374,acc2_non_zero:0.8483, f_score_non_zero:0.8488, acc2:0.8107, f_score:0.8166
epoch:87, train_loss:0.0746, valid_mse:0.5251, valid_mae:0.5463, test_acc2:0.8131
current mae:0.5576, current corr:0.7562, acc7:0.5171, acc5:0.5374,acc2_non_zero:0.8489, f_score_non_zero:0.8492, acc2:0.8131, f_score:0.8186
epoch:88, train_loss:0.0731, valid_mse:0.5240, valid_mae:0.5460, test_acc2:0.8092
current mae:0.5565, current corr:0.7561, acc7:0.5178, acc5:0.5380,acc2_non_zero:0.8486, f_score_non_zero:0.8492, acc2:0.8092, f_score:0.8152
epoch:89, train_loss:0.0734, valid_mse:0.5296, valid_mae:0.5495, test_acc2:0.8085
current mae:0.5568, current corr:0.7557, acc7:0.5167, acc5:0.5374,acc2_non_zero:0.8481, f_score_non_zero:0.8487, acc2:0.8085, f_score:0.8147
epoch:90, train_loss:0.0734, valid_mse:0.5297, valid_mae:0.5481, test_acc2:0.8118
current mae:0.5588, current corr:0.7560, acc7:0.5182, acc5:0.5382,acc2_non_zero:0.8500, f_score_non_zero:0.8504, acc2:0.8118, f_score:0.8175
epoch:91, train_loss:0.0726, valid_mse:0.5247, valid_mae:0.5474, test_acc2:0.8096
current mae:0.5602, current corr:0.7545, acc7:0.5156, acc5:0.5361,acc2_non_zero:0.8478, f_score_non_zero:0.8484, acc2:0.8096, f_score:0.8157
epoch:92, train_loss:0.0724, valid_mse:0.5241, valid_mae:0.5464, test_acc2:0.8122
current mae:0.5566, current corr:0.7556, acc7:0.5173, acc5:0.5380,acc2_non_zero:0.8486, f_score_non_zero:0.8491, acc2:0.8122, f_score:0.8179
epoch:93, train_loss:0.0713, valid_mse:0.5255, valid_mae:0.5464, test_acc2:0.8087
current mae:0.5596, current corr:0.7551, acc7:0.5150, acc5:0.5361,acc2_non_zero:0.8478, f_score_non_zero:0.8483, acc2:0.8087, f_score:0.8148
epoch:94, train_loss:0.0707, valid_mse:0.5213, valid_mae:0.5443, test_acc2:0.8081
current mae:0.5540, current corr:0.7558, acc7:0.5223, acc5:0.5421,acc2_non_zero:0.8459, f_score_non_zero:0.8466, acc2:0.8081, f_score:0.8144
epoch:95, train_loss:0.0694, valid_mse:0.5213, valid_mae:0.5448, test_acc2:0.8077
current mae:0.5555, current corr:0.7562, acc7:0.5227, acc5:0.5430,acc2_non_zero:0.8478, f_score_non_zero:0.8485, acc2:0.8077, f_score:0.8140
epoch:96, train_loss:0.0697, valid_mse:0.5181, valid_mae:0.5435, test_acc2:0.8111
current mae:0.5595, current corr:0.7558, acc7:0.5143, acc5:0.5354,acc2_non_zero:0.8478, f_score_non_zero:0.8481, acc2:0.8111, f_score:0.8168
epoch:97, train_loss:0.0691, valid_mse:0.5259, valid_mae:0.5470, test_acc2:0.8092
current mae:0.5587, current corr:0.7554, acc7:0.5171, acc5:0.5378,acc2_non_zero:0.8470, f_score_non_zero:0.8475, acc2:0.8092, f_score:0.8151
epoch:98, train_loss:0.0680, valid_mse:0.5303, valid_mae:0.5492, test_acc2:0.8053
current mae:0.5606, current corr:0.7555, acc7:0.5169, acc5:0.5374,acc2_non_zero:0.8467, f_score_non_zero:0.8474, acc2:0.8053, f_score:0.8118
epoch:99, train_loss:0.0695, valid_mse:0.5287, valid_mae:0.5462, test_acc2:0.8124
current mae:0.5563, current corr:0.7565, acc7:0.5182, acc5:0.5382,acc2_non_zero:0.8470, f_score_non_zero:0.8471, acc2:0.8124, f_score:0.8177
Loading best model from epoch 36 by valid_mae=0.5381 for analysis export.
Analysis files exported to: /data01/lyw/GLoMo/experiments/mosei_only_moe_valmae_seed2026/analysis
  predictions: /data01/lyw/GLoMo/experiments/mosei_only_moe_valmae_seed2026/analysis/predictions.csv
  repr: /data01/lyw/GLoMo/experiments/mosei_only_moe_valmae_seed2026/analysis/repr.npz
  repr meta: /data01/lyw/GLoMo/experiments/mosei_only_moe_valmae_seed2026/analysis/repr_meta.json
  cases: /data01/lyw/GLoMo/experiments/mosei_only_moe_valmae_seed2026/analysis/cases.csv
Metrics summary saved to: /data01/lyw/GLoMo/experiments/mosei_only_moe_valmae_seed2026/metrics.json
Total runtime: 7655509.161949158 ms
