Using device: cuda:0, visible GPUs: 0
GPU name: NVIDIA GeForce RTX 3090
Seed: 2027
Command script saved to: /data01/lyw/GLoMo/experiments/mosi_baseline_valmae_seed2027/command.sh
train labels: n=1281 min=-3.000 max=3.000 mean=0.235 std=1.509
dev labels: n=229 min=-3.000 max=3.000 mean=0.310 std=1.649
test labels: n=685 min=-3.000 max=3.000 mean=-0.315 std=1.588
BERT load: missing=3 unexpected=10
BERT missing keys (first 5): ['linear1.weight', 'linear1.bias', 'proj_l.weight']
BERT unexpected keys (first 5): ['pooler.dense.weight', 'pooler.dense.bias', 'cls.predictions.bias', 'cls.predictions.transform.dense.weight', 'cls.predictions.transform.dense.bias']
conv audio std 0.03879130259156227
conv video std 0.048804305493831635
total parameter for the model:  109819566
epoch:0, train_loss:3.3201, valid_mse:2.7776, valid_mae:1.4284, test_acc2:0.5708
current mae:1.4117, current corr:0.2343, acc7:0.1547, acc5:0.1547,acc2_non_zero:0.5634, f_score_non_zero:0.5394, acc2:0.5708, f_score:0.5457
Saved best model at epoch 0 by valid_mae=1.4284 -> /data01/lyw/GLoMo/experiments/mosi_baseline_valmae_seed2027/best_model.pt
epoch:1, train_loss:3.2681, valid_mse:2.7585, valid_mae:1.4261, test_acc2:0.6409
current mae:1.4003, current corr:0.3618, acc7:0.1547, acc5:0.1547,acc2_non_zero:0.6397, f_score_non_zero:0.6338, acc2:0.6409, f_score:0.6337
Saved best model at epoch 1 by valid_mae=1.4261 -> /data01/lyw/GLoMo/experiments/mosi_baseline_valmae_seed2027/best_model.pt
epoch:2, train_loss:3.2455, valid_mse:2.6647, valid_mae:1.3997, test_acc2:0.7212
current mae:1.3839, current corr:0.5135, acc7:0.1547, acc5:0.1547,acc2_non_zero:0.7282, f_score_non_zero:0.7299, acc2:0.7212, f_score:0.7219
Saved best model at epoch 2 by valid_mae=1.3997 -> /data01/lyw/GLoMo/experiments/mosi_baseline_valmae_seed2027/best_model.pt
epoch:3, train_loss:3.1978, valid_mse:2.6029, valid_mae:1.3831, test_acc2:0.7825
current mae:1.3600, current corr:0.6287, acc7:0.1547, acc5:0.1547,acc2_non_zero:0.8015, f_score_non_zero:0.7953, acc2:0.7825, f_score:0.7752
Saved best model at epoch 3 by valid_mae=1.3831 -> /data01/lyw/GLoMo/experiments/mosi_baseline_valmae_seed2027/best_model.pt
epoch:4, train_loss:3.1693, valid_mse:2.5304, valid_mae:1.3617, test_acc2:0.7942
current mae:1.3413, current corr:0.6539, acc7:0.1547, acc5:0.1547,acc2_non_zero:0.8168, f_score_non_zero:0.8115, acc2:0.7942, f_score:0.7876
Saved best model at epoch 4 by valid_mae=1.3617 -> /data01/lyw/GLoMo/experiments/mosi_baseline_valmae_seed2027/best_model.pt
epoch:5, train_loss:3.1472, valid_mse:2.4233, valid_mae:1.3277, test_acc2:0.7927
current mae:1.3156, current corr:0.6712, acc7:0.1547, acc5:0.1547,acc2_non_zero:0.8198, f_score_non_zero:0.8145, acc2:0.7927, f_score:0.7854
Saved best model at epoch 5 by valid_mae=1.3277 -> /data01/lyw/GLoMo/experiments/mosi_baseline_valmae_seed2027/best_model.pt
epoch:6, train_loss:3.1061, valid_mse:2.4153, valid_mae:1.3285, test_acc2:0.7898
current mae:1.2938, current corr:0.6592, acc7:0.1547, acc5:0.1547,acc2_non_zero:0.8168, f_score_non_zero:0.8096, acc2:0.7898, f_score:0.7805
epoch:7, train_loss:3.0437, valid_mse:2.4325, valid_mae:1.3307, test_acc2:0.7606
current mae:1.2827, current corr:0.6212, acc7:0.1547, acc5:0.1547,acc2_non_zero:0.7924, f_score_non_zero:0.7779, acc2:0.7606, f_score:0.7422
epoch:8, train_loss:3.0366, valid_mse:2.2470, valid_mae:1.2720, test_acc2:0.8190
current mae:1.2410, current corr:0.6900, acc7:0.1547, acc5:0.1547,acc2_non_zero:0.8412, f_score_non_zero:0.8392, acc2:0.8190, f_score:0.8160
Saved best model at epoch 8 by valid_mae=1.2720 -> /data01/lyw/GLoMo/experiments/mosi_baseline_valmae_seed2027/best_model.pt
epoch:9, train_loss:2.9578, valid_mse:2.1687, valid_mae:1.2539, test_acc2:0.8204
current mae:1.2184, current corr:0.6985, acc7:0.1547, acc5:0.1547,acc2_non_zero:0.8473, f_score_non_zero:0.8448, acc2:0.8204, f_score:0.8166
Saved best model at epoch 9 by valid_mae=1.2539 -> /data01/lyw/GLoMo/experiments/mosi_baseline_valmae_seed2027/best_model.pt
epoch:10, train_loss:2.9114, valid_mse:2.1165, valid_mae:1.2340, test_acc2:0.8190
current mae:1.2028, current corr:0.6927, acc7:0.1547, acc5:0.1547,acc2_non_zero:0.8397, f_score_non_zero:0.8378, acc2:0.8190, f_score:0.8163
Saved best model at epoch 10 by valid_mae=1.2340 -> /data01/lyw/GLoMo/experiments/mosi_baseline_valmae_seed2027/best_model.pt
epoch:11, train_loss:2.8764, valid_mse:2.1236, valid_mae:1.2364, test_acc2:0.8117
current mae:1.1854, current corr:0.6892, acc7:0.1547, acc5:0.1547,acc2_non_zero:0.8366, f_score_non_zero:0.8332, acc2:0.8117, f_score:0.8069
epoch:12, train_loss:2.8372, valid_mse:2.0607, valid_mae:1.2119, test_acc2:0.8146
current mae:1.1661, current corr:0.6889, acc7:0.1635, acc5:0.1635,acc2_non_zero:0.8382, f_score_non_zero:0.8359, acc2:0.8146, f_score:0.8113
Saved best model at epoch 12 by valid_mae=1.2119 -> /data01/lyw/GLoMo/experiments/mosi_baseline_valmae_seed2027/best_model.pt
epoch:13, train_loss:2.7850, valid_mse:2.0145, valid_mae:1.2001, test_acc2:0.8102
current mae:1.1500, current corr:0.6901, acc7:0.1956, acc5:0.1956,acc2_non_zero:0.8336, f_score_non_zero:0.8318, acc2:0.8102, f_score:0.8074
Saved best model at epoch 13 by valid_mae=1.2001 -> /data01/lyw/GLoMo/experiments/mosi_baseline_valmae_seed2027/best_model.pt
epoch:14, train_loss:2.7495, valid_mse:1.8846, valid_mae:1.1532, test_acc2:0.8190
current mae:1.1257, current corr:0.6997, acc7:0.2263, acc5:0.2263,acc2_non_zero:0.8427, f_score_non_zero:0.8415, acc2:0.8190, f_score:0.8168
Saved best model at epoch 14 by valid_mae=1.1532 -> /data01/lyw/GLoMo/experiments/mosi_baseline_valmae_seed2027/best_model.pt
epoch:15, train_loss:2.6823, valid_mse:1.8102, valid_mae:1.1289, test_acc2:0.8204
current mae:1.1134, current corr:0.7049, acc7:0.3007, acc5:0.3007,acc2_non_zero:0.8351, f_score_non_zero:0.8352, acc2:0.8204, f_score:0.8200
Saved best model at epoch 15 by valid_mae=1.1289 -> /data01/lyw/GLoMo/experiments/mosi_baseline_valmae_seed2027/best_model.pt
epoch:16, train_loss:2.6552, valid_mse:1.7571, valid_mae:1.1090, test_acc2:0.8175
current mae:1.1031, current corr:0.7088, acc7:0.3080, acc5:0.3080,acc2_non_zero:0.8366, f_score_non_zero:0.8370, acc2:0.8175, f_score:0.8173
Saved best model at epoch 16 by valid_mae=1.1090 -> /data01/lyw/GLoMo/experiments/mosi_baseline_valmae_seed2027/best_model.pt
epoch:17, train_loss:2.5960, valid_mse:1.7310, valid_mae:1.1016, test_acc2:0.8088
current mae:1.0828, current corr:0.7172, acc7:0.3080, acc5:0.3080,acc2_non_zero:0.8229, f_score_non_zero:0.8231, acc2:0.8088, f_score:0.8085
Saved best model at epoch 17 by valid_mae=1.1016 -> /data01/lyw/GLoMo/experiments/mosi_baseline_valmae_seed2027/best_model.pt
epoch:18, train_loss:2.5530, valid_mse:1.7987, valid_mae:1.1203, test_acc2:0.8102
current mae:1.0525, current corr:0.7039, acc7:0.3270, acc5:0.3270,acc2_non_zero:0.8275, f_score_non_zero:0.8272, acc2:0.8102, f_score:0.8093
epoch:19, train_loss:2.5113, valid_mse:1.7103, valid_mae:1.0941, test_acc2:0.8146
current mae:1.0272, current corr:0.7240, acc7:0.3241, acc5:0.3241,acc2_non_zero:0.8382, f_score_non_zero:0.8356, acc2:0.8146, f_score:0.8110
Saved best model at epoch 19 by valid_mae=1.0941 -> /data01/lyw/GLoMo/experiments/mosi_baseline_valmae_seed2027/best_model.pt
epoch:20, train_loss:2.4608, valid_mse:1.6087, valid_mae:1.0551, test_acc2:0.8131
current mae:1.0066, current corr:0.7110, acc7:0.3270, acc5:0.3270,acc2_non_zero:0.8366, f_score_non_zero:0.8351, acc2:0.8131, f_score:0.8107
Saved best model at epoch 20 by valid_mae=1.0551 -> /data01/lyw/GLoMo/experiments/mosi_baseline_valmae_seed2027/best_model.pt
epoch:21, train_loss:2.4089, valid_mse:1.5617, valid_mae:1.0326, test_acc2:0.8190
current mae:0.9882, current corr:0.7094, acc7:0.3314, acc5:0.3314,acc2_non_zero:0.8397, f_score_non_zero:0.8380, acc2:0.8190, f_score:0.8164
Saved best model at epoch 21 by valid_mae=1.0326 -> /data01/lyw/GLoMo/experiments/mosi_baseline_valmae_seed2027/best_model.pt
epoch:22, train_loss:2.3673, valid_mse:1.5645, valid_mae:1.0239, test_acc2:0.8146
current mae:0.9763, current corr:0.7006, acc7:0.3241, acc5:0.3241,acc2_non_zero:0.8366, f_score_non_zero:0.8342, acc2:0.8146, f_score:0.8111
Saved best model at epoch 22 by valid_mae=1.0239 -> /data01/lyw/GLoMo/experiments/mosi_baseline_valmae_seed2027/best_model.pt
epoch:23, train_loss:2.3022, valid_mse:1.5256, valid_mae:1.0136, test_acc2:0.8073
current mae:0.9615, current corr:0.7124, acc7:0.3182, acc5:0.3182,acc2_non_zero:0.8321, f_score_non_zero:0.8284, acc2:0.8073, f_score:0.8023
Saved best model at epoch 23 by valid_mae=1.0136 -> /data01/lyw/GLoMo/experiments/mosi_baseline_valmae_seed2027/best_model.pt
epoch:24, train_loss:2.2821, valid_mse:1.4571, valid_mae:0.9927, test_acc2:0.8073
current mae:0.9435, current corr:0.7265, acc7:0.3197, acc5:0.3197,acc2_non_zero:0.8305, f_score_non_zero:0.8291, acc2:0.8073, f_score:0.8049
Saved best model at epoch 24 by valid_mae=0.9927 -> /data01/lyw/GLoMo/experiments/mosi_baseline_valmae_seed2027/best_model.pt
epoch:25, train_loss:2.2214, valid_mse:1.6714, valid_mae:1.0513, test_acc2:0.8015
current mae:0.9354, current corr:0.7064, acc7:0.3109, acc5:0.3109,acc2_non_zero:0.8305, f_score_non_zero:0.8251, acc2:0.8015, f_score:0.7940
epoch:26, train_loss:2.1946, valid_mse:1.4298, valid_mae:0.9695, test_acc2:0.8146
current mae:0.9220, current corr:0.6986, acc7:0.3255, acc5:0.3255,acc2_non_zero:0.8336, f_score_non_zero:0.8335, acc2:0.8146, f_score:0.8138
Saved best model at epoch 26 by valid_mae=0.9695 -> /data01/lyw/GLoMo/experiments/mosi_baseline_valmae_seed2027/best_model.pt
epoch:27, train_loss:2.1426, valid_mse:1.5269, valid_mae:0.9872, test_acc2:0.8131
current mae:0.8844, current corr:0.7195, acc7:0.3255, acc5:0.3255,acc2_non_zero:0.8366, f_score_non_zero:0.8351, acc2:0.8131, f_score:0.8107
epoch:28, train_loss:2.1044, valid_mse:1.3592, valid_mae:0.9263, test_acc2:0.8219
current mae:0.8964, current corr:0.7238, acc7:0.3153, acc5:0.3153,acc2_non_zero:0.8366, f_score_non_zero:0.8375, acc2:0.8219, f_score:0.8222
Saved best model at epoch 28 by valid_mae=0.9263 -> /data01/lyw/GLoMo/experiments/mosi_baseline_valmae_seed2027/best_model.pt
epoch:29, train_loss:2.0622, valid_mse:1.3458, valid_mae:0.9151, test_acc2:0.8102
current mae:0.8971, current corr:0.7035, acc7:0.3095, acc5:0.3095,acc2_non_zero:0.8244, f_score_non_zero:0.8250, acc2:0.8102, f_score:0.8102
Saved best model at epoch 29 by valid_mae=0.9151 -> /data01/lyw/GLoMo/experiments/mosi_baseline_valmae_seed2027/best_model.pt
epoch:30, train_loss:2.0344, valid_mse:1.3623, valid_mae:0.9077, test_acc2:0.8219
current mae:0.8820, current corr:0.7051, acc7:0.3182, acc5:0.3182,acc2_non_zero:0.8351, f_score_non_zero:0.8356, acc2:0.8219, f_score:0.8219
Saved best model at epoch 30 by valid_mae=0.9077 -> /data01/lyw/GLoMo/experiments/mosi_baseline_valmae_seed2027/best_model.pt
epoch:31, train_loss:1.9729, valid_mse:1.4175, valid_mae:0.9223, test_acc2:0.8146
current mae:0.8433, current corr:0.7136, acc7:0.3299, acc5:0.3299,acc2_non_zero:0.8397, f_score_non_zero:0.8380, acc2:0.8146, f_score:0.8118
epoch:32, train_loss:1.9370, valid_mse:1.3839, valid_mae:0.9128, test_acc2:0.8131
current mae:0.8538, current corr:0.7063, acc7:0.3372, acc5:0.3401,acc2_non_zero:0.8336, f_score_non_zero:0.8329, acc2:0.8131, f_score:0.8117
epoch:33, train_loss:1.9132, valid_mse:1.2740, valid_mae:0.8742, test_acc2:0.8190
current mae:0.8450, current corr:0.7129, acc7:0.3518, acc5:0.3737,acc2_non_zero:0.8336, f_score_non_zero:0.8339, acc2:0.8190, f_score:0.8188
Saved best model at epoch 33 by valid_mae=0.8742 -> /data01/lyw/GLoMo/experiments/mosi_baseline_valmae_seed2027/best_model.pt
epoch:34, train_loss:1.8734, valid_mse:1.2650, valid_mae:0.8600, test_acc2:0.8088
current mae:0.8160, current corr:0.7343, acc7:0.3737, acc5:0.4044,acc2_non_zero:0.8290, f_score_non_zero:0.8276, acc2:0.8088, f_score:0.8066
Saved best model at epoch 34 by valid_mae=0.8600 -> /data01/lyw/GLoMo/experiments/mosi_baseline_valmae_seed2027/best_model.pt
epoch:35, train_loss:1.8412, valid_mse:1.2629, valid_mae:0.8591, test_acc2:0.8131
current mae:0.8449, current corr:0.7193, acc7:0.3489, acc5:0.3942,acc2_non_zero:0.8260, f_score_non_zero:0.8263, acc2:0.8131, f_score:0.8130
Saved best model at epoch 35 by valid_mae=0.8591 -> /data01/lyw/GLoMo/experiments/mosi_baseline_valmae_seed2027/best_model.pt
epoch:36, train_loss:1.8232, valid_mse:1.2262, valid_mae:0.8389, test_acc2:0.8131
current mae:0.8385, current corr:0.7248, acc7:0.3869, acc5:0.4526,acc2_non_zero:0.8305, f_score_non_zero:0.8309, acc2:0.8131, f_score:0.8129
Saved best model at epoch 36 by valid_mae=0.8389 -> /data01/lyw/GLoMo/experiments/mosi_baseline_valmae_seed2027/best_model.pt
epoch:37, train_loss:1.8062, valid_mse:1.3402, valid_mae:0.8690, test_acc2:0.8088
current mae:0.8526, current corr:0.7142, acc7:0.3971, acc5:0.4715,acc2_non_zero:0.8290, f_score_non_zero:0.8290, acc2:0.8088, f_score:0.8080
epoch:38, train_loss:1.7724, valid_mse:1.2573, valid_mae:0.8419, test_acc2:0.8088
current mae:0.8182, current corr:0.7259, acc7:0.4146, acc5:0.4964,acc2_non_zero:0.8305, f_score_non_zero:0.8296, acc2:0.8088, f_score:0.8070
epoch:39, train_loss:1.7419, valid_mse:1.1810, valid_mae:0.8039, test_acc2:0.8131
current mae:0.8193, current corr:0.7388, acc7:0.4102, acc5:0.4891,acc2_non_zero:0.8290, f_score_non_zero:0.8295, acc2:0.8131, f_score:0.8131
Saved best model at epoch 39 by valid_mae=0.8039 -> /data01/lyw/GLoMo/experiments/mosi_baseline_valmae_seed2027/best_model.pt
epoch:40, train_loss:1.7204, valid_mse:1.2156, valid_mae:0.8269, test_acc2:0.7985
current mae:0.8396, current corr:0.7236, acc7:0.4146, acc5:0.4861,acc2_non_zero:0.8153, f_score_non_zero:0.8157, acc2:0.7985, f_score:0.7983
epoch:41, train_loss:1.6967, valid_mse:1.0942, valid_mae:0.7766, test_acc2:0.8073
current mae:0.8218, current corr:0.7399, acc7:0.4058, acc5:0.4818,acc2_non_zero:0.8244, f_score_non_zero:0.8250, acc2:0.8073, f_score:0.8073
Saved best model at epoch 41 by valid_mae=0.7766 -> /data01/lyw/GLoMo/experiments/mosi_baseline_valmae_seed2027/best_model.pt
epoch:42, train_loss:1.6929, valid_mse:1.2678, valid_mae:0.8442, test_acc2:0.8073
current mae:0.8029, current corr:0.7411, acc7:0.4234, acc5:0.4993,acc2_non_zero:0.8336, f_score_non_zero:0.8307, acc2:0.8073, f_score:0.8031
epoch:43, train_loss:1.6652, valid_mse:1.2535, valid_mae:0.8292, test_acc2:0.8088
current mae:0.8395, current corr:0.7183, acc7:0.4117, acc5:0.4891,acc2_non_zero:0.8305, f_score_non_zero:0.8306, acc2:0.8088, f_score:0.8080
epoch:44, train_loss:1.6484, valid_mse:1.2107, valid_mae:0.8209, test_acc2:0.8131
current mae:0.8085, current corr:0.7323, acc7:0.4161, acc5:0.4934,acc2_non_zero:0.8351, f_score_non_zero:0.8330, acc2:0.8131, f_score:0.8100
epoch:45, train_loss:1.6155, valid_mse:1.2715, valid_mae:0.8366, test_acc2:0.8058
current mae:0.8061, current corr:0.7342, acc7:0.4161, acc5:0.4934,acc2_non_zero:0.8305, f_score_non_zero:0.8286, acc2:0.8058, f_score:0.8027
epoch:46, train_loss:1.6023, valid_mse:1.0608, valid_mae:0.7657, test_acc2:0.8058
current mae:0.8096, current corr:0.7394, acc7:0.4321, acc5:0.4964,acc2_non_zero:0.8229, f_score_non_zero:0.8231, acc2:0.8058, f_score:0.8055
Saved best model at epoch 46 by valid_mae=0.7657 -> /data01/lyw/GLoMo/experiments/mosi_baseline_valmae_seed2027/best_model.pt
epoch:47, train_loss:1.5846, valid_mse:1.0850, valid_mae:0.7842, test_acc2:0.8102
current mae:0.8199, current corr:0.7346, acc7:0.4394, acc5:0.5036,acc2_non_zero:0.8305, f_score_non_zero:0.8304, acc2:0.8102, f_score:0.8094
epoch:48, train_loss:1.5717, valid_mse:1.1430, valid_mae:0.7888, test_acc2:0.8146
current mae:0.8045, current corr:0.7410, acc7:0.4394, acc5:0.5080,acc2_non_zero:0.8321, f_score_non_zero:0.8320, acc2:0.8146, f_score:0.8139
epoch:49, train_loss:1.5574, valid_mse:1.1600, valid_mae:0.7874, test_acc2:0.8102
current mae:0.8276, current corr:0.7341, acc7:0.4204, acc5:0.4920,acc2_non_zero:0.8229, f_score_non_zero:0.8235, acc2:0.8102, f_score:0.8103
epoch:50, train_loss:1.5398, valid_mse:1.0681, valid_mae:0.7646, test_acc2:0.8044
current mae:0.8150, current corr:0.7381, acc7:0.4263, acc5:0.4964,acc2_non_zero:0.8214, f_score_non_zero:0.8216, acc2:0.8044, f_score:0.8040
Saved best model at epoch 50 by valid_mae=0.7646 -> /data01/lyw/GLoMo/experiments/mosi_baseline_valmae_seed2027/best_model.pt
epoch:51, train_loss:1.5171, valid_mse:1.1102, valid_mae:0.7822, test_acc2:0.8117
current mae:0.8047, current corr:0.7393, acc7:0.4321, acc5:0.5036,acc2_non_zero:0.8290, f_score_non_zero:0.8282, acc2:0.8117, f_score:0.8103
epoch:52, train_loss:1.4988, valid_mse:1.1196, valid_mae:0.7758, test_acc2:0.8058
current mae:0.8040, current corr:0.7406, acc7:0.4073, acc5:0.4847,acc2_non_zero:0.8260, f_score_non_zero:0.8254, acc2:0.8058, f_score:0.8045
epoch:53, train_loss:1.4813, valid_mse:1.1435, valid_mae:0.7823, test_acc2:0.8146
current mae:0.8016, current corr:0.7412, acc7:0.4088, acc5:0.4861,acc2_non_zero:0.8336, f_score_non_zero:0.8324, acc2:0.8146, f_score:0.8127
epoch:54, train_loss:1.4540, valid_mse:1.0889, valid_mae:0.7620, test_acc2:0.8146
current mae:0.8080, current corr:0.7417, acc7:0.4350, acc5:0.5080,acc2_non_zero:0.8305, f_score_non_zero:0.8301, acc2:0.8146, f_score:0.8136
Saved best model at epoch 54 by valid_mae=0.7620 -> /data01/lyw/GLoMo/experiments/mosi_baseline_valmae_seed2027/best_model.pt
epoch:55, train_loss:1.4271, valid_mse:1.1908, valid_mae:0.7915, test_acc2:0.8161
current mae:0.7936, current corr:0.7403, acc7:0.4409, acc5:0.5168,acc2_non_zero:0.8397, f_score_non_zero:0.8376, acc2:0.8161, f_score:0.8129
epoch:56, train_loss:1.4074, valid_mse:1.2279, valid_mae:0.7912, test_acc2:0.8029
current mae:0.8512, current corr:0.7153, acc7:0.4292, acc5:0.4993,acc2_non_zero:0.8198, f_score_non_zero:0.8207, acc2:0.8029, f_score:0.8032
epoch:57, train_loss:1.4030, valid_mse:1.1879, valid_mae:0.7946, test_acc2:0.8117
current mae:0.8075, current corr:0.7257, acc7:0.4219, acc5:0.4978,acc2_non_zero:0.8366, f_score_non_zero:0.8346, acc2:0.8117, f_score:0.8085
epoch:58, train_loss:1.3834, valid_mse:1.0663, valid_mae:0.7536, test_acc2:0.8029
current mae:0.7976, current corr:0.7350, acc7:0.4161, acc5:0.4949,acc2_non_zero:0.8198, f_score_non_zero:0.8190, acc2:0.8029, f_score:0.8014
Saved best model at epoch 58 by valid_mae=0.7536 -> /data01/lyw/GLoMo/experiments/mosi_baseline_valmae_seed2027/best_model.pt
epoch:59, train_loss:1.3769, valid_mse:1.0919, valid_mae:0.7621, test_acc2:0.8088
current mae:0.7988, current corr:0.7362, acc7:0.4467, acc5:0.5285,acc2_non_zero:0.8290, f_score_non_zero:0.8282, acc2:0.8088, f_score:0.8072
epoch:60, train_loss:1.3800, valid_mse:1.1049, valid_mae:0.7726, test_acc2:0.8015
current mae:0.7993, current corr:0.7356, acc7:0.4277, acc5:0.5036,acc2_non_zero:0.8244, f_score_non_zero:0.8230, acc2:0.8015, f_score:0.7990
epoch:61, train_loss:1.3323, valid_mse:1.1132, valid_mae:0.7759, test_acc2:0.7985
current mae:0.8160, current corr:0.7330, acc7:0.4350, acc5:0.5051,acc2_non_zero:0.8137, f_score_non_zero:0.8141, acc2:0.7985, f_score:0.7983
epoch:62, train_loss:1.3410, valid_mse:1.0498, valid_mae:0.7522, test_acc2:0.8029
current mae:0.7970, current corr:0.7408, acc7:0.4453, acc5:0.5168,acc2_non_zero:0.8183, f_score_non_zero:0.8183, acc2:0.8029, f_score:0.8023
Saved best model at epoch 62 by valid_mae=0.7522 -> /data01/lyw/GLoMo/experiments/mosi_baseline_valmae_seed2027/best_model.pt
epoch:63, train_loss:1.3109, valid_mse:1.0849, valid_mae:0.7553, test_acc2:0.8044
current mae:0.8099, current corr:0.7362, acc7:0.4263, acc5:0.5036,acc2_non_zero:0.8198, f_score_non_zero:0.8202, acc2:0.8044, f_score:0.8041
epoch:64, train_loss:1.3053, valid_mse:1.0474, valid_mae:0.7552, test_acc2:0.8088
current mae:0.8001, current corr:0.7318, acc7:0.4453, acc5:0.5168,acc2_non_zero:0.8290, f_score_non_zero:0.8282, acc2:0.8088, f_score:0.8072
epoch:65, train_loss:1.2876, valid_mse:1.1105, valid_mae:0.7670, test_acc2:0.8073
current mae:0.8011, current corr:0.7343, acc7:0.4365, acc5:0.5080,acc2_non_zero:0.8244, f_score_non_zero:0.8240, acc2:0.8073, f_score:0.8062
epoch:66, train_loss:1.2612, valid_mse:1.1945, valid_mae:0.8029, test_acc2:0.8058
current mae:0.8137, current corr:0.7292, acc7:0.4307, acc5:0.5095,acc2_non_zero:0.8275, f_score_non_zero:0.8250, acc2:0.8058, f_score:0.8024
epoch:67, train_loss:1.2577, valid_mse:1.3163, valid_mae:0.8262, test_acc2:0.7869
current mae:0.9335, current corr:0.6835, acc7:0.4131, acc5:0.4876,acc2_non_zero:0.7939, f_score_non_zero:0.7951, acc2:0.7869, f_score:0.7874
epoch:68, train_loss:1.2490, valid_mse:1.2365, valid_mae:0.8162, test_acc2:0.8117
current mae:0.7806, current corr:0.7420, acc7:0.4438, acc5:0.5168,acc2_non_zero:0.8382, f_score_non_zero:0.8353, acc2:0.8117, f_score:0.8075
epoch:69, train_loss:1.2152, valid_mse:1.1382, valid_mae:0.7858, test_acc2:0.8073
current mae:0.8005, current corr:0.7372, acc7:0.4511, acc5:0.5197,acc2_non_zero:0.8290, f_score_non_zero:0.8278, acc2:0.8073, f_score:0.8052
Loading best model from epoch 62 by valid_mae=0.7522 for analysis export.
Analysis files exported to: /data01/lyw/GLoMo/experiments/mosi_baseline_valmae_seed2027/analysis
  predictions: /data01/lyw/GLoMo/experiments/mosi_baseline_valmae_seed2027/analysis/predictions.csv
  repr: /data01/lyw/GLoMo/experiments/mosi_baseline_valmae_seed2027/analysis/repr.npz
  repr meta: /data01/lyw/GLoMo/experiments/mosi_baseline_valmae_seed2027/analysis/repr_meta.json
  cases: /data01/lyw/GLoMo/experiments/mosi_baseline_valmae_seed2027/analysis/cases.csv
Metrics summary saved to: /data01/lyw/GLoMo/experiments/mosi_baseline_valmae_seed2027/metrics.json
Total runtime: 727176.599740982 ms
