Using device: cuda:0, visible GPUs: 0
GPU name: NVIDIA GeForce RTX 3090
Seed: 42
Command script saved to: /data01/lyw/GLoMo/experiments/mosi_baseline_valmae_seed42/command.sh
train labels: n=1281 min=-3.000 max=3.000 mean=0.235 std=1.509
dev labels: n=229 min=-3.000 max=3.000 mean=0.310 std=1.649
test labels: n=685 min=-3.000 max=3.000 mean=-0.315 std=1.588
BERT load: missing=3 unexpected=10
BERT missing keys (first 5): ['linear1.weight', 'linear1.bias', 'proj_l.weight']
BERT unexpected keys (first 5): ['pooler.dense.weight', 'pooler.dense.bias', 'cls.predictions.bias', 'cls.predictions.transform.dense.weight', 'cls.predictions.transform.dense.bias']
conv audio std 0.03895667567849159
conv video std 0.048904284834861755
total parameter for the model:  109819566
epoch:0, train_loss:3.3045, valid_mse:2.8058, valid_mae:1.4352, test_acc2:0.4672
current mae:1.4181, current corr:0.2222, acc7:0.1547, acc5:0.1547,acc2_non_zero:0.4458, f_score_non_zero:0.3216, acc2:0.4672, f_score:0.3434
Saved best model at epoch 0 by valid_mae=1.4352 -> /data01/lyw/GLoMo/experiments/mosi_baseline_valmae_seed42/best_model.pt
epoch:1, train_loss:3.2553, valid_mse:2.7220, valid_mae:1.4095, test_acc2:0.7299
current mae:1.3985, current corr:0.6005, acc7:0.1547, acc5:0.1547,acc2_non_zero:0.7344, f_score_non_zero:0.7344, acc2:0.7299, f_score:0.7290
Saved best model at epoch 1 by valid_mae=1.4095 -> /data01/lyw/GLoMo/experiments/mosi_baseline_valmae_seed42/best_model.pt
epoch:2, train_loss:3.2366, valid_mse:2.6202, valid_mae:1.3776, test_acc2:0.8029
current mae:1.3777, current corr:0.6666, acc7:0.1547, acc5:0.1547,acc2_non_zero:0.8229, f_score_non_zero:0.8212, acc2:0.8029, f_score:0.8004
Saved best model at epoch 2 by valid_mae=1.3776 -> /data01/lyw/GLoMo/experiments/mosi_baseline_valmae_seed42/best_model.pt
epoch:3, train_loss:3.1995, valid_mse:2.5991, valid_mae:1.3754, test_acc2:0.7927
current mae:1.3677, current corr:0.6806, acc7:0.1547, acc5:0.1547,acc2_non_zero:0.8092, f_score_non_zero:0.8089, acc2:0.7927, f_score:0.7918
Saved best model at epoch 3 by valid_mae=1.3754 -> /data01/lyw/GLoMo/experiments/mosi_baseline_valmae_seed42/best_model.pt
epoch:4, train_loss:3.1462, valid_mse:2.5169, valid_mae:1.3516, test_acc2:0.8102
current mae:1.3444, current corr:0.6819, acc7:0.1547, acc5:0.1547,acc2_non_zero:0.8275, f_score_non_zero:0.8284, acc2:0.8102, f_score:0.8106
Saved best model at epoch 4 by valid_mae=1.3516 -> /data01/lyw/GLoMo/experiments/mosi_baseline_valmae_seed42/best_model.pt
epoch:5, train_loss:3.1179, valid_mse:2.4639, valid_mae:1.3351, test_acc2:0.8175
current mae:1.3224, current corr:0.6908, acc7:0.1547, acc5:0.1547,acc2_non_zero:0.8366, f_score_non_zero:0.8365, acc2:0.8175, f_score:0.8168
Saved best model at epoch 5 by valid_mae=1.3351 -> /data01/lyw/GLoMo/experiments/mosi_baseline_valmae_seed42/best_model.pt
epoch:6, train_loss:3.0565, valid_mse:2.3464, valid_mae:1.3007, test_acc2:0.8102
current mae:1.2990, current corr:0.6925, acc7:0.1547, acc5:0.1547,acc2_non_zero:0.8321, f_score_non_zero:0.8308, acc2:0.8102, f_score:0.8081
Saved best model at epoch 6 by valid_mae=1.3007 -> /data01/lyw/GLoMo/experiments/mosi_baseline_valmae_seed42/best_model.pt
epoch:7, train_loss:3.0181, valid_mse:2.3317, valid_mae:1.2983, test_acc2:0.8146
current mae:1.2760, current corr:0.6870, acc7:0.1547, acc5:0.1547,acc2_non_zero:0.8382, f_score_non_zero:0.8358, acc2:0.8146, f_score:0.8111
Saved best model at epoch 7 by valid_mae=1.2983 -> /data01/lyw/GLoMo/experiments/mosi_baseline_valmae_seed42/best_model.pt
epoch:8, train_loss:2.9920, valid_mse:2.3223, valid_mae:1.2867, test_acc2:0.8073
current mae:1.2594, current corr:0.6827, acc7:0.1547, acc5:0.1547,acc2_non_zero:0.8321, f_score_non_zero:0.8286, acc2:0.8073, f_score:0.8025
Saved best model at epoch 8 by valid_mae=1.2867 -> /data01/lyw/GLoMo/experiments/mosi_baseline_valmae_seed42/best_model.pt
epoch:9, train_loss:2.9582, valid_mse:2.2844, valid_mae:1.2809, test_acc2:0.7869
current mae:1.2493, current corr:0.6652, acc7:0.1547, acc5:0.1547,acc2_non_zero:0.8137, f_score_non_zero:0.8067, acc2:0.7869, f_score:0.7777
Saved best model at epoch 9 by valid_mae=1.2809 -> /data01/lyw/GLoMo/experiments/mosi_baseline_valmae_seed42/best_model.pt
epoch:10, train_loss:2.9385, valid_mse:2.1742, valid_mae:1.2474, test_acc2:0.8219
current mae:1.2176, current corr:0.6857, acc7:0.1547, acc5:0.1547,acc2_non_zero:0.8427, f_score_non_zero:0.8415, acc2:0.8219, f_score:0.8199
Saved best model at epoch 10 by valid_mae=1.2474 -> /data01/lyw/GLoMo/experiments/mosi_baseline_valmae_seed42/best_model.pt
epoch:11, train_loss:2.8774, valid_mse:2.0668, valid_mae:1.2149, test_acc2:0.8131
current mae:1.2024, current corr:0.6921, acc7:0.1547, acc5:0.1547,acc2_non_zero:0.8336, f_score_non_zero:0.8327, acc2:0.8131, f_score:0.8114
Saved best model at epoch 11 by valid_mae=1.2149 -> /data01/lyw/GLoMo/experiments/mosi_baseline_valmae_seed42/best_model.pt
epoch:12, train_loss:2.8353, valid_mse:1.9950, valid_mae:1.1923, test_acc2:0.8263
current mae:1.1815, current corr:0.6979, acc7:0.1547, acc5:0.1547,acc2_non_zero:0.8443, f_score_non_zero:0.8441, acc2:0.8263, f_score:0.8255
Saved best model at epoch 12 by valid_mae=1.1923 -> /data01/lyw/GLoMo/experiments/mosi_baseline_valmae_seed42/best_model.pt
epoch:13, train_loss:2.7989, valid_mse:2.0023, valid_mae:1.1999, test_acc2:0.8102
current mae:1.1626, current corr:0.6827, acc7:0.1912, acc5:0.1912,acc2_non_zero:0.8366, f_score_non_zero:0.8334, acc2:0.8102, f_score:0.8055
epoch:14, train_loss:2.7363, valid_mse:1.9226, valid_mae:1.1747, test_acc2:0.8073
current mae:1.1454, current corr:0.6896, acc7:0.2248, acc5:0.2248,acc2_non_zero:0.8275, f_score_non_zero:0.8253, acc2:0.8073, f_score:0.8043
Saved best model at epoch 14 by valid_mae=1.1747 -> /data01/lyw/GLoMo/experiments/mosi_baseline_valmae_seed42/best_model.pt
epoch:15, train_loss:2.7182, valid_mse:1.8123, valid_mae:1.1319, test_acc2:0.8204
current mae:1.1165, current corr:0.7227, acc7:0.2467, acc5:0.2467,acc2_non_zero:0.8397, f_score_non_zero:0.8388, acc2:0.8204, f_score:0.8189
Saved best model at epoch 15 by valid_mae=1.1319 -> /data01/lyw/GLoMo/experiments/mosi_baseline_valmae_seed42/best_model.pt
epoch:16, train_loss:2.6544, valid_mse:1.8261, valid_mae:1.1396, test_acc2:0.8248
current mae:1.0896, current corr:0.7311, acc7:0.3153, acc5:0.3153,acc2_non_zero:0.8412, f_score_non_zero:0.8410, acc2:0.8248, f_score:0.8240
epoch:17, train_loss:2.6161, valid_mse:1.7321, valid_mae:1.1040, test_acc2:0.8263
current mae:1.0771, current corr:0.7213, acc7:0.3109, acc5:0.3109,acc2_non_zero:0.8412, f_score_non_zero:0.8416, acc2:0.8263, f_score:0.8261
Saved best model at epoch 17 by valid_mae=1.1040 -> /data01/lyw/GLoMo/experiments/mosi_baseline_valmae_seed42/best_model.pt
epoch:18, train_loss:2.5574, valid_mse:1.7353, valid_mae:1.1035, test_acc2:0.8321
current mae:1.0410, current corr:0.7412, acc7:0.3212, acc5:0.3212,acc2_non_zero:0.8504, f_score_non_zero:0.8498, acc2:0.8321, f_score:0.8310
Saved best model at epoch 18 by valid_mae=1.1035 -> /data01/lyw/GLoMo/experiments/mosi_baseline_valmae_seed42/best_model.pt
epoch:19, train_loss:2.5067, valid_mse:1.5993, valid_mae:1.0510, test_acc2:0.8292
current mae:1.0441, current corr:0.7118, acc7:0.3109, acc5:0.3109,acc2_non_zero:0.8397, f_score_non_zero:0.8405, acc2:0.8292, f_score:0.8296
Saved best model at epoch 19 by valid_mae=1.0510 -> /data01/lyw/GLoMo/experiments/mosi_baseline_valmae_seed42/best_model.pt
epoch:20, train_loss:2.4687, valid_mse:1.5554, valid_mae:1.0265, test_acc2:0.8263
current mae:1.0207, current corr:0.7207, acc7:0.3051, acc5:0.3051,acc2_non_zero:0.8412, f_score_non_zero:0.8417, acc2:0.8263, f_score:0.8263
Saved best model at epoch 20 by valid_mae=1.0265 -> /data01/lyw/GLoMo/experiments/mosi_baseline_valmae_seed42/best_model.pt
epoch:21, train_loss:2.4030, valid_mse:1.5376, valid_mae:1.0240, test_acc2:0.8321
current mae:0.9843, current corr:0.7410, acc7:0.3168, acc5:0.3168,acc2_non_zero:0.8504, f_score_non_zero:0.8498, acc2:0.8321, f_score:0.8310
Saved best model at epoch 21 by valid_mae=1.0240 -> /data01/lyw/GLoMo/experiments/mosi_baseline_valmae_seed42/best_model.pt
epoch:22, train_loss:2.3438, valid_mse:1.4959, valid_mae:1.0133, test_acc2:0.8394
current mae:0.9675, current corr:0.7475, acc7:0.3139, acc5:0.3139,acc2_non_zero:0.8580, f_score_non_zero:0.8578, acc2:0.8394, f_score:0.8386
Saved best model at epoch 22 by valid_mae=1.0133 -> /data01/lyw/GLoMo/experiments/mosi_baseline_valmae_seed42/best_model.pt
epoch:23, train_loss:2.3308, valid_mse:1.4886, valid_mae:1.0010, test_acc2:0.8307
current mae:0.9526, current corr:0.7217, acc7:0.3226, acc5:0.3226,acc2_non_zero:0.8504, f_score_non_zero:0.8502, acc2:0.8307, f_score:0.8299
Saved best model at epoch 23 by valid_mae=1.0010 -> /data01/lyw/GLoMo/experiments/mosi_baseline_valmae_seed42/best_model.pt
epoch:24, train_loss:2.2718, valid_mse:1.4454, valid_mae:0.9830, test_acc2:0.8292
current mae:0.9297, current corr:0.7308, acc7:0.3212, acc5:0.3212,acc2_non_zero:0.8473, f_score_non_zero:0.8473, acc2:0.8292, f_score:0.8286
Saved best model at epoch 24 by valid_mae=0.9830 -> /data01/lyw/GLoMo/experiments/mosi_baseline_valmae_seed42/best_model.pt
epoch:25, train_loss:2.2258, valid_mse:1.4656, valid_mae:0.9916, test_acc2:0.8321
current mae:0.9099, current corr:0.7348, acc7:0.3139, acc5:0.3139,acc2_non_zero:0.8504, f_score_non_zero:0.8490, acc2:0.8321, f_score:0.8301
epoch:26, train_loss:2.1748, valid_mse:1.4109, valid_mae:0.9661, test_acc2:0.8204
current mae:0.9088, current corr:0.7325, acc7:0.3066, acc5:0.3066,acc2_non_zero:0.8336, f_score_non_zero:0.8338, acc2:0.8204, f_score:0.8202
Saved best model at epoch 26 by valid_mae=0.9661 -> /data01/lyw/GLoMo/experiments/mosi_baseline_valmae_seed42/best_model.pt
epoch:27, train_loss:2.1365, valid_mse:1.3667, valid_mae:0.9573, test_acc2:0.8219
current mae:0.8733, current corr:0.7468, acc7:0.3241, acc5:0.3241,acc2_non_zero:0.8458, f_score_non_zero:0.8445, acc2:0.8219, f_score:0.8197
Saved best model at epoch 27 by valid_mae=0.9573 -> /data01/lyw/GLoMo/experiments/mosi_baseline_valmae_seed42/best_model.pt
epoch:28, train_loss:2.1123, valid_mse:1.4068, valid_mae:0.9601, test_acc2:0.8161
current mae:0.8623, current corr:0.7410, acc7:0.3255, acc5:0.3255,acc2_non_zero:0.8427, f_score_non_zero:0.8402, acc2:0.8161, f_score:0.8122
epoch:29, train_loss:2.0632, valid_mse:1.3672, valid_mae:0.9431, test_acc2:0.8190
current mae:0.8463, current corr:0.7485, acc7:0.3255, acc5:0.3255,acc2_non_zero:0.8473, f_score_non_zero:0.8440, acc2:0.8190, f_score:0.8141
Saved best model at epoch 29 by valid_mae=0.9431 -> /data01/lyw/GLoMo/experiments/mosi_baseline_valmae_seed42/best_model.pt
epoch:30, train_loss:2.0291, valid_mse:1.3599, valid_mae:0.9222, test_acc2:0.8175
current mae:0.8384, current corr:0.7319, acc7:0.3299, acc5:0.3299,acc2_non_zero:0.8443, f_score_non_zero:0.8414, acc2:0.8175, f_score:0.8132
Saved best model at epoch 30 by valid_mae=0.9222 -> /data01/lyw/GLoMo/experiments/mosi_baseline_valmae_seed42/best_model.pt
epoch:31, train_loss:1.9931, valid_mse:1.2442, valid_mae:0.8778, test_acc2:0.8234
current mae:0.8179, current corr:0.7536, acc7:0.3270, acc5:0.3270,acc2_non_zero:0.8473, f_score_non_zero:0.8461, acc2:0.8234, f_score:0.8212
Saved best model at epoch 31 by valid_mae=0.8778 -> /data01/lyw/GLoMo/experiments/mosi_baseline_valmae_seed42/best_model.pt
epoch:32, train_loss:1.9519, valid_mse:1.3313, valid_mae:0.8923, test_acc2:0.8131
current mae:0.8228, current corr:0.7443, acc7:0.3212, acc5:0.3212,acc2_non_zero:0.8397, f_score_non_zero:0.8378, acc2:0.8131, f_score:0.8100
epoch:33, train_loss:1.9246, valid_mse:1.4124, valid_mae:0.9223, test_acc2:0.8015
current mae:0.8316, current corr:0.7404, acc7:0.3109, acc5:0.3109,acc2_non_zero:0.8321, f_score_non_zero:0.8276, acc2:0.8015, f_score:0.7950
epoch:34, train_loss:1.8961, valid_mse:1.2125, valid_mae:0.8580, test_acc2:0.8234
current mae:0.8012, current corr:0.7586, acc7:0.3328, acc5:0.3474,acc2_non_zero:0.8443, f_score_non_zero:0.8425, acc2:0.8234, f_score:0.8208
Saved best model at epoch 34 by valid_mae=0.8580 -> /data01/lyw/GLoMo/experiments/mosi_baseline_valmae_seed42/best_model.pt
epoch:35, train_loss:1.8515, valid_mse:1.1170, valid_mae:0.8211, test_acc2:0.8219
current mae:0.8148, current corr:0.7526, acc7:0.3547, acc5:0.3796,acc2_non_zero:0.8382, f_score_non_zero:0.8387, acc2:0.8219, f_score:0.8219
Saved best model at epoch 35 by valid_mae=0.8211 -> /data01/lyw/GLoMo/experiments/mosi_baseline_valmae_seed42/best_model.pt
epoch:36, train_loss:1.8443, valid_mse:1.1679, valid_mae:0.8379, test_acc2:0.8263
current mae:0.8032, current corr:0.7654, acc7:0.3839, acc5:0.4161,acc2_non_zero:0.8397, f_score_non_zero:0.8404, acc2:0.8263, f_score:0.8265
epoch:37, train_loss:1.7975, valid_mse:1.2002, valid_mae:0.8293, test_acc2:0.8350
current mae:0.7779, current corr:0.7664, acc7:0.4190, acc5:0.4920,acc2_non_zero:0.8519, f_score_non_zero:0.8517, acc2:0.8350, f_score:0.8343
epoch:38, train_loss:1.7747, valid_mse:1.2359, valid_mae:0.8396, test_acc2:0.8365
current mae:0.8025, current corr:0.7555, acc7:0.4248, acc5:0.4993,acc2_non_zero:0.8534, f_score_non_zero:0.8535, acc2:0.8365, f_score:0.8361
epoch:39, train_loss:1.7334, valid_mse:1.3424, valid_mae:0.8687, test_acc2:0.8190
current mae:0.8026, current corr:0.7370, acc7:0.4263, acc5:0.5109,acc2_non_zero:0.8427, f_score_non_zero:0.8396, acc2:0.8190, f_score:0.8146
epoch:40, train_loss:1.7097, valid_mse:1.3153, valid_mae:0.8420, test_acc2:0.8321
current mae:0.7813, current corr:0.7592, acc7:0.4336, acc5:0.5182,acc2_non_zero:0.8473, f_score_non_zero:0.8466, acc2:0.8321, f_score:0.8310
epoch:41, train_loss:1.6873, valid_mse:1.1771, valid_mae:0.8104, test_acc2:0.8336
current mae:0.7740, current corr:0.7645, acc7:0.4423, acc5:0.5109,acc2_non_zero:0.8504, f_score_non_zero:0.8498, acc2:0.8336, f_score:0.8325
Saved best model at epoch 41 by valid_mae=0.8104 -> /data01/lyw/GLoMo/experiments/mosi_baseline_valmae_seed42/best_model.pt
epoch:42, train_loss:1.6541, valid_mse:1.1233, valid_mae:0.7870, test_acc2:0.8234
current mae:0.7581, current corr:0.7737, acc7:0.4482, acc5:0.5182,acc2_non_zero:0.8397, f_score_non_zero:0.8393, acc2:0.8234, f_score:0.8224
Saved best model at epoch 42 by valid_mae=0.7870 -> /data01/lyw/GLoMo/experiments/mosi_baseline_valmae_seed42/best_model.pt
epoch:43, train_loss:1.6439, valid_mse:1.3615, valid_mae:0.8713, test_acc2:0.8321
current mae:0.7780, current corr:0.7523, acc7:0.4307, acc5:0.5007,acc2_non_zero:0.8534, f_score_non_zero:0.8511, acc2:0.8321, f_score:0.8290
epoch:44, train_loss:1.6116, valid_mse:1.1897, valid_mae:0.8069, test_acc2:0.8321
current mae:0.7933, current corr:0.7619, acc7:0.4190, acc5:0.4891,acc2_non_zero:0.8504, f_score_non_zero:0.8501, acc2:0.8321, f_score:0.8312
epoch:45, train_loss:1.5941, valid_mse:1.1603, valid_mae:0.8069, test_acc2:0.8350
current mae:0.7698, current corr:0.7588, acc7:0.4263, acc5:0.4978,acc2_non_zero:0.8550, f_score_non_zero:0.8539, acc2:0.8350, f_score:0.8333
epoch:46, train_loss:1.5664, valid_mse:1.1714, valid_mae:0.7849, test_acc2:0.8044
current mae:0.8151, current corr:0.7543, acc7:0.4146, acc5:0.4876,acc2_non_zero:0.8107, f_score_non_zero:0.8118, acc2:0.8044, f_score:0.8049
Saved best model at epoch 46 by valid_mae=0.7849 -> /data01/lyw/GLoMo/experiments/mosi_baseline_valmae_seed42/best_model.pt
epoch:47, train_loss:1.5568, valid_mse:1.1698, valid_mae:0.7882, test_acc2:0.8394
current mae:0.7700, current corr:0.7648, acc7:0.4321, acc5:0.5022,acc2_non_zero:0.8580, f_score_non_zero:0.8577, acc2:0.8394, f_score:0.8385
epoch:48, train_loss:1.5293, valid_mse:1.1193, valid_mae:0.8032, test_acc2:0.8234
current mae:0.7685, current corr:0.7667, acc7:0.4190, acc5:0.4745,acc2_non_zero:0.8427, f_score_non_zero:0.8408, acc2:0.8234, f_score:0.8207
epoch:49, train_loss:1.5129, valid_mse:1.1487, valid_mae:0.7956, test_acc2:0.8307
current mae:0.7447, current corr:0.7727, acc7:0.4453, acc5:0.5095,acc2_non_zero:0.8489, f_score_non_zero:0.8475, acc2:0.8307, f_score:0.8287
epoch:50, train_loss:1.4854, valid_mse:1.1207, valid_mae:0.7844, test_acc2:0.8234
current mae:0.7465, current corr:0.7675, acc7:0.4336, acc5:0.4993,acc2_non_zero:0.8458, f_score_non_zero:0.8440, acc2:0.8234, f_score:0.8207
Saved best model at epoch 50 by valid_mae=0.7844 -> /data01/lyw/GLoMo/experiments/mosi_baseline_valmae_seed42/best_model.pt
epoch:51, train_loss:1.4693, valid_mse:1.0927, valid_mae:0.7768, test_acc2:0.8248
current mae:0.7584, current corr:0.7676, acc7:0.4394, acc5:0.5022,acc2_non_zero:0.8473, f_score_non_zero:0.8449, acc2:0.8248, f_score:0.8215
Saved best model at epoch 51 by valid_mae=0.7768 -> /data01/lyw/GLoMo/experiments/mosi_baseline_valmae_seed42/best_model.pt
epoch:52, train_loss:1.4417, valid_mse:1.1136, valid_mae:0.7761, test_acc2:0.8204
current mae:0.7550, current corr:0.7643, acc7:0.4540, acc5:0.5182,acc2_non_zero:0.8427, f_score_non_zero:0.8407, acc2:0.8204, f_score:0.8174
Saved best model at epoch 52 by valid_mae=0.7761 -> /data01/lyw/GLoMo/experiments/mosi_baseline_valmae_seed42/best_model.pt
epoch:53, train_loss:1.4303, valid_mse:1.0408, valid_mae:0.7527, test_acc2:0.8292
current mae:0.7706, current corr:0.7699, acc7:0.4350, acc5:0.4876,acc2_non_zero:0.8489, f_score_non_zero:0.8486, acc2:0.8292, f_score:0.8283
Saved best model at epoch 53 by valid_mae=0.7527 -> /data01/lyw/GLoMo/experiments/mosi_baseline_valmae_seed42/best_model.pt
epoch:54, train_loss:1.4049, valid_mse:1.3090, valid_mae:0.8392, test_acc2:0.8248
current mae:0.7597, current corr:0.7615, acc7:0.4467, acc5:0.5153,acc2_non_zero:0.8489, f_score_non_zero:0.8460, acc2:0.8248, f_score:0.8208
epoch:55, train_loss:1.4036, valid_mse:1.2464, valid_mae:0.8227, test_acc2:0.8219
current mae:0.7530, current corr:0.7688, acc7:0.4409, acc5:0.5109,acc2_non_zero:0.8473, f_score_non_zero:0.8442, acc2:0.8219, f_score:0.8175
epoch:56, train_loss:1.3826, valid_mse:1.3140, valid_mae:0.8424, test_acc2:0.8234
current mae:0.7591, current corr:0.7619, acc7:0.4438, acc5:0.5124,acc2_non_zero:0.8504, f_score_non_zero:0.8473, acc2:0.8234, f_score:0.8189
epoch:57, train_loss:1.3716, valid_mse:1.1813, valid_mae:0.8041, test_acc2:0.8131
current mae:0.7624, current corr:0.7638, acc7:0.4234, acc5:0.4818,acc2_non_zero:0.8382, f_score_non_zero:0.8350, acc2:0.8131, f_score:0.8087
epoch:58, train_loss:1.3551, valid_mse:1.1768, valid_mae:0.7891, test_acc2:0.8234
current mae:0.7654, current corr:0.7594, acc7:0.4394, acc5:0.5080,acc2_non_zero:0.8412, f_score_non_zero:0.8396, acc2:0.8234, f_score:0.8211
epoch:59, train_loss:1.3429, valid_mse:1.1101, valid_mae:0.7695, test_acc2:0.8307
current mae:0.7794, current corr:0.7596, acc7:0.4263, acc5:0.4876,acc2_non_zero:0.8489, f_score_non_zero:0.8478, acc2:0.8307, f_score:0.8290
epoch:60, train_loss:1.3191, valid_mse:1.1304, valid_mae:0.7768, test_acc2:0.8292
current mae:0.7496, current corr:0.7666, acc7:0.4555, acc5:0.5255,acc2_non_zero:0.8473, f_score_non_zero:0.8465, acc2:0.8292, f_score:0.8278
epoch:61, train_loss:1.2980, valid_mse:1.1613, valid_mae:0.7922, test_acc2:0.8292
current mae:0.7488, current corr:0.7656, acc7:0.4409, acc5:0.5066,acc2_non_zero:0.8489, f_score_non_zero:0.8475, acc2:0.8292, f_score:0.8271
epoch:62, train_loss:1.2753, valid_mse:1.1632, valid_mae:0.7728, test_acc2:0.8307
current mae:0.7660, current corr:0.7649, acc7:0.4482, acc5:0.5182,acc2_non_zero:0.8427, f_score_non_zero:0.8431, acc2:0.8307, f_score:0.8305
epoch:63, train_loss:1.2653, valid_mse:1.0972, valid_mae:0.7656, test_acc2:0.8248
current mae:0.7549, current corr:0.7591, acc7:0.4423, acc5:0.5124,acc2_non_zero:0.8443, f_score_non_zero:0.8433, acc2:0.8248, f_score:0.8231
epoch:64, train_loss:1.2642, valid_mse:1.1569, valid_mae:0.7728, test_acc2:0.8321
current mae:0.7717, current corr:0.7561, acc7:0.4292, acc5:0.4978,acc2_non_zero:0.8504, f_score_non_zero:0.8493, acc2:0.8321, f_score:0.8304
epoch:65, train_loss:1.2428, valid_mse:1.0903, valid_mae:0.7618, test_acc2:0.8204
current mae:0.7598, current corr:0.7590, acc7:0.4409, acc5:0.5036,acc2_non_zero:0.8382, f_score_non_zero:0.8366, acc2:0.8204, f_score:0.8183
epoch:66, train_loss:1.2210, valid_mse:1.0910, valid_mae:0.7671, test_acc2:0.8307
current mae:0.7677, current corr:0.7610, acc7:0.4204, acc5:0.4774,acc2_non_zero:0.8473, f_score_non_zero:0.8466, acc2:0.8307, f_score:0.8294
epoch:67, train_loss:1.2232, valid_mse:1.1227, valid_mae:0.7776, test_acc2:0.8204
current mae:0.7729, current corr:0.7547, acc7:0.4321, acc5:0.5007,acc2_non_zero:0.8412, f_score_non_zero:0.8390, acc2:0.8204, f_score:0.8174
epoch:68, train_loss:1.2003, valid_mse:1.0936, valid_mae:0.7816, test_acc2:0.8234
current mae:0.7530, current corr:0.7646, acc7:0.4555, acc5:0.5212,acc2_non_zero:0.8443, f_score_non_zero:0.8409, acc2:0.8234, f_score:0.8190
epoch:69, train_loss:1.1863, valid_mse:1.0839, valid_mae:0.7664, test_acc2:0.8219
current mae:0.7459, current corr:0.7686, acc7:0.4482, acc5:0.5139,acc2_non_zero:0.8427, f_score_non_zero:0.8401, acc2:0.8219, f_score:0.8183
Loading best model from epoch 53 by valid_mae=0.7527 for analysis export.
Analysis files exported to: /data01/lyw/GLoMo/experiments/mosi_baseline_valmae_seed42/analysis
  predictions: /data01/lyw/GLoMo/experiments/mosi_baseline_valmae_seed42/analysis/predictions.csv
  repr: /data01/lyw/GLoMo/experiments/mosi_baseline_valmae_seed42/analysis/repr.npz
  repr meta: /data01/lyw/GLoMo/experiments/mosi_baseline_valmae_seed42/analysis/repr_meta.json
  cases: /data01/lyw/GLoMo/experiments/mosi_baseline_valmae_seed42/analysis/cases.csv
Metrics summary saved to: /data01/lyw/GLoMo/experiments/mosi_baseline_valmae_seed42/metrics.json
Total runtime: 688915.3788089752 ms
