Using device: cuda:0, visible GPUs: 2
GPU name: NVIDIA GeForce RTX 3090
Seed: 2026
Command script saved to: /data01/lyw/GLoMo/experiments/mosi_only_fusion_valmae_seed2026/command.sh
train labels: n=1281 min=-3.000 max=3.000 mean=0.235 std=1.509
dev labels: n=229 min=-3.000 max=3.000 mean=0.310 std=1.649
test labels: n=685 min=-3.000 max=3.000 mean=-0.315 std=1.588
BERT load: missing=3 unexpected=10
BERT missing keys (first 5): ['linear1.weight', 'linear1.bias', 'proj_l.weight']
BERT unexpected keys (first 5): ['pooler.dense.weight', 'pooler.dense.bias', 'cls.predictions.bias', 'cls.predictions.transform.dense.weight', 'cls.predictions.transform.dense.bias']
conv audio std 0.03885576128959656
conv video std 0.048305172473192215
total parameter for the model:  111150830
epoch:0, train_loss:3.2802, valid_mse:2.7698, valid_mae:1.4216, test_acc2:0.5358
current mae:1.4151, current corr:0.2796, acc7:0.1547, acc5:0.1547,acc2_non_zero:0.5191, f_score_non_zero:0.4578, acc2:0.5358, f_score:0.4731
Saved best model at epoch 0 by valid_mae=1.4216 -> /data01/lyw/GLoMo/experiments/mosi_only_fusion_valmae_seed2026/best_model.pt
epoch:1, train_loss:3.2650, valid_mse:2.7713, valid_mae:1.4276, test_acc2:0.5708
current mae:1.4065, current corr:0.5002, acc7:0.1547, acc5:0.1547,acc2_non_zero:0.5603, f_score_non_zero:0.5153, acc2:0.5708, f_score:0.5250
epoch:2, train_loss:3.1887, valid_mse:2.6673, valid_mae:1.3976, test_acc2:0.7387
current mae:1.3859, current corr:0.6618, acc7:0.1547, acc5:0.1547,acc2_non_zero:0.7496, f_score_non_zero:0.7504, acc2:0.7387, f_score:0.7387
Saved best model at epoch 2 by valid_mae=1.3976 -> /data01/lyw/GLoMo/experiments/mosi_only_fusion_valmae_seed2026/best_model.pt
epoch:3, train_loss:3.1828, valid_mse:2.6257, valid_mae:1.3848, test_acc2:0.7533
current mae:1.3786, current corr:0.6625, acc7:0.1547, acc5:0.1547,acc2_non_zero:0.7634, f_score_non_zero:0.7641, acc2:0.7533, f_score:0.7533
Saved best model at epoch 3 by valid_mae=1.3848 -> /data01/lyw/GLoMo/experiments/mosi_only_fusion_valmae_seed2026/best_model.pt
epoch:4, train_loss:3.1467, valid_mse:2.5335, valid_mae:1.3624, test_acc2:0.7869
current mae:1.3633, current corr:0.6757, acc7:0.1547, acc5:0.1547,acc2_non_zero:0.7985, f_score_non_zero:0.7996, acc2:0.7869, f_score:0.7874
Saved best model at epoch 4 by valid_mae=1.3624 -> /data01/lyw/GLoMo/experiments/mosi_only_fusion_valmae_seed2026/best_model.pt
epoch:5, train_loss:3.1151, valid_mse:2.4906, valid_mae:1.3473, test_acc2:0.7942
current mae:1.3471, current corr:0.6856, acc7:0.1547, acc5:0.1547,acc2_non_zero:0.8153, f_score_non_zero:0.8163, acc2:0.7942, f_score:0.7946
Saved best model at epoch 5 by valid_mae=1.3473 -> /data01/lyw/GLoMo/experiments/mosi_only_fusion_valmae_seed2026/best_model.pt
epoch:6, train_loss:3.1027, valid_mse:2.4047, valid_mae:1.3201, test_acc2:0.8088
current mae:1.3197, current corr:0.6920, acc7:0.1547, acc5:0.1547,acc2_non_zero:0.8336, f_score_non_zero:0.8306, acc2:0.8088, f_score:0.8045
Saved best model at epoch 6 by valid_mae=1.3201 -> /data01/lyw/GLoMo/experiments/mosi_only_fusion_valmae_seed2026/best_model.pt
epoch:7, train_loss:3.0413, valid_mse:2.3150, valid_mae:1.2949, test_acc2:0.8131
current mae:1.2930, current corr:0.6976, acc7:0.1547, acc5:0.1547,acc2_non_zero:0.8366, f_score_non_zero:0.8362, acc2:0.8131, f_score:0.8118
Saved best model at epoch 7 by valid_mae=1.2949 -> /data01/lyw/GLoMo/experiments/mosi_only_fusion_valmae_seed2026/best_model.pt
epoch:8, train_loss:3.0218, valid_mse:2.2118, valid_mae:1.2586, test_acc2:0.8044
current mae:1.2738, current corr:0.6757, acc7:0.1547, acc5:0.1547,acc2_non_zero:0.8244, f_score_non_zero:0.8251, acc2:0.8044, f_score:0.8044
Saved best model at epoch 8 by valid_mae=1.2586 -> /data01/lyw/GLoMo/experiments/mosi_only_fusion_valmae_seed2026/best_model.pt
epoch:9, train_loss:2.9538, valid_mse:2.1990, valid_mae:1.2619, test_acc2:0.8088
current mae:1.2440, current corr:0.6938, acc7:0.1547, acc5:0.1547,acc2_non_zero:0.8351, f_score_non_zero:0.8324, acc2:0.8088, f_score:0.8047
epoch:10, train_loss:2.9143, valid_mse:2.1847, valid_mae:1.2554, test_acc2:0.8073
current mae:1.2229, current corr:0.6839, acc7:0.1547, acc5:0.1547,acc2_non_zero:0.8366, f_score_non_zero:0.8321, acc2:0.8073, f_score:0.8008
Saved best model at epoch 10 by valid_mae=1.2554 -> /data01/lyw/GLoMo/experiments/mosi_only_fusion_valmae_seed2026/best_model.pt
epoch:11, train_loss:2.8914, valid_mse:2.0386, valid_mae:1.2102, test_acc2:0.8190
current mae:1.1984, current corr:0.6998, acc7:0.1547, acc5:0.1547,acc2_non_zero:0.8427, f_score_non_zero:0.8413, acc2:0.8190, f_score:0.8166
Saved best model at epoch 11 by valid_mae=1.2102 -> /data01/lyw/GLoMo/experiments/mosi_only_fusion_valmae_seed2026/best_model.pt
epoch:12, train_loss:2.8565, valid_mse:2.0494, valid_mae:1.2154, test_acc2:0.7664
current mae:1.2393, current corr:0.6039, acc7:0.1591, acc5:0.1591,acc2_non_zero:0.7725, f_score_non_zero:0.7726, acc2:0.7664, f_score:0.7657
epoch:13, train_loss:2.8212, valid_mse:1.9211, valid_mae:1.1677, test_acc2:0.8029
current mae:1.1823, current corr:0.6664, acc7:0.2190, acc5:0.2190,acc2_non_zero:0.8198, f_score_non_zero:0.8209, acc2:0.8029, f_score:0.8034
Saved best model at epoch 13 by valid_mae=1.1677 -> /data01/lyw/GLoMo/experiments/mosi_only_fusion_valmae_seed2026/best_model.pt
epoch:14, train_loss:2.7547, valid_mse:1.8411, valid_mae:1.1427, test_acc2:0.8073
current mae:1.1581, current corr:0.6817, acc7:0.2190, acc5:0.2190,acc2_non_zero:0.8244, f_score_non_zero:0.8252, acc2:0.8073, f_score:0.8075
Saved best model at epoch 14 by valid_mae=1.1427 -> /data01/lyw/GLoMo/experiments/mosi_only_fusion_valmae_seed2026/best_model.pt
epoch:15, train_loss:2.7284, valid_mse:1.8476, valid_mae:1.1537, test_acc2:0.8073
current mae:1.1264, current corr:0.7161, acc7:0.2219, acc5:0.2219,acc2_non_zero:0.8305, f_score_non_zero:0.8296, acc2:0.8073, f_score:0.8054
epoch:16, train_loss:2.6827, valid_mse:1.8059, valid_mae:1.1350, test_acc2:0.8102
current mae:1.1037, current corr:0.7149, acc7:0.2745, acc5:0.2745,acc2_non_zero:0.8366, f_score_non_zero:0.8339, acc2:0.8102, f_score:0.8061
Saved best model at epoch 16 by valid_mae=1.1350 -> /data01/lyw/GLoMo/experiments/mosi_only_fusion_valmae_seed2026/best_model.pt
epoch:17, train_loss:2.6283, valid_mse:1.7717, valid_mae:1.1197, test_acc2:0.8044
current mae:1.0947, current corr:0.6978, acc7:0.2993, acc5:0.2993,acc2_non_zero:0.8305, f_score_non_zero:0.8306, acc2:0.8044, f_score:0.8035
Saved best model at epoch 17 by valid_mae=1.1197 -> /data01/lyw/GLoMo/experiments/mosi_only_fusion_valmae_seed2026/best_model.pt
epoch:18, train_loss:2.5934, valid_mse:1.6704, valid_mae:1.0752, test_acc2:0.8029
current mae:1.0809, current corr:0.7060, acc7:0.3051, acc5:0.3051,acc2_non_zero:0.8183, f_score_non_zero:0.8194, acc2:0.8029, f_score:0.8034
Saved best model at epoch 18 by valid_mae=1.0752 -> /data01/lyw/GLoMo/experiments/mosi_only_fusion_valmae_seed2026/best_model.pt
epoch:19, train_loss:2.5615, valid_mse:1.6235, valid_mae:1.0546, test_acc2:0.8029
current mae:1.0570, current corr:0.6968, acc7:0.3241, acc5:0.3241,acc2_non_zero:0.8183, f_score_non_zero:0.8194, acc2:0.8029, f_score:0.8034
Saved best model at epoch 19 by valid_mae=1.0546 -> /data01/lyw/GLoMo/experiments/mosi_only_fusion_valmae_seed2026/best_model.pt
epoch:20, train_loss:2.5033, valid_mse:1.5627, valid_mae:1.0342, test_acc2:0.7971
current mae:1.0601, current corr:0.6793, acc7:0.3153, acc5:0.3153,acc2_non_zero:0.8092, f_score_non_zero:0.8102, acc2:0.7971, f_score:0.7975
Saved best model at epoch 20 by valid_mae=1.0342 -> /data01/lyw/GLoMo/experiments/mosi_only_fusion_valmae_seed2026/best_model.pt
epoch:21, train_loss:2.4545, valid_mse:1.5047, valid_mae:1.0127, test_acc2:0.8204
current mae:0.9980, current corr:0.7216, acc7:0.3343, acc5:0.3343,acc2_non_zero:0.8412, f_score_non_zero:0.8419, acc2:0.8204, f_score:0.8206
Saved best model at epoch 21 by valid_mae=1.0127 -> /data01/lyw/GLoMo/experiments/mosi_only_fusion_valmae_seed2026/best_model.pt
epoch:22, train_loss:2.4142, valid_mse:1.4915, valid_mae:1.0064, test_acc2:0.8190
current mae:0.9916, current corr:0.7296, acc7:0.3241, acc5:0.3241,acc2_non_zero:0.8321, f_score_non_zero:0.8330, acc2:0.8190, f_score:0.8194
Saved best model at epoch 22 by valid_mae=1.0064 -> /data01/lyw/GLoMo/experiments/mosi_only_fusion_valmae_seed2026/best_model.pt
epoch:23, train_loss:2.3690, valid_mse:1.4725, valid_mae:0.9906, test_acc2:0.8161
current mae:0.9724, current corr:0.7099, acc7:0.3314, acc5:0.3314,acc2_non_zero:0.8305, f_score_non_zero:0.8314, acc2:0.8161, f_score:0.8164
Saved best model at epoch 23 by valid_mae=0.9906 -> /data01/lyw/GLoMo/experiments/mosi_only_fusion_valmae_seed2026/best_model.pt
epoch:24, train_loss:2.3176, valid_mse:1.4659, valid_mae:0.9813, test_acc2:0.7854
current mae:1.0136, current corr:0.6780, acc7:0.3124, acc5:0.3124,acc2_non_zero:0.7924, f_score_non_zero:0.7931, acc2:0.7854, f_score:0.7853
Saved best model at epoch 24 by valid_mae=0.9813 -> /data01/lyw/GLoMo/experiments/mosi_only_fusion_valmae_seed2026/best_model.pt
epoch:25, train_loss:2.2854, valid_mse:1.4036, valid_mae:0.9728, test_acc2:0.8277
current mae:0.9075, current corr:0.7286, acc7:0.3474, acc5:0.3474,acc2_non_zero:0.8504, f_score_non_zero:0.8491, acc2:0.8277, f_score:0.8256
Saved best model at epoch 25 by valid_mae=0.9728 -> /data01/lyw/GLoMo/experiments/mosi_only_fusion_valmae_seed2026/best_model.pt
epoch:26, train_loss:2.2342, valid_mse:1.3628, valid_mae:0.9604, test_acc2:0.8175
current mae:0.8923, current corr:0.7341, acc7:0.3299, acc5:0.3299,acc2_non_zero:0.8443, f_score_non_zero:0.8415, acc2:0.8175, f_score:0.8134
Saved best model at epoch 26 by valid_mae=0.9604 -> /data01/lyw/GLoMo/experiments/mosi_only_fusion_valmae_seed2026/best_model.pt
epoch:27, train_loss:2.1820, valid_mse:1.3221, valid_mae:0.9195, test_acc2:0.8058
current mae:0.9167, current corr:0.7071, acc7:0.3343, acc5:0.3343,acc2_non_zero:0.8198, f_score_non_zero:0.8209, acc2:0.8058, f_score:0.8064
Saved best model at epoch 27 by valid_mae=0.9195 -> /data01/lyw/GLoMo/experiments/mosi_only_fusion_valmae_seed2026/best_model.pt
epoch:28, train_loss:2.1311, valid_mse:1.2727, valid_mae:0.9008, test_acc2:0.8219
current mae:0.8623, current corr:0.7278, acc7:0.3401, acc5:0.3401,acc2_non_zero:0.8458, f_score_non_zero:0.8451, acc2:0.8219, f_score:0.8203
Saved best model at epoch 28 by valid_mae=0.9008 -> /data01/lyw/GLoMo/experiments/mosi_only_fusion_valmae_seed2026/best_model.pt
epoch:29, train_loss:2.0944, valid_mse:1.2725, valid_mae:0.8942, test_acc2:0.8190
current mae:0.8495, current corr:0.7324, acc7:0.3358, acc5:0.3358,acc2_non_zero:0.8412, f_score_non_zero:0.8409, acc2:0.8190, f_score:0.8179
Saved best model at epoch 29 by valid_mae=0.8942 -> /data01/lyw/GLoMo/experiments/mosi_only_fusion_valmae_seed2026/best_model.pt
epoch:30, train_loss:2.0517, valid_mse:1.3246, valid_mae:0.9067, test_acc2:0.8175
current mae:0.8341, current corr:0.7293, acc7:0.3387, acc5:0.3387,acc2_non_zero:0.8473, f_score_non_zero:0.8455, acc2:0.8175, f_score:0.8143
epoch:31, train_loss:2.0095, valid_mse:1.2421, valid_mae:0.8758, test_acc2:0.8190
current mae:0.8162, current corr:0.7438, acc7:0.3387, acc5:0.3387,acc2_non_zero:0.8458, f_score_non_zero:0.8453, acc2:0.8190, f_score:0.8175
Saved best model at epoch 31 by valid_mae=0.8758 -> /data01/lyw/GLoMo/experiments/mosi_only_fusion_valmae_seed2026/best_model.pt
epoch:32, train_loss:1.9719, valid_mse:1.2656, valid_mae:0.8686, test_acc2:0.8307
current mae:0.7996, current corr:0.7529, acc7:0.3489, acc5:0.3489,acc2_non_zero:0.8534, f_score_non_zero:0.8530, acc2:0.8307, f_score:0.8295
Saved best model at epoch 32 by valid_mae=0.8686 -> /data01/lyw/GLoMo/experiments/mosi_only_fusion_valmae_seed2026/best_model.pt
epoch:33, train_loss:1.9276, valid_mse:1.1737, valid_mae:0.8394, test_acc2:0.8146
current mae:0.8066, current corr:0.7511, acc7:0.3781, acc5:0.3985,acc2_non_zero:0.8321, f_score_non_zero:0.8326, acc2:0.8146, f_score:0.8146
Saved best model at epoch 33 by valid_mae=0.8394 -> /data01/lyw/GLoMo/experiments/mosi_only_fusion_valmae_seed2026/best_model.pt
epoch:34, train_loss:1.9121, valid_mse:1.2239, valid_mae:0.8576, test_acc2:0.8234
current mae:0.7777, current corr:0.7598, acc7:0.3825, acc5:0.4073,acc2_non_zero:0.8519, f_score_non_zero:0.8499, acc2:0.8234, f_score:0.8201
epoch:35, train_loss:1.8662, valid_mse:1.0928, valid_mae:0.7927, test_acc2:0.8102
current mae:0.8262, current corr:0.7436, acc7:0.3796, acc5:0.4058,acc2_non_zero:0.8260, f_score_non_zero:0.8269, acc2:0.8102, f_score:0.8107
Saved best model at epoch 35 by valid_mae=0.7927 -> /data01/lyw/GLoMo/experiments/mosi_only_fusion_valmae_seed2026/best_model.pt
epoch:36, train_loss:1.8370, valid_mse:1.1302, valid_mae:0.8149, test_acc2:0.8204
current mae:0.7862, current corr:0.7581, acc7:0.4190, acc5:0.4599,acc2_non_zero:0.8458, f_score_non_zero:0.8455, acc2:0.8204, f_score:0.8193
epoch:37, train_loss:1.7966, valid_mse:1.1868, valid_mae:0.8359, test_acc2:0.8131
current mae:0.7782, current corr:0.7529, acc7:0.4336, acc5:0.5036,acc2_non_zero:0.8397, f_score_non_zero:0.8373, acc2:0.8131, f_score:0.8094
epoch:38, train_loss:1.7816, valid_mse:1.2366, valid_mae:0.8432, test_acc2:0.8073
current mae:0.7808, current corr:0.7482, acc7:0.4526, acc5:0.5255,acc2_non_zero:0.8336, f_score_non_zero:0.8302, acc2:0.8073, f_score:0.8025
epoch:39, train_loss:1.7451, valid_mse:1.2391, valid_mae:0.8302, test_acc2:0.8234
current mae:0.7756, current corr:0.7562, acc7:0.4336, acc5:0.5182,acc2_non_zero:0.8504, f_score_non_zero:0.8490, acc2:0.8234, f_score:0.8208
epoch:40, train_loss:1.7172, valid_mse:1.0937, valid_mae:0.7868, test_acc2:0.8248
current mae:0.7606, current corr:0.7637, acc7:0.4584, acc5:0.5255,acc2_non_zero:0.8473, f_score_non_zero:0.8470, acc2:0.8248, f_score:0.8238
Saved best model at epoch 40 by valid_mae=0.7868 -> /data01/lyw/GLoMo/experiments/mosi_only_fusion_valmae_seed2026/best_model.pt
epoch:41, train_loss:1.7200, valid_mse:1.0508, valid_mae:0.7568, test_acc2:0.8175
current mae:0.7780, current corr:0.7642, acc7:0.4672, acc5:0.5343,acc2_non_zero:0.8336, f_score_non_zero:0.8344, acc2:0.8175, f_score:0.8178
Saved best model at epoch 41 by valid_mae=0.7568 -> /data01/lyw/GLoMo/experiments/mosi_only_fusion_valmae_seed2026/best_model.pt
epoch:42, train_loss:1.6881, valid_mse:1.1111, valid_mae:0.7793, test_acc2:0.8380
current mae:0.7663, current corr:0.7614, acc7:0.4423, acc5:0.5182,acc2_non_zero:0.8550, f_score_non_zero:0.8550, acc2:0.8380, f_score:0.8375
epoch:43, train_loss:1.6894, valid_mse:1.1329, valid_mae:0.7923, test_acc2:0.8321
current mae:0.7708, current corr:0.7611, acc7:0.4540, acc5:0.5226,acc2_non_zero:0.8489, f_score_non_zero:0.8490, acc2:0.8321, f_score:0.8318
epoch:44, train_loss:1.6495, valid_mse:1.0467, valid_mae:0.7544, test_acc2:0.8263
current mae:0.7694, current corr:0.7624, acc7:0.4599, acc5:0.5285,acc2_non_zero:0.8427, f_score_non_zero:0.8432, acc2:0.8263, f_score:0.8263
Saved best model at epoch 44 by valid_mae=0.7544 -> /data01/lyw/GLoMo/experiments/mosi_only_fusion_valmae_seed2026/best_model.pt
epoch:45, train_loss:1.6173, valid_mse:1.0542, valid_mae:0.7586, test_acc2:0.8292
current mae:0.7421, current corr:0.7706, acc7:0.4672, acc5:0.5387,acc2_non_zero:0.8534, f_score_non_zero:0.8527, acc2:0.8292, f_score:0.8276
epoch:46, train_loss:1.5906, valid_mse:1.0483, valid_mae:0.7446, test_acc2:0.8307
current mae:0.7457, current corr:0.7678, acc7:0.4599, acc5:0.5372,acc2_non_zero:0.8534, f_score_non_zero:0.8531, acc2:0.8307, f_score:0.8296
Saved best model at epoch 46 by valid_mae=0.7446 -> /data01/lyw/GLoMo/experiments/mosi_only_fusion_valmae_seed2026/best_model.pt
epoch:47, train_loss:1.5776, valid_mse:1.0903, valid_mae:0.7770, test_acc2:0.8248
current mae:0.7477, current corr:0.7649, acc7:0.4657, acc5:0.5358,acc2_non_zero:0.8534, f_score_non_zero:0.8529, acc2:0.8248, f_score:0.8232
epoch:48, train_loss:1.5522, valid_mse:1.0204, valid_mae:0.7397, test_acc2:0.8277
current mae:0.7586, current corr:0.7604, acc7:0.4540, acc5:0.5226,acc2_non_zero:0.8458, f_score_non_zero:0.8463, acc2:0.8277, f_score:0.8277
Saved best model at epoch 48 by valid_mae=0.7397 -> /data01/lyw/GLoMo/experiments/mosi_only_fusion_valmae_seed2026/best_model.pt
epoch:49, train_loss:1.5639, valid_mse:1.0711, valid_mae:0.7661, test_acc2:0.8204
current mae:0.7588, current corr:0.7552, acc7:0.4482, acc5:0.5226,acc2_non_zero:0.8427, f_score_non_zero:0.8422, acc2:0.8204, f_score:0.8191
epoch:50, train_loss:1.5281, valid_mse:1.0391, valid_mae:0.7460, test_acc2:0.8248
current mae:0.7498, current corr:0.7636, acc7:0.4569, acc5:0.5314,acc2_non_zero:0.8473, f_score_non_zero:0.8472, acc2:0.8248, f_score:0.8239
epoch:51, train_loss:1.4972, valid_mse:1.0841, valid_mae:0.7724, test_acc2:0.8277
current mae:0.7485, current corr:0.7640, acc7:0.4555, acc5:0.5241,acc2_non_zero:0.8534, f_score_non_zero:0.8519, acc2:0.8277, f_score:0.8252
epoch:52, train_loss:1.5084, valid_mse:1.1445, valid_mae:0.7852, test_acc2:0.8204
current mae:0.7611, current corr:0.7569, acc7:0.4496, acc5:0.5212,acc2_non_zero:0.8489, f_score_non_zero:0.8475, acc2:0.8204, f_score:0.8178
epoch:53, train_loss:1.4763, valid_mse:1.1155, valid_mae:0.7751, test_acc2:0.8248
current mae:0.7685, current corr:0.7570, acc7:0.4467, acc5:0.5255,acc2_non_zero:0.8519, f_score_non_zero:0.8503, acc2:0.8248, f_score:0.8221
epoch:54, train_loss:1.4503, valid_mse:1.0683, valid_mae:0.7516, test_acc2:0.8263
current mae:0.7455, current corr:0.7629, acc7:0.4657, acc5:0.5401,acc2_non_zero:0.8534, f_score_non_zero:0.8525, acc2:0.8263, f_score:0.8243
epoch:55, train_loss:1.4347, valid_mse:1.0874, valid_mae:0.7704, test_acc2:0.8175
current mae:0.7627, current corr:0.7512, acc7:0.4482, acc5:0.5153,acc2_non_zero:0.8458, f_score_non_zero:0.8440, acc2:0.8175, f_score:0.8144
epoch:56, train_loss:1.4233, valid_mse:1.0873, valid_mae:0.7583, test_acc2:0.8248
current mae:0.7574, current corr:0.7613, acc7:0.4555, acc5:0.5270,acc2_non_zero:0.8473, f_score_non_zero:0.8464, acc2:0.8248, f_score:0.8231
epoch:57, train_loss:1.4007, valid_mse:1.0236, valid_mae:0.7475, test_acc2:0.8263
current mae:0.7626, current corr:0.7572, acc7:0.4511, acc5:0.5168,acc2_non_zero:0.8489, f_score_non_zero:0.8482, acc2:0.8263, f_score:0.8249
epoch:58, train_loss:1.3978, valid_mse:0.9717, valid_mae:0.7345, test_acc2:0.8175
current mae:0.7528, current corr:0.7633, acc7:0.4642, acc5:0.5299,acc2_non_zero:0.8443, f_score_non_zero:0.8441, acc2:0.8175, f_score:0.8165
Saved best model at epoch 58 by valid_mae=0.7345 -> /data01/lyw/GLoMo/experiments/mosi_only_fusion_valmae_seed2026/best_model.pt
epoch:59, train_loss:1.3831, valid_mse:1.0624, valid_mae:0.7525, test_acc2:0.8321
current mae:0.7519, current corr:0.7597, acc7:0.4715, acc5:0.5401,acc2_non_zero:0.8580, f_score_non_zero:0.8573, acc2:0.8321, f_score:0.8305
epoch:60, train_loss:1.3775, valid_mse:1.0087, valid_mae:0.7390, test_acc2:0.8175
current mae:0.7562, current corr:0.7630, acc7:0.4555, acc5:0.5285,acc2_non_zero:0.8412, f_score_non_zero:0.8408, acc2:0.8175, f_score:0.8163
epoch:61, train_loss:1.3645, valid_mse:0.9691, valid_mae:0.7299, test_acc2:0.8292
current mae:0.7650, current corr:0.7607, acc7:0.4569, acc5:0.5226,acc2_non_zero:0.8458, f_score_non_zero:0.8460, acc2:0.8292, f_score:0.8289
Saved best model at epoch 61 by valid_mae=0.7299 -> /data01/lyw/GLoMo/experiments/mosi_only_fusion_valmae_seed2026/best_model.pt
epoch:62, train_loss:1.3363, valid_mse:0.9801, valid_mae:0.7218, test_acc2:0.8292
current mae:0.7543, current corr:0.7675, acc7:0.4672, acc5:0.5299,acc2_non_zero:0.8473, f_score_non_zero:0.8479, acc2:0.8292, f_score:0.8292
Saved best model at epoch 62 by valid_mae=0.7218 -> /data01/lyw/GLoMo/experiments/mosi_only_fusion_valmae_seed2026/best_model.pt
epoch:63, train_loss:1.3197, valid_mse:0.9984, valid_mae:0.7293, test_acc2:0.8263
current mae:0.7633, current corr:0.7649, acc7:0.4453, acc5:0.5168,acc2_non_zero:0.8412, f_score_non_zero:0.8419, acc2:0.8263, f_score:0.8265
epoch:64, train_loss:1.3080, valid_mse:1.0089, valid_mae:0.7468, test_acc2:0.8292
current mae:0.7387, current corr:0.7677, acc7:0.4628, acc5:0.5270,acc2_non_zero:0.8519, f_score_non_zero:0.8512, acc2:0.8292, f_score:0.8277
epoch:65, train_loss:1.2943, valid_mse:1.0059, valid_mae:0.7473, test_acc2:0.8175
current mae:0.7487, current corr:0.7604, acc7:0.4423, acc5:0.5080,acc2_non_zero:0.8382, f_score_non_zero:0.8378, acc2:0.8175, f_score:0.8165
epoch:66, train_loss:1.2800, valid_mse:0.9887, valid_mae:0.7254, test_acc2:0.8161
current mae:0.7459, current corr:0.7696, acc7:0.4642, acc5:0.5372,acc2_non_zero:0.8321, f_score_non_zero:0.8328, acc2:0.8161, f_score:0.8163
epoch:67, train_loss:1.2697, valid_mse:0.9691, valid_mae:0.7270, test_acc2:0.8234
current mae:0.7495, current corr:0.7656, acc7:0.4745, acc5:0.5401,acc2_non_zero:0.8443, f_score_non_zero:0.8447, acc2:0.8234, f_score:0.8231
epoch:68, train_loss:1.2569, valid_mse:0.9701, valid_mae:0.7284, test_acc2:0.8321
current mae:0.7425, current corr:0.7728, acc7:0.4540, acc5:0.5255,acc2_non_zero:0.8504, f_score_non_zero:0.8509, acc2:0.8321, f_score:0.8321
epoch:69, train_loss:1.2402, valid_mse:0.9681, valid_mae:0.7268, test_acc2:0.8321
current mae:0.7469, current corr:0.7667, acc7:0.4599, acc5:0.5241,acc2_non_zero:0.8534, f_score_non_zero:0.8536, acc2:0.8321, f_score:0.8317
Loading best model from epoch 62 by valid_mae=0.7218 for analysis export.
Analysis files exported to: /data01/lyw/GLoMo/experiments/mosi_only_fusion_valmae_seed2026/analysis
  predictions: /data01/lyw/GLoMo/experiments/mosi_only_fusion_valmae_seed2026/analysis/predictions.csv
  repr: /data01/lyw/GLoMo/experiments/mosi_only_fusion_valmae_seed2026/analysis/repr.npz
  repr meta: /data01/lyw/GLoMo/experiments/mosi_only_fusion_valmae_seed2026/analysis/repr_meta.json
  cases: /data01/lyw/GLoMo/experiments/mosi_only_fusion_valmae_seed2026/analysis/cases.csv
Metrics summary saved to: /data01/lyw/GLoMo/experiments/mosi_only_fusion_valmae_seed2026/metrics.json
Total runtime: 608974.8659133911 ms
