Using device: cuda:0, visible GPUs: 1
GPU name: NVIDIA GeForce RTX 3090
Seed: 2027
Command script saved to: /data01/lyw/GLoMo/experiments/mosei_ours_valmae_seed2027/command.sh
train labels: n=16265 min=-3.000 max=3.000 mean=0.146 std=1.125
dev labels: n=1869 min=-3.000 max=3.000 mean=0.190 std=1.038
test labels: n=4643 min=-3.000 max=3.000 mean=0.141 std=1.108
BERT load: missing=3 unexpected=10
BERT missing keys (first 5): ['linear1.weight', 'linear1.bias', 'proj_l.weight']
BERT unexpected keys (first 5): ['pooler.dense.weight', 'pooler.dense.bias', 'cls.predictions.bias', 'cls.predictions.transform.dense.weight', 'cls.predictions.transform.dense.bias']
conv audio std 0.03880869597196579
conv video std 0.056372132152318954
total parameter for the model:  117281879
epoch:0, train_loss:2.1458, valid_mse:0.5833, valid_mae:0.5716, test_acc2:0.8215
current mae:0.5930, current corr:0.7045, acc7:0.4814, acc5:0.4816,acc2_non_zero:0.8481, f_score_non_zero:0.8472, acc2:0.8215, f_score:0.8250
Saved best model at epoch 0 by valid_mae=0.5716 -> /data01/lyw/GLoMo/experiments/mosei_ours_valmae_seed2027/best_model.pt
epoch:1, train_loss:1.7211, valid_mse:0.5463, valid_mae:0.5503, test_acc2:0.8221
current mae:0.5711, current corr:0.7382, acc7:0.5150, acc5:0.5303,acc2_non_zero:0.8525, f_score_non_zero:0.8519, acc2:0.8221, f_score:0.8261
Saved best model at epoch 1 by valid_mae=0.5503 -> /data01/lyw/GLoMo/experiments/mosei_ours_valmae_seed2027/best_model.pt
epoch:2, train_loss:1.5555, valid_mse:0.5334, valid_mae:0.5513, test_acc2:0.8475
current mae:0.5677, current corr:0.7540, acc7:0.5173, acc5:0.5335,acc2_non_zero:0.8414, f_score_non_zero:0.8347, acc2:0.8475, f_score:0.8427
epoch:3, train_loss:1.4281, valid_mse:0.5337, valid_mae:0.5460, test_acc2:0.8393
current mae:0.5654, current corr:0.7518, acc7:0.5171, acc5:0.5352,acc2_non_zero:0.8547, f_score_non_zero:0.8520, acc2:0.8393, f_score:0.8398
Saved best model at epoch 3 by valid_mae=0.5460 -> /data01/lyw/GLoMo/experiments/mosei_ours_valmae_seed2027/best_model.pt
epoch:4, train_loss:1.3163, valid_mse:0.5181, valid_mae:0.5346, test_acc2:0.8167
current mae:0.5478, current corr:0.7535, acc7:0.5283, acc5:0.5456,acc2_non_zero:0.8552, f_score_non_zero:0.8554, acc2:0.8167, f_score:0.8220
Saved best model at epoch 4 by valid_mae=0.5346 -> /data01/lyw/GLoMo/experiments/mosei_ours_valmae_seed2027/best_model.pt
epoch:5, train_loss:1.2032, valid_mse:0.5302, valid_mae:0.5476, test_acc2:0.8458
current mae:0.5602, current corr:0.7519, acc7:0.5229, acc5:0.5408,acc2_non_zero:0.8500, f_score_non_zero:0.8472, acc2:0.8458, f_score:0.8453
epoch:6, train_loss:1.1049, valid_mse:0.5467, valid_mae:0.5505, test_acc2:0.8036
current mae:0.5656, current corr:0.7460, acc7:0.5195, acc5:0.5376,acc2_non_zero:0.8481, f_score_non_zero:0.8487, acc2:0.8036, f_score:0.8102
epoch:7, train_loss:1.0167, valid_mse:0.5259, valid_mae:0.5428, test_acc2:0.8339
current mae:0.5593, current corr:0.7495, acc7:0.5214, acc5:0.5387,acc2_non_zero:0.8544, f_score_non_zero:0.8531, acc2:0.8339, f_score:0.8362
epoch:8, train_loss:0.9273, valid_mse:0.5549, valid_mae:0.5546, test_acc2:0.8227
current mae:0.5674, current corr:0.7484, acc7:0.5188, acc5:0.5367,acc2_non_zero:0.8486, f_score_non_zero:0.8480, acc2:0.8227, f_score:0.8265
epoch:9, train_loss:0.8437, valid_mse:0.5353, valid_mae:0.5438, test_acc2:0.8115
current mae:0.5551, current corr:0.7495, acc7:0.5229, acc5:0.5402,acc2_non_zero:0.8481, f_score_non_zero:0.8482, acc2:0.8115, f_score:0.8170
epoch:10, train_loss:0.7669, valid_mse:0.5942, valid_mae:0.5859, test_acc2:0.8393
current mae:0.5972, current corr:0.7447, acc7:0.4904, acc5:0.5094,acc2_non_zero:0.8450, f_score_non_zero:0.8425, acc2:0.8393, f_score:0.8395
epoch:11, train_loss:0.7076, valid_mse:0.5850, valid_mae:0.5799, test_acc2:0.8262
current mae:0.5833, current corr:0.7408, acc7:0.4990, acc5:0.5173,acc2_non_zero:0.8489, f_score_non_zero:0.8475, acc2:0.8262, f_score:0.8288
epoch:12, train_loss:0.6432, valid_mse:0.5645, valid_mae:0.5674, test_acc2:0.8255
current mae:0.5731, current corr:0.7446, acc7:0.5042, acc5:0.5227,acc2_non_zero:0.8514, f_score_non_zero:0.8504, acc2:0.8255, f_score:0.8287
epoch:13, train_loss:0.5939, valid_mse:0.5564, valid_mae:0.5545, test_acc2:0.8062
current mae:0.5662, current corr:0.7410, acc7:0.5173, acc5:0.5359,acc2_non_zero:0.8472, f_score_non_zero:0.8467, acc2:0.8062, f_score:0.8113
epoch:14, train_loss:0.5554, valid_mse:0.5557, valid_mae:0.5585, test_acc2:0.7973
current mae:0.5713, current corr:0.7412, acc7:0.5113, acc5:0.5294,acc2_non_zero:0.8464, f_score_non_zero:0.8470, acc2:0.7973, f_score:0.8043
epoch:15, train_loss:0.5198, valid_mse:0.5453, valid_mae:0.5561, test_acc2:0.8128
current mae:0.5684, current corr:0.7383, acc7:0.5094, acc5:0.5272,acc2_non_zero:0.8461, f_score_non_zero:0.8453, acc2:0.8128, f_score:0.8170
epoch:16, train_loss:0.4857, valid_mse:0.5397, valid_mae:0.5500, test_acc2:0.8120
current mae:0.5649, current corr:0.7429, acc7:0.5141, acc5:0.5318,acc2_non_zero:0.8428, f_score_non_zero:0.8429, acc2:0.8120, f_score:0.8171
epoch:17, train_loss:0.4555, valid_mse:0.5601, valid_mae:0.5577, test_acc2:0.7988
current mae:0.5759, current corr:0.7414, acc7:0.5074, acc5:0.5285,acc2_non_zero:0.8384, f_score_non_zero:0.8388, acc2:0.7988, f_score:0.8052
epoch:18, train_loss:0.4419, valid_mse:0.5397, valid_mae:0.5519, test_acc2:0.7984
current mae:0.5708, current corr:0.7400, acc7:0.5059, acc5:0.5242,acc2_non_zero:0.8436, f_score_non_zero:0.8438, acc2:0.7984, f_score:0.8047
epoch:19, train_loss:0.4107, valid_mse:0.5628, valid_mae:0.5598, test_acc2:0.7622
current mae:0.5713, current corr:0.7429, acc7:0.5126, acc5:0.5320,acc2_non_zero:0.8307, f_score_non_zero:0.8330, acc2:0.7622, f_score:0.7729
epoch:20, train_loss:0.3903, valid_mse:0.5160, valid_mae:0.5389, test_acc2:0.7980
current mae:0.5534, current corr:0.7447, acc7:0.5204, acc5:0.5363,acc2_non_zero:0.8442, f_score_non_zero:0.8446, acc2:0.7980, f_score:0.8047
epoch:21, train_loss:0.3656, valid_mse:0.5498, valid_mae:0.5577, test_acc2:0.7741
current mae:0.5724, current corr:0.7446, acc7:0.5068, acc5:0.5270,acc2_non_zero:0.8367, f_score_non_zero:0.8384, acc2:0.7741, f_score:0.7835
epoch:22, train_loss:0.3501, valid_mse:0.5383, valid_mae:0.5493, test_acc2:0.8234
current mae:0.5609, current corr:0.7466, acc7:0.5150, acc5:0.5346,acc2_non_zero:0.8489, f_score_non_zero:0.8478, acc2:0.8234, f_score:0.8265
epoch:23, train_loss:0.3377, valid_mse:0.5390, valid_mae:0.5545, test_acc2:0.7799
current mae:0.5759, current corr:0.7431, acc7:0.5048, acc5:0.5268,acc2_non_zero:0.8392, f_score_non_zero:0.8406, acc2:0.7799, f_score:0.7888
epoch:24, train_loss:0.3183, valid_mse:0.5178, valid_mae:0.5416, test_acc2:0.8100
current mae:0.5524, current corr:0.7460, acc7:0.5260, acc5:0.5423,acc2_non_zero:0.8453, f_score_non_zero:0.8450, acc2:0.8100, f_score:0.8150
epoch:25, train_loss:0.3066, valid_mse:0.5261, valid_mae:0.5415, test_acc2:0.7941
current mae:0.5577, current corr:0.7413, acc7:0.5201, acc5:0.5393,acc2_non_zero:0.8431, f_score_non_zero:0.8439, acc2:0.7941, f_score:0.8014
epoch:26, train_loss:0.2980, valid_mse:0.5305, valid_mae:0.5478, test_acc2:0.8027
current mae:0.5640, current corr:0.7464, acc7:0.5115, acc5:0.5318,acc2_non_zero:0.8442, f_score_non_zero:0.8446, acc2:0.8027, f_score:0.8090
epoch:27, train_loss:0.2826, valid_mse:0.5217, valid_mae:0.5459, test_acc2:0.8436
current mae:0.5632, current corr:0.7496, acc7:0.5038, acc5:0.5244,acc2_non_zero:0.8494, f_score_non_zero:0.8462, acc2:0.8436, f_score:0.8430
epoch:28, train_loss:0.2747, valid_mse:0.5263, valid_mae:0.5448, test_acc2:0.7917
current mae:0.5619, current corr:0.7499, acc7:0.5128, acc5:0.5369,acc2_non_zero:0.8434, f_score_non_zero:0.8439, acc2:0.7917, f_score:0.7990
epoch:29, train_loss:0.2643, valid_mse:0.5229, valid_mae:0.5428, test_acc2:0.7674
current mae:0.5612, current corr:0.7503, acc7:0.5152, acc5:0.5361,acc2_non_zero:0.8293, f_score_non_zero:0.8311, acc2:0.7674, f_score:0.7773
epoch:30, train_loss:0.2619, valid_mse:0.5280, valid_mae:0.5474, test_acc2:0.8120
current mae:0.5621, current corr:0.7529, acc7:0.5165, acc5:0.5374,acc2_non_zero:0.8483, f_score_non_zero:0.8486, acc2:0.8120, f_score:0.8174
epoch:31, train_loss:0.2484, valid_mse:0.5165, valid_mae:0.5429, test_acc2:0.8079
current mae:0.5625, current corr:0.7486, acc7:0.5092, acc5:0.5279,acc2_non_zero:0.8450, f_score_non_zero:0.8453, acc2:0.8079, f_score:0.8136
epoch:32, train_loss:0.2429, valid_mse:0.5447, valid_mae:0.5553, test_acc2:0.8094
current mae:0.5725, current corr:0.7478, acc7:0.5008, acc5:0.5227,acc2_non_zero:0.8481, f_score_non_zero:0.8480, acc2:0.8094, f_score:0.8148
epoch:33, train_loss:0.2389, valid_mse:0.5340, valid_mae:0.5515, test_acc2:0.8225
current mae:0.5736, current corr:0.7521, acc7:0.5036, acc5:0.5249,acc2_non_zero:0.8503, f_score_non_zero:0.8494, acc2:0.8225, f_score:0.8261
epoch:34, train_loss:0.2389, valid_mse:0.5349, valid_mae:0.5499, test_acc2:0.8023
current mae:0.5654, current corr:0.7493, acc7:0.5040, acc5:0.5255,acc2_non_zero:0.8464, f_score_non_zero:0.8467, acc2:0.8023, f_score:0.8085
epoch:35, train_loss:0.2297, valid_mse:0.5041, valid_mae:0.5313, test_acc2:0.8077
current mae:0.5539, current corr:0.7515, acc7:0.5158, acc5:0.5348,acc2_non_zero:0.8492, f_score_non_zero:0.8495, acc2:0.8077, f_score:0.8136
Saved best model at epoch 35 by valid_mae=0.5313 -> /data01/lyw/GLoMo/experiments/mosei_ours_valmae_seed2027/best_model.pt
epoch:36, train_loss:0.2275, valid_mse:0.5460, valid_mae:0.5567, test_acc2:0.8199
current mae:0.5772, current corr:0.7487, acc7:0.5001, acc5:0.5214,acc2_non_zero:0.8470, f_score_non_zero:0.8458, acc2:0.8199, f_score:0.8233
epoch:37, train_loss:0.2203, valid_mse:0.5136, valid_mae:0.5377, test_acc2:0.7624
current mae:0.5576, current corr:0.7480, acc7:0.5219, acc5:0.5384,acc2_non_zero:0.8334, f_score_non_zero:0.8355, acc2:0.7624, f_score:0.7730
epoch:38, train_loss:0.2147, valid_mse:0.5303, valid_mae:0.5447, test_acc2:0.7823
current mae:0.5652, current corr:0.7469, acc7:0.5171, acc5:0.5365,acc2_non_zero:0.8395, f_score_non_zero:0.8411, acc2:0.7823, f_score:0.7911
epoch:39, train_loss:0.2133, valid_mse:0.5534, valid_mae:0.5645, test_acc2:0.8365
current mae:0.5782, current corr:0.7508, acc7:0.4997, acc5:0.5193,acc2_non_zero:0.8500, f_score_non_zero:0.8484, acc2:0.8365, f_score:0.8382
epoch:40, train_loss:0.2114, valid_mse:0.5120, valid_mae:0.5368, test_acc2:0.8178
current mae:0.5586, current corr:0.7495, acc7:0.5160, acc5:0.5344,acc2_non_zero:0.8478, f_score_non_zero:0.8478, acc2:0.8178, f_score:0.8225
epoch:41, train_loss:0.2101, valid_mse:0.5361, valid_mae:0.5540, test_acc2:0.7978
current mae:0.5723, current corr:0.7499, acc7:0.5016, acc5:0.5219,acc2_non_zero:0.8425, f_score_non_zero:0.8429, acc2:0.7978, f_score:0.8043
epoch:42, train_loss:0.1979, valid_mse:0.5032, valid_mae:0.5330, test_acc2:0.8036
current mae:0.5527, current corr:0.7504, acc7:0.5201, acc5:0.5363,acc2_non_zero:0.8464, f_score_non_zero:0.8467, acc2:0.8036, f_score:0.8097
epoch:43, train_loss:0.1914, valid_mse:0.5174, valid_mae:0.5399, test_acc2:0.8109
current mae:0.5582, current corr:0.7502, acc7:0.5210, acc5:0.5389,acc2_non_zero:0.8514, f_score_non_zero:0.8514, acc2:0.8109, f_score:0.8164
epoch:44, train_loss:0.1907, valid_mse:0.5160, valid_mae:0.5425, test_acc2:0.8010
current mae:0.5601, current corr:0.7487, acc7:0.5154, acc5:0.5337,acc2_non_zero:0.8486, f_score_non_zero:0.8489, acc2:0.8010, f_score:0.8075
epoch:45, train_loss:0.1874, valid_mse:0.5205, valid_mae:0.5462, test_acc2:0.8064
current mae:0.5696, current corr:0.7504, acc7:0.5038, acc5:0.5244,acc2_non_zero:0.8500, f_score_non_zero:0.8500, acc2:0.8064, f_score:0.8122
epoch:46, train_loss:0.1852, valid_mse:0.5521, valid_mae:0.5667, test_acc2:0.8049
current mae:0.5845, current corr:0.7469, acc7:0.4906, acc5:0.5124,acc2_non_zero:0.8514, f_score_non_zero:0.8512, acc2:0.8049, f_score:0.8107
epoch:47, train_loss:0.1768, valid_mse:0.5427, valid_mae:0.5537, test_acc2:0.7868
current mae:0.5679, current corr:0.7467, acc7:0.5156, acc5:0.5331,acc2_non_zero:0.8367, f_score_non_zero:0.8380, acc2:0.7868, f_score:0.7949
epoch:48, train_loss:0.1691, valid_mse:0.5383, valid_mae:0.5579, test_acc2:0.7700
current mae:0.5673, current corr:0.7484, acc7:0.5167, acc5:0.5376,acc2_non_zero:0.8323, f_score_non_zero:0.8334, acc2:0.7700, f_score:0.7791
epoch:49, train_loss:0.1706, valid_mse:0.5301, valid_mae:0.5495, test_acc2:0.8064
current mae:0.5699, current corr:0.7525, acc7:0.5079, acc5:0.5283,acc2_non_zero:0.8503, f_score_non_zero:0.8508, acc2:0.8064, f_score:0.8127
epoch:50, train_loss:0.1689, valid_mse:0.5244, valid_mae:0.5471, test_acc2:0.8245
current mae:0.5585, current corr:0.7522, acc7:0.5148, acc5:0.5324,acc2_non_zero:0.8536, f_score_non_zero:0.8534, acc2:0.8245, f_score:0.8287
epoch:51, train_loss:0.1653, valid_mse:0.5112, valid_mae:0.5399, test_acc2:0.8253
current mae:0.5532, current corr:0.7540, acc7:0.5206, acc5:0.5391,acc2_non_zero:0.8492, f_score_non_zero:0.8485, acc2:0.8253, f_score:0.8288
epoch:52, train_loss:0.1589, valid_mse:0.5293, valid_mae:0.5483, test_acc2:0.7960
current mae:0.5654, current corr:0.7501, acc7:0.5083, acc5:0.5277,acc2_non_zero:0.8450, f_score_non_zero:0.8458, acc2:0.7960, f_score:0.8032
epoch:53, train_loss:0.1549, valid_mse:0.5238, valid_mae:0.5442, test_acc2:0.7967
current mae:0.5592, current corr:0.7484, acc7:0.5184, acc5:0.5369,acc2_non_zero:0.8464, f_score_non_zero:0.8474, acc2:0.7967, f_score:0.8041
epoch:54, train_loss:0.1534, valid_mse:0.5257, valid_mae:0.5452, test_acc2:0.8014
current mae:0.5621, current corr:0.7475, acc7:0.5150, acc5:0.5331,acc2_non_zero:0.8475, f_score_non_zero:0.8483, acc2:0.8014, f_score:0.8083
epoch:55, train_loss:0.1525, valid_mse:0.5186, valid_mae:0.5424, test_acc2:0.7960
current mae:0.5660, current corr:0.7481, acc7:0.5094, acc5:0.5288,acc2_non_zero:0.8475, f_score_non_zero:0.8482, acc2:0.7960, f_score:0.8033
epoch:56, train_loss:0.1501, valid_mse:0.5654, valid_mae:0.5613, test_acc2:0.7935
current mae:0.5798, current corr:0.7473, acc7:0.4982, acc5:0.5171,acc2_non_zero:0.8431, f_score_non_zero:0.8439, acc2:0.7935, f_score:0.8009
epoch:57, train_loss:0.1539, valid_mse:0.5271, valid_mae:0.5436, test_acc2:0.8176
current mae:0.5604, current corr:0.7494, acc7:0.5124, acc5:0.5313,acc2_non_zero:0.8500, f_score_non_zero:0.8501, acc2:0.8176, f_score:0.8225
epoch:58, train_loss:0.1406, valid_mse:0.5303, valid_mae:0.5488, test_acc2:0.8296
current mae:0.5634, current corr:0.7542, acc7:0.5154, acc5:0.5350,acc2_non_zero:0.8544, f_score_non_zero:0.8534, acc2:0.8296, f_score:0.8326
epoch:59, train_loss:0.1389, valid_mse:0.5287, valid_mae:0.5472, test_acc2:0.8023
current mae:0.5672, current corr:0.7466, acc7:0.5085, acc5:0.5275,acc2_non_zero:0.8475, f_score_non_zero:0.8479, acc2:0.8023, f_score:0.8087
epoch:60, train_loss:0.1409, valid_mse:0.5169, valid_mae:0.5410, test_acc2:0.7898
current mae:0.5612, current corr:0.7483, acc7:0.5163, acc5:0.5359,acc2_non_zero:0.8453, f_score_non_zero:0.8464, acc2:0.7898, f_score:0.7979
epoch:61, train_loss:0.1350, valid_mse:0.5359, valid_mae:0.5487, test_acc2:0.8072
current mae:0.5682, current corr:0.7497, acc7:0.5096, acc5:0.5300,acc2_non_zero:0.8506, f_score_non_zero:0.8508, acc2:0.8072, f_score:0.8133
epoch:62, train_loss:0.1336, valid_mse:0.5446, valid_mae:0.5517, test_acc2:0.7993
current mae:0.5692, current corr:0.7474, acc7:0.5169, acc5:0.5359,acc2_non_zero:0.8459, f_score_non_zero:0.8467, acc2:0.7993, f_score:0.8063
epoch:63, train_loss:0.1328, valid_mse:0.5160, valid_mae:0.5437, test_acc2:0.7993
current mae:0.5630, current corr:0.7466, acc7:0.5160, acc5:0.5350,acc2_non_zero:0.8448, f_score_non_zero:0.8452, acc2:0.7993, f_score:0.8058
epoch:64, train_loss:0.1261, valid_mse:0.5329, valid_mae:0.5485, test_acc2:0.7993
current mae:0.5693, current corr:0.7470, acc7:0.5113, acc5:0.5305,acc2_non_zero:0.8478, f_score_non_zero:0.8487, acc2:0.7993, f_score:0.8065
epoch:65, train_loss:0.1279, valid_mse:0.5061, valid_mae:0.5348, test_acc2:0.8034
current mae:0.5553, current corr:0.7508, acc7:0.5208, acc5:0.5382,acc2_non_zero:0.8500, f_score_non_zero:0.8504, acc2:0.8034, f_score:0.8098
epoch:66, train_loss:0.1243, valid_mse:0.5149, valid_mae:0.5422, test_acc2:0.8055
current mae:0.5567, current corr:0.7517, acc7:0.5206, acc5:0.5384,acc2_non_zero:0.8497, f_score_non_zero:0.8501, acc2:0.8055, f_score:0.8117
epoch:67, train_loss:0.1226, valid_mse:0.5200, valid_mae:0.5456, test_acc2:0.8163
current mae:0.5684, current corr:0.7487, acc7:0.5076, acc5:0.5268,acc2_non_zero:0.8519, f_score_non_zero:0.8518, acc2:0.8163, f_score:0.8212
epoch:68, train_loss:0.1188, valid_mse:0.5149, valid_mae:0.5445, test_acc2:0.8305
current mae:0.5563, current corr:0.7536, acc7:0.5247, acc5:0.5428,acc2_non_zero:0.8522, f_score_non_zero:0.8509, acc2:0.8305, f_score:0.8330
epoch:69, train_loss:0.1165, valid_mse:0.5248, valid_mae:0.5460, test_acc2:0.8001
current mae:0.5687, current corr:0.7466, acc7:0.5087, acc5:0.5275,acc2_non_zero:0.8500, f_score_non_zero:0.8504, acc2:0.8001, f_score:0.8069
epoch:70, train_loss:0.1190, valid_mse:0.5289, valid_mae:0.5471, test_acc2:0.7991
current mae:0.5590, current corr:0.7477, acc7:0.5210, acc5:0.5380,acc2_non_zero:0.8448, f_score_non_zero:0.8454, acc2:0.7991, f_score:0.8059
epoch:71, train_loss:0.1179, valid_mse:0.5206, valid_mae:0.5443, test_acc2:0.8036
current mae:0.5617, current corr:0.7466, acc7:0.5204, acc5:0.5400,acc2_non_zero:0.8489, f_score_non_zero:0.8493, acc2:0.8036, f_score:0.8099
epoch:72, train_loss:0.1127, valid_mse:0.5192, valid_mae:0.5392, test_acc2:0.7728
current mae:0.5592, current corr:0.7469, acc7:0.5255, acc5:0.5447,acc2_non_zero:0.8370, f_score_non_zero:0.8386, acc2:0.7728, f_score:0.7823
epoch:73, train_loss:0.1105, valid_mse:0.5295, valid_mae:0.5483, test_acc2:0.7805
current mae:0.5674, current corr:0.7498, acc7:0.5122, acc5:0.5303,acc2_non_zero:0.8395, f_score_non_zero:0.8409, acc2:0.7805, f_score:0.7893
epoch:74, train_loss:0.1063, valid_mse:0.5496, valid_mae:0.5562, test_acc2:0.7988
current mae:0.5755, current corr:0.7433, acc7:0.5102, acc5:0.5300,acc2_non_zero:0.8434, f_score_non_zero:0.8441, acc2:0.7988, f_score:0.8057
epoch:75, train_loss:0.1069, valid_mse:0.5315, valid_mae:0.5489, test_acc2:0.8036
current mae:0.5721, current corr:0.7438, acc7:0.5023, acc5:0.5234,acc2_non_zero:0.8436, f_score_non_zero:0.8443, acc2:0.8036, f_score:0.8100
epoch:76, train_loss:0.1052, valid_mse:0.5125, valid_mae:0.5351, test_acc2:0.8036
current mae:0.5599, current corr:0.7493, acc7:0.5221, acc5:0.5397,acc2_non_zero:0.8478, f_score_non_zero:0.8484, acc2:0.8036, f_score:0.8101
epoch:77, train_loss:0.1033, valid_mse:0.5352, valid_mae:0.5466, test_acc2:0.8036
current mae:0.5666, current corr:0.7471, acc7:0.5141, acc5:0.5348,acc2_non_zero:0.8434, f_score_non_zero:0.8436, acc2:0.8036, f_score:0.8096
epoch:78, train_loss:0.1050, valid_mse:0.5390, valid_mae:0.5534, test_acc2:0.7937
current mae:0.5781, current corr:0.7438, acc7:0.4995, acc5:0.5197,acc2_non_zero:0.8450, f_score_non_zero:0.8459, acc2:0.7937, f_score:0.8012
epoch:79, train_loss:0.0981, valid_mse:0.5314, valid_mae:0.5468, test_acc2:0.8012
current mae:0.5617, current corr:0.7481, acc7:0.5216, acc5:0.5406,acc2_non_zero:0.8456, f_score_non_zero:0.8459, acc2:0.8012, f_score:0.8075
epoch:80, train_loss:0.0891, valid_mse:0.5232, valid_mae:0.5447, test_acc2:0.8090
current mae:0.5610, current corr:0.7488, acc7:0.5206, acc5:0.5393,acc2_non_zero:0.8486, f_score_non_zero:0.8490, acc2:0.8090, f_score:0.8149
epoch:81, train_loss:0.0830, valid_mse:0.5194, valid_mae:0.5426, test_acc2:0.7991
current mae:0.5612, current corr:0.7493, acc7:0.5176, acc5:0.5363,acc2_non_zero:0.8459, f_score_non_zero:0.8465, acc2:0.7991, f_score:0.8060
epoch:82, train_loss:0.0801, valid_mse:0.5256, valid_mae:0.5451, test_acc2:0.8034
current mae:0.5583, current corr:0.7501, acc7:0.5206, acc5:0.5395,acc2_non_zero:0.8467, f_score_non_zero:0.8471, acc2:0.8034, f_score:0.8097
epoch:83, train_loss:0.0791, valid_mse:0.5177, valid_mae:0.5422, test_acc2:0.8016
current mae:0.5551, current corr:0.7499, acc7:0.5285, acc5:0.5468,acc2_non_zero:0.8459, f_score_non_zero:0.8463, acc2:0.8016, f_score:0.8081
epoch:84, train_loss:0.0785, valid_mse:0.5258, valid_mae:0.5447, test_acc2:0.7997
current mae:0.5597, current corr:0.7495, acc7:0.5169, acc5:0.5359,acc2_non_zero:0.8459, f_score_non_zero:0.8464, acc2:0.7997, f_score:0.8064
epoch:85, train_loss:0.0772, valid_mse:0.5154, valid_mae:0.5400, test_acc2:0.8083
current mae:0.5577, current corr:0.7498, acc7:0.5206, acc5:0.5391,acc2_non_zero:0.8478, f_score_non_zero:0.8481, acc2:0.8083, f_score:0.8141
epoch:86, train_loss:0.0766, valid_mse:0.5179, valid_mae:0.5436, test_acc2:0.8118
current mae:0.5577, current corr:0.7503, acc7:0.5219, acc5:0.5402,acc2_non_zero:0.8514, f_score_non_zero:0.8514, acc2:0.8118, f_score:0.8172
epoch:87, train_loss:0.0770, valid_mse:0.5277, valid_mae:0.5460, test_acc2:0.8077
current mae:0.5592, current corr:0.7503, acc7:0.5236, acc5:0.5417,acc2_non_zero:0.8489, f_score_non_zero:0.8494, acc2:0.8077, f_score:0.8138
epoch:88, train_loss:0.0752, valid_mse:0.5194, valid_mae:0.5419, test_acc2:0.7995
current mae:0.5590, current corr:0.7497, acc7:0.5221, acc5:0.5397,acc2_non_zero:0.8461, f_score_non_zero:0.8469, acc2:0.7995, f_score:0.8064
epoch:89, train_loss:0.0739, valid_mse:0.5163, valid_mae:0.5407, test_acc2:0.8047
current mae:0.5592, current corr:0.7491, acc7:0.5199, acc5:0.5384,acc2_non_zero:0.8464, f_score_non_zero:0.8468, acc2:0.8047, f_score:0.8108
epoch:90, train_loss:0.0729, valid_mse:0.5236, valid_mae:0.5458, test_acc2:0.8079
current mae:0.5592, current corr:0.7503, acc7:0.5191, acc5:0.5384,acc2_non_zero:0.8461, f_score_non_zero:0.8464, acc2:0.8079, f_score:0.8137
epoch:91, train_loss:0.0730, valid_mse:0.5251, valid_mae:0.5449, test_acc2:0.8068
current mae:0.5577, current corr:0.7505, acc7:0.5210, acc5:0.5393,acc2_non_zero:0.8467, f_score_non_zero:0.8470, acc2:0.8068, f_score:0.8128
epoch:92, train_loss:0.0725, valid_mse:0.5259, valid_mae:0.5468, test_acc2:0.8044
current mae:0.5585, current corr:0.7498, acc7:0.5191, acc5:0.5374,acc2_non_zero:0.8456, f_score_non_zero:0.8462, acc2:0.8044, f_score:0.8108
epoch:93, train_loss:0.0724, valid_mse:0.5216, valid_mae:0.5433, test_acc2:0.8055
current mae:0.5593, current corr:0.7500, acc7:0.5193, acc5:0.5380,acc2_non_zero:0.8467, f_score_non_zero:0.8472, acc2:0.8055, f_score:0.8118
epoch:94, train_loss:0.0714, valid_mse:0.5164, valid_mae:0.5406, test_acc2:0.8049
current mae:0.5568, current corr:0.7508, acc7:0.5232, acc5:0.5421,acc2_non_zero:0.8472, f_score_non_zero:0.8476, acc2:0.8049, f_score:0.8110
epoch:95, train_loss:0.0704, valid_mse:0.5206, valid_mae:0.5428, test_acc2:0.8092
current mae:0.5573, current corr:0.7508, acc7:0.5236, acc5:0.5425,acc2_non_zero:0.8486, f_score_non_zero:0.8488, acc2:0.8092, f_score:0.8149
epoch:96, train_loss:0.0712, valid_mse:0.5193, valid_mae:0.5440, test_acc2:0.8068
current mae:0.5575, current corr:0.7498, acc7:0.5225, acc5:0.5410,acc2_non_zero:0.8478, f_score_non_zero:0.8481, acc2:0.8068, f_score:0.8128
epoch:97, train_loss:0.0709, valid_mse:0.5194, valid_mae:0.5425, test_acc2:0.8025
current mae:0.5578, current corr:0.7513, acc7:0.5201, acc5:0.5384,acc2_non_zero:0.8478, f_score_non_zero:0.8485, acc2:0.8025, f_score:0.8092
epoch:98, train_loss:0.0701, valid_mse:0.5182, valid_mae:0.5413, test_acc2:0.8025
current mae:0.5595, current corr:0.7500, acc7:0.5188, acc5:0.5378,acc2_non_zero:0.8464, f_score_non_zero:0.8471, acc2:0.8025, f_score:0.8091
epoch:99, train_loss:0.0696, valid_mse:0.5242, valid_mae:0.5451, test_acc2:0.8047
current mae:0.5606, current corr:0.7504, acc7:0.5180, acc5:0.5369,acc2_non_zero:0.8483, f_score_non_zero:0.8487, acc2:0.8047, f_score:0.8109
Loading best model from epoch 35 by valid_mae=0.5313 for analysis export.
Analysis files exported to: /data01/lyw/GLoMo/experiments/mosei_ours_valmae_seed2027/analysis
  predictions: /data01/lyw/GLoMo/experiments/mosei_ours_valmae_seed2027/analysis/predictions.csv
  repr: /data01/lyw/GLoMo/experiments/mosei_ours_valmae_seed2027/analysis/repr.npz
  repr meta: /data01/lyw/GLoMo/experiments/mosei_ours_valmae_seed2027/analysis/repr_meta.json
  cases: /data01/lyw/GLoMo/experiments/mosei_ours_valmae_seed2027/analysis/cases.csv
Metrics summary saved to: /data01/lyw/GLoMo/experiments/mosei_ours_valmae_seed2027/metrics.json
Total runtime: 8038537.136793137 ms
