Using device: cuda:0, visible GPUs: 2
GPU name: NVIDIA GeForce RTX 3090
Seed: 2026
Command script saved to: /data01/lyw/GLoMo/experiments/mosei_only_fusion_valmae_seed2026/command.sh
train labels: n=16265 min=-3.000 max=3.000 mean=0.146 std=1.125
dev labels: n=1869 min=-3.000 max=3.000 mean=0.190 std=1.038
test labels: n=4643 min=-3.000 max=3.000 mean=0.141 std=1.108
BERT load: missing=3 unexpected=10
BERT missing keys (first 5): ['linear1.weight', 'linear1.bias', 'proj_l.weight']
BERT unexpected keys (first 5): ['pooler.dense.weight', 'pooler.dense.bias', 'cls.predictions.bias', 'cls.predictions.transform.dense.weight', 'cls.predictions.transform.dense.bias']
conv audio std 0.038661468774080276
conv video std 0.056396063417196274
total parameter for the model:  117281870
epoch:0, train_loss:2.1444, valid_mse:0.5877, valid_mae:0.5737, test_acc2:0.7932
current mae:0.5971, current corr:0.7002, acc7:0.4773, acc5:0.4773,acc2_non_zero:0.8478, f_score_non_zero:0.8490, acc2:0.7932, f_score:0.8012
Saved best model at epoch 0 by valid_mae=0.5737 -> /data01/lyw/GLoMo/experiments/mosei_only_fusion_valmae_seed2026/best_model.pt
epoch:1, train_loss:1.7187, valid_mse:0.5434, valid_mae:0.5524, test_acc2:0.8346
current mae:0.5736, current corr:0.7386, acc7:0.5158, acc5:0.5303,acc2_non_zero:0.8539, f_score_non_zero:0.8524, acc2:0.8346, f_score:0.8366
Saved best model at epoch 1 by valid_mae=0.5524 -> /data01/lyw/GLoMo/experiments/mosei_only_fusion_valmae_seed2026/best_model.pt
epoch:2, train_loss:1.5468, valid_mse:0.5298, valid_mae:0.5390, test_acc2:0.8348
current mae:0.5505, current corr:0.7498, acc7:0.5354, acc5:0.5531,acc2_non_zero:0.8539, f_score_non_zero:0.8523, acc2:0.8348, f_score:0.8368
Saved best model at epoch 2 by valid_mae=0.5390 -> /data01/lyw/GLoMo/experiments/mosei_only_fusion_valmae_seed2026/best_model.pt
epoch:3, train_loss:1.4157, valid_mse:0.5247, valid_mae:0.5408, test_acc2:0.8430
current mae:0.5572, current corr:0.7495, acc7:0.5251, acc5:0.5436,acc2_non_zero:0.8536, f_score_non_zero:0.8514, acc2:0.8430, f_score:0.8435
epoch:4, train_loss:1.2987, valid_mse:0.5337, valid_mae:0.5421, test_acc2:0.8327
current mae:0.5551, current corr:0.7487, acc7:0.5303, acc5:0.5496,acc2_non_zero:0.8536, f_score_non_zero:0.8527, acc2:0.8327, f_score:0.8355
epoch:5, train_loss:1.1952, valid_mse:0.5239, valid_mae:0.5382, test_acc2:0.8258
current mae:0.5519, current corr:0.7494, acc7:0.5260, acc5:0.5443,acc2_non_zero:0.8511, f_score_non_zero:0.8503, acc2:0.8258, f_score:0.8292
Saved best model at epoch 5 by valid_mae=0.5382 -> /data01/lyw/GLoMo/experiments/mosei_only_fusion_valmae_seed2026/best_model.pt
epoch:6, train_loss:1.0917, valid_mse:0.5449, valid_mae:0.5459, test_acc2:0.8307
current mae:0.5626, current corr:0.7462, acc7:0.5139, acc5:0.5324,acc2_non_zero:0.8530, f_score_non_zero:0.8524, acc2:0.8307, f_score:0.8339
epoch:7, train_loss:1.0063, valid_mse:0.6248, valid_mae:0.5968, test_acc2:0.8462
current mae:0.6058, current corr:0.7416, acc7:0.4934, acc5:0.5122,acc2_non_zero:0.8362, f_score_non_zero:0.8289, acc2:0.8462, f_score:0.8408
epoch:8, train_loss:0.9084, valid_mse:0.5509, valid_mae:0.5519, test_acc2:0.8105
current mae:0.5620, current corr:0.7413, acc7:0.5154, acc5:0.5333,acc2_non_zero:0.8434, f_score_non_zero:0.8442, acc2:0.8105, f_score:0.8165
epoch:9, train_loss:0.8320, valid_mse:0.5562, valid_mae:0.5569, test_acc2:0.8307
current mae:0.5642, current corr:0.7478, acc7:0.5143, acc5:0.5324,acc2_non_zero:0.8530, f_score_non_zero:0.8524, acc2:0.8307, f_score:0.8339
epoch:10, train_loss:0.7574, valid_mse:0.5576, valid_mae:0.5507, test_acc2:0.8187
current mae:0.5576, current corr:0.7418, acc7:0.5199, acc5:0.5378,acc2_non_zero:0.8500, f_score_non_zero:0.8503, acc2:0.8187, f_score:0.8237
epoch:11, train_loss:0.6850, valid_mse:0.5582, valid_mae:0.5619, test_acc2:0.8430
current mae:0.5699, current corr:0.7411, acc7:0.5126, acc5:0.5300,acc2_non_zero:0.8497, f_score_non_zero:0.8464, acc2:0.8430, f_score:0.8422
epoch:12, train_loss:0.6282, valid_mse:0.5824, valid_mae:0.5698, test_acc2:0.8299
current mae:0.5813, current corr:0.7387, acc7:0.5033, acc5:0.5221,acc2_non_zero:0.8517, f_score_non_zero:0.8504, acc2:0.8299, f_score:0.8324
epoch:13, train_loss:0.5903, valid_mse:0.5442, valid_mae:0.5509, test_acc2:0.8333
current mae:0.5582, current corr:0.7453, acc7:0.5204, acc5:0.5378,acc2_non_zero:0.8517, f_score_non_zero:0.8501, acc2:0.8333, f_score:0.8353
epoch:14, train_loss:0.5517, valid_mse:0.5433, valid_mae:0.5502, test_acc2:0.8389
current mae:0.5604, current corr:0.7460, acc7:0.5184, acc5:0.5356,acc2_non_zero:0.8494, f_score_non_zero:0.8475, acc2:0.8389, f_score:0.8399
epoch:15, train_loss:0.5114, valid_mse:0.5664, valid_mae:0.5612, test_acc2:0.8329
current mae:0.5721, current corr:0.7426, acc7:0.5120, acc5:0.5303,acc2_non_zero:0.8511, f_score_non_zero:0.8500, acc2:0.8329, f_score:0.8353
epoch:16, train_loss:0.4742, valid_mse:0.5500, valid_mae:0.5491, test_acc2:0.8143
current mae:0.5623, current corr:0.7405, acc7:0.5158, acc5:0.5326,acc2_non_zero:0.8478, f_score_non_zero:0.8477, acc2:0.8143, f_score:0.8193
epoch:17, train_loss:0.4455, valid_mse:0.5451, valid_mae:0.5489, test_acc2:0.8253
current mae:0.5573, current corr:0.7423, acc7:0.5210, acc5:0.5378,acc2_non_zero:0.8525, f_score_non_zero:0.8522, acc2:0.8253, f_score:0.8293
epoch:18, train_loss:0.4151, valid_mse:0.5513, valid_mae:0.5666, test_acc2:0.8451
current mae:0.5804, current corr:0.7459, acc7:0.5005, acc5:0.5201,acc2_non_zero:0.8492, f_score_non_zero:0.8461, acc2:0.8451, f_score:0.8445
epoch:19, train_loss:0.4019, valid_mse:0.5620, valid_mae:0.5605, test_acc2:0.8370
current mae:0.5731, current corr:0.7416, acc7:0.5072, acc5:0.5279,acc2_non_zero:0.8539, f_score_non_zero:0.8523, acc2:0.8370, f_score:0.8387
epoch:20, train_loss:0.3794, valid_mse:0.5403, valid_mae:0.5534, test_acc2:0.8387
current mae:0.5601, current corr:0.7477, acc7:0.5122, acc5:0.5290,acc2_non_zero:0.8555, f_score_non_zero:0.8542, acc2:0.8387, f_score:0.8406
epoch:21, train_loss:0.3553, valid_mse:0.5459, valid_mae:0.5532, test_acc2:0.8451
current mae:0.5637, current corr:0.7480, acc7:0.5102, acc5:0.5313,acc2_non_zero:0.8577, f_score_non_zero:0.8556, acc2:0.8451, f_score:0.8459
epoch:22, train_loss:0.3426, valid_mse:0.5342, valid_mae:0.5494, test_acc2:0.8258
current mae:0.5649, current corr:0.7480, acc7:0.5066, acc5:0.5279,acc2_non_zero:0.8572, f_score_non_zero:0.8567, acc2:0.8258, f_score:0.8298
epoch:23, train_loss:0.3258, valid_mse:0.5430, valid_mae:0.5533, test_acc2:0.8176
current mae:0.5622, current corr:0.7422, acc7:0.5154, acc5:0.5331,acc2_non_zero:0.8492, f_score_non_zero:0.8491, acc2:0.8176, f_score:0.8224
epoch:24, train_loss:0.3095, valid_mse:0.5348, valid_mae:0.5422, test_acc2:0.8066
current mae:0.5552, current corr:0.7488, acc7:0.5180, acc5:0.5367,acc2_non_zero:0.8470, f_score_non_zero:0.8475, acc2:0.8066, f_score:0.8128
epoch:25, train_loss:0.2947, valid_mse:0.5486, valid_mae:0.5575, test_acc2:0.8432
current mae:0.5692, current corr:0.7460, acc7:0.5053, acc5:0.5270,acc2_non_zero:0.8539, f_score_non_zero:0.8518, acc2:0.8432, f_score:0.8440
epoch:26, train_loss:0.2857, valid_mse:0.5437, valid_mae:0.5510, test_acc2:0.8075
current mae:0.5634, current corr:0.7462, acc7:0.5156, acc5:0.5365,acc2_non_zero:0.8478, f_score_non_zero:0.8484, acc2:0.8075, f_score:0.8137
epoch:27, train_loss:0.2828, valid_mse:0.5305, valid_mae:0.5452, test_acc2:0.8169
current mae:0.5553, current corr:0.7482, acc7:0.5214, acc5:0.5408,acc2_non_zero:0.8525, f_score_non_zero:0.8519, acc2:0.8169, f_score:0.8213
epoch:28, train_loss:0.2668, valid_mse:0.5183, valid_mae:0.5370, test_acc2:0.8281
current mae:0.5537, current corr:0.7502, acc7:0.5188, acc5:0.5378,acc2_non_zero:0.8511, f_score_non_zero:0.8498, acc2:0.8281, f_score:0.8308
Saved best model at epoch 28 by valid_mae=0.5370 -> /data01/lyw/GLoMo/experiments/mosei_only_fusion_valmae_seed2026/best_model.pt
epoch:29, train_loss:0.2566, valid_mse:0.5206, valid_mae:0.5394, test_acc2:0.8085
current mae:0.5528, current corr:0.7467, acc7:0.5234, acc5:0.5406,acc2_non_zero:0.8472, f_score_non_zero:0.8479, acc2:0.8085, f_score:0.8147
epoch:30, train_loss:0.2542, valid_mse:0.5378, valid_mae:0.5471, test_acc2:0.8040
current mae:0.5560, current corr:0.7480, acc7:0.5184, acc5:0.5367,acc2_non_zero:0.8489, f_score_non_zero:0.8496, acc2:0.8040, f_score:0.8107
epoch:31, train_loss:0.2414, valid_mse:0.5341, valid_mae:0.5441, test_acc2:0.8171
current mae:0.5530, current corr:0.7477, acc7:0.5197, acc5:0.5382,acc2_non_zero:0.8530, f_score_non_zero:0.8531, acc2:0.8171, f_score:0.8222
epoch:32, train_loss:0.2395, valid_mse:0.5320, valid_mae:0.5512, test_acc2:0.8294
current mae:0.5645, current corr:0.7496, acc7:0.5126, acc5:0.5311,acc2_non_zero:0.8552, f_score_non_zero:0.8545, acc2:0.8294, f_score:0.8327
epoch:33, train_loss:0.2326, valid_mse:0.5506, valid_mae:0.5566, test_acc2:0.8066
current mae:0.5706, current corr:0.7474, acc7:0.5113, acc5:0.5350,acc2_non_zero:0.8550, f_score_non_zero:0.8556, acc2:0.8066, f_score:0.8132
epoch:34, train_loss:0.2347, valid_mse:0.5266, valid_mae:0.5435, test_acc2:0.8391
current mae:0.5552, current corr:0.7535, acc7:0.5193, acc5:0.5376,acc2_non_zero:0.8530, f_score_non_zero:0.8514, acc2:0.8391, f_score:0.8406
epoch:35, train_loss:0.2216, valid_mse:0.5181, valid_mae:0.5348, test_acc2:0.8139
current mae:0.5505, current corr:0.7523, acc7:0.5247, acc5:0.5434,acc2_non_zero:0.8514, f_score_non_zero:0.8516, acc2:0.8139, f_score:0.8194
Saved best model at epoch 35 by valid_mae=0.5348 -> /data01/lyw/GLoMo/experiments/mosei_only_fusion_valmae_seed2026/best_model.pt
epoch:36, train_loss:0.2183, valid_mse:0.5252, valid_mae:0.5442, test_acc2:0.8253
current mae:0.5542, current corr:0.7544, acc7:0.5199, acc5:0.5395,acc2_non_zero:0.8555, f_score_non_zero:0.8553, acc2:0.8253, f_score:0.8296
epoch:37, train_loss:0.2142, valid_mse:0.5286, valid_mae:0.5412, test_acc2:0.8143
current mae:0.5592, current corr:0.7506, acc7:0.5186, acc5:0.5393,acc2_non_zero:0.8514, f_score_non_zero:0.8517, acc2:0.8143, f_score:0.8199
epoch:38, train_loss:0.2053, valid_mse:0.5430, valid_mae:0.5539, test_acc2:0.8215
current mae:0.5701, current corr:0.7533, acc7:0.5064, acc5:0.5288,acc2_non_zero:0.8550, f_score_non_zero:0.8543, acc2:0.8215, f_score:0.8255
epoch:39, train_loss:0.2066, valid_mse:0.5437, valid_mae:0.5509, test_acc2:0.8077
current mae:0.5688, current corr:0.7507, acc7:0.5104, acc5:0.5328,acc2_non_zero:0.8500, f_score_non_zero:0.8499, acc2:0.8077, f_score:0.8132
epoch:40, train_loss:0.1997, valid_mse:0.5167, valid_mae:0.5408, test_acc2:0.8090
current mae:0.5559, current corr:0.7482, acc7:0.5214, acc5:0.5387,acc2_non_zero:0.8494, f_score_non_zero:0.8497, acc2:0.8090, f_score:0.8148
epoch:41, train_loss:0.1960, valid_mse:0.5469, valid_mae:0.5538, test_acc2:0.8001
current mae:0.5701, current corr:0.7497, acc7:0.5100, acc5:0.5318,acc2_non_zero:0.8453, f_score_non_zero:0.8462, acc2:0.8001, f_score:0.8071
epoch:42, train_loss:0.1931, valid_mse:0.5280, valid_mae:0.5471, test_acc2:0.8296
current mae:0.5570, current corr:0.7550, acc7:0.5206, acc5:0.5408,acc2_non_zero:0.8541, f_score_non_zero:0.8531, acc2:0.8296, f_score:0.8325
epoch:43, train_loss:0.1878, valid_mse:0.5283, valid_mae:0.5448, test_acc2:0.7988
current mae:0.5616, current corr:0.7513, acc7:0.5178, acc5:0.5391,acc2_non_zero:0.8453, f_score_non_zero:0.8462, acc2:0.7988, f_score:0.8060
epoch:44, train_loss:0.1807, valid_mse:0.5431, valid_mae:0.5571, test_acc2:0.8090
current mae:0.5671, current corr:0.7503, acc7:0.5141, acc5:0.5331,acc2_non_zero:0.8492, f_score_non_zero:0.8494, acc2:0.8090, f_score:0.8147
epoch:45, train_loss:0.1776, valid_mse:0.5460, valid_mae:0.5585, test_acc2:0.8279
current mae:0.5657, current corr:0.7536, acc7:0.5188, acc5:0.5400,acc2_non_zero:0.8503, f_score_non_zero:0.8494, acc2:0.8279, f_score:0.8310
epoch:46, train_loss:0.1756, valid_mse:0.5478, valid_mae:0.5576, test_acc2:0.8064
current mae:0.5697, current corr:0.7506, acc7:0.5132, acc5:0.5337,acc2_non_zero:0.8483, f_score_non_zero:0.8490, acc2:0.8064, f_score:0.8128
epoch:47, train_loss:0.1686, valid_mse:0.5264, valid_mae:0.5447, test_acc2:0.8199
current mae:0.5584, current corr:0.7523, acc7:0.5208, acc5:0.5391,acc2_non_zero:0.8530, f_score_non_zero:0.8523, acc2:0.8199, f_score:0.8239
epoch:48, train_loss:0.1709, valid_mse:0.5152, valid_mae:0.5395, test_acc2:0.8258
current mae:0.5500, current corr:0.7546, acc7:0.5281, acc5:0.5458,acc2_non_zero:0.8541, f_score_non_zero:0.8536, acc2:0.8258, f_score:0.8295
epoch:49, train_loss:0.1633, valid_mse:0.5321, valid_mae:0.5473, test_acc2:0.8034
current mae:0.5602, current corr:0.7507, acc7:0.5204, acc5:0.5419,acc2_non_zero:0.8472, f_score_non_zero:0.8481, acc2:0.8034, f_score:0.8102
epoch:50, train_loss:0.1564, valid_mse:0.5394, valid_mae:0.5514, test_acc2:0.8036
current mae:0.5585, current corr:0.7499, acc7:0.5255, acc5:0.5451,acc2_non_zero:0.8436, f_score_non_zero:0.8446, acc2:0.8036, f_score:0.8104
epoch:51, train_loss:0.1546, valid_mse:0.5310, valid_mae:0.5464, test_acc2:0.8062
current mae:0.5568, current corr:0.7552, acc7:0.5221, acc5:0.5432,acc2_non_zero:0.8500, f_score_non_zero:0.8508, acc2:0.8062, f_score:0.8128
epoch:52, train_loss:0.1525, valid_mse:0.5420, valid_mae:0.5480, test_acc2:0.8191
current mae:0.5553, current corr:0.7514, acc7:0.5255, acc5:0.5449,acc2_non_zero:0.8508, f_score_non_zero:0.8511, acc2:0.8191, f_score:0.8242
epoch:53, train_loss:0.1517, valid_mse:0.5382, valid_mae:0.5468, test_acc2:0.8090
current mae:0.5634, current corr:0.7511, acc7:0.5122, acc5:0.5313,acc2_non_zero:0.8461, f_score_non_zero:0.8468, acc2:0.8090, f_score:0.8150
epoch:54, train_loss:0.1547, valid_mse:0.5291, valid_mae:0.5453, test_acc2:0.8023
current mae:0.5584, current corr:0.7534, acc7:0.5199, acc5:0.5376,acc2_non_zero:0.8500, f_score_non_zero:0.8502, acc2:0.8023, f_score:0.8086
epoch:55, train_loss:0.1446, valid_mse:0.5411, valid_mae:0.5517, test_acc2:0.8208
current mae:0.5650, current corr:0.7535, acc7:0.5201, acc5:0.5400,acc2_non_zero:0.8566, f_score_non_zero:0.8565, acc2:0.8208, f_score:0.8255
epoch:56, train_loss:0.1436, valid_mse:0.5255, valid_mae:0.5416, test_acc2:0.8068
current mae:0.5576, current corr:0.7524, acc7:0.5279, acc5:0.5445,acc2_non_zero:0.8506, f_score_non_zero:0.8512, acc2:0.8068, f_score:0.8132
epoch:57, train_loss:0.1383, valid_mse:0.5330, valid_mae:0.5439, test_acc2:0.7958
current mae:0.5587, current corr:0.7494, acc7:0.5229, acc5:0.5425,acc2_non_zero:0.8459, f_score_non_zero:0.8470, acc2:0.7958, f_score:0.8034
epoch:58, train_loss:0.1407, valid_mse:0.5236, valid_mae:0.5380, test_acc2:0.7801
current mae:0.5565, current corr:0.7490, acc7:0.5249, acc5:0.5415,acc2_non_zero:0.8406, f_score_non_zero:0.8419, acc2:0.7801, f_score:0.7889
epoch:59, train_loss:0.1376, valid_mse:0.5297, valid_mae:0.5442, test_acc2:0.8113
current mae:0.5644, current corr:0.7510, acc7:0.5204, acc5:0.5415,acc2_non_zero:0.8508, f_score_non_zero:0.8512, acc2:0.8113, f_score:0.8172
epoch:60, train_loss:0.1327, valid_mse:0.5363, valid_mae:0.5444, test_acc2:0.8044
current mae:0.5640, current corr:0.7480, acc7:0.5219, acc5:0.5421,acc2_non_zero:0.8461, f_score_non_zero:0.8468, acc2:0.8044, f_score:0.8110
epoch:61, train_loss:0.1313, valid_mse:0.5375, valid_mae:0.5420, test_acc2:0.8154
current mae:0.5580, current corr:0.7490, acc7:0.5251, acc5:0.5445,acc2_non_zero:0.8517, f_score_non_zero:0.8518, acc2:0.8154, f_score:0.8207
epoch:62, train_loss:0.1246, valid_mse:0.5646, valid_mae:0.5607, test_acc2:0.7801
current mae:0.5721, current corr:0.7455, acc7:0.5117, acc5:0.5313,acc2_non_zero:0.8381, f_score_non_zero:0.8399, acc2:0.7801, f_score:0.7893
epoch:63, train_loss:0.1270, valid_mse:0.5343, valid_mae:0.5490, test_acc2:0.8275
current mae:0.5630, current corr:0.7522, acc7:0.5219, acc5:0.5397,acc2_non_zero:0.8580, f_score_non_zero:0.8573, acc2:0.8275, f_score:0.8311
epoch:64, train_loss:0.1226, valid_mse:0.5366, valid_mae:0.5428, test_acc2:0.8122
current mae:0.5569, current corr:0.7502, acc7:0.5221, acc5:0.5417,acc2_non_zero:0.8522, f_score_non_zero:0.8525, acc2:0.8122, f_score:0.8179
epoch:65, train_loss:0.1178, valid_mse:0.5440, valid_mae:0.5491, test_acc2:0.8115
current mae:0.5600, current corr:0.7523, acc7:0.5204, acc5:0.5397,acc2_non_zero:0.8530, f_score_non_zero:0.8537, acc2:0.8115, f_score:0.8177
epoch:66, train_loss:0.1187, valid_mse:0.5376, valid_mae:0.5554, test_acc2:0.8122
current mae:0.5621, current corr:0.7542, acc7:0.5128, acc5:0.5307,acc2_non_zero:0.8533, f_score_non_zero:0.8535, acc2:0.8122, f_score:0.8179
epoch:67, train_loss:0.1192, valid_mse:0.5607, valid_mae:0.5599, test_acc2:0.8115
current mae:0.5679, current corr:0.7493, acc7:0.5132, acc5:0.5313,acc2_non_zero:0.8508, f_score_non_zero:0.8513, acc2:0.8115, f_score:0.8174
epoch:68, train_loss:0.1155, valid_mse:0.5705, valid_mae:0.5650, test_acc2:0.8049
current mae:0.5667, current corr:0.7517, acc7:0.5148, acc5:0.5363,acc2_non_zero:0.8494, f_score_non_zero:0.8503, acc2:0.8049, f_score:0.8116
epoch:69, train_loss:0.1157, valid_mse:0.5423, valid_mae:0.5514, test_acc2:0.8059
current mae:0.5615, current corr:0.7515, acc7:0.5214, acc5:0.5408,acc2_non_zero:0.8492, f_score_non_zero:0.8497, acc2:0.8059, f_score:0.8123
epoch:70, train_loss:0.1094, valid_mse:0.5618, valid_mae:0.5614, test_acc2:0.8098
current mae:0.5688, current corr:0.7518, acc7:0.5167, acc5:0.5363,acc2_non_zero:0.8483, f_score_non_zero:0.8487, acc2:0.8098, f_score:0.8156
epoch:71, train_loss:0.1085, valid_mse:0.5557, valid_mae:0.5591, test_acc2:0.7993
current mae:0.5669, current corr:0.7497, acc7:0.5257, acc5:0.5451,acc2_non_zero:0.8459, f_score_non_zero:0.8469, acc2:0.7993, f_score:0.8066
epoch:72, train_loss:0.1060, valid_mse:0.5536, valid_mae:0.5541, test_acc2:0.7988
current mae:0.5647, current corr:0.7513, acc7:0.5130, acc5:0.5341,acc2_non_zero:0.8453, f_score_non_zero:0.8463, acc2:0.7988, f_score:0.8061
epoch:73, train_loss:0.1065, valid_mse:0.5483, valid_mae:0.5500, test_acc2:0.8016
current mae:0.5557, current corr:0.7472, acc7:0.5242, acc5:0.5430,acc2_non_zero:0.8461, f_score_non_zero:0.8471, acc2:0.8016, f_score:0.8086
epoch:74, train_loss:0.1049, valid_mse:0.5351, valid_mae:0.5490, test_acc2:0.8290
current mae:0.5601, current corr:0.7531, acc7:0.5227, acc5:0.5425,acc2_non_zero:0.8561, f_score_non_zero:0.8555, acc2:0.8290, f_score:0.8325
epoch:75, train_loss:0.1022, valid_mse:0.5346, valid_mae:0.5482, test_acc2:0.8083
current mae:0.5589, current corr:0.7511, acc7:0.5242, acc5:0.5460,acc2_non_zero:0.8467, f_score_non_zero:0.8473, acc2:0.8083, f_score:0.8145
epoch:76, train_loss:0.1060, valid_mse:0.5444, valid_mae:0.5502, test_acc2:0.8197
current mae:0.5572, current corr:0.7524, acc7:0.5221, acc5:0.5430,acc2_non_zero:0.8544, f_score_non_zero:0.8547, acc2:0.8197, f_score:0.8249
epoch:77, train_loss:0.1044, valid_mse:0.5421, valid_mae:0.5496, test_acc2:0.8141
current mae:0.5600, current corr:0.7500, acc7:0.5184, acc5:0.5374,acc2_non_zero:0.8497, f_score_non_zero:0.8502, acc2:0.8141, f_score:0.8197
epoch:78, train_loss:0.0996, valid_mse:0.5506, valid_mae:0.5528, test_acc2:0.8070
current mae:0.5601, current corr:0.7491, acc7:0.5238, acc5:0.5440,acc2_non_zero:0.8456, f_score_non_zero:0.8463, acc2:0.8070, f_score:0.8133
epoch:79, train_loss:0.0975, valid_mse:0.5385, valid_mae:0.5459, test_acc2:0.8085
current mae:0.5575, current corr:0.7496, acc7:0.5223, acc5:0.5419,acc2_non_zero:0.8486, f_score_non_zero:0.8492, acc2:0.8085, f_score:0.8147
epoch:80, train_loss:0.0836, valid_mse:0.5418, valid_mae:0.5512, test_acc2:0.8122
current mae:0.5610, current corr:0.7495, acc7:0.5180, acc5:0.5374,acc2_non_zero:0.8489, f_score_non_zero:0.8493, acc2:0.8122, f_score:0.8179
epoch:81, train_loss:0.0805, valid_mse:0.5349, valid_mae:0.5463, test_acc2:0.8100
current mae:0.5583, current corr:0.7512, acc7:0.5232, acc5:0.5417,acc2_non_zero:0.8494, f_score_non_zero:0.8498, acc2:0.8100, f_score:0.8158
epoch:82, train_loss:0.0803, valid_mse:0.5424, valid_mae:0.5498, test_acc2:0.8094
current mae:0.5602, current corr:0.7509, acc7:0.5204, acc5:0.5400,acc2_non_zero:0.8500, f_score_non_zero:0.8504, acc2:0.8094, f_score:0.8154
epoch:83, train_loss:0.0764, valid_mse:0.5377, valid_mae:0.5479, test_acc2:0.8161
current mae:0.5607, current corr:0.7510, acc7:0.5206, acc5:0.5410,acc2_non_zero:0.8517, f_score_non_zero:0.8520, acc2:0.8161, f_score:0.8214
epoch:84, train_loss:0.0755, valid_mse:0.5423, valid_mae:0.5490, test_acc2:0.8131
current mae:0.5613, current corr:0.7506, acc7:0.5184, acc5:0.5395,acc2_non_zero:0.8517, f_score_non_zero:0.8521, acc2:0.8131, f_score:0.8188
epoch:85, train_loss:0.0757, valid_mse:0.5427, valid_mae:0.5488, test_acc2:0.8079
current mae:0.5609, current corr:0.7514, acc7:0.5186, acc5:0.5397,acc2_non_zero:0.8500, f_score_non_zero:0.8506, acc2:0.8079, f_score:0.8141
epoch:86, train_loss:0.0757, valid_mse:0.5417, valid_mae:0.5500, test_acc2:0.8122
current mae:0.5602, current corr:0.7510, acc7:0.5204, acc5:0.5404,acc2_non_zero:0.8511, f_score_non_zero:0.8516, acc2:0.8122, f_score:0.8181
epoch:87, train_loss:0.0742, valid_mse:0.5441, valid_mae:0.5510, test_acc2:0.8133
current mae:0.5610, current corr:0.7521, acc7:0.5173, acc5:0.5384,acc2_non_zero:0.8517, f_score_non_zero:0.8521, acc2:0.8133, f_score:0.8190
epoch:88, train_loss:0.0727, valid_mse:0.5387, valid_mae:0.5472, test_acc2:0.8064
current mae:0.5598, current corr:0.7512, acc7:0.5214, acc5:0.5412,acc2_non_zero:0.8497, f_score_non_zero:0.8504, acc2:0.8064, f_score:0.8129
epoch:89, train_loss:0.0718, valid_mse:0.5425, valid_mae:0.5488, test_acc2:0.8120
current mae:0.5604, current corr:0.7522, acc7:0.5191, acc5:0.5389,acc2_non_zero:0.8514, f_score_non_zero:0.8518, acc2:0.8120, f_score:0.8178
epoch:90, train_loss:0.0709, valid_mse:0.5442, valid_mae:0.5505, test_acc2:0.8103
current mae:0.5609, current corr:0.7513, acc7:0.5197, acc5:0.5397,acc2_non_zero:0.8508, f_score_non_zero:0.8514, acc2:0.8103, f_score:0.8164
epoch:91, train_loss:0.0708, valid_mse:0.5418, valid_mae:0.5479, test_acc2:0.8105
current mae:0.5575, current corr:0.7521, acc7:0.5212, acc5:0.5406,acc2_non_zero:0.8514, f_score_non_zero:0.8520, acc2:0.8105, f_score:0.8166
epoch:92, train_loss:0.0704, valid_mse:0.5452, valid_mae:0.5520, test_acc2:0.8154
current mae:0.5604, current corr:0.7518, acc7:0.5193, acc5:0.5391,acc2_non_zero:0.8511, f_score_non_zero:0.8515, acc2:0.8154, f_score:0.8210
epoch:93, train_loss:0.0701, valid_mse:0.5377, valid_mae:0.5474, test_acc2:0.8146
current mae:0.5567, current corr:0.7517, acc7:0.5234, acc5:0.5428,acc2_non_zero:0.8514, f_score_non_zero:0.8519, acc2:0.8146, f_score:0.8202
epoch:94, train_loss:0.0687, valid_mse:0.5412, valid_mae:0.5491, test_acc2:0.8148
current mae:0.5576, current corr:0.7521, acc7:0.5216, acc5:0.5415,acc2_non_zero:0.8517, f_score_non_zero:0.8520, acc2:0.8148, f_score:0.8203
epoch:95, train_loss:0.0690, valid_mse:0.5379, valid_mae:0.5492, test_acc2:0.8085
current mae:0.5592, current corr:0.7521, acc7:0.5201, acc5:0.5393,acc2_non_zero:0.8508, f_score_non_zero:0.8514, acc2:0.8085, f_score:0.8148
epoch:96, train_loss:0.0688, valid_mse:0.5442, valid_mae:0.5506, test_acc2:0.8062
current mae:0.5582, current corr:0.7515, acc7:0.5223, acc5:0.5421,acc2_non_zero:0.8494, f_score_non_zero:0.8502, acc2:0.8062, f_score:0.8127
epoch:97, train_loss:0.0678, valid_mse:0.5492, valid_mae:0.5552, test_acc2:0.8062
current mae:0.5598, current corr:0.7516, acc7:0.5199, acc5:0.5393,acc2_non_zero:0.8478, f_score_non_zero:0.8485, acc2:0.8062, f_score:0.8127
epoch:98, train_loss:0.0681, valid_mse:0.5389, valid_mae:0.5488, test_acc2:0.8115
current mae:0.5589, current corr:0.7528, acc7:0.5219, acc5:0.5423,acc2_non_zero:0.8525, f_score_non_zero:0.8530, acc2:0.8115, f_score:0.8175
epoch:99, train_loss:0.0676, valid_mse:0.5328, valid_mae:0.5453, test_acc2:0.8189
current mae:0.5576, current corr:0.7533, acc7:0.5212, acc5:0.5412,acc2_non_zero:0.8541, f_score_non_zero:0.8544, acc2:0.8189, f_score:0.8240
Loading best model from epoch 35 by valid_mae=0.5348 for analysis export.
Analysis files exported to: /data01/lyw/GLoMo/experiments/mosei_only_fusion_valmae_seed2026/analysis
  predictions: /data01/lyw/GLoMo/experiments/mosei_only_fusion_valmae_seed2026/analysis/predictions.csv
  repr: /data01/lyw/GLoMo/experiments/mosei_only_fusion_valmae_seed2026/analysis/repr.npz
  repr meta: /data01/lyw/GLoMo/experiments/mosei_only_fusion_valmae_seed2026/analysis/repr_meta.json
  cases: /data01/lyw/GLoMo/experiments/mosei_only_fusion_valmae_seed2026/analysis/cases.csv
Metrics summary saved to: /data01/lyw/GLoMo/experiments/mosei_only_fusion_valmae_seed2026/metrics.json
Total runtime: 7600025.770187378 ms
