Using device: cuda:0, visible GPUs: 0
GPU name: NVIDIA GeForce RTX 3090
Seed: 42
Command script saved to: /data01/lyw/GLoMo/experiments/mosei_ours_valmae_seed42/command.sh
train labels: n=16265 min=-3.000 max=3.000 mean=0.146 std=1.125
dev labels: n=1869 min=-3.000 max=3.000 mean=0.190 std=1.038
test labels: n=4643 min=-3.000 max=3.000 mean=0.141 std=1.108
BERT load: missing=3 unexpected=10
BERT missing keys (first 5): ['linear1.weight', 'linear1.bias', 'proj_l.weight']
BERT unexpected keys (first 5): ['pooler.dense.weight', 'pooler.dense.bias', 'cls.predictions.bias', 'cls.predictions.transform.dense.weight', 'cls.predictions.transform.dense.bias']
conv audio std 0.03868566453456879
conv video std 0.056636784225702286
total parameter for the model:  117281879
epoch:0, train_loss:2.1630, valid_mse:0.5867, valid_mae:0.5749, test_acc2:0.7982
current mae:0.6025, current corr:0.6979, acc7:0.4749, acc5:0.4749,acc2_non_zero:0.8442, f_score_non_zero:0.8450, acc2:0.7982, f_score:0.8053
Saved best model at epoch 0 by valid_mae=0.5749 -> /data01/lyw/GLoMo/experiments/mosei_ours_valmae_seed42/best_model.pt
epoch:1, train_loss:1.7185, valid_mse:0.5222, valid_mae:0.5379, test_acc2:0.7973
current mae:0.5504, current corr:0.7460, acc7:0.5285, acc5:0.5415,acc2_non_zero:0.8475, f_score_non_zero:0.8479, acc2:0.7973, f_score:0.8042
Saved best model at epoch 1 by valid_mae=0.5379 -> /data01/lyw/GLoMo/experiments/mosei_ours_valmae_seed42/best_model.pt
epoch:2, train_loss:1.5504, valid_mse:0.5233, valid_mae:0.5386, test_acc2:0.7889
current mae:0.5447, current corr:0.7564, acc7:0.5354, acc5:0.5505,acc2_non_zero:0.8478, f_score_non_zero:0.8489, acc2:0.7889, f_score:0.7972
epoch:3, train_loss:1.4220, valid_mse:0.5336, valid_mae:0.5429, test_acc2:0.8419
current mae:0.5541, current corr:0.7549, acc7:0.5285, acc5:0.5473,acc2_non_zero:0.8508, f_score_non_zero:0.8478, acc2:0.8419, f_score:0.8416
epoch:4, train_loss:1.3023, valid_mse:0.5491, valid_mae:0.5484, test_acc2:0.8087
current mae:0.5556, current corr:0.7508, acc7:0.5307, acc5:0.5496,acc2_non_zero:0.8511, f_score_non_zero:0.8519, acc2:0.8087, f_score:0.8153
epoch:5, train_loss:1.2021, valid_mse:0.5666, valid_mae:0.5588, test_acc2:0.8161
current mae:0.5697, current corr:0.7469, acc7:0.5176, acc5:0.5374,acc2_non_zero:0.8528, f_score_non_zero:0.8522, acc2:0.8161, f_score:0.8205
epoch:6, train_loss:1.1016, valid_mse:0.5225, valid_mae:0.5378, test_acc2:0.8178
current mae:0.5484, current corr:0.7538, acc7:0.5251, acc5:0.5440,acc2_non_zero:0.8503, f_score_non_zero:0.8502, acc2:0.8178, f_score:0.8225
Saved best model at epoch 6 by valid_mae=0.5378 -> /data01/lyw/GLoMo/experiments/mosei_ours_valmae_seed42/best_model.pt
epoch:7, train_loss:1.0080, valid_mse:0.5227, valid_mae:0.5393, test_acc2:0.8445
current mae:0.5526, current corr:0.7530, acc7:0.5260, acc5:0.5449,acc2_non_zero:0.8506, f_score_non_zero:0.8478, acc2:0.8445, f_score:0.8443
epoch:8, train_loss:0.9093, valid_mse:0.5803, valid_mae:0.5688, test_acc2:0.8253
current mae:0.5758, current corr:0.7467, acc7:0.5068, acc5:0.5262,acc2_non_zero:0.8494, f_score_non_zero:0.8491, acc2:0.8253, f_score:0.8291
epoch:9, train_loss:0.8362, valid_mse:0.5697, valid_mae:0.5683, test_acc2:0.8249
current mae:0.5832, current corr:0.7420, acc7:0.5001, acc5:0.5197,acc2_non_zero:0.8503, f_score_non_zero:0.8497, acc2:0.8249, f_score:0.8286
epoch:10, train_loss:0.7484, valid_mse:0.5515, valid_mae:0.5560, test_acc2:0.8363
current mae:0.5731, current corr:0.7428, acc7:0.5135, acc5:0.5326,acc2_non_zero:0.8522, f_score_non_zero:0.8504, acc2:0.8363, f_score:0.8378
epoch:11, train_loss:0.6927, valid_mse:0.5216, valid_mae:0.5412, test_acc2:0.7982
current mae:0.5506, current corr:0.7468, acc7:0.5268, acc5:0.5445,acc2_non_zero:0.8442, f_score_non_zero:0.8449, acc2:0.7982, f_score:0.8051
epoch:12, train_loss:0.6289, valid_mse:0.5744, valid_mae:0.5783, test_acc2:0.8432
current mae:0.5833, current corr:0.7472, acc7:0.4992, acc5:0.5176,acc2_non_zero:0.8456, f_score_non_zero:0.8416, acc2:0.8432, f_score:0.8417
epoch:13, train_loss:0.5786, valid_mse:0.5453, valid_mae:0.5596, test_acc2:0.8301
current mae:0.5692, current corr:0.7408, acc7:0.5072, acc5:0.5247,acc2_non_zero:0.8503, f_score_non_zero:0.8486, acc2:0.8301, f_score:0.8321
epoch:14, train_loss:0.5365, valid_mse:0.5305, valid_mae:0.5488, test_acc2:0.8380
current mae:0.5644, current corr:0.7439, acc7:0.5120, acc5:0.5307,acc2_non_zero:0.8450, f_score_non_zero:0.8426, acc2:0.8380, f_score:0.8384
epoch:15, train_loss:0.4953, valid_mse:0.5355, valid_mae:0.5508, test_acc2:0.8355
current mae:0.5663, current corr:0.7427, acc7:0.5120, acc5:0.5298,acc2_non_zero:0.8406, f_score_non_zero:0.8378, acc2:0.8355, f_score:0.8355
epoch:16, train_loss:0.4687, valid_mse:0.5463, valid_mae:0.5593, test_acc2:0.8342
current mae:0.5755, current corr:0.7446, acc7:0.4992, acc5:0.5199,acc2_non_zero:0.8497, f_score_non_zero:0.8479, acc2:0.8342, f_score:0.8357
epoch:17, train_loss:0.4446, valid_mse:0.5457, valid_mae:0.5500, test_acc2:0.8001
current mae:0.5667, current corr:0.7402, acc7:0.5111, acc5:0.5307,acc2_non_zero:0.8448, f_score_non_zero:0.8454, acc2:0.8001, f_score:0.8069
epoch:18, train_loss:0.4094, valid_mse:0.5430, valid_mae:0.5512, test_acc2:0.7704
current mae:0.5681, current corr:0.7423, acc7:0.5089, acc5:0.5288,acc2_non_zero:0.8298, f_score_non_zero:0.8316, acc2:0.7704, f_score:0.7800
epoch:19, train_loss:0.3986, valid_mse:0.5197, valid_mae:0.5378, test_acc2:0.8107
current mae:0.5564, current corr:0.7411, acc7:0.5201, acc5:0.5391,acc2_non_zero:0.8483, f_score_non_zero:0.8485, acc2:0.8107, f_score:0.8162
epoch:20, train_loss:0.3690, valid_mse:0.5263, valid_mae:0.5455, test_acc2:0.8103
current mae:0.5678, current corr:0.7442, acc7:0.5089, acc5:0.5270,acc2_non_zero:0.8483, f_score_non_zero:0.8485, acc2:0.8103, f_score:0.8158
epoch:21, train_loss:0.3529, valid_mse:0.5378, valid_mae:0.5594, test_acc2:0.8383
current mae:0.5789, current corr:0.7446, acc7:0.5057, acc5:0.5262,acc2_non_zero:0.8423, f_score_non_zero:0.8390, acc2:0.8383, f_score:0.8376
epoch:22, train_loss:0.3364, valid_mse:0.5422, valid_mae:0.5605, test_acc2:0.8195
current mae:0.5794, current corr:0.7456, acc7:0.5016, acc5:0.5212,acc2_non_zero:0.8552, f_score_non_zero:0.8552, acc2:0.8195, f_score:0.8244
epoch:23, train_loss:0.3191, valid_mse:0.5115, valid_mae:0.5409, test_acc2:0.8264
current mae:0.5606, current corr:0.7467, acc7:0.5098, acc5:0.5305,acc2_non_zero:0.8489, f_score_non_zero:0.8480, acc2:0.8264, f_score:0.8295
epoch:24, train_loss:0.3014, valid_mse:0.5218, valid_mae:0.5415, test_acc2:0.8195
current mae:0.5569, current corr:0.7461, acc7:0.5184, acc5:0.5389,acc2_non_zero:0.8533, f_score_non_zero:0.8531, acc2:0.8195, f_score:0.8241
epoch:25, train_loss:0.2934, valid_mse:0.5216, valid_mae:0.5489, test_acc2:0.8234
current mae:0.5672, current corr:0.7467, acc7:0.5094, acc5:0.5285,acc2_non_zero:0.8506, f_score_non_zero:0.8495, acc2:0.8234, f_score:0.8266
epoch:26, train_loss:0.2861, valid_mse:0.5211, valid_mae:0.5470, test_acc2:0.8225
current mae:0.5648, current corr:0.7467, acc7:0.5137, acc5:0.5339,acc2_non_zero:0.8539, f_score_non_zero:0.8535, acc2:0.8225, f_score:0.8267
epoch:27, train_loss:0.2787, valid_mse:0.5099, valid_mae:0.5389, test_acc2:0.8316
current mae:0.5623, current corr:0.7486, acc7:0.5126, acc5:0.5322,acc2_non_zero:0.8467, f_score_non_zero:0.8447, acc2:0.8316, f_score:0.8330
epoch:28, train_loss:0.2655, valid_mse:0.5236, valid_mae:0.5432, test_acc2:0.8085
current mae:0.5629, current corr:0.7440, acc7:0.5132, acc5:0.5331,acc2_non_zero:0.8500, f_score_non_zero:0.8508, acc2:0.8085, f_score:0.8150
epoch:29, train_loss:0.2582, valid_mse:0.5086, valid_mae:0.5403, test_acc2:0.8047
current mae:0.5641, current corr:0.7469, acc7:0.5158, acc5:0.5372,acc2_non_zero:0.8503, f_score_non_zero:0.8507, acc2:0.8047, f_score:0.8110
epoch:30, train_loss:0.2519, valid_mse:0.5246, valid_mae:0.5443, test_acc2:0.8122
current mae:0.5602, current corr:0.7492, acc7:0.5154, acc5:0.5365,acc2_non_zero:0.8500, f_score_non_zero:0.8504, acc2:0.8122, f_score:0.8179
epoch:31, train_loss:0.2433, valid_mse:0.5166, valid_mae:0.5424, test_acc2:0.8264
current mae:0.5588, current corr:0.7519, acc7:0.5165, acc5:0.5367,acc2_non_zero:0.8522, f_score_non_zero:0.8513, acc2:0.8264, f_score:0.8297
epoch:32, train_loss:0.2405, valid_mse:0.5096, valid_mae:0.5350, test_acc2:0.8146
current mae:0.5557, current corr:0.7498, acc7:0.5253, acc5:0.5453,acc2_non_zero:0.8503, f_score_non_zero:0.8506, acc2:0.8146, f_score:0.8200
Saved best model at epoch 32 by valid_mae=0.5350 -> /data01/lyw/GLoMo/experiments/mosei_ours_valmae_seed42/best_model.pt
epoch:33, train_loss:0.2339, valid_mse:0.5013, valid_mae:0.5333, test_acc2:0.8311
current mae:0.5505, current corr:0.7525, acc7:0.5238, acc5:0.5425,acc2_non_zero:0.8519, f_score_non_zero:0.8512, acc2:0.8311, f_score:0.8342
Saved best model at epoch 33 by valid_mae=0.5333 -> /data01/lyw/GLoMo/experiments/mosei_ours_valmae_seed42/best_model.pt
epoch:34, train_loss:0.2307, valid_mse:0.4971, valid_mae:0.5319, test_acc2:0.8363
current mae:0.5485, current corr:0.7515, acc7:0.5249, acc5:0.5440,acc2_non_zero:0.8442, f_score_non_zero:0.8422, acc2:0.8363, f_score:0.8372
Saved best model at epoch 34 by valid_mae=0.5319 -> /data01/lyw/GLoMo/experiments/mosei_ours_valmae_seed42/best_model.pt
epoch:35, train_loss:0.2187, valid_mse:0.4947, valid_mae:0.5311, test_acc2:0.8178
current mae:0.5495, current corr:0.7531, acc7:0.5232, acc5:0.5410,acc2_non_zero:0.8525, f_score_non_zero:0.8525, acc2:0.8178, f_score:0.8228
Saved best model at epoch 35 by valid_mae=0.5311 -> /data01/lyw/GLoMo/experiments/mosei_ours_valmae_seed42/best_model.pt
epoch:36, train_loss:0.2112, valid_mse:0.4938, valid_mae:0.5279, test_acc2:0.8066
current mae:0.5526, current corr:0.7498, acc7:0.5253, acc5:0.5443,acc2_non_zero:0.8489, f_score_non_zero:0.8494, acc2:0.8066, f_score:0.8128
Saved best model at epoch 36 by valid_mae=0.5279 -> /data01/lyw/GLoMo/experiments/mosei_ours_valmae_seed42/best_model.pt
epoch:37, train_loss:0.2144, valid_mse:0.5322, valid_mae:0.5481, test_acc2:0.8197
current mae:0.5622, current corr:0.7505, acc7:0.5160, acc5:0.5378,acc2_non_zero:0.8517, f_score_non_zero:0.8515, acc2:0.8197, f_score:0.8243
epoch:38, train_loss:0.2098, valid_mse:0.5190, valid_mae:0.5443, test_acc2:0.8047
current mae:0.5622, current corr:0.7531, acc7:0.5171, acc5:0.5372,acc2_non_zero:0.8506, f_score_non_zero:0.8507, acc2:0.8047, f_score:0.8108
epoch:39, train_loss:0.2093, valid_mse:0.5274, valid_mae:0.5474, test_acc2:0.8223
current mae:0.5646, current corr:0.7542, acc7:0.5113, acc5:0.5326,acc2_non_zero:0.8519, f_score_non_zero:0.8512, acc2:0.8223, f_score:0.8261
epoch:40, train_loss:0.2029, valid_mse:0.5041, valid_mae:0.5326, test_acc2:0.8055
current mae:0.5532, current corr:0.7505, acc7:0.5232, acc5:0.5428,acc2_non_zero:0.8497, f_score_non_zero:0.8504, acc2:0.8055, f_score:0.8120
epoch:41, train_loss:0.1934, valid_mse:0.5188, valid_mae:0.5443, test_acc2:0.8324
current mae:0.5611, current corr:0.7545, acc7:0.5186, acc5:0.5378,acc2_non_zero:0.8519, f_score_non_zero:0.8508, acc2:0.8324, f_score:0.8349
epoch:42, train_loss:0.1923, valid_mse:0.5376, valid_mae:0.5547, test_acc2:0.8206
current mae:0.5674, current corr:0.7536, acc7:0.5048, acc5:0.5262,acc2_non_zero:0.8525, f_score_non_zero:0.8521, acc2:0.8206, f_score:0.8249
epoch:43, train_loss:0.1875, valid_mse:0.5292, valid_mae:0.5524, test_acc2:0.8329
current mae:0.5658, current corr:0.7549, acc7:0.5066, acc5:0.5275,acc2_non_zero:0.8500, f_score_non_zero:0.8486, acc2:0.8329, f_score:0.8350
epoch:44, train_loss:0.1835, valid_mse:0.5075, valid_mae:0.5399, test_acc2:0.8167
current mae:0.5585, current corr:0.7516, acc7:0.5201, acc5:0.5402,acc2_non_zero:0.8506, f_score_non_zero:0.8504, acc2:0.8167, f_score:0.8215
epoch:45, train_loss:0.1803, valid_mse:0.5095, valid_mae:0.5432, test_acc2:0.8331
current mae:0.5590, current corr:0.7546, acc7:0.5156, acc5:0.5354,acc2_non_zero:0.8489, f_score_non_zero:0.8474, acc2:0.8331, f_score:0.8350
epoch:46, train_loss:0.1754, valid_mse:0.5104, valid_mae:0.5384, test_acc2:0.8146
current mae:0.5534, current corr:0.7490, acc7:0.5199, acc5:0.5393,acc2_non_zero:0.8522, f_score_non_zero:0.8525, acc2:0.8146, f_score:0.8201
epoch:47, train_loss:0.1700, valid_mse:0.5100, valid_mae:0.5421, test_acc2:0.8320
current mae:0.5568, current corr:0.7551, acc7:0.5156, acc5:0.5350,acc2_non_zero:0.8547, f_score_non_zero:0.8536, acc2:0.8320, f_score:0.8347
epoch:48, train_loss:0.1692, valid_mse:0.5326, valid_mae:0.5569, test_acc2:0.8286
current mae:0.5681, current corr:0.7541, acc7:0.5130, acc5:0.5313,acc2_non_zero:0.8539, f_score_non_zero:0.8531, acc2:0.8286, f_score:0.8318
epoch:49, train_loss:0.1620, valid_mse:0.5166, valid_mae:0.5457, test_acc2:0.8081
current mae:0.5645, current corr:0.7532, acc7:0.5128, acc5:0.5320,acc2_non_zero:0.8489, f_score_non_zero:0.8493, acc2:0.8081, f_score:0.8141
epoch:50, train_loss:0.1629, valid_mse:0.5075, valid_mae:0.5362, test_acc2:0.8001
current mae:0.5579, current corr:0.7503, acc7:0.5178, acc5:0.5382,acc2_non_zero:0.8448, f_score_non_zero:0.8452, acc2:0.8001, f_score:0.8066
epoch:51, train_loss:0.1579, valid_mse:0.5188, valid_mae:0.5456, test_acc2:0.8081
current mae:0.5642, current corr:0.7528, acc7:0.5132, acc5:0.5346,acc2_non_zero:0.8519, f_score_non_zero:0.8523, acc2:0.8081, f_score:0.8142
epoch:52, train_loss:0.1538, valid_mse:0.4959, valid_mae:0.5354, test_acc2:0.8344
current mae:0.5540, current corr:0.7537, acc7:0.5212, acc5:0.5395,acc2_non_zero:0.8561, f_score_non_zero:0.8549, acc2:0.8344, f_score:0.8369
epoch:53, train_loss:0.1502, valid_mse:0.5238, valid_mae:0.5495, test_acc2:0.8333
current mae:0.5637, current corr:0.7500, acc7:0.5193, acc5:0.5382,acc2_non_zero:0.8558, f_score_non_zero:0.8552, acc2:0.8333, f_score:0.8365
epoch:54, train_loss:0.1472, valid_mse:0.5194, valid_mae:0.5451, test_acc2:0.8182
current mae:0.5616, current corr:0.7538, acc7:0.5178, acc5:0.5384,acc2_non_zero:0.8525, f_score_non_zero:0.8523, acc2:0.8182, f_score:0.8229
epoch:55, train_loss:0.1473, valid_mse:0.5220, valid_mae:0.5485, test_acc2:0.8139
current mae:0.5666, current corr:0.7501, acc7:0.5107, acc5:0.5331,acc2_non_zero:0.8514, f_score_non_zero:0.8513, acc2:0.8139, f_score:0.8190
epoch:56, train_loss:0.1461, valid_mse:0.5204, valid_mae:0.5436, test_acc2:0.8156
current mae:0.5590, current corr:0.7496, acc7:0.5208, acc5:0.5438,acc2_non_zero:0.8522, f_score_non_zero:0.8523, acc2:0.8156, f_score:0.8209
epoch:57, train_loss:0.1418, valid_mse:0.5251, valid_mae:0.5466, test_acc2:0.8215
current mae:0.5626, current corr:0.7534, acc7:0.5180, acc5:0.5387,acc2_non_zero:0.8533, f_score_non_zero:0.8532, acc2:0.8215, f_score:0.8260
epoch:58, train_loss:0.1395, valid_mse:0.5410, valid_mae:0.5548, test_acc2:0.8148
current mae:0.5660, current corr:0.7502, acc7:0.5178, acc5:0.5393,acc2_non_zero:0.8500, f_score_non_zero:0.8502, acc2:0.8148, f_score:0.8201
epoch:59, train_loss:0.1371, valid_mse:0.5682, valid_mae:0.5727, test_acc2:0.8105
current mae:0.5797, current corr:0.7470, acc7:0.5068, acc5:0.5268,acc2_non_zero:0.8519, f_score_non_zero:0.8523, acc2:0.8105, f_score:0.8164
epoch:60, train_loss:0.1288, valid_mse:0.5488, valid_mae:0.5610, test_acc2:0.8133
current mae:0.5760, current corr:0.7485, acc7:0.5055, acc5:0.5279,acc2_non_zero:0.8517, f_score_non_zero:0.8524, acc2:0.8133, f_score:0.8193
epoch:61, train_loss:0.1299, valid_mse:0.5126, valid_mae:0.5392, test_acc2:0.8128
current mae:0.5516, current corr:0.7505, acc7:0.5337, acc5:0.5555,acc2_non_zero:0.8492, f_score_non_zero:0.8494, acc2:0.8128, f_score:0.8183
epoch:62, train_loss:0.1272, valid_mse:0.5222, valid_mae:0.5487, test_acc2:0.8221
current mae:0.5679, current corr:0.7553, acc7:0.5152, acc5:0.5346,acc2_non_zero:0.8566, f_score_non_zero:0.8562, acc2:0.8221, f_score:0.8264
epoch:63, train_loss:0.1214, valid_mse:0.5389, valid_mae:0.5592, test_acc2:0.8178
current mae:0.5751, current corr:0.7495, acc7:0.5109, acc5:0.5309,acc2_non_zero:0.8541, f_score_non_zero:0.8541, acc2:0.8178, f_score:0.8227
epoch:64, train_loss:0.1250, valid_mse:0.5247, valid_mae:0.5499, test_acc2:0.8275
current mae:0.5653, current corr:0.7501, acc7:0.5221, acc5:0.5421,acc2_non_zero:0.8530, f_score_non_zero:0.8527, acc2:0.8275, f_score:0.8313
epoch:65, train_loss:0.1259, valid_mse:0.5152, valid_mae:0.5450, test_acc2:0.8266
current mae:0.5632, current corr:0.7517, acc7:0.5206, acc5:0.5406,acc2_non_zero:0.8530, f_score_non_zero:0.8523, acc2:0.8266, f_score:0.8301
epoch:66, train_loss:0.1219, valid_mse:0.5143, valid_mae:0.5438, test_acc2:0.8184
current mae:0.5642, current corr:0.7516, acc7:0.5210, acc5:0.5419,acc2_non_zero:0.8536, f_score_non_zero:0.8535, acc2:0.8184, f_score:0.8232
epoch:67, train_loss:0.1152, valid_mse:0.5184, valid_mae:0.5453, test_acc2:0.8029
current mae:0.5643, current corr:0.7501, acc7:0.5150, acc5:0.5348,acc2_non_zero:0.8506, f_score_non_zero:0.8509, acc2:0.8029, f_score:0.8094
epoch:68, train_loss:0.1153, valid_mse:0.5333, valid_mae:0.5536, test_acc2:0.8161
current mae:0.5708, current corr:0.7503, acc7:0.5117, acc5:0.5316,acc2_non_zero:0.8503, f_score_non_zero:0.8505, acc2:0.8161, f_score:0.8213
epoch:69, train_loss:0.1156, valid_mse:0.5263, valid_mae:0.5452, test_acc2:0.7896
current mae:0.5639, current corr:0.7492, acc7:0.5173, acc5:0.5380,acc2_non_zero:0.8434, f_score_non_zero:0.8448, acc2:0.7896, f_score:0.7980
epoch:70, train_loss:0.1088, valid_mse:0.5229, valid_mae:0.5479, test_acc2:0.8122
current mae:0.5619, current corr:0.7523, acc7:0.5178, acc5:0.5384,acc2_non_zero:0.8508, f_score_non_zero:0.8512, acc2:0.8122, f_score:0.8179
epoch:71, train_loss:0.1138, valid_mse:0.5246, valid_mae:0.5452, test_acc2:0.7965
current mae:0.5649, current corr:0.7524, acc7:0.5089, acc5:0.5305,acc2_non_zero:0.8442, f_score_non_zero:0.8450, acc2:0.7965, f_score:0.8036
epoch:72, train_loss:0.1097, valid_mse:0.5222, valid_mae:0.5464, test_acc2:0.8219
current mae:0.5687, current corr:0.7499, acc7:0.5120, acc5:0.5335,acc2_non_zero:0.8500, f_score_non_zero:0.8496, acc2:0.8219, f_score:0.8259
epoch:73, train_loss:0.1047, valid_mse:0.5332, valid_mae:0.5525, test_acc2:0.8120
current mae:0.5751, current corr:0.7477, acc7:0.5096, acc5:0.5320,acc2_non_zero:0.8511, f_score_non_zero:0.8516, acc2:0.8120, f_score:0.8178
epoch:74, train_loss:0.1028, valid_mse:0.5272, valid_mae:0.5474, test_acc2:0.8098
current mae:0.5694, current corr:0.7460, acc7:0.5182, acc5:0.5376,acc2_non_zero:0.8470, f_score_non_zero:0.8476, acc2:0.8098, f_score:0.8159
epoch:75, train_loss:0.1015, valid_mse:0.5281, valid_mae:0.5514, test_acc2:0.8092
current mae:0.5682, current corr:0.7483, acc7:0.5139, acc5:0.5339,acc2_non_zero:0.8494, f_score_non_zero:0.8497, acc2:0.8092, f_score:0.8149
epoch:76, train_loss:0.1052, valid_mse:0.5113, valid_mae:0.5408, test_acc2:0.8193
current mae:0.5614, current corr:0.7497, acc7:0.5199, acc5:0.5395,acc2_non_zero:0.8519, f_score_non_zero:0.8520, acc2:0.8193, f_score:0.8241
epoch:77, train_loss:0.1036, valid_mse:0.5200, valid_mae:0.5464, test_acc2:0.8230
current mae:0.5692, current corr:0.7502, acc7:0.5085, acc5:0.5313,acc2_non_zero:0.8547, f_score_non_zero:0.8541, acc2:0.8230, f_score:0.8269
epoch:78, train_loss:0.0987, valid_mse:0.5201, valid_mae:0.5440, test_acc2:0.8223
current mae:0.5656, current corr:0.7507, acc7:0.5107, acc5:0.5326,acc2_non_zero:0.8511, f_score_non_zero:0.8505, acc2:0.8223, f_score:0.8262
epoch:79, train_loss:0.1010, valid_mse:0.5141, valid_mae:0.5448, test_acc2:0.8197
current mae:0.5651, current corr:0.7526, acc7:0.5167, acc5:0.5382,acc2_non_zero:0.8533, f_score_non_zero:0.8530, acc2:0.8197, f_score:0.8242
epoch:80, train_loss:0.0866, valid_mse:0.5155, valid_mae:0.5453, test_acc2:0.8165
current mae:0.5662, current corr:0.7511, acc7:0.5117, acc5:0.5337,acc2_non_zero:0.8530, f_score_non_zero:0.8531, acc2:0.8165, f_score:0.8217
epoch:81, train_loss:0.0811, valid_mse:0.5137, valid_mae:0.5423, test_acc2:0.8167
current mae:0.5652, current corr:0.7508, acc7:0.5139, acc5:0.5352,acc2_non_zero:0.8539, f_score_non_zero:0.8539, acc2:0.8167, f_score:0.8219
epoch:82, train_loss:0.0801, valid_mse:0.5158, valid_mae:0.5448, test_acc2:0.8167
current mae:0.5654, current corr:0.7505, acc7:0.5137, acc5:0.5354,acc2_non_zero:0.8517, f_score_non_zero:0.8517, acc2:0.8167, f_score:0.8218
epoch:83, train_loss:0.0786, valid_mse:0.5170, valid_mae:0.5441, test_acc2:0.8126
current mae:0.5662, current corr:0.7504, acc7:0.5115, acc5:0.5335,acc2_non_zero:0.8489, f_score_non_zero:0.8491, acc2:0.8126, f_score:0.8180
epoch:84, train_loss:0.0753, valid_mse:0.5205, valid_mae:0.5472, test_acc2:0.8105
current mae:0.5690, current corr:0.7498, acc7:0.5096, acc5:0.5320,acc2_non_zero:0.8483, f_score_non_zero:0.8487, acc2:0.8105, f_score:0.8162
epoch:85, train_loss:0.0759, valid_mse:0.5121, valid_mae:0.5425, test_acc2:0.8191
current mae:0.5648, current corr:0.7510, acc7:0.5163, acc5:0.5380,acc2_non_zero:0.8522, f_score_non_zero:0.8520, acc2:0.8191, f_score:0.8237
epoch:86, train_loss:0.0740, valid_mse:0.5077, valid_mae:0.5394, test_acc2:0.8150
current mae:0.5631, current corr:0.7512, acc7:0.5130, acc5:0.5352,acc2_non_zero:0.8500, f_score_non_zero:0.8500, acc2:0.8150, f_score:0.8201
epoch:87, train_loss:0.0742, valid_mse:0.5140, valid_mae:0.5437, test_acc2:0.8143
current mae:0.5638, current corr:0.7510, acc7:0.5128, acc5:0.5354,acc2_non_zero:0.8508, f_score_non_zero:0.8509, acc2:0.8143, f_score:0.8196
epoch:88, train_loss:0.0727, valid_mse:0.5193, valid_mae:0.5466, test_acc2:0.8141
current mae:0.5659, current corr:0.7512, acc7:0.5102, acc5:0.5324,acc2_non_zero:0.8497, f_score_non_zero:0.8498, acc2:0.8141, f_score:0.8194
epoch:89, train_loss:0.0731, valid_mse:0.5141, valid_mae:0.5435, test_acc2:0.8193
current mae:0.5620, current corr:0.7520, acc7:0.5150, acc5:0.5369,acc2_non_zero:0.8519, f_score_non_zero:0.8519, acc2:0.8193, f_score:0.8240
epoch:90, train_loss:0.0726, valid_mse:0.5064, valid_mae:0.5404, test_acc2:0.8193
current mae:0.5636, current corr:0.7517, acc7:0.5130, acc5:0.5350,acc2_non_zero:0.8519, f_score_non_zero:0.8519, acc2:0.8193, f_score:0.8240
epoch:91, train_loss:0.0729, valid_mse:0.5077, valid_mae:0.5385, test_acc2:0.8131
current mae:0.5627, current corr:0.7520, acc7:0.5169, acc5:0.5389,acc2_non_zero:0.8481, f_score_non_zero:0.8483, acc2:0.8131, f_score:0.8185
epoch:92, train_loss:0.0697, valid_mse:0.5171, valid_mae:0.5449, test_acc2:0.8141
current mae:0.5642, current corr:0.7515, acc7:0.5141, acc5:0.5365,acc2_non_zero:0.8503, f_score_non_zero:0.8505, acc2:0.8141, f_score:0.8195
epoch:93, train_loss:0.0699, valid_mse:0.5093, valid_mae:0.5405, test_acc2:0.8199
current mae:0.5638, current corr:0.7523, acc7:0.5173, acc5:0.5389,acc2_non_zero:0.8533, f_score_non_zero:0.8533, acc2:0.8199, f_score:0.8247
epoch:94, train_loss:0.0705, valid_mse:0.5056, valid_mae:0.5385, test_acc2:0.8152
current mae:0.5613, current corr:0.7524, acc7:0.5165, acc5:0.5382,acc2_non_zero:0.8511, f_score_non_zero:0.8513, acc2:0.8152, f_score:0.8205
epoch:95, train_loss:0.0692, valid_mse:0.5092, valid_mae:0.5389, test_acc2:0.8163
current mae:0.5620, current corr:0.7518, acc7:0.5143, acc5:0.5363,acc2_non_zero:0.8514, f_score_non_zero:0.8514, acc2:0.8163, f_score:0.8213
epoch:96, train_loss:0.0694, valid_mse:0.5147, valid_mae:0.5441, test_acc2:0.8195
current mae:0.5641, current corr:0.7519, acc7:0.5137, acc5:0.5352,acc2_non_zero:0.8522, f_score_non_zero:0.8522, acc2:0.8195, f_score:0.8243
epoch:97, train_loss:0.0690, valid_mse:0.5084, valid_mae:0.5396, test_acc2:0.8118
current mae:0.5619, current corr:0.7516, acc7:0.5152, acc5:0.5369,acc2_non_zero:0.8494, f_score_non_zero:0.8497, acc2:0.8118, f_score:0.8174
epoch:98, train_loss:0.0690, valid_mse:0.5103, valid_mae:0.5422, test_acc2:0.8150
current mae:0.5628, current corr:0.7521, acc7:0.5148, acc5:0.5365,acc2_non_zero:0.8506, f_score_non_zero:0.8507, acc2:0.8150, f_score:0.8202
epoch:99, train_loss:0.0677, valid_mse:0.5087, valid_mae:0.5417, test_acc2:0.8120
current mae:0.5636, current corr:0.7516, acc7:0.5167, acc5:0.5378,acc2_non_zero:0.8508, f_score_non_zero:0.8510, acc2:0.8120, f_score:0.8175
Loading best model from epoch 36 by valid_mae=0.5279 for analysis export.
Analysis files exported to: /data01/lyw/GLoMo/experiments/mosei_ours_valmae_seed42/analysis
  predictions: /data01/lyw/GLoMo/experiments/mosei_ours_valmae_seed42/analysis/predictions.csv
  repr: /data01/lyw/GLoMo/experiments/mosei_ours_valmae_seed42/analysis/repr.npz
  repr meta: /data01/lyw/GLoMo/experiments/mosei_ours_valmae_seed42/analysis/repr_meta.json
  cases: /data01/lyw/GLoMo/experiments/mosei_ours_valmae_seed42/analysis/cases.csv
Metrics summary saved to: /data01/lyw/GLoMo/experiments/mosei_ours_valmae_seed42/metrics.json
Total runtime: 7899416.637182236 ms
