Using device: cuda:0, visible GPUs: 1
GPU name: NVIDIA GeForce RTX 3090
Seed: 42
Command script saved to: /data01/lyw/GLoMo/experiments/mosei_baseline_valmae_seed42/command.sh
train labels: n=16265 min=-3.000 max=3.000 mean=0.146 std=1.125
dev labels: n=1869 min=-3.000 max=3.000 mean=0.190 std=1.038
test labels: n=4643 min=-3.000 max=3.000 mean=0.141 std=1.108
BERT load: missing=3 unexpected=10
BERT missing keys (first 5): ['linear1.weight', 'linear1.bias', 'proj_l.weight']
BERT unexpected keys (first 5): ['pooler.dense.weight', 'pooler.dense.bias', 'cls.predictions.bias', 'cls.predictions.transform.dense.weight', 'cls.predictions.transform.dense.bias']
conv audio std 0.03863950073719025
conv video std 0.05636746436357498
total parameter for the model:  115952142
epoch:0, train_loss:2.1636, valid_mse:0.5905, valid_mae:0.5736, test_acc2:0.7853
current mae:0.5973, current corr:0.7054, acc7:0.4818, acc5:0.4818,acc2_non_zero:0.8365, f_score_non_zero:0.8380, acc2:0.7853, f_score:0.7938
Saved best model at epoch 0 by valid_mae=0.5736 -> /data01/lyw/GLoMo/experiments/mosei_baseline_valmae_seed42/best_model.pt
epoch:1, train_loss:1.7102, valid_mse:0.5228, valid_mae:0.5311, test_acc2:0.8230
current mae:0.5495, current corr:0.7406, acc7:0.5316, acc5:0.5440,acc2_non_zero:0.8541, f_score_non_zero:0.8529, acc2:0.8230, f_score:0.8262
Saved best model at epoch 1 by valid_mae=0.5311 -> /data01/lyw/GLoMo/experiments/mosei_baseline_valmae_seed42/best_model.pt
epoch:2, train_loss:1.5425, valid_mse:0.5207, valid_mae:0.5463, test_acc2:0.8516
current mae:0.5669, current corr:0.7485, acc7:0.5109, acc5:0.5275,acc2_non_zero:0.8492, f_score_non_zero:0.8446, acc2:0.8516, f_score:0.8489
epoch:3, train_loss:1.4231, valid_mse:0.5166, valid_mae:0.5347, test_acc2:0.8327
current mae:0.5530, current corr:0.7482, acc7:0.5229, acc5:0.5404,acc2_non_zero:0.8558, f_score_non_zero:0.8547, acc2:0.8327, f_score:0.8354
epoch:4, train_loss:1.3074, valid_mse:0.5559, valid_mae:0.5597, test_acc2:0.8458
current mae:0.5733, current corr:0.7434, acc7:0.5130, acc5:0.5324,acc2_non_zero:0.8522, f_score_non_zero:0.8495, acc2:0.8458, f_score:0.8455
epoch:5, train_loss:1.1995, valid_mse:0.5504, valid_mae:0.5574, test_acc2:0.8434
current mae:0.5681, current corr:0.7471, acc7:0.5156, acc5:0.5339,acc2_non_zero:0.8519, f_score_non_zero:0.8494, acc2:0.8434, f_score:0.8436
epoch:6, train_loss:1.0916, valid_mse:0.5314, valid_mae:0.5463, test_acc2:0.8195
current mae:0.5582, current corr:0.7471, acc7:0.5214, acc5:0.5397,acc2_non_zero:0.8494, f_score_non_zero:0.8493, acc2:0.8195, f_score:0.8240
epoch:7, train_loss:1.0120, valid_mse:0.5263, valid_mae:0.5425, test_acc2:0.8370
current mae:0.5509, current corr:0.7491, acc7:0.5272, acc5:0.5460,acc2_non_zero:0.8550, f_score_non_zero:0.8533, acc2:0.8370, f_score:0.8387
epoch:8, train_loss:0.9140, valid_mse:0.5373, valid_mae:0.5503, test_acc2:0.8079
current mae:0.5555, current corr:0.7439, acc7:0.5225, acc5:0.5395,acc2_non_zero:0.8464, f_score_non_zero:0.8467, acc2:0.8079, f_score:0.8137
epoch:9, train_loss:0.8272, valid_mse:0.5422, valid_mae:0.5537, test_acc2:0.8462
current mae:0.5596, current corr:0.7445, acc7:0.5180, acc5:0.5359,acc2_non_zero:0.8472, f_score_non_zero:0.8434, acc2:0.8462, f_score:0.8447
epoch:10, train_loss:0.7575, valid_mse:0.5768, valid_mae:0.5699, test_acc2:0.8372
current mae:0.5644, current corr:0.7456, acc7:0.5191, acc5:0.5378,acc2_non_zero:0.8528, f_score_non_zero:0.8516, acc2:0.8372, f_score:0.8393
epoch:11, train_loss:0.6967, valid_mse:0.5725, valid_mae:0.5705, test_acc2:0.8352
current mae:0.5722, current corr:0.7448, acc7:0.5070, acc5:0.5262,acc2_non_zero:0.8552, f_score_non_zero:0.8541, acc2:0.8352, f_score:0.8376
epoch:12, train_loss:0.6372, valid_mse:0.5386, valid_mae:0.5523, test_acc2:0.8385
current mae:0.5588, current corr:0.7453, acc7:0.5143, acc5:0.5316,acc2_non_zero:0.8494, f_score_non_zero:0.8470, acc2:0.8385, f_score:0.8390
epoch:13, train_loss:0.5822, valid_mse:0.5867, valid_mae:0.5837, test_acc2:0.8497
current mae:0.5860, current corr:0.7453, acc7:0.4995, acc5:0.5182,acc2_non_zero:0.8475, f_score_non_zero:0.8427, acc2:0.8497, f_score:0.8468
epoch:14, train_loss:0.5470, valid_mse:0.5866, valid_mae:0.5789, test_acc2:0.8305
current mae:0.5794, current corr:0.7442, acc7:0.5081, acc5:0.5275,acc2_non_zero:0.8552, f_score_non_zero:0.8540, acc2:0.8305, f_score:0.8331
epoch:15, train_loss:0.5100, valid_mse:0.5384, valid_mae:0.5424, test_acc2:0.8208
current mae:0.5523, current corr:0.7430, acc7:0.5255, acc5:0.5438,acc2_non_zero:0.8511, f_score_non_zero:0.8501, acc2:0.8208, f_score:0.8244
epoch:16, train_loss:0.4738, valid_mse:0.5495, valid_mae:0.5541, test_acc2:0.8301
current mae:0.5629, current corr:0.7439, acc7:0.5176, acc5:0.5365,acc2_non_zero:0.8517, f_score_non_zero:0.8499, acc2:0.8301, f_score:0.8321
epoch:17, train_loss:0.4428, valid_mse:0.5319, valid_mae:0.5457, test_acc2:0.8135
current mae:0.5654, current corr:0.7388, acc7:0.5102, acc5:0.5292,acc2_non_zero:0.8483, f_score_non_zero:0.8478, acc2:0.8135, f_score:0.8180
epoch:18, train_loss:0.4236, valid_mse:0.5750, valid_mae:0.5690, test_acc2:0.7919
current mae:0.5744, current corr:0.7434, acc7:0.5044, acc5:0.5257,acc2_non_zero:0.8423, f_score_non_zero:0.8437, acc2:0.7919, f_score:0.8000
epoch:19, train_loss:0.3971, valid_mse:0.5825, valid_mae:0.5814, test_acc2:0.8363
current mae:0.5914, current corr:0.7463, acc7:0.4887, acc5:0.5113,acc2_non_zero:0.8558, f_score_non_zero:0.8545, acc2:0.8363, f_score:0.8384
epoch:20, train_loss:0.3765, valid_mse:0.5485, valid_mae:0.5563, test_acc2:0.8387
current mae:0.5657, current corr:0.7450, acc7:0.5120, acc5:0.5311,acc2_non_zero:0.8517, f_score_non_zero:0.8492, acc2:0.8387, f_score:0.8393
epoch:21, train_loss:0.3497, valid_mse:0.5573, valid_mae:0.5559, test_acc2:0.8212
current mae:0.5681, current corr:0.7421, acc7:0.5076, acc5:0.5285,acc2_non_zero:0.8483, f_score_non_zero:0.8481, acc2:0.8212, f_score:0.8255
epoch:22, train_loss:0.3436, valid_mse:0.5450, valid_mae:0.5542, test_acc2:0.8389
current mae:0.5592, current corr:0.7497, acc7:0.5100, acc5:0.5283,acc2_non_zero:0.8544, f_score_non_zero:0.8521, acc2:0.8389, f_score:0.8397
epoch:23, train_loss:0.3289, valid_mse:0.5373, valid_mae:0.5442, test_acc2:0.8094
current mae:0.5519, current corr:0.7458, acc7:0.5186, acc5:0.5382,acc2_non_zero:0.8481, f_score_non_zero:0.8483, acc2:0.8094, f_score:0.8151
epoch:24, train_loss:0.3133, valid_mse:0.5904, valid_mae:0.5805, test_acc2:0.8176
current mae:0.5848, current corr:0.7488, acc7:0.4952, acc5:0.5163,acc2_non_zero:0.8525, f_score_non_zero:0.8520, acc2:0.8176, f_score:0.8220
epoch:25, train_loss:0.3018, valid_mse:0.5307, valid_mae:0.5454, test_acc2:0.8238
current mae:0.5621, current corr:0.7429, acc7:0.5117, acc5:0.5303,acc2_non_zero:0.8503, f_score_non_zero:0.8497, acc2:0.8238, f_score:0.8276
epoch:26, train_loss:0.2914, valid_mse:0.5351, valid_mae:0.5479, test_acc2:0.8210
current mae:0.5607, current corr:0.7499, acc7:0.5040, acc5:0.5257,acc2_non_zero:0.8500, f_score_non_zero:0.8489, acc2:0.8210, f_score:0.8244
epoch:27, train_loss:0.2816, valid_mse:0.5479, valid_mae:0.5510, test_acc2:0.8283
current mae:0.5628, current corr:0.7487, acc7:0.5120, acc5:0.5320,acc2_non_zero:0.8522, f_score_non_zero:0.8515, acc2:0.8283, f_score:0.8316
epoch:28, train_loss:0.2680, valid_mse:0.5449, valid_mae:0.5531, test_acc2:0.8163
current mae:0.5581, current corr:0.7509, acc7:0.5117, acc5:0.5298,acc2_non_zero:0.8506, f_score_non_zero:0.8504, acc2:0.8163, f_score:0.8211
epoch:29, train_loss:0.2650, valid_mse:0.5493, valid_mae:0.5554, test_acc2:0.7749
current mae:0.5676, current corr:0.7456, acc7:0.5064, acc5:0.5281,acc2_non_zero:0.8337, f_score_non_zero:0.8355, acc2:0.7749, f_score:0.7844
epoch:30, train_loss:0.2612, valid_mse:0.5508, valid_mae:0.5537, test_acc2:0.7767
current mae:0.5673, current corr:0.7486, acc7:0.5070, acc5:0.5264,acc2_non_zero:0.8359, f_score_non_zero:0.8374, acc2:0.7767, f_score:0.7857
epoch:31, train_loss:0.2475, valid_mse:0.5395, valid_mae:0.5518, test_acc2:0.8193
current mae:0.5615, current corr:0.7488, acc7:0.5096, acc5:0.5296,acc2_non_zero:0.8503, f_score_non_zero:0.8499, acc2:0.8193, f_score:0.8236
epoch:32, train_loss:0.2397, valid_mse:0.5467, valid_mae:0.5554, test_acc2:0.8406
current mae:0.5678, current corr:0.7534, acc7:0.5076, acc5:0.5279,acc2_non_zero:0.8564, f_score_non_zero:0.8540, acc2:0.8406, f_score:0.8413
epoch:33, train_loss:0.2346, valid_mse:0.5716, valid_mae:0.5719, test_acc2:0.8070
current mae:0.5880, current corr:0.7470, acc7:0.4898, acc5:0.5130,acc2_non_zero:0.8478, f_score_non_zero:0.8482, acc2:0.8070, f_score:0.8130
epoch:34, train_loss:0.2315, valid_mse:0.5349, valid_mae:0.5464, test_acc2:0.8059
current mae:0.5555, current corr:0.7521, acc7:0.5143, acc5:0.5359,acc2_non_zero:0.8508, f_score_non_zero:0.8511, acc2:0.8059, f_score:0.8121
epoch:35, train_loss:0.2269, valid_mse:0.5223, valid_mae:0.5428, test_acc2:0.8223
current mae:0.5563, current corr:0.7486, acc7:0.5109, acc5:0.5303,acc2_non_zero:0.8519, f_score_non_zero:0.8517, acc2:0.8223, f_score:0.8266
epoch:36, train_loss:0.2253, valid_mse:0.5338, valid_mae:0.5488, test_acc2:0.7982
current mae:0.5610, current corr:0.7482, acc7:0.5139, acc5:0.5322,acc2_non_zero:0.8450, f_score_non_zero:0.8457, acc2:0.7982, f_score:0.8052
epoch:37, train_loss:0.2126, valid_mse:0.5237, valid_mae:0.5455, test_acc2:0.8059
current mae:0.5637, current corr:0.7475, acc7:0.5072, acc5:0.5249,acc2_non_zero:0.8483, f_score_non_zero:0.8486, acc2:0.8059, f_score:0.8120
epoch:38, train_loss:0.2091, valid_mse:0.5434, valid_mae:0.5540, test_acc2:0.8230
current mae:0.5672, current corr:0.7533, acc7:0.4999, acc5:0.5210,acc2_non_zero:0.8522, f_score_non_zero:0.8515, acc2:0.8230, f_score:0.8267
epoch:39, train_loss:0.2059, valid_mse:0.5417, valid_mae:0.5553, test_acc2:0.8221
current mae:0.5633, current corr:0.7484, acc7:0.5083, acc5:0.5281,acc2_non_zero:0.8517, f_score_non_zero:0.8514, acc2:0.8221, f_score:0.8264
epoch:40, train_loss:0.2029, valid_mse:0.5488, valid_mae:0.5602, test_acc2:0.8327
current mae:0.5673, current corr:0.7540, acc7:0.5059, acc5:0.5275,acc2_non_zero:0.8494, f_score_non_zero:0.8476, acc2:0.8327, f_score:0.8343
epoch:41, train_loss:0.1979, valid_mse:0.5404, valid_mae:0.5506, test_acc2:0.8290
current mae:0.5582, current corr:0.7522, acc7:0.5126, acc5:0.5318,acc2_non_zero:0.8533, f_score_non_zero:0.8527, acc2:0.8290, f_score:0.8324
epoch:42, train_loss:0.1942, valid_mse:0.5219, valid_mae:0.5388, test_acc2:0.8189
current mae:0.5473, current corr:0.7552, acc7:0.5247, acc5:0.5434,acc2_non_zero:0.8464, f_score_non_zero:0.8462, acc2:0.8189, f_score:0.8232
epoch:43, train_loss:0.1928, valid_mse:0.5383, valid_mae:0.5496, test_acc2:0.8275
current mae:0.5607, current corr:0.7557, acc7:0.5081, acc5:0.5294,acc2_non_zero:0.8544, f_score_non_zero:0.8534, acc2:0.8275, f_score:0.8306
epoch:44, train_loss:0.1782, valid_mse:0.5277, valid_mae:0.5420, test_acc2:0.7950
current mae:0.5465, current corr:0.7555, acc7:0.5197, acc5:0.5374,acc2_non_zero:0.8461, f_score_non_zero:0.8468, acc2:0.7950, f_score:0.8022
epoch:45, train_loss:0.1799, valid_mse:0.5616, valid_mae:0.5603, test_acc2:0.7898
current mae:0.5672, current corr:0.7523, acc7:0.5126, acc5:0.5337,acc2_non_zero:0.8442, f_score_non_zero:0.8454, acc2:0.7898, f_score:0.7979
epoch:46, train_loss:0.1758, valid_mse:0.5410, valid_mae:0.5515, test_acc2:0.8350
current mae:0.5603, current corr:0.7553, acc7:0.5195, acc5:0.5389,acc2_non_zero:0.8525, f_score_non_zero:0.8509, acc2:0.8350, f_score:0.8368
epoch:47, train_loss:0.1692, valid_mse:0.5527, valid_mae:0.5583, test_acc2:0.8079
current mae:0.5653, current corr:0.7541, acc7:0.5072, acc5:0.5268,acc2_non_zero:0.8489, f_score_non_zero:0.8495, acc2:0.8079, f_score:0.8142
epoch:48, train_loss:0.1733, valid_mse:0.5448, valid_mae:0.5573, test_acc2:0.7950
current mae:0.5679, current corr:0.7518, acc7:0.5092, acc5:0.5296,acc2_non_zero:0.8472, f_score_non_zero:0.8482, acc2:0.7950, f_score:0.8025
epoch:49, train_loss:0.1644, valid_mse:0.5368, valid_mae:0.5532, test_acc2:0.8236
current mae:0.5615, current corr:0.7537, acc7:0.5135, acc5:0.5335,acc2_non_zero:0.8519, f_score_non_zero:0.8517, acc2:0.8236, f_score:0.8277
epoch:50, train_loss:0.1652, valid_mse:0.5134, valid_mae:0.5424, test_acc2:0.8206
current mae:0.5556, current corr:0.7539, acc7:0.5163, acc5:0.5352,acc2_non_zero:0.8586, f_score_non_zero:0.8585, acc2:0.8206, f_score:0.8255
epoch:51, train_loss:0.1624, valid_mse:0.5478, valid_mae:0.5567, test_acc2:0.8098
current mae:0.5716, current corr:0.7527, acc7:0.5087, acc5:0.5316,acc2_non_zero:0.8519, f_score_non_zero:0.8524, acc2:0.8098, f_score:0.8159
epoch:52, train_loss:0.1558, valid_mse:0.5526, valid_mae:0.5624, test_acc2:0.8294
current mae:0.5653, current corr:0.7571, acc7:0.5076, acc5:0.5288,acc2_non_zero:0.8583, f_score_non_zero:0.8574, acc2:0.8294, f_score:0.8327
epoch:53, train_loss:0.1510, valid_mse:0.5279, valid_mae:0.5543, test_acc2:0.8281
current mae:0.5622, current corr:0.7532, acc7:0.5102, acc5:0.5298,acc2_non_zero:0.8500, f_score_non_zero:0.8484, acc2:0.8281, f_score:0.8305
epoch:54, train_loss:0.1550, valid_mse:0.5546, valid_mae:0.5617, test_acc2:0.8059
current mae:0.5744, current corr:0.7529, acc7:0.5020, acc5:0.5234,acc2_non_zero:0.8511, f_score_non_zero:0.8519, acc2:0.8059, f_score:0.8126
epoch:55, train_loss:0.1471, valid_mse:0.5354, valid_mae:0.5483, test_acc2:0.7988
current mae:0.5638, current corr:0.7511, acc7:0.5079, acc5:0.5288,acc2_non_zero:0.8483, f_score_non_zero:0.8494, acc2:0.7988, f_score:0.8062
epoch:56, train_loss:0.1499, valid_mse:0.5315, valid_mae:0.5474, test_acc2:0.8081
current mae:0.5598, current corr:0.7546, acc7:0.5193, acc5:0.5408,acc2_non_zero:0.8486, f_score_non_zero:0.8489, acc2:0.8081, f_score:0.8140
epoch:57, train_loss:0.1427, valid_mse:0.5498, valid_mae:0.5589, test_acc2:0.8062
current mae:0.5740, current corr:0.7496, acc7:0.5029, acc5:0.5255,acc2_non_zero:0.8483, f_score_non_zero:0.8487, acc2:0.8062, f_score:0.8123
epoch:58, train_loss:0.1401, valid_mse:0.5377, valid_mae:0.5528, test_acc2:0.8040
current mae:0.5618, current corr:0.7518, acc7:0.5201, acc5:0.5393,acc2_non_zero:0.8494, f_score_non_zero:0.8497, acc2:0.8040, f_score:0.8103
epoch:59, train_loss:0.1364, valid_mse:0.5624, valid_mae:0.5618, test_acc2:0.8038
current mae:0.5754, current corr:0.7530, acc7:0.5089, acc5:0.5322,acc2_non_zero:0.8497, f_score_non_zero:0.8502, acc2:0.8038, f_score:0.8103
epoch:60, train_loss:0.1359, valid_mse:0.5214, valid_mae:0.5427, test_acc2:0.8072
current mae:0.5592, current corr:0.7503, acc7:0.5137, acc5:0.5356,acc2_non_zero:0.8539, f_score_non_zero:0.8542, acc2:0.8072, f_score:0.8135
epoch:61, train_loss:0.1329, valid_mse:0.5137, valid_mae:0.5417, test_acc2:0.7956
current mae:0.5518, current corr:0.7558, acc7:0.5160, acc5:0.5354,acc2_non_zero:0.8472, f_score_non_zero:0.8481, acc2:0.7956, f_score:0.8031
epoch:62, train_loss:0.1291, valid_mse:0.5385, valid_mae:0.5514, test_acc2:0.8161
current mae:0.5605, current corr:0.7553, acc7:0.5098, acc5:0.5335,acc2_non_zero:0.8519, f_score_non_zero:0.8519, acc2:0.8161, f_score:0.8211
epoch:63, train_loss:0.1233, valid_mse:0.5372, valid_mae:0.5510, test_acc2:0.8075
current mae:0.5626, current corr:0.7542, acc7:0.5085, acc5:0.5300,acc2_non_zero:0.8506, f_score_non_zero:0.8501, acc2:0.8075, f_score:0.8128
epoch:64, train_loss:0.1260, valid_mse:0.5319, valid_mae:0.5475, test_acc2:0.8199
current mae:0.5602, current corr:0.7542, acc7:0.5130, acc5:0.5333,acc2_non_zero:0.8550, f_score_non_zero:0.8546, acc2:0.8199, f_score:0.8244
epoch:65, train_loss:0.1226, valid_mse:0.5269, valid_mae:0.5474, test_acc2:0.8113
current mae:0.5598, current corr:0.7532, acc7:0.5126, acc5:0.5352,acc2_non_zero:0.8530, f_score_non_zero:0.8527, acc2:0.8113, f_score:0.8165
epoch:66, train_loss:0.1187, valid_mse:0.5365, valid_mae:0.5560, test_acc2:0.8372
current mae:0.5663, current corr:0.7576, acc7:0.5027, acc5:0.5249,acc2_non_zero:0.8566, f_score_non_zero:0.8554, acc2:0.8372, f_score:0.8394
epoch:67, train_loss:0.1193, valid_mse:0.5322, valid_mae:0.5463, test_acc2:0.8038
current mae:0.5553, current corr:0.7553, acc7:0.5173, acc5:0.5387,acc2_non_zero:0.8472, f_score_non_zero:0.8478, acc2:0.8038, f_score:0.8103
epoch:68, train_loss:0.1163, valid_mse:0.5140, valid_mae:0.5395, test_acc2:0.8070
current mae:0.5533, current corr:0.7525, acc7:0.5173, acc5:0.5376,acc2_non_zero:0.8511, f_score_non_zero:0.8512, acc2:0.8070, f_score:0.8129
epoch:69, train_loss:0.1204, valid_mse:0.5301, valid_mae:0.5509, test_acc2:0.8096
current mae:0.5612, current corr:0.7507, acc7:0.5135, acc5:0.5350,acc2_non_zero:0.8508, f_score_non_zero:0.8512, acc2:0.8096, f_score:0.8155
epoch:70, train_loss:0.1141, valid_mse:0.5385, valid_mae:0.5554, test_acc2:0.8085
current mae:0.5665, current corr:0.7541, acc7:0.5089, acc5:0.5300,acc2_non_zero:0.8506, f_score_non_zero:0.8508, acc2:0.8085, f_score:0.8145
epoch:71, train_loss:0.1109, valid_mse:0.5406, valid_mae:0.5510, test_acc2:0.8059
current mae:0.5623, current corr:0.7520, acc7:0.5180, acc5:0.5393,acc2_non_zero:0.8483, f_score_non_zero:0.8486, acc2:0.8059, f_score:0.8120
epoch:72, train_loss:0.1099, valid_mse:0.5444, valid_mae:0.5565, test_acc2:0.8182
current mae:0.5689, current corr:0.7479, acc7:0.5089, acc5:0.5298,acc2_non_zero:0.8486, f_score_non_zero:0.8486, acc2:0.8182, f_score:0.8229
epoch:73, train_loss:0.1057, valid_mse:0.5322, valid_mae:0.5487, test_acc2:0.8109
current mae:0.5631, current corr:0.7481, acc7:0.5104, acc5:0.5322,acc2_non_zero:0.8506, f_score_non_zero:0.8509, acc2:0.8109, f_score:0.8167
epoch:74, train_loss:0.1059, valid_mse:0.5445, valid_mae:0.5560, test_acc2:0.8174
current mae:0.5677, current corr:0.7505, acc7:0.5074, acc5:0.5294,acc2_non_zero:0.8530, f_score_non_zero:0.8529, acc2:0.8174, f_score:0.8222
epoch:75, train_loss:0.1029, valid_mse:0.5462, valid_mae:0.5539, test_acc2:0.8001
current mae:0.5632, current corr:0.7498, acc7:0.5219, acc5:0.5440,acc2_non_zero:0.8448, f_score_non_zero:0.8454, acc2:0.8001, f_score:0.8069
epoch:76, train_loss:0.1001, valid_mse:0.5361, valid_mae:0.5572, test_acc2:0.8249
current mae:0.5645, current corr:0.7549, acc7:0.5059, acc5:0.5266,acc2_non_zero:0.8552, f_score_non_zero:0.8543, acc2:0.8249, f_score:0.8284
epoch:77, train_loss:0.0987, valid_mse:0.5314, valid_mae:0.5482, test_acc2:0.8150
current mae:0.5582, current corr:0.7549, acc7:0.5137, acc5:0.5339,acc2_non_zero:0.8486, f_score_non_zero:0.8478, acc2:0.8150, f_score:0.8191
epoch:78, train_loss:0.1007, valid_mse:0.5341, valid_mae:0.5503, test_acc2:0.8139
current mae:0.5541, current corr:0.7532, acc7:0.5219, acc5:0.5423,acc2_non_zero:0.8517, f_score_non_zero:0.8518, acc2:0.8139, f_score:0.8193
epoch:79, train_loss:0.0994, valid_mse:0.5408, valid_mae:0.5551, test_acc2:0.8057
current mae:0.5549, current corr:0.7546, acc7:0.5158, acc5:0.5367,acc2_non_zero:0.8530, f_score_non_zero:0.8533, acc2:0.8057, f_score:0.8120
epoch:80, train_loss:0.0844, valid_mse:0.5353, valid_mae:0.5513, test_acc2:0.8135
current mae:0.5568, current corr:0.7559, acc7:0.5156, acc5:0.5367,acc2_non_zero:0.8528, f_score_non_zero:0.8529, acc2:0.8135, f_score:0.8189
epoch:81, train_loss:0.0826, valid_mse:0.5337, valid_mae:0.5505, test_acc2:0.8107
current mae:0.5598, current corr:0.7557, acc7:0.5115, acc5:0.5337,acc2_non_zero:0.8539, f_score_non_zero:0.8541, acc2:0.8107, f_score:0.8165
epoch:82, train_loss:0.0799, valid_mse:0.5277, valid_mae:0.5480, test_acc2:0.8135
current mae:0.5543, current corr:0.7564, acc7:0.5171, acc5:0.5380,acc2_non_zero:0.8522, f_score_non_zero:0.8522, acc2:0.8135, f_score:0.8188
epoch:83, train_loss:0.0790, valid_mse:0.5291, valid_mae:0.5484, test_acc2:0.8161
current mae:0.5563, current corr:0.7571, acc7:0.5158, acc5:0.5376,acc2_non_zero:0.8536, f_score_non_zero:0.8534, acc2:0.8161, f_score:0.8210
epoch:84, train_loss:0.0765, valid_mse:0.5329, valid_mae:0.5503, test_acc2:0.8178
current mae:0.5565, current corr:0.7565, acc7:0.5156, acc5:0.5374,acc2_non_zero:0.8552, f_score_non_zero:0.8553, acc2:0.8178, f_score:0.8229
epoch:85, train_loss:0.0761, valid_mse:0.5324, valid_mae:0.5510, test_acc2:0.8208
current mae:0.5572, current corr:0.7562, acc7:0.5148, acc5:0.5367,acc2_non_zero:0.8555, f_score_non_zero:0.8554, acc2:0.8208, f_score:0.8255
epoch:86, train_loss:0.0754, valid_mse:0.5262, valid_mae:0.5479, test_acc2:0.8137
current mae:0.5550, current corr:0.7559, acc7:0.5165, acc5:0.5378,acc2_non_zero:0.8541, f_score_non_zero:0.8543, acc2:0.8137, f_score:0.8192
epoch:87, train_loss:0.0748, valid_mse:0.5270, valid_mae:0.5470, test_acc2:0.8154
current mae:0.5522, current corr:0.7567, acc7:0.5204, acc5:0.5417,acc2_non_zero:0.8547, f_score_non_zero:0.8548, acc2:0.8154, f_score:0.8207
epoch:88, train_loss:0.0746, valid_mse:0.5298, valid_mae:0.5497, test_acc2:0.8118
current mae:0.5573, current corr:0.7562, acc7:0.5152, acc5:0.5369,acc2_non_zero:0.8522, f_score_non_zero:0.8523, acc2:0.8118, f_score:0.8173
epoch:89, train_loss:0.0732, valid_mse:0.5316, valid_mae:0.5504, test_acc2:0.8141
current mae:0.5576, current corr:0.7563, acc7:0.5139, acc5:0.5356,acc2_non_zero:0.8544, f_score_non_zero:0.8544, acc2:0.8141, f_score:0.8195
epoch:90, train_loss:0.0728, valid_mse:0.5277, valid_mae:0.5487, test_acc2:0.8124
current mae:0.5549, current corr:0.7564, acc7:0.5184, acc5:0.5400,acc2_non_zero:0.8530, f_score_non_zero:0.8532, acc2:0.8124, f_score:0.8180
epoch:91, train_loss:0.0713, valid_mse:0.5297, valid_mae:0.5485, test_acc2:0.8152
current mae:0.5549, current corr:0.7571, acc7:0.5176, acc5:0.5393,acc2_non_zero:0.8550, f_score_non_zero:0.8550, acc2:0.8152, f_score:0.8205
epoch:92, train_loss:0.0722, valid_mse:0.5266, valid_mae:0.5484, test_acc2:0.8176
current mae:0.5555, current corr:0.7576, acc7:0.5143, acc5:0.5361,acc2_non_zero:0.8555, f_score_non_zero:0.8552, acc2:0.8176, f_score:0.8224
epoch:93, train_loss:0.0714, valid_mse:0.5238, valid_mae:0.5452, test_acc2:0.8232
current mae:0.5551, current corr:0.7574, acc7:0.5165, acc5:0.5384,acc2_non_zero:0.8558, f_score_non_zero:0.8555, acc2:0.8232, f_score:0.8275
epoch:94, train_loss:0.0695, valid_mse:0.5298, valid_mae:0.5488, test_acc2:0.8191
current mae:0.5575, current corr:0.7570, acc7:0.5152, acc5:0.5374,acc2_non_zero:0.8555, f_score_non_zero:0.8554, acc2:0.8191, f_score:0.8239
epoch:95, train_loss:0.0696, valid_mse:0.5263, valid_mae:0.5477, test_acc2:0.8202
current mae:0.5550, current corr:0.7565, acc7:0.5158, acc5:0.5372,acc2_non_zero:0.8564, f_score_non_zero:0.8562, acc2:0.8202, f_score:0.8249
epoch:96, train_loss:0.0694, valid_mse:0.5255, valid_mae:0.5458, test_acc2:0.8148
current mae:0.5540, current corr:0.7568, acc7:0.5154, acc5:0.5369,acc2_non_zero:0.8552, f_score_non_zero:0.8553, acc2:0.8148, f_score:0.8201
epoch:97, train_loss:0.0685, valid_mse:0.5296, valid_mae:0.5493, test_acc2:0.8178
current mae:0.5556, current corr:0.7573, acc7:0.5132, acc5:0.5350,acc2_non_zero:0.8547, f_score_non_zero:0.8546, acc2:0.8178, f_score:0.8227
epoch:98, train_loss:0.0682, valid_mse:0.5383, valid_mae:0.5539, test_acc2:0.8141
current mae:0.5569, current corr:0.7571, acc7:0.5128, acc5:0.5344,acc2_non_zero:0.8552, f_score_non_zero:0.8553, acc2:0.8141, f_score:0.8195
epoch:99, train_loss:0.0680, valid_mse:0.5255, valid_mae:0.5485, test_acc2:0.8180
current mae:0.5550, current corr:0.7566, acc7:0.5160, acc5:0.5372,acc2_non_zero:0.8558, f_score_non_zero:0.8558, acc2:0.8180, f_score:0.8231
Loading best model from epoch 1 by valid_mae=0.5311 for analysis export.
Analysis files exported to: /data01/lyw/GLoMo/experiments/mosei_baseline_valmae_seed42/analysis
  predictions: /data01/lyw/GLoMo/experiments/mosei_baseline_valmae_seed42/analysis/predictions.csv
  repr: /data01/lyw/GLoMo/experiments/mosei_baseline_valmae_seed42/analysis/repr.npz
  repr meta: /data01/lyw/GLoMo/experiments/mosei_baseline_valmae_seed42/analysis/repr_meta.json
  cases: /data01/lyw/GLoMo/experiments/mosei_baseline_valmae_seed42/analysis/cases.csv
Metrics summary saved to: /data01/lyw/GLoMo/experiments/mosei_baseline_valmae_seed42/metrics.json
Total runtime: 7400606.564283371 ms
