Using device: cuda:0, visible GPUs: 1
GPU name: NVIDIA GeForce RTX 3090
Seed: 2027
Command script saved to: /data01/lyw/GLoMo/experiments/mosi_ours_valmae_seed2027/command.sh
train labels: n=1281 min=-3.000 max=3.000 mean=0.235 std=1.509
dev labels: n=229 min=-3.000 max=3.000 mean=0.310 std=1.649
test labels: n=685 min=-3.000 max=3.000 mean=-0.315 std=1.588
BERT load: missing=3 unexpected=10
BERT missing keys (first 5): ['linear1.weight', 'linear1.bias', 'proj_l.weight']
BERT unexpected keys (first 5): ['pooler.dense.weight', 'pooler.dense.bias', 'cls.predictions.bias', 'cls.predictions.transform.dense.weight', 'cls.predictions.transform.dense.bias']
conv audio std 0.03908400237560272
conv video std 0.048098400235176086
total parameter for the model:  111150839
epoch:0, train_loss:3.3339, valid_mse:2.7820, valid_mae:1.4295, test_acc2:0.4905
current mae:1.4178, current corr:0.2231, acc7:0.1547, acc5:0.1547,acc2_non_zero:0.4687, f_score_non_zero:0.3602, acc2:0.4905, f_score:0.3813
Saved best model at epoch 0 by valid_mae=1.4295 -> /data01/lyw/GLoMo/experiments/mosi_ours_valmae_seed2027/best_model.pt
epoch:1, train_loss:3.2660, valid_mse:2.6642, valid_mae:1.3939, test_acc2:0.5679
current mae:1.4046, current corr:0.4824, acc7:0.1547, acc5:0.1547,acc2_non_zero:0.5588, f_score_non_zero:0.5266, acc2:0.5679, f_score:0.5347
Saved best model at epoch 1 by valid_mae=1.3939 -> /data01/lyw/GLoMo/experiments/mosi_ours_valmae_seed2027/best_model.pt
epoch:2, train_loss:3.2348, valid_mse:2.6226, valid_mae:1.3805, test_acc2:0.7912
current mae:1.3810, current corr:0.6590, acc7:0.1547, acc5:0.1547,acc2_non_zero:0.8092, f_score_non_zero:0.8073, acc2:0.7912, f_score:0.7885
Saved best model at epoch 2 by valid_mae=1.3805 -> /data01/lyw/GLoMo/experiments/mosi_ours_valmae_seed2027/best_model.pt
epoch:3, train_loss:3.2020, valid_mse:2.5853, valid_mae:1.3756, test_acc2:0.7942
current mae:1.3708, current corr:0.6868, acc7:0.1547, acc5:0.1547,acc2_non_zero:0.8107, f_score_non_zero:0.8108, acc2:0.7942, f_score:0.7936
Saved best model at epoch 3 by valid_mae=1.3756 -> /data01/lyw/GLoMo/experiments/mosi_ours_valmae_seed2027/best_model.pt
epoch:4, train_loss:3.1809, valid_mse:2.5070, valid_mae:1.3483, test_acc2:0.8161
current mae:1.3524, current corr:0.6914, acc7:0.1547, acc5:0.1547,acc2_non_zero:0.8397, f_score_non_zero:0.8370, acc2:0.8161, f_score:0.8122
Saved best model at epoch 4 by valid_mae=1.3483 -> /data01/lyw/GLoMo/experiments/mosi_ours_valmae_seed2027/best_model.pt
epoch:5, train_loss:3.1331, valid_mse:2.4534, valid_mae:1.3350, test_acc2:0.8088
current mae:1.3282, current corr:0.6983, acc7:0.1547, acc5:0.1547,acc2_non_zero:0.8351, f_score_non_zero:0.8320, acc2:0.8088, f_score:0.8043
Saved best model at epoch 5 by valid_mae=1.3350 -> /data01/lyw/GLoMo/experiments/mosi_ours_valmae_seed2027/best_model.pt
epoch:6, train_loss:3.0844, valid_mse:2.3655, valid_mae:1.3079, test_acc2:0.8175
current mae:1.3039, current corr:0.6923, acc7:0.1547, acc5:0.1547,acc2_non_zero:0.8412, f_score_non_zero:0.8383, acc2:0.8175, f_score:0.8134
Saved best model at epoch 6 by valid_mae=1.3079 -> /data01/lyw/GLoMo/experiments/mosi_ours_valmae_seed2027/best_model.pt
epoch:7, train_loss:3.0445, valid_mse:2.2793, valid_mae:1.2835, test_acc2:0.7942
current mae:1.2894, current corr:0.6579, acc7:0.1547, acc5:0.1547,acc2_non_zero:0.8092, f_score_non_zero:0.8103, acc2:0.7942, f_score:0.7947
Saved best model at epoch 7 by valid_mae=1.2835 -> /data01/lyw/GLoMo/experiments/mosi_ours_valmae_seed2027/best_model.pt
epoch:8, train_loss:2.9981, valid_mse:2.1730, valid_mae:1.2507, test_acc2:0.7854
current mae:1.2765, current corr:0.6517, acc7:0.1547, acc5:0.1547,acc2_non_zero:0.8000, f_score_non_zero:0.8008, acc2:0.7854, f_score:0.7856
Saved best model at epoch 8 by valid_mae=1.2507 -> /data01/lyw/GLoMo/experiments/mosi_ours_valmae_seed2027/best_model.pt
epoch:9, train_loss:2.9631, valid_mse:2.1261, valid_mae:1.2380, test_acc2:0.8044
current mae:1.2433, current corr:0.6733, acc7:0.1547, acc5:0.1547,acc2_non_zero:0.8229, f_score_non_zero:0.8239, acc2:0.8044, f_score:0.8048
Saved best model at epoch 9 by valid_mae=1.2380 -> /data01/lyw/GLoMo/experiments/mosi_ours_valmae_seed2027/best_model.pt
epoch:10, train_loss:2.9338, valid_mse:2.0925, valid_mae:1.2240, test_acc2:0.8234
current mae:1.2153, current corr:0.6899, acc7:0.1547, acc5:0.1547,acc2_non_zero:0.8427, f_score_non_zero:0.8427, acc2:0.8234, f_score:0.8227
Saved best model at epoch 10 by valid_mae=1.2240 -> /data01/lyw/GLoMo/experiments/mosi_ours_valmae_seed2027/best_model.pt
epoch:11, train_loss:2.8939, valid_mse:2.0862, valid_mae:1.2153, test_acc2:0.8204
current mae:1.1973, current corr:0.6933, acc7:0.1547, acc5:0.1547,acc2_non_zero:0.8412, f_score_non_zero:0.8405, acc2:0.8204, f_score:0.8190
Saved best model at epoch 11 by valid_mae=1.2153 -> /data01/lyw/GLoMo/experiments/mosi_ours_valmae_seed2027/best_model.pt
epoch:12, train_loss:2.8411, valid_mse:2.0103, valid_mae:1.1973, test_acc2:0.8102
current mae:1.1835, current corr:0.6972, acc7:0.1635, acc5:0.1635,acc2_non_zero:0.8321, f_score_non_zero:0.8314, acc2:0.8102, f_score:0.8087
Saved best model at epoch 12 by valid_mae=1.1973 -> /data01/lyw/GLoMo/experiments/mosi_ours_valmae_seed2027/best_model.pt
epoch:13, train_loss:2.7943, valid_mse:1.9817, valid_mae:1.1909, test_acc2:0.8175
current mae:1.1583, current corr:0.7108, acc7:0.2175, acc5:0.2175,acc2_non_zero:0.8412, f_score_non_zero:0.8405, acc2:0.8175, f_score:0.8159
Saved best model at epoch 13 by valid_mae=1.1909 -> /data01/lyw/GLoMo/experiments/mosi_ours_valmae_seed2027/best_model.pt
epoch:14, train_loss:2.7695, valid_mse:1.9665, valid_mae:1.1866, test_acc2:0.8102
current mae:1.1442, current corr:0.6993, acc7:0.2146, acc5:0.2146,acc2_non_zero:0.8351, f_score_non_zero:0.8325, acc2:0.8102, f_score:0.8064
Saved best model at epoch 14 by valid_mae=1.1866 -> /data01/lyw/GLoMo/experiments/mosi_ours_valmae_seed2027/best_model.pt
epoch:15, train_loss:2.7417, valid_mse:1.8534, valid_mae:1.1463, test_acc2:0.8190
current mae:1.1201, current corr:0.7078, acc7:0.2204, acc5:0.2204,acc2_non_zero:0.8473, f_score_non_zero:0.8449, acc2:0.8190, f_score:0.8152
Saved best model at epoch 15 by valid_mae=1.1463 -> /data01/lyw/GLoMo/experiments/mosi_ours_valmae_seed2027/best_model.pt
epoch:16, train_loss:2.6875, valid_mse:1.8020, valid_mae:1.1278, test_acc2:0.8088
current mae:1.1105, current corr:0.7212, acc7:0.2467, acc5:0.2467,acc2_non_zero:0.8305, f_score_non_zero:0.8301, acc2:0.8088, f_score:0.8076
Saved best model at epoch 16 by valid_mae=1.1278 -> /data01/lyw/GLoMo/experiments/mosi_ours_valmae_seed2027/best_model.pt
epoch:17, train_loss:2.6484, valid_mse:1.7973, valid_mae:1.1316, test_acc2:0.8117
current mae:1.0882, current corr:0.7170, acc7:0.3109, acc5:0.3109,acc2_non_zero:0.8351, f_score_non_zero:0.8340, acc2:0.8117, f_score:0.8097
epoch:18, train_loss:2.6055, valid_mse:1.7397, valid_mae:1.1089, test_acc2:0.8117
current mae:1.0675, current corr:0.7205, acc7:0.3182, acc5:0.3182,acc2_non_zero:0.8351, f_score_non_zero:0.8340, acc2:0.8117, f_score:0.8097
Saved best model at epoch 18 by valid_mae=1.1089 -> /data01/lyw/GLoMo/experiments/mosi_ours_valmae_seed2027/best_model.pt
epoch:19, train_loss:2.5562, valid_mse:1.6949, valid_mae:1.0824, test_acc2:0.8073
current mae:1.0599, current corr:0.7028, acc7:0.3197, acc5:0.3197,acc2_non_zero:0.8244, f_score_non_zero:0.8244, acc2:0.8073, f_score:0.8066
Saved best model at epoch 19 by valid_mae=1.0824 -> /data01/lyw/GLoMo/experiments/mosi_ours_valmae_seed2027/best_model.pt
epoch:20, train_loss:2.5007, valid_mse:1.6637, valid_mae:1.0796, test_acc2:0.8015
current mae:1.0384, current corr:0.7118, acc7:0.3051, acc5:0.3051,acc2_non_zero:0.8275, f_score_non_zero:0.8255, acc2:0.8015, f_score:0.7982
Saved best model at epoch 20 by valid_mae=1.0796 -> /data01/lyw/GLoMo/experiments/mosi_ours_valmae_seed2027/best_model.pt
epoch:21, train_loss:2.4623, valid_mse:1.5636, valid_mae:1.0443, test_acc2:0.8044
current mae:1.0180, current corr:0.7042, acc7:0.3212, acc5:0.3212,acc2_non_zero:0.8275, f_score_non_zero:0.8270, acc2:0.8044, f_score:0.8030
Saved best model at epoch 21 by valid_mae=1.0443 -> /data01/lyw/GLoMo/experiments/mosi_ours_valmae_seed2027/best_model.pt
epoch:22, train_loss:2.4149, valid_mse:1.5397, valid_mae:1.0221, test_acc2:0.8204
current mae:0.9965, current corr:0.7276, acc7:0.3241, acc5:0.3241,acc2_non_zero:0.8397, f_score_non_zero:0.8389, acc2:0.8204, f_score:0.8190
Saved best model at epoch 22 by valid_mae=1.0221 -> /data01/lyw/GLoMo/experiments/mosi_ours_valmae_seed2027/best_model.pt
epoch:23, train_loss:2.3684, valid_mse:1.5314, valid_mae:1.0249, test_acc2:0.8015
current mae:0.9840, current corr:0.7317, acc7:0.3080, acc5:0.3080,acc2_non_zero:0.8290, f_score_non_zero:0.8272, acc2:0.8015, f_score:0.7983
epoch:24, train_loss:2.3363, valid_mse:1.5475, valid_mae:1.0331, test_acc2:0.7898
current mae:0.9646, current corr:0.7314, acc7:0.3197, acc5:0.3197,acc2_non_zero:0.8229, f_score_non_zero:0.8176, acc2:0.7898, f_score:0.7819
epoch:25, train_loss:2.2751, valid_mse:1.4049, valid_mae:0.9684, test_acc2:0.8073
current mae:0.9512, current corr:0.7107, acc7:0.3270, acc5:0.3270,acc2_non_zero:0.8321, f_score_non_zero:0.8315, acc2:0.8073, f_score:0.8058
Saved best model at epoch 25 by valid_mae=0.9684 -> /data01/lyw/GLoMo/experiments/mosi_ours_valmae_seed2027/best_model.pt
epoch:26, train_loss:2.2292, valid_mse:1.4179, valid_mae:0.9768, test_acc2:0.8015
current mae:0.9387, current corr:0.7220, acc7:0.3182, acc5:0.3182,acc2_non_zero:0.8260, f_score_non_zero:0.8237, acc2:0.8015, f_score:0.7980
epoch:27, train_loss:2.1974, valid_mse:1.3909, valid_mae:0.9566, test_acc2:0.8131
current mae:0.9304, current corr:0.6865, acc7:0.3212, acc5:0.3212,acc2_non_zero:0.8336, f_score_non_zero:0.8335, acc2:0.8131, f_score:0.8124
Saved best model at epoch 27 by valid_mae=0.9566 -> /data01/lyw/GLoMo/experiments/mosi_ours_valmae_seed2027/best_model.pt
epoch:28, train_loss:2.1461, valid_mse:1.3447, valid_mae:0.9330, test_acc2:0.8117
current mae:0.8920, current corr:0.7238, acc7:0.3182, acc5:0.3182,acc2_non_zero:0.8366, f_score_non_zero:0.8357, acc2:0.8117, f_score:0.8098
Saved best model at epoch 28 by valid_mae=0.9330 -> /data01/lyw/GLoMo/experiments/mosi_ours_valmae_seed2027/best_model.pt
epoch:29, train_loss:2.1146, valid_mse:1.2694, valid_mae:0.8977, test_acc2:0.8044
current mae:0.9066, current corr:0.7120, acc7:0.3182, acc5:0.3182,acc2_non_zero:0.8229, f_score_non_zero:0.8236, acc2:0.8044, f_score:0.8045
Saved best model at epoch 29 by valid_mae=0.8977 -> /data01/lyw/GLoMo/experiments/mosi_ours_valmae_seed2027/best_model.pt
epoch:30, train_loss:2.0794, valid_mse:1.3469, valid_mae:0.9317, test_acc2:0.8058
current mae:0.8712, current corr:0.7353, acc7:0.3182, acc5:0.3182,acc2_non_zero:0.8321, f_score_non_zero:0.8310, acc2:0.8058, f_score:0.8036
epoch:31, train_loss:2.0293, valid_mse:1.2317, valid_mae:0.8874, test_acc2:0.7985
current mae:0.8833, current corr:0.7399, acc7:0.3036, acc5:0.3036,acc2_non_zero:0.8244, f_score_non_zero:0.8238, acc2:0.7985, f_score:0.7968
Saved best model at epoch 31 by valid_mae=0.8874 -> /data01/lyw/GLoMo/experiments/mosi_ours_valmae_seed2027/best_model.pt
epoch:32, train_loss:2.0009, valid_mse:1.2497, valid_mae:0.8798, test_acc2:0.8015
current mae:0.8502, current corr:0.7310, acc7:0.3285, acc5:0.3285,acc2_non_zero:0.8305, f_score_non_zero:0.8296, acc2:0.8015, f_score:0.7993
Saved best model at epoch 32 by valid_mae=0.8798 -> /data01/lyw/GLoMo/experiments/mosi_ours_valmae_seed2027/best_model.pt
epoch:33, train_loss:1.9704, valid_mse:1.2822, valid_mae:0.8771, test_acc2:0.8175
current mae:0.8276, current corr:0.7383, acc7:0.3328, acc5:0.3328,acc2_non_zero:0.8397, f_score_non_zero:0.8396, acc2:0.8175, f_score:0.8167
Saved best model at epoch 33 by valid_mae=0.8771 -> /data01/lyw/GLoMo/experiments/mosi_ours_valmae_seed2027/best_model.pt
epoch:34, train_loss:1.9253, valid_mse:1.2515, valid_mae:0.8595, test_acc2:0.8102
current mae:0.8467, current corr:0.7260, acc7:0.3504, acc5:0.3752,acc2_non_zero:0.8275, f_score_non_zero:0.8278, acc2:0.8102, f_score:0.8100
Saved best model at epoch 34 by valid_mae=0.8595 -> /data01/lyw/GLoMo/experiments/mosi_ours_valmae_seed2027/best_model.pt
epoch:35, train_loss:1.8966, valid_mse:1.1904, valid_mae:0.8377, test_acc2:0.8102
current mae:0.8260, current corr:0.7255, acc7:0.3679, acc5:0.3942,acc2_non_zero:0.8321, f_score_non_zero:0.8319, acc2:0.8102, f_score:0.8093
Saved best model at epoch 35 by valid_mae=0.8377 -> /data01/lyw/GLoMo/experiments/mosi_ours_valmae_seed2027/best_model.pt
epoch:36, train_loss:1.8580, valid_mse:1.0950, valid_mae:0.8108, test_acc2:0.8102
current mae:0.8161, current corr:0.7436, acc7:0.3679, acc5:0.3942,acc2_non_zero:0.8305, f_score_non_zero:0.8304, acc2:0.8102, f_score:0.8094
Saved best model at epoch 36 by valid_mae=0.8108 -> /data01/lyw/GLoMo/experiments/mosi_ours_valmae_seed2027/best_model.pt
epoch:37, train_loss:1.8313, valid_mse:1.1060, valid_mae:0.8096, test_acc2:0.8044
current mae:0.7959, current corr:0.7447, acc7:0.3620, acc5:0.3912,acc2_non_zero:0.8336, f_score_non_zero:0.8321, acc2:0.8044, f_score:0.8015
Saved best model at epoch 37 by valid_mae=0.8096 -> /data01/lyw/GLoMo/experiments/mosi_ours_valmae_seed2027/best_model.pt
epoch:38, train_loss:1.8143, valid_mse:1.2684, valid_mae:0.8465, test_acc2:0.8029
current mae:0.8094, current corr:0.7389, acc7:0.4161, acc5:0.4759,acc2_non_zero:0.8336, f_score_non_zero:0.8304, acc2:0.8029, f_score:0.7979
epoch:39, train_loss:1.7837, valid_mse:1.2620, valid_mae:0.8364, test_acc2:0.8088
current mae:0.8086, current corr:0.7369, acc7:0.4307, acc5:0.4949,acc2_non_zero:0.8305, f_score_non_zero:0.8295, acc2:0.8088, f_score:0.8068
epoch:40, train_loss:1.7619, valid_mse:1.1509, valid_mae:0.7973, test_acc2:0.8029
current mae:0.8072, current corr:0.7408, acc7:0.4380, acc5:0.5153,acc2_non_zero:0.8244, f_score_non_zero:0.8245, acc2:0.8029, f_score:0.8022
Saved best model at epoch 40 by valid_mae=0.7973 -> /data01/lyw/GLoMo/experiments/mosi_ours_valmae_seed2027/best_model.pt
epoch:41, train_loss:1.7489, valid_mse:1.1118, valid_mae:0.7907, test_acc2:0.8088
current mae:0.8314, current corr:0.7254, acc7:0.4234, acc5:0.4891,acc2_non_zero:0.8321, f_score_non_zero:0.8313, acc2:0.8088, f_score:0.8071
Saved best model at epoch 41 by valid_mae=0.7907 -> /data01/lyw/GLoMo/experiments/mosi_ours_valmae_seed2027/best_model.pt
epoch:42, train_loss:1.7123, valid_mse:1.1952, valid_mae:0.8047, test_acc2:0.7956
current mae:0.8206, current corr:0.7325, acc7:0.4234, acc5:0.5051,acc2_non_zero:0.8137, f_score_non_zero:0.8139, acc2:0.7956, f_score:0.7951
epoch:43, train_loss:1.6969, valid_mse:1.1435, valid_mae:0.8022, test_acc2:0.8058
current mae:0.8100, current corr:0.7372, acc7:0.4263, acc5:0.4949,acc2_non_zero:0.8290, f_score_non_zero:0.8280, acc2:0.8058, f_score:0.8039
epoch:44, train_loss:1.6570, valid_mse:1.1866, valid_mae:0.7968, test_acc2:0.8102
current mae:0.7872, current corr:0.7538, acc7:0.4409, acc5:0.5124,acc2_non_zero:0.8305, f_score_non_zero:0.8301, acc2:0.8102, f_score:0.8091
epoch:45, train_loss:1.6269, valid_mse:1.1433, valid_mae:0.7986, test_acc2:0.8073
current mae:0.7765, current corr:0.7521, acc7:0.4394, acc5:0.5051,acc2_non_zero:0.8290, f_score_non_zero:0.8276, acc2:0.8073, f_score:0.8050
epoch:46, train_loss:1.6307, valid_mse:1.1427, valid_mae:0.7954, test_acc2:0.7956
current mae:0.7935, current corr:0.7457, acc7:0.4234, acc5:0.4847,acc2_non_zero:0.8229, f_score_non_zero:0.8205, acc2:0.7956, f_score:0.7917
epoch:47, train_loss:1.6092, valid_mse:1.1940, valid_mae:0.8165, test_acc2:0.7942
current mae:0.7899, current corr:0.7434, acc7:0.4234, acc5:0.4876,acc2_non_zero:0.8229, f_score_non_zero:0.8200, acc2:0.7942, f_score:0.7895
epoch:48, train_loss:1.6160, valid_mse:1.1571, valid_mae:0.8085, test_acc2:0.7898
current mae:0.8089, current corr:0.7371, acc7:0.4307, acc5:0.4876,acc2_non_zero:0.8214, f_score_non_zero:0.8170, acc2:0.7898, f_score:0.7832
epoch:49, train_loss:1.5719, valid_mse:1.0506, valid_mae:0.7705, test_acc2:0.8000
current mae:0.7781, current corr:0.7506, acc7:0.4350, acc5:0.4993,acc2_non_zero:0.8260, f_score_non_zero:0.8244, acc2:0.8000, f_score:0.7973
Saved best model at epoch 49 by valid_mae=0.7705 -> /data01/lyw/GLoMo/experiments/mosi_ours_valmae_seed2027/best_model.pt
epoch:50, train_loss:1.5528, valid_mse:1.1465, valid_mae:0.7894, test_acc2:0.7985
current mae:0.7896, current corr:0.7431, acc7:0.4263, acc5:0.4876,acc2_non_zero:0.8229, f_score_non_zero:0.8216, acc2:0.7985, f_score:0.7962
epoch:51, train_loss:1.5177, valid_mse:1.0732, valid_mae:0.7607, test_acc2:0.8029
current mae:0.7863, current corr:0.7581, acc7:0.4467, acc5:0.5095,acc2_non_zero:0.8214, f_score_non_zero:0.8217, acc2:0.8029, f_score:0.8025
Saved best model at epoch 51 by valid_mae=0.7607 -> /data01/lyw/GLoMo/experiments/mosi_ours_valmae_seed2027/best_model.pt
epoch:52, train_loss:1.5146, valid_mse:1.0025, valid_mae:0.7323, test_acc2:0.8044
current mae:0.7927, current corr:0.7541, acc7:0.4365, acc5:0.5022,acc2_non_zero:0.8229, f_score_non_zero:0.8231, acc2:0.8044, f_score:0.8039
Saved best model at epoch 52 by valid_mae=0.7323 -> /data01/lyw/GLoMo/experiments/mosi_ours_valmae_seed2027/best_model.pt
epoch:53, train_loss:1.4899, valid_mse:1.0858, valid_mae:0.7493, test_acc2:0.7971
current mae:0.8048, current corr:0.7480, acc7:0.4380, acc5:0.5066,acc2_non_zero:0.8122, f_score_non_zero:0.8132, acc2:0.7971, f_score:0.7974
epoch:54, train_loss:1.4704, valid_mse:1.1414, valid_mae:0.7637, test_acc2:0.8015
current mae:0.7955, current corr:0.7460, acc7:0.4453, acc5:0.5124,acc2_non_zero:0.8198, f_score_non_zero:0.8201, acc2:0.8015, f_score:0.8010
epoch:55, train_loss:1.4566, valid_mse:1.0725, valid_mae:0.7412, test_acc2:0.8029
current mae:0.7894, current corr:0.7416, acc7:0.4394, acc5:0.5080,acc2_non_zero:0.8229, f_score_non_zero:0.8231, acc2:0.8029, f_score:0.8024
epoch:56, train_loss:1.4168, valid_mse:1.0604, valid_mae:0.7439, test_acc2:0.7971
current mae:0.7866, current corr:0.7404, acc7:0.4438, acc5:0.5095,acc2_non_zero:0.8168, f_score_non_zero:0.8165, acc2:0.7971, f_score:0.7960
epoch:57, train_loss:1.4150, valid_mse:1.0932, valid_mae:0.7492, test_acc2:0.8073
current mae:0.7766, current corr:0.7506, acc7:0.4511, acc5:0.5212,acc2_non_zero:0.8260, f_score_non_zero:0.8258, acc2:0.8073, f_score:0.8064
epoch:58, train_loss:1.3935, valid_mse:1.2631, valid_mae:0.7964, test_acc2:0.8088
current mae:0.8012, current corr:0.7406, acc7:0.4453, acc5:0.5168,acc2_non_zero:0.8244, f_score_non_zero:0.8246, acc2:0.8088, f_score:0.8084
epoch:59, train_loss:1.3926, valid_mse:1.1880, valid_mae:0.7710, test_acc2:0.8029
current mae:0.8072, current corr:0.7383, acc7:0.4496, acc5:0.5182,acc2_non_zero:0.8198, f_score_non_zero:0.8198, acc2:0.8029, f_score:0.8023
epoch:60, train_loss:1.3716, valid_mse:1.1307, valid_mae:0.7539, test_acc2:0.8161
current mae:0.7648, current corr:0.7581, acc7:0.4511, acc5:0.5197,acc2_non_zero:0.8366, f_score_non_zero:0.8357, acc2:0.8161, f_score:0.8144
epoch:61, train_loss:1.3426, valid_mse:1.1850, valid_mae:0.7772, test_acc2:0.8131
current mae:0.7784, current corr:0.7508, acc7:0.4190, acc5:0.4891,acc2_non_zero:0.8336, f_score_non_zero:0.8330, acc2:0.8131, f_score:0.8118
epoch:62, train_loss:1.3302, valid_mse:1.0036, valid_mae:0.7245, test_acc2:0.8102
current mae:0.7833, current corr:0.7524, acc7:0.4365, acc5:0.5007,acc2_non_zero:0.8290, f_score_non_zero:0.8291, acc2:0.8102, f_score:0.8096
Saved best model at epoch 62 by valid_mae=0.7245 -> /data01/lyw/GLoMo/experiments/mosi_ours_valmae_seed2027/best_model.pt
epoch:63, train_loss:1.3177, valid_mse:1.0470, valid_mae:0.7353, test_acc2:0.8073
current mae:0.7921, current corr:0.7483, acc7:0.4423, acc5:0.5080,acc2_non_zero:0.8260, f_score_non_zero:0.8260, acc2:0.8073, f_score:0.8067
epoch:64, train_loss:1.2965, valid_mse:1.0812, valid_mae:0.7540, test_acc2:0.8146
current mae:0.7837, current corr:0.7522, acc7:0.4336, acc5:0.5022,acc2_non_zero:0.8321, f_score_non_zero:0.8317, acc2:0.8146, f_score:0.8136
epoch:65, train_loss:1.2904, valid_mse:1.0265, valid_mae:0.7332, test_acc2:0.8117
current mae:0.7832, current corr:0.7492, acc7:0.4350, acc5:0.5022,acc2_non_zero:0.8275, f_score_non_zero:0.8279, acc2:0.8117, f_score:0.8115
epoch:66, train_loss:1.2836, valid_mse:1.1110, valid_mae:0.7570, test_acc2:0.8161
current mae:0.7677, current corr:0.7602, acc7:0.4423, acc5:0.5109,acc2_non_zero:0.8336, f_score_non_zero:0.8335, acc2:0.8161, f_score:0.8154
epoch:67, train_loss:1.2541, valid_mse:1.1142, valid_mae:0.7491, test_acc2:0.8131
current mae:0.7632, current corr:0.7557, acc7:0.4409, acc5:0.5066,acc2_non_zero:0.8305, f_score_non_zero:0.8305, acc2:0.8131, f_score:0.8125
epoch:68, train_loss:1.2497, valid_mse:1.1804, valid_mae:0.7628, test_acc2:0.8204
current mae:0.7912, current corr:0.7451, acc7:0.4350, acc5:0.5066,acc2_non_zero:0.8397, f_score_non_zero:0.8393, acc2:0.8204, f_score:0.8194
epoch:69, train_loss:1.2358, valid_mse:1.1727, valid_mae:0.7692, test_acc2:0.8131
current mae:0.7803, current corr:0.7522, acc7:0.4438, acc5:0.5153,acc2_non_zero:0.8321, f_score_non_zero:0.8321, acc2:0.8131, f_score:0.8125
Loading best model from epoch 62 by valid_mae=0.7245 for analysis export.
Analysis files exported to: /data01/lyw/GLoMo/experiments/mosi_ours_valmae_seed2027/analysis
  predictions: /data01/lyw/GLoMo/experiments/mosi_ours_valmae_seed2027/analysis/predictions.csv
  repr: /data01/lyw/GLoMo/experiments/mosi_ours_valmae_seed2027/analysis/repr.npz
  repr meta: /data01/lyw/GLoMo/experiments/mosi_ours_valmae_seed2027/analysis/repr_meta.json
  cases: /data01/lyw/GLoMo/experiments/mosi_ours_valmae_seed2027/analysis/cases.csv
Metrics summary saved to: /data01/lyw/GLoMo/experiments/mosi_ours_valmae_seed2027/metrics.json
Total runtime: 700718.935251236 ms
