Using device: cuda:0, visible GPUs: 0
GPU name: NVIDIA GeForce RTX 3090
Seed: 5576
Command script saved to: /data01/lyw/GLoMo/experiments/mosi_only_fusion_valmae_seed5576/command.sh
train labels: n=1281 min=-3.000 max=3.000 mean=0.235 std=1.509
dev labels: n=229 min=-3.000 max=3.000 mean=0.310 std=1.649
test labels: n=685 min=-3.000 max=3.000 mean=-0.315 std=1.588
BERT load: missing=3 unexpected=10
BERT missing keys (first 5): ['linear1.weight', 'linear1.bias', 'proj_l.weight']
BERT unexpected keys (first 5): ['pooler.dense.weight', 'pooler.dense.bias', 'cls.predictions.bias', 'cls.predictions.transform.dense.weight', 'cls.predictions.transform.dense.bias']
conv audio std 0.03855237364768982
conv video std 0.04826810956001282
total parameter for the model:  111150830
epoch:0, train_loss:3.2792, valid_mse:2.8270, valid_mae:1.4419, test_acc2:0.5285
current mae:1.4167, current corr:0.1810, acc7:0.1547, acc5:0.1547,acc2_non_zero:0.5115, f_score_non_zero:0.4636, acc2:0.5285, f_score:0.4787
Saved best model at epoch 0 by valid_mae=1.4419 -> /data01/lyw/GLoMo/experiments/mosi_only_fusion_valmae_seed5576/best_model.pt
epoch:1, train_loss:3.2529, valid_mse:2.7925, valid_mae:1.4334, test_acc2:0.5942
current mae:1.4087, current corr:0.3863, acc7:0.1547, acc5:0.1547,acc2_non_zero:0.5863, f_score_non_zero:0.5710, acc2:0.5942, f_score:0.5773
Saved best model at epoch 1 by valid_mae=1.4334 -> /data01/lyw/GLoMo/experiments/mosi_only_fusion_valmae_seed5576/best_model.pt
epoch:2, train_loss:3.2024, valid_mse:2.7124, valid_mae:1.4081, test_acc2:0.7927
current mae:1.3885, current corr:0.6644, acc7:0.1547, acc5:0.1547,acc2_non_zero:0.8061, f_score_non_zero:0.8071, acc2:0.7927, f_score:0.7931
Saved best model at epoch 2 by valid_mae=1.4081 -> /data01/lyw/GLoMo/experiments/mosi_only_fusion_valmae_seed5576/best_model.pt
epoch:3, train_loss:3.1909, valid_mse:2.6433, valid_mae:1.3904, test_acc2:0.7708
current mae:1.3837, current corr:0.6881, acc7:0.1547, acc5:0.1547,acc2_non_zero:0.7771, f_score_non_zero:0.7783, acc2:0.7708, f_score:0.7712
Saved best model at epoch 3 by valid_mae=1.3904 -> /data01/lyw/GLoMo/experiments/mosi_only_fusion_valmae_seed5576/best_model.pt
epoch:4, train_loss:3.1595, valid_mse:2.6556, valid_mae:1.3963, test_acc2:0.7883
current mae:1.3722, current corr:0.6875, acc7:0.1547, acc5:0.1547,acc2_non_zero:0.8076, f_score_non_zero:0.8064, acc2:0.7883, f_score:0.7862
epoch:5, train_loss:3.1401, valid_mse:2.5463, valid_mae:1.3632, test_acc2:0.8044
current mae:1.3582, current corr:0.6932, acc7:0.1547, acc5:0.1547,acc2_non_zero:0.8229, f_score_non_zero:0.8208, acc2:0.8044, f_score:0.8015
Saved best model at epoch 5 by valid_mae=1.3632 -> /data01/lyw/GLoMo/experiments/mosi_only_fusion_valmae_seed5576/best_model.pt
epoch:6, train_loss:3.0977, valid_mse:2.4846, valid_mae:1.3452, test_acc2:0.8204
current mae:1.3334, current corr:0.7121, acc7:0.1547, acc5:0.1547,acc2_non_zero:0.8412, f_score_non_zero:0.8414, acc2:0.8204, f_score:0.8199
Saved best model at epoch 6 by valid_mae=1.3452 -> /data01/lyw/GLoMo/experiments/mosi_only_fusion_valmae_seed5576/best_model.pt
epoch:7, train_loss:3.0690, valid_mse:2.3943, valid_mae:1.3162, test_acc2:0.8190
current mae:1.3109, current corr:0.6947, acc7:0.1547, acc5:0.1547,acc2_non_zero:0.8336, f_score_non_zero:0.8342, acc2:0.8190, f_score:0.8191
Saved best model at epoch 7 by valid_mae=1.3162 -> /data01/lyw/GLoMo/experiments/mosi_only_fusion_valmae_seed5576/best_model.pt
epoch:8, train_loss:3.0329, valid_mse:2.2920, valid_mae:1.2871, test_acc2:0.8234
current mae:1.2804, current corr:0.7041, acc7:0.1547, acc5:0.1547,acc2_non_zero:0.8443, f_score_non_zero:0.8435, acc2:0.8234, f_score:0.8218
Saved best model at epoch 8 by valid_mae=1.2871 -> /data01/lyw/GLoMo/experiments/mosi_only_fusion_valmae_seed5576/best_model.pt
epoch:9, train_loss:2.9651, valid_mse:2.2224, valid_mae:1.2625, test_acc2:0.8161
current mae:1.2570, current corr:0.6875, acc7:0.1547, acc5:0.1547,acc2_non_zero:0.8382, f_score_non_zero:0.8356, acc2:0.8161, f_score:0.8125
Saved best model at epoch 9 by valid_mae=1.2625 -> /data01/lyw/GLoMo/experiments/mosi_only_fusion_valmae_seed5576/best_model.pt
epoch:10, train_loss:2.9357, valid_mse:2.1435, valid_mae:1.2411, test_acc2:0.8146
current mae:1.2333, current corr:0.6931, acc7:0.1547, acc5:0.1547,acc2_non_zero:0.8321, f_score_non_zero:0.8321, acc2:0.8146, f_score:0.8140
Saved best model at epoch 10 by valid_mae=1.2411 -> /data01/lyw/GLoMo/experiments/mosi_only_fusion_valmae_seed5576/best_model.pt
epoch:11, train_loss:2.8835, valid_mse:2.0775, valid_mae:1.2186, test_acc2:0.8058
current mae:1.2193, current corr:0.6816, acc7:0.1547, acc5:0.1547,acc2_non_zero:0.8198, f_score_non_zero:0.8206, acc2:0.8058, f_score:0.8060
Saved best model at epoch 11 by valid_mae=1.2186 -> /data01/lyw/GLoMo/experiments/mosi_only_fusion_valmae_seed5576/best_model.pt
epoch:12, train_loss:2.8638, valid_mse:1.9996, valid_mae:1.1907, test_acc2:0.8102
current mae:1.1841, current corr:0.7081, acc7:0.1620, acc5:0.1620,acc2_non_zero:0.8290, f_score_non_zero:0.8293, acc2:0.8102, f_score:0.8099
Saved best model at epoch 12 by valid_mae=1.1907 -> /data01/lyw/GLoMo/experiments/mosi_only_fusion_valmae_seed5576/best_model.pt
epoch:13, train_loss:2.8120, valid_mse:1.9705, valid_mae:1.1777, test_acc2:0.8131
current mae:1.1608, current corr:0.6848, acc7:0.2131, acc5:0.2131,acc2_non_zero:0.8321, f_score_non_zero:0.8314, acc2:0.8131, f_score:0.8118
Saved best model at epoch 13 by valid_mae=1.1777 -> /data01/lyw/GLoMo/experiments/mosi_only_fusion_valmae_seed5576/best_model.pt
epoch:14, train_loss:2.7596, valid_mse:1.9112, valid_mae:1.1532, test_acc2:0.8263
current mae:1.1266, current corr:0.7091, acc7:0.2234, acc5:0.2234,acc2_non_zero:0.8458, f_score_non_zero:0.8457, acc2:0.8263, f_score:0.8255
Saved best model at epoch 14 by valid_mae=1.1532 -> /data01/lyw/GLoMo/experiments/mosi_only_fusion_valmae_seed5576/best_model.pt
epoch:15, train_loss:2.7045, valid_mse:1.8123, valid_mae:1.1243, test_acc2:0.8117
current mae:1.1341, current corr:0.6875, acc7:0.2715, acc5:0.2715,acc2_non_zero:0.8183, f_score_non_zero:0.8194, acc2:0.8117, f_score:0.8122
Saved best model at epoch 15 by valid_mae=1.1243 -> /data01/lyw/GLoMo/experiments/mosi_only_fusion_valmae_seed5576/best_model.pt
epoch:16, train_loss:2.6676, valid_mse:1.7858, valid_mae:1.1214, test_acc2:0.8044
current mae:1.0899, current corr:0.7103, acc7:0.3226, acc5:0.3226,acc2_non_zero:0.8244, f_score_non_zero:0.8245, acc2:0.8044, f_score:0.8037
Saved best model at epoch 16 by valid_mae=1.1214 -> /data01/lyw/GLoMo/experiments/mosi_only_fusion_valmae_seed5576/best_model.pt
epoch:17, train_loss:2.6043, valid_mse:1.7382, valid_mae:1.1130, test_acc2:0.8248
current mae:1.0458, current corr:0.7257, acc7:0.3387, acc5:0.3387,acc2_non_zero:0.8489, f_score_non_zero:0.8472, acc2:0.8248, f_score:0.8222
Saved best model at epoch 17 by valid_mae=1.1130 -> /data01/lyw/GLoMo/experiments/mosi_only_fusion_valmae_seed5576/best_model.pt
epoch:18, train_loss:2.5705, valid_mse:1.6832, valid_mae:1.0858, test_acc2:0.8117
current mae:1.0359, current corr:0.7200, acc7:0.3285, acc5:0.3285,acc2_non_zero:0.8321, f_score_non_zero:0.8319, acc2:0.8117, f_score:0.8108
Saved best model at epoch 18 by valid_mae=1.0858 -> /data01/lyw/GLoMo/experiments/mosi_only_fusion_valmae_seed5576/best_model.pt
epoch:19, train_loss:2.5114, valid_mse:1.6696, valid_mae:1.0837, test_acc2:0.8234
current mae:0.9977, current corr:0.7336, acc7:0.3401, acc5:0.3401,acc2_non_zero:0.8489, f_score_non_zero:0.8468, acc2:0.8234, f_score:0.8202
Saved best model at epoch 19 by valid_mae=1.0837 -> /data01/lyw/GLoMo/experiments/mosi_only_fusion_valmae_seed5576/best_model.pt
epoch:20, train_loss:2.4726, valid_mse:1.5776, valid_mae:1.0474, test_acc2:0.8190
current mae:0.9860, current corr:0.7412, acc7:0.3314, acc5:0.3314,acc2_non_zero:0.8382, f_score_non_zero:0.8377, acc2:0.8190, f_score:0.8179
Saved best model at epoch 20 by valid_mae=1.0474 -> /data01/lyw/GLoMo/experiments/mosi_only_fusion_valmae_seed5576/best_model.pt
epoch:21, train_loss:2.4124, valid_mse:1.5470, valid_mae:1.0320, test_acc2:0.8204
current mae:0.9571, current corr:0.7345, acc7:0.3460, acc5:0.3460,acc2_non_zero:0.8397, f_score_non_zero:0.8386, acc2:0.8204, f_score:0.8186
Saved best model at epoch 21 by valid_mae=1.0320 -> /data01/lyw/GLoMo/experiments/mosi_only_fusion_valmae_seed5576/best_model.pt
epoch:22, train_loss:2.3684, valid_mse:1.4797, valid_mae:1.0037, test_acc2:0.8175
current mae:0.9521, current corr:0.7284, acc7:0.3372, acc5:0.3372,acc2_non_zero:0.8336, f_score_non_zero:0.8340, acc2:0.8175, f_score:0.8174
Saved best model at epoch 22 by valid_mae=1.0037 -> /data01/lyw/GLoMo/experiments/mosi_only_fusion_valmae_seed5576/best_model.pt
epoch:23, train_loss:2.3260, valid_mse:1.4688, valid_mae:1.0021, test_acc2:0.8350
current mae:0.9122, current corr:0.7405, acc7:0.3504, acc5:0.3504,acc2_non_zero:0.8550, f_score_non_zero:0.8537, acc2:0.8350, f_score:0.8331
Saved best model at epoch 23 by valid_mae=1.0021 -> /data01/lyw/GLoMo/experiments/mosi_only_fusion_valmae_seed5576/best_model.pt
epoch:24, train_loss:2.2637, valid_mse:1.4593, valid_mae:0.9847, test_acc2:0.8277
current mae:0.8990, current corr:0.7406, acc7:0.3372, acc5:0.3372,acc2_non_zero:0.8489, f_score_non_zero:0.8484, acc2:0.8277, f_score:0.8266
Saved best model at epoch 24 by valid_mae=0.9847 -> /data01/lyw/GLoMo/experiments/mosi_only_fusion_valmae_seed5576/best_model.pt
epoch:25, train_loss:2.2219, valid_mse:1.5223, valid_mae:1.0085, test_acc2:0.8161
current mae:0.9027, current corr:0.7274, acc7:0.3299, acc5:0.3299,acc2_non_zero:0.8382, f_score_non_zero:0.8369, acc2:0.8161, f_score:0.8139
epoch:26, train_loss:2.1805, valid_mse:1.3371, valid_mae:0.9223, test_acc2:0.8058
current mae:0.9085, current corr:0.7249, acc7:0.3328, acc5:0.3328,acc2_non_zero:0.8153, f_score_non_zero:0.8164, acc2:0.8058, f_score:0.8064
Saved best model at epoch 26 by valid_mae=0.9223 -> /data01/lyw/GLoMo/experiments/mosi_only_fusion_valmae_seed5576/best_model.pt
epoch:27, train_loss:2.1338, valid_mse:1.3615, valid_mae:0.9415, test_acc2:0.8058
current mae:0.8652, current corr:0.7359, acc7:0.3387, acc5:0.3387,acc2_non_zero:0.8321, f_score_non_zero:0.8312, acc2:0.8058, f_score:0.8039
epoch:28, train_loss:2.0995, valid_mse:1.3099, valid_mae:0.9107, test_acc2:0.8175
current mae:0.8462, current corr:0.7367, acc7:0.3387, acc5:0.3387,acc2_non_zero:0.8351, f_score_non_zero:0.8342, acc2:0.8175, f_score:0.8159
Saved best model at epoch 28 by valid_mae=0.9107 -> /data01/lyw/GLoMo/experiments/mosi_only_fusion_valmae_seed5576/best_model.pt
epoch:29, train_loss:2.0626, valid_mse:1.3312, valid_mae:0.9112, test_acc2:0.8146
current mae:0.8333, current corr:0.7388, acc7:0.3328, acc5:0.3328,acc2_non_zero:0.8412, f_score_non_zero:0.8402, acc2:0.8146, f_score:0.8125
epoch:30, train_loss:2.0431, valid_mse:1.2893, valid_mae:0.8970, test_acc2:0.8088
current mae:0.8221, current corr:0.7382, acc7:0.3431, acc5:0.3431,acc2_non_zero:0.8397, f_score_non_zero:0.8377, acc2:0.8088, f_score:0.8052
Saved best model at epoch 30 by valid_mae=0.8970 -> /data01/lyw/GLoMo/experiments/mosi_only_fusion_valmae_seed5576/best_model.pt
epoch:31, train_loss:1.9832, valid_mse:1.2761, valid_mae:0.8767, test_acc2:0.8321
current mae:0.8099, current corr:0.7437, acc7:0.3431, acc5:0.3431,acc2_non_zero:0.8519, f_score_non_zero:0.8513, acc2:0.8321, f_score:0.8309
Saved best model at epoch 31 by valid_mae=0.8767 -> /data01/lyw/GLoMo/experiments/mosi_only_fusion_valmae_seed5576/best_model.pt
epoch:32, train_loss:1.9883, valid_mse:1.3003, valid_mae:0.8732, test_acc2:0.8161
current mae:0.8390, current corr:0.7250, acc7:0.3299, acc5:0.3358,acc2_non_zero:0.8397, f_score_non_zero:0.8401, acc2:0.8161, f_score:0.8157
Saved best model at epoch 32 by valid_mae=0.8732 -> /data01/lyw/GLoMo/experiments/mosi_only_fusion_valmae_seed5576/best_model.pt
epoch:33, train_loss:1.9289, valid_mse:1.2114, valid_mae:0.8380, test_acc2:0.8131
current mae:0.8014, current corr:0.7462, acc7:0.3737, acc5:0.3985,acc2_non_zero:0.8290, f_score_non_zero:0.8293, acc2:0.8131, f_score:0.8129
Saved best model at epoch 33 by valid_mae=0.8380 -> /data01/lyw/GLoMo/experiments/mosi_only_fusion_valmae_seed5576/best_model.pt
epoch:34, train_loss:1.8930, valid_mse:1.2623, valid_mae:0.8604, test_acc2:0.8204
current mae:0.8066, current corr:0.7412, acc7:0.3854, acc5:0.4117,acc2_non_zero:0.8458, f_score_non_zero:0.8460, acc2:0.8204, f_score:0.8199
epoch:35, train_loss:1.8671, valid_mse:1.2526, valid_mae:0.8511, test_acc2:0.8263
current mae:0.7847, current corr:0.7523, acc7:0.4204, acc5:0.4628,acc2_non_zero:0.8473, f_score_non_zero:0.8468, acc2:0.8263, f_score:0.8251
epoch:36, train_loss:1.8368, valid_mse:1.2280, valid_mae:0.8285, test_acc2:0.8248
current mae:0.7855, current corr:0.7563, acc7:0.4569, acc5:0.5299,acc2_non_zero:0.8412, f_score_non_zero:0.8416, acc2:0.8248, f_score:0.8247
Saved best model at epoch 36 by valid_mae=0.8285 -> /data01/lyw/GLoMo/experiments/mosi_only_fusion_valmae_seed5576/best_model.pt
epoch:37, train_loss:1.8194, valid_mse:1.2687, valid_mae:0.8376, test_acc2:0.8292
current mae:0.7825, current corr:0.7491, acc7:0.4526, acc5:0.5285,acc2_non_zero:0.8489, f_score_non_zero:0.8483, acc2:0.8292, f_score:0.8280
epoch:38, train_loss:1.7834, valid_mse:1.2047, valid_mae:0.8057, test_acc2:0.8204
current mae:0.7796, current corr:0.7567, acc7:0.4599, acc5:0.5343,acc2_non_zero:0.8336, f_score_non_zero:0.8342, acc2:0.8204, f_score:0.8205
Saved best model at epoch 38 by valid_mae=0.8057 -> /data01/lyw/GLoMo/experiments/mosi_only_fusion_valmae_seed5576/best_model.pt
epoch:39, train_loss:1.7548, valid_mse:1.2627, valid_mae:0.8132, test_acc2:0.8161
current mae:0.8184, current corr:0.7397, acc7:0.4380, acc5:0.5095,acc2_non_zero:0.8305, f_score_non_zero:0.8312, acc2:0.8161, f_score:0.8162
epoch:40, train_loss:1.7158, valid_mse:1.1823, valid_mae:0.8051, test_acc2:0.8277
current mae:0.7863, current corr:0.7449, acc7:0.4496, acc5:0.5270,acc2_non_zero:0.8427, f_score_non_zero:0.8428, acc2:0.8277, f_score:0.8273
Saved best model at epoch 40 by valid_mae=0.8051 -> /data01/lyw/GLoMo/experiments/mosi_only_fusion_valmae_seed5576/best_model.pt
epoch:41, train_loss:1.7034, valid_mse:1.1888, valid_mae:0.8056, test_acc2:0.8131
current mae:0.7709, current corr:0.7566, acc7:0.4569, acc5:0.5328,acc2_non_zero:0.8305, f_score_non_zero:0.8305, acc2:0.8131, f_score:0.8125
epoch:42, train_loss:1.6754, valid_mse:1.1933, valid_mae:0.8014, test_acc2:0.8146
current mae:0.7892, current corr:0.7411, acc7:0.4642, acc5:0.5387,acc2_non_zero:0.8336, f_score_non_zero:0.8332, acc2:0.8146, f_score:0.8135
Saved best model at epoch 42 by valid_mae=0.8014 -> /data01/lyw/GLoMo/experiments/mosi_only_fusion_valmae_seed5576/best_model.pt
epoch:43, train_loss:1.6572, valid_mse:1.1745, valid_mae:0.7837, test_acc2:0.8058
current mae:0.7999, current corr:0.7405, acc7:0.4467, acc5:0.5182,acc2_non_zero:0.8214, f_score_non_zero:0.8218, acc2:0.8058, f_score:0.8057
Saved best model at epoch 43 by valid_mae=0.7837 -> /data01/lyw/GLoMo/experiments/mosi_only_fusion_valmae_seed5576/best_model.pt
epoch:44, train_loss:1.6391, valid_mse:1.1338, valid_mae:0.7815, test_acc2:0.8219
current mae:0.7894, current corr:0.7466, acc7:0.4438, acc5:0.5124,acc2_non_zero:0.8366, f_score_non_zero:0.8366, acc2:0.8219, f_score:0.8214
Saved best model at epoch 44 by valid_mae=0.7815 -> /data01/lyw/GLoMo/experiments/mosi_only_fusion_valmae_seed5576/best_model.pt
epoch:45, train_loss:1.6008, valid_mse:1.1701, valid_mae:0.7829, test_acc2:0.8248
current mae:0.7909, current corr:0.7413, acc7:0.4686, acc5:0.5431,acc2_non_zero:0.8412, f_score_non_zero:0.8414, acc2:0.8248, f_score:0.8245
epoch:46, train_loss:1.6016, valid_mse:1.2342, valid_mae:0.8016, test_acc2:0.8175
current mae:0.7842, current corr:0.7408, acc7:0.4657, acc5:0.5431,acc2_non_zero:0.8336, f_score_non_zero:0.8338, acc2:0.8175, f_score:0.8172
epoch:47, train_loss:1.5839, valid_mse:1.1740, valid_mae:0.7793, test_acc2:0.8219
current mae:0.7761, current corr:0.7513, acc7:0.4730, acc5:0.5489,acc2_non_zero:0.8366, f_score_non_zero:0.8369, acc2:0.8219, f_score:0.8217
Saved best model at epoch 47 by valid_mae=0.7793 -> /data01/lyw/GLoMo/experiments/mosi_only_fusion_valmae_seed5576/best_model.pt
epoch:48, train_loss:1.5314, valid_mse:1.1194, valid_mae:0.7621, test_acc2:0.8161
current mae:0.7730, current corr:0.7550, acc7:0.4569, acc5:0.5314,acc2_non_zero:0.8305, f_score_non_zero:0.8313, acc2:0.8161, f_score:0.8163
Saved best model at epoch 48 by valid_mae=0.7621 -> /data01/lyw/GLoMo/experiments/mosi_only_fusion_valmae_seed5576/best_model.pt
epoch:49, train_loss:1.5254, valid_mse:1.1358, valid_mae:0.7609, test_acc2:0.8088
current mae:0.7823, current corr:0.7499, acc7:0.4599, acc5:0.5358,acc2_non_zero:0.8229, f_score_non_zero:0.8238, acc2:0.8088, f_score:0.8091
Saved best model at epoch 49 by valid_mae=0.7609 -> /data01/lyw/GLoMo/experiments/mosi_only_fusion_valmae_seed5576/best_model.pt
epoch:50, train_loss:1.5281, valid_mse:1.2923, valid_mae:0.8133, test_acc2:0.8131
current mae:0.7947, current corr:0.7414, acc7:0.4496, acc5:0.5255,acc2_non_zero:0.8336, f_score_non_zero:0.8329, acc2:0.8131, f_score:0.8117
epoch:51, train_loss:1.4990, valid_mse:1.1815, valid_mae:0.7816, test_acc2:0.8161
current mae:0.7909, current corr:0.7499, acc7:0.4569, acc5:0.5299,acc2_non_zero:0.8290, f_score_non_zero:0.8299, acc2:0.8161, f_score:0.8165
epoch:52, train_loss:1.4741, valid_mse:1.1426, valid_mae:0.7794, test_acc2:0.8219
current mae:0.7551, current corr:0.7608, acc7:0.4584, acc5:0.5314,acc2_non_zero:0.8412, f_score_non_zero:0.8407, acc2:0.8219, f_score:0.8207
epoch:53, train_loss:1.4436, valid_mse:1.2010, valid_mae:0.7790, test_acc2:0.8161
current mae:0.8158, current corr:0.7433, acc7:0.4321, acc5:0.5051,acc2_non_zero:0.8305, f_score_non_zero:0.8314, acc2:0.8161, f_score:0.8164
epoch:54, train_loss:1.4506, valid_mse:1.1594, valid_mae:0.7669, test_acc2:0.8161
current mae:0.7835, current corr:0.7532, acc7:0.4380, acc5:0.5095,acc2_non_zero:0.8305, f_score_non_zero:0.8315, acc2:0.8161, f_score:0.8165
epoch:55, train_loss:1.4361, valid_mse:1.2070, valid_mae:0.7786, test_acc2:0.8117
current mae:0.7659, current corr:0.7534, acc7:0.4672, acc5:0.5431,acc2_non_zero:0.8305, f_score_non_zero:0.8311, acc2:0.8117, f_score:0.8116
epoch:56, train_loss:1.4131, valid_mse:1.0699, valid_mae:0.7510, test_acc2:0.8190
current mae:0.7404, current corr:0.7669, acc7:0.4628, acc5:0.5314,acc2_non_zero:0.8382, f_score_non_zero:0.8381, acc2:0.8190, f_score:0.8183
Saved best model at epoch 56 by valid_mae=0.7510 -> /data01/lyw/GLoMo/experiments/mosi_only_fusion_valmae_seed5576/best_model.pt
epoch:57, train_loss:1.3972, valid_mse:1.0908, valid_mae:0.7541, test_acc2:0.8175
current mae:0.7521, current corr:0.7635, acc7:0.4657, acc5:0.5358,acc2_non_zero:0.8366, f_score_non_zero:0.8363, acc2:0.8175, f_score:0.8165
epoch:58, train_loss:1.3848, valid_mse:1.1559, valid_mae:0.7674, test_acc2:0.8234
current mae:0.7562, current corr:0.7590, acc7:0.4701, acc5:0.5416,acc2_non_zero:0.8427, f_score_non_zero:0.8429, acc2:0.8234, f_score:0.8229
epoch:59, train_loss:1.3674, valid_mse:1.0977, valid_mae:0.7444, test_acc2:0.8219
current mae:0.7606, current corr:0.7579, acc7:0.4540, acc5:0.5226,acc2_non_zero:0.8366, f_score_non_zero:0.8373, acc2:0.8219, f_score:0.8220
Saved best model at epoch 59 by valid_mae=0.7444 -> /data01/lyw/GLoMo/experiments/mosi_only_fusion_valmae_seed5576/best_model.pt
epoch:60, train_loss:1.3475, valid_mse:1.1034, valid_mae:0.7497, test_acc2:0.8204
current mae:0.7544, current corr:0.7587, acc7:0.4569, acc5:0.5270,acc2_non_zero:0.8366, f_score_non_zero:0.8370, acc2:0.8204, f_score:0.8202
epoch:61, train_loss:1.3393, valid_mse:1.1636, valid_mae:0.7603, test_acc2:0.8131
current mae:0.7609, current corr:0.7519, acc7:0.4759, acc5:0.5474,acc2_non_zero:0.8321, f_score_non_zero:0.8317, acc2:0.8131, f_score:0.8121
epoch:62, train_loss:1.3086, valid_mse:1.1254, valid_mae:0.7608, test_acc2:0.8234
current mae:0.7721, current corr:0.7562, acc7:0.4526, acc5:0.5241,acc2_non_zero:0.8351, f_score_non_zero:0.8359, acc2:0.8234, f_score:0.8236
epoch:63, train_loss:1.3127, valid_mse:1.1420, valid_mae:0.7600, test_acc2:0.8248
current mae:0.7784, current corr:0.7521, acc7:0.4482, acc5:0.5139,acc2_non_zero:0.8351, f_score_non_zero:0.8358, acc2:0.8248, f_score:0.8251
epoch:64, train_loss:1.2860, valid_mse:1.1162, valid_mae:0.7622, test_acc2:0.8175
current mae:0.7714, current corr:0.7494, acc7:0.4628, acc5:0.5285,acc2_non_zero:0.8366, f_score_non_zero:0.8367, acc2:0.8175, f_score:0.8169
epoch:65, train_loss:1.2995, valid_mse:1.0876, valid_mae:0.7536, test_acc2:0.8146
current mae:0.8097, current corr:0.7487, acc7:0.4277, acc5:0.4876,acc2_non_zero:0.8244, f_score_non_zero:0.8255, acc2:0.8146, f_score:0.8151
epoch:66, train_loss:1.2715, valid_mse:1.0902, valid_mae:0.7624, test_acc2:0.8204
current mae:0.7601, current corr:0.7643, acc7:0.4380, acc5:0.4949,acc2_non_zero:0.8397, f_score_non_zero:0.8397, acc2:0.8204, f_score:0.8199
epoch:67, train_loss:1.2703, valid_mse:1.0808, valid_mae:0.7635, test_acc2:0.8263
current mae:0.7908, current corr:0.7520, acc7:0.4336, acc5:0.4964,acc2_non_zero:0.8427, f_score_non_zero:0.8434, acc2:0.8263, f_score:0.8264
epoch:68, train_loss:1.2501, valid_mse:1.1088, valid_mae:0.7609, test_acc2:0.8277
current mae:0.7705, current corr:0.7523, acc7:0.4423, acc5:0.5139,acc2_non_zero:0.8412, f_score_non_zero:0.8418, acc2:0.8277, f_score:0.8278
epoch:69, train_loss:1.2516, valid_mse:1.1038, valid_mae:0.7542, test_acc2:0.8219
current mae:0.7651, current corr:0.7575, acc7:0.4584, acc5:0.5285,acc2_non_zero:0.8351, f_score_non_zero:0.8359, acc2:0.8219, f_score:0.8222
Loading best model from epoch 59 by valid_mae=0.7444 for analysis export.
Analysis files exported to: /data01/lyw/GLoMo/experiments/mosi_only_fusion_valmae_seed5576/analysis
  predictions: /data01/lyw/GLoMo/experiments/mosi_only_fusion_valmae_seed5576/analysis/predictions.csv
  repr: /data01/lyw/GLoMo/experiments/mosi_only_fusion_valmae_seed5576/analysis/repr.npz
  repr meta: /data01/lyw/GLoMo/experiments/mosi_only_fusion_valmae_seed5576/analysis/repr_meta.json
  cases: /data01/lyw/GLoMo/experiments/mosi_only_fusion_valmae_seed5576/analysis/cases.csv
Metrics summary saved to: /data01/lyw/GLoMo/experiments/mosi_only_fusion_valmae_seed5576/metrics.json
Total runtime: 627536.8845462799 ms
