Using device: cuda:0, visible GPUs: 3
GPU name: NVIDIA GeForce RTX 3090
Seed: 3407
Command script saved to: /data01/lyw/GLoMo/experiments/mosei_ours_valmae_seed3407/command.sh
train labels: n=16265 min=-3.000 max=3.000 mean=0.146 std=1.125
dev labels: n=1869 min=-3.000 max=3.000 mean=0.190 std=1.038
test labels: n=4643 min=-3.000 max=3.000 mean=0.141 std=1.108
BERT load: missing=3 unexpected=10
BERT missing keys (first 5): ['linear1.weight', 'linear1.bias', 'proj_l.weight']
BERT unexpected keys (first 5): ['pooler.dense.weight', 'pooler.dense.bias', 'cls.predictions.bias', 'cls.predictions.transform.dense.weight', 'cls.predictions.transform.dense.bias']
conv audio std 0.03859769552946091
conv video std 0.05670034512877464
total parameter for the model:  117281879
epoch:0, train_loss:2.1477, valid_mse:0.5463, valid_mae:0.5554, test_acc2:0.8277
current mae:0.5940, current corr:0.7078, acc7:0.4833, acc5:0.4833,acc2_non_zero:0.8417, f_score_non_zero:0.8381, acc2:0.8277, f_score:0.8276
Saved best model at epoch 0 by valid_mae=0.5554 -> /data01/lyw/GLoMo/experiments/mosei_ours_valmae_seed3407/best_model.pt
epoch:1, train_loss:1.7140, valid_mse:0.5078, valid_mae:0.5278, test_acc2:0.8380
current mae:0.5526, current corr:0.7408, acc7:0.5294, acc5:0.5432,acc2_non_zero:0.8450, f_score_non_zero:0.8416, acc2:0.8380, f_score:0.8374
Saved best model at epoch 1 by valid_mae=0.5278 -> /data01/lyw/GLoMo/experiments/mosei_ours_valmae_seed3407/best_model.pt
epoch:2, train_loss:1.5459, valid_mse:0.5451, valid_mae:0.5508, test_acc2:0.8430
current mae:0.5749, current corr:0.7453, acc7:0.5107, acc5:0.5288,acc2_non_zero:0.8492, f_score_non_zero:0.8463, acc2:0.8430, f_score:0.8427
epoch:3, train_loss:1.4270, valid_mse:0.5055, valid_mae:0.5313, test_acc2:0.8333
current mae:0.5509, current corr:0.7548, acc7:0.5236, acc5:0.5415,acc2_non_zero:0.8586, f_score_non_zero:0.8576, acc2:0.8333, f_score:0.8362
epoch:4, train_loss:1.3146, valid_mse:0.4920, valid_mae:0.5177, test_acc2:0.8361
current mae:0.5424, current corr:0.7509, acc7:0.5404, acc5:0.5576,acc2_non_zero:0.8525, f_score_non_zero:0.8505, acc2:0.8361, f_score:0.8374
Saved best model at epoch 4 by valid_mae=0.5177 -> /data01/lyw/GLoMo/experiments/mosei_ours_valmae_seed3407/best_model.pt
epoch:5, train_loss:1.1973, valid_mse:0.5352, valid_mae:0.5452, test_acc2:0.8411
current mae:0.5654, current corr:0.7496, acc7:0.5199, acc5:0.5378,acc2_non_zero:0.8550, f_score_non_zero:0.8533, acc2:0.8411, f_score:0.8425
epoch:6, train_loss:1.1039, valid_mse:0.5230, valid_mae:0.5331, test_acc2:0.8434
current mae:0.5556, current corr:0.7454, acc7:0.5253, acc5:0.5425,acc2_non_zero:0.8508, f_score_non_zero:0.8482, acc2:0.8434, f_score:0.8434
epoch:7, train_loss:0.9979, valid_mse:0.5615, valid_mae:0.5593, test_acc2:0.8404
current mae:0.5738, current corr:0.7454, acc7:0.5158, acc5:0.5344,acc2_non_zero:0.8528, f_score_non_zero:0.8507, acc2:0.8404, f_score:0.8413
epoch:8, train_loss:0.9204, valid_mse:0.5215, valid_mae:0.5398, test_acc2:0.8346
current mae:0.5526, current corr:0.7448, acc7:0.5201, acc5:0.5365,acc2_non_zero:0.8525, f_score_non_zero:0.8511, acc2:0.8346, f_score:0.8366
epoch:9, train_loss:0.8365, valid_mse:0.5339, valid_mae:0.5447, test_acc2:0.8255
current mae:0.5618, current corr:0.7405, acc7:0.5141, acc5:0.5313,acc2_non_zero:0.8486, f_score_non_zero:0.8480, acc2:0.8255, f_score:0.8290
epoch:10, train_loss:0.7700, valid_mse:0.5591, valid_mae:0.5571, test_acc2:0.8370
current mae:0.5677, current corr:0.7409, acc7:0.5152, acc5:0.5326,acc2_non_zero:0.8500, f_score_non_zero:0.8487, acc2:0.8370, f_score:0.8388
epoch:11, train_loss:0.7025, valid_mse:0.5647, valid_mae:0.5595, test_acc2:0.8301
current mae:0.5725, current corr:0.7380, acc7:0.5124, acc5:0.5300,acc2_non_zero:0.8489, f_score_non_zero:0.8474, acc2:0.8301, f_score:0.8322
epoch:12, train_loss:0.6516, valid_mse:0.5404, valid_mae:0.5489, test_acc2:0.8355
current mae:0.5589, current corr:0.7465, acc7:0.5176, acc5:0.5339,acc2_non_zero:0.8497, f_score_non_zero:0.8473, acc2:0.8355, f_score:0.8362
epoch:13, train_loss:0.6055, valid_mse:0.5491, valid_mae:0.5531, test_acc2:0.8299
current mae:0.5658, current corr:0.7432, acc7:0.5113, acc5:0.5290,acc2_non_zero:0.8508, f_score_non_zero:0.8499, acc2:0.8299, f_score:0.8327
epoch:14, train_loss:0.5474, valid_mse:0.5443, valid_mae:0.5557, test_acc2:0.8430
current mae:0.5686, current corr:0.7432, acc7:0.5141, acc5:0.5313,acc2_non_zero:0.8506, f_score_non_zero:0.8478, acc2:0.8430, f_score:0.8429
epoch:15, train_loss:0.5110, valid_mse:0.5835, valid_mae:0.5799, test_acc2:0.8395
current mae:0.5894, current corr:0.7446, acc7:0.4964, acc5:0.5152,acc2_non_zero:0.8497, f_score_non_zero:0.8470, acc2:0.8395, f_score:0.8397
epoch:16, train_loss:0.4775, valid_mse:0.5345, valid_mae:0.5477, test_acc2:0.8318
current mae:0.5604, current corr:0.7455, acc7:0.5143, acc5:0.5311,acc2_non_zero:0.8481, f_score_non_zero:0.8462, acc2:0.8318, f_score:0.8334
epoch:17, train_loss:0.4595, valid_mse:0.5372, valid_mae:0.5443, test_acc2:0.8346
current mae:0.5624, current corr:0.7392, acc7:0.5154, acc5:0.5324,acc2_non_zero:0.8489, f_score_non_zero:0.8476, acc2:0.8346, f_score:0.8366
epoch:18, train_loss:0.4225, valid_mse:0.5219, valid_mae:0.5412, test_acc2:0.8238
current mae:0.5593, current corr:0.7460, acc7:0.5156, acc5:0.5331,acc2_non_zero:0.8508, f_score_non_zero:0.8498, acc2:0.8238, f_score:0.8271
epoch:19, train_loss:0.4032, valid_mse:0.5432, valid_mae:0.5482, test_acc2:0.7891
current mae:0.5677, current corr:0.7401, acc7:0.5107, acc5:0.5298,acc2_non_zero:0.8406, f_score_non_zero:0.8416, acc2:0.7891, f_score:0.7969
epoch:20, train_loss:0.3825, valid_mse:0.5517, valid_mae:0.5473, test_acc2:0.8064
current mae:0.5594, current corr:0.7461, acc7:0.5208, acc5:0.5419,acc2_non_zero:0.8478, f_score_non_zero:0.8481, acc2:0.8064, f_score:0.8124
epoch:21, train_loss:0.3645, valid_mse:0.5591, valid_mae:0.5632, test_acc2:0.8367
current mae:0.5717, current corr:0.7486, acc7:0.5104, acc5:0.5303,acc2_non_zero:0.8550, f_score_non_zero:0.8533, acc2:0.8367, f_score:0.8385
epoch:22, train_loss:0.3485, valid_mse:0.5356, valid_mae:0.5527, test_acc2:0.8318
current mae:0.5671, current corr:0.7452, acc7:0.5087, acc5:0.5270,acc2_non_zero:0.8519, f_score_non_zero:0.8500, acc2:0.8318, f_score:0.8335
epoch:23, train_loss:0.3364, valid_mse:0.5441, valid_mae:0.5514, test_acc2:0.8092
current mae:0.5652, current corr:0.7466, acc7:0.5102, acc5:0.5322,acc2_non_zero:0.8514, f_score_non_zero:0.8515, acc2:0.8092, f_score:0.8149
epoch:24, train_loss:0.3180, valid_mse:0.5285, valid_mae:0.5492, test_acc2:0.8199
current mae:0.5652, current corr:0.7442, acc7:0.5180, acc5:0.5378,acc2_non_zero:0.8478, f_score_non_zero:0.8472, acc2:0.8199, f_score:0.8239
epoch:25, train_loss:0.3141, valid_mse:0.5274, valid_mae:0.5479, test_acc2:0.8075
current mae:0.5657, current corr:0.7405, acc7:0.5115, acc5:0.5296,acc2_non_zero:0.8448, f_score_non_zero:0.8450, acc2:0.8075, f_score:0.8132
epoch:26, train_loss:0.2929, valid_mse:0.5609, valid_mae:0.5648, test_acc2:0.8219
current mae:0.5776, current corr:0.7443, acc7:0.5016, acc5:0.5227,acc2_non_zero:0.8519, f_score_non_zero:0.8512, acc2:0.8219, f_score:0.8257
epoch:27, train_loss:0.2859, valid_mse:0.5407, valid_mae:0.5507, test_acc2:0.8008
current mae:0.5594, current corr:0.7476, acc7:0.5191, acc5:0.5380,acc2_non_zero:0.8483, f_score_non_zero:0.8491, acc2:0.8008, f_score:0.8077
epoch:28, train_loss:0.2708, valid_mse:0.5211, valid_mae:0.5362, test_acc2:0.8195
current mae:0.5516, current corr:0.7461, acc7:0.5204, acc5:0.5387,acc2_non_zero:0.8517, f_score_non_zero:0.8513, acc2:0.8195, f_score:0.8239
epoch:29, train_loss:0.2674, valid_mse:0.5245, valid_mae:0.5376, test_acc2:0.8075
current mae:0.5554, current corr:0.7427, acc7:0.5232, acc5:0.5417,acc2_non_zero:0.8448, f_score_non_zero:0.8451, acc2:0.8075, f_score:0.8133
epoch:30, train_loss:0.2590, valid_mse:0.5328, valid_mae:0.5520, test_acc2:0.8398
current mae:0.5685, current corr:0.7460, acc7:0.5089, acc5:0.5311,acc2_non_zero:0.8522, f_score_non_zero:0.8507, acc2:0.8398, f_score:0.8413
epoch:31, train_loss:0.2579, valid_mse:0.5123, valid_mae:0.5411, test_acc2:0.8202
current mae:0.5565, current corr:0.7483, acc7:0.5182, acc5:0.5367,acc2_non_zero:0.8481, f_score_non_zero:0.8476, acc2:0.8202, f_score:0.8242
epoch:32, train_loss:0.2470, valid_mse:0.5382, valid_mae:0.5491, test_acc2:0.8111
current mae:0.5638, current corr:0.7445, acc7:0.5160, acc5:0.5376,acc2_non_zero:0.8519, f_score_non_zero:0.8521, acc2:0.8111, f_score:0.8168
epoch:33, train_loss:0.2345, valid_mse:0.5636, valid_mae:0.5654, test_acc2:0.8165
current mae:0.5775, current corr:0.7436, acc7:0.5117, acc5:0.5326,acc2_non_zero:0.8486, f_score_non_zero:0.8490, acc2:0.8165, f_score:0.8218
epoch:34, train_loss:0.2368, valid_mse:0.5292, valid_mae:0.5453, test_acc2:0.8124
current mae:0.5583, current corr:0.7495, acc7:0.5141, acc5:0.5333,acc2_non_zero:0.8481, f_score_non_zero:0.8479, acc2:0.8124, f_score:0.8174
epoch:35, train_loss:0.2283, valid_mse:0.5383, valid_mae:0.5488, test_acc2:0.7969
current mae:0.5614, current corr:0.7471, acc7:0.5158, acc5:0.5356,acc2_non_zero:0.8461, f_score_non_zero:0.8468, acc2:0.7969, f_score:0.8040
epoch:36, train_loss:0.2206, valid_mse:0.5411, valid_mae:0.5554, test_acc2:0.8072
current mae:0.5688, current corr:0.7508, acc7:0.5048, acc5:0.5281,acc2_non_zero:0.8464, f_score_non_zero:0.8466, acc2:0.8072, f_score:0.8130
epoch:37, train_loss:0.2195, valid_mse:0.5206, valid_mae:0.5417, test_acc2:0.8255
current mae:0.5576, current corr:0.7523, acc7:0.5092, acc5:0.5281,acc2_non_zero:0.8519, f_score_non_zero:0.8505, acc2:0.8255, f_score:0.8283
epoch:38, train_loss:0.2103, valid_mse:0.5136, valid_mae:0.5389, test_acc2:0.8290
current mae:0.5560, current corr:0.7507, acc7:0.5150, acc5:0.5337,acc2_non_zero:0.8517, f_score_non_zero:0.8507, acc2:0.8290, f_score:0.8319
epoch:39, train_loss:0.2064, valid_mse:0.5537, valid_mae:0.5574, test_acc2:0.8010
current mae:0.5704, current corr:0.7500, acc7:0.5113, acc5:0.5322,acc2_non_zero:0.8459, f_score_non_zero:0.8462, acc2:0.8010, f_score:0.8074
epoch:40, train_loss:0.2054, valid_mse:0.5368, valid_mae:0.5503, test_acc2:0.8339
current mae:0.5603, current corr:0.7553, acc7:0.5130, acc5:0.5337,acc2_non_zero:0.8511, f_score_non_zero:0.8486, acc2:0.8339, f_score:0.8349
epoch:41, train_loss:0.1964, valid_mse:0.5334, valid_mae:0.5433, test_acc2:0.8031
current mae:0.5578, current corr:0.7503, acc7:0.5156, acc5:0.5367,acc2_non_zero:0.8445, f_score_non_zero:0.8446, acc2:0.8031, f_score:0.8091
epoch:42, train_loss:0.1941, valid_mse:0.5319, valid_mae:0.5465, test_acc2:0.7792
current mae:0.5661, current corr:0.7469, acc7:0.5141, acc5:0.5344,acc2_non_zero:0.8398, f_score_non_zero:0.8411, acc2:0.7792, f_score:0.7881
epoch:43, train_loss:0.1942, valid_mse:0.5341, valid_mae:0.5503, test_acc2:0.7971
current mae:0.5668, current corr:0.7440, acc7:0.5072, acc5:0.5275,acc2_non_zero:0.8403, f_score_non_zero:0.8411, acc2:0.7971, f_score:0.8041
epoch:44, train_loss:0.1870, valid_mse:0.5257, valid_mae:0.5371, test_acc2:0.8083
current mae:0.5566, current corr:0.7467, acc7:0.5201, acc5:0.5387,acc2_non_zero:0.8448, f_score_non_zero:0.8449, acc2:0.8083, f_score:0.8138
epoch:45, train_loss:0.1816, valid_mse:0.5256, valid_mae:0.5429, test_acc2:0.8324
current mae:0.5551, current corr:0.7509, acc7:0.5249, acc5:0.5436,acc2_non_zero:0.8536, f_score_non_zero:0.8521, acc2:0.8324, f_score:0.8346
epoch:46, train_loss:0.1804, valid_mse:0.5389, valid_mae:0.5490, test_acc2:0.8176
current mae:0.5639, current corr:0.7511, acc7:0.5150, acc5:0.5359,acc2_non_zero:0.8530, f_score_non_zero:0.8526, acc2:0.8176, f_score:0.8221
epoch:47, train_loss:0.1704, valid_mse:0.5251, valid_mae:0.5467, test_acc2:0.8268
current mae:0.5551, current corr:0.7537, acc7:0.5266, acc5:0.5447,acc2_non_zero:0.8547, f_score_non_zero:0.8540, acc2:0.8268, f_score:0.8303
epoch:48, train_loss:0.1718, valid_mse:0.5222, valid_mae:0.5457, test_acc2:0.8273
current mae:0.5530, current corr:0.7580, acc7:0.5206, acc5:0.5393,acc2_non_zero:0.8572, f_score_non_zero:0.8561, acc2:0.8273, f_score:0.8305
epoch:49, train_loss:0.1728, valid_mse:0.5369, valid_mae:0.5498, test_acc2:0.7984
current mae:0.5592, current corr:0.7503, acc7:0.5249, acc5:0.5436,acc2_non_zero:0.8486, f_score_non_zero:0.8495, acc2:0.7984, f_score:0.8056
epoch:50, train_loss:0.1675, valid_mse:0.5348, valid_mae:0.5531, test_acc2:0.8171
current mae:0.5624, current corr:0.7515, acc7:0.5128, acc5:0.5328,acc2_non_zero:0.8503, f_score_non_zero:0.8505, acc2:0.8171, f_score:0.8223
epoch:51, train_loss:0.1615, valid_mse:0.5234, valid_mae:0.5512, test_acc2:0.8324
current mae:0.5652, current corr:0.7534, acc7:0.5094, acc5:0.5281,acc2_non_zero:0.8552, f_score_non_zero:0.8539, acc2:0.8324, f_score:0.8349
epoch:52, train_loss:0.1604, valid_mse:0.5418, valid_mae:0.5575, test_acc2:0.8290
current mae:0.5691, current corr:0.7530, acc7:0.5143, acc5:0.5350,acc2_non_zero:0.8528, f_score_non_zero:0.8515, acc2:0.8290, f_score:0.8316
epoch:53, train_loss:0.1557, valid_mse:0.5516, valid_mae:0.5652, test_acc2:0.8247
current mae:0.5762, current corr:0.7497, acc7:0.5027, acc5:0.5227,acc2_non_zero:0.8506, f_score_non_zero:0.8502, acc2:0.8247, f_score:0.8286
epoch:54, train_loss:0.1537, valid_mse:0.5339, valid_mae:0.5531, test_acc2:0.8219
current mae:0.5607, current corr:0.7543, acc7:0.5124, acc5:0.5313,acc2_non_zero:0.8522, f_score_non_zero:0.8515, acc2:0.8219, f_score:0.8257
epoch:55, train_loss:0.1508, valid_mse:0.5690, valid_mae:0.5732, test_acc2:0.8090
current mae:0.5845, current corr:0.7482, acc7:0.5014, acc5:0.5208,acc2_non_zero:0.8492, f_score_non_zero:0.8495, acc2:0.8090, f_score:0.8149
epoch:56, train_loss:0.1479, valid_mse:0.5237, valid_mae:0.5473, test_acc2:0.8081
current mae:0.5589, current corr:0.7511, acc7:0.5165, acc5:0.5344,acc2_non_zero:0.8492, f_score_non_zero:0.8494, acc2:0.8081, f_score:0.8139
epoch:57, train_loss:0.1493, valid_mse:0.5328, valid_mae:0.5520, test_acc2:0.8191
current mae:0.5643, current corr:0.7523, acc7:0.5165, acc5:0.5391,acc2_non_zero:0.8475, f_score_non_zero:0.8471, acc2:0.8191, f_score:0.8233
epoch:58, train_loss:0.1395, valid_mse:0.5368, valid_mae:0.5498, test_acc2:0.7833
current mae:0.5658, current corr:0.7484, acc7:0.5178, acc5:0.5389,acc2_non_zero:0.8367, f_score_non_zero:0.8384, acc2:0.7833, f_score:0.7921
epoch:59, train_loss:0.1390, valid_mse:0.5341, valid_mae:0.5554, test_acc2:0.8260
current mae:0.5718, current corr:0.7529, acc7:0.5081, acc5:0.5285,acc2_non_zero:0.8525, f_score_non_zero:0.8515, acc2:0.8260, f_score:0.8292
epoch:60, train_loss:0.1338, valid_mse:0.5327, valid_mae:0.5493, test_acc2:0.8003
current mae:0.5601, current corr:0.7484, acc7:0.5122, acc5:0.5298,acc2_non_zero:0.8450, f_score_non_zero:0.8458, acc2:0.8003, f_score:0.8072
epoch:61, train_loss:0.1301, valid_mse:0.5325, valid_mae:0.5491, test_acc2:0.8066
current mae:0.5677, current corr:0.7489, acc7:0.5143, acc5:0.5363,acc2_non_zero:0.8461, f_score_non_zero:0.8466, acc2:0.8066, f_score:0.8127
epoch:62, train_loss:0.1289, valid_mse:0.5169, valid_mae:0.5410, test_acc2:0.8223
current mae:0.5572, current corr:0.7512, acc7:0.5216, acc5:0.5408,acc2_non_zero:0.8483, f_score_non_zero:0.8477, acc2:0.8223, f_score:0.8260
epoch:63, train_loss:0.1315, valid_mse:0.5379, valid_mae:0.5535, test_acc2:0.7954
current mae:0.5710, current corr:0.7456, acc7:0.5109, acc5:0.5309,acc2_non_zero:0.8456, f_score_non_zero:0.8465, acc2:0.7954, f_score:0.8028
epoch:64, train_loss:0.1283, valid_mse:0.5228, valid_mae:0.5482, test_acc2:0.8217
current mae:0.5644, current corr:0.7513, acc7:0.5094, acc5:0.5294,acc2_non_zero:0.8511, f_score_non_zero:0.8504, acc2:0.8217, f_score:0.8254
epoch:65, train_loss:0.1260, valid_mse:0.5370, valid_mae:0.5520, test_acc2:0.7978
current mae:0.5743, current corr:0.7439, acc7:0.5107, acc5:0.5320,acc2_non_zero:0.8425, f_score_non_zero:0.8433, acc2:0.7978, f_score:0.8048
epoch:66, train_loss:0.1279, valid_mse:0.5304, valid_mae:0.5488, test_acc2:0.8016
current mae:0.5638, current corr:0.7471, acc7:0.5156, acc5:0.5354,acc2_non_zero:0.8423, f_score_non_zero:0.8426, acc2:0.8016, f_score:0.8079
epoch:67, train_loss:0.1242, valid_mse:0.5352, valid_mae:0.5487, test_acc2:0.8040
current mae:0.5646, current corr:0.7422, acc7:0.5117, acc5:0.5303,acc2_non_zero:0.8461, f_score_non_zero:0.8469, acc2:0.8040, f_score:0.8106
epoch:68, train_loss:0.1193, valid_mse:0.5408, valid_mae:0.5555, test_acc2:0.8152
current mae:0.5688, current corr:0.7477, acc7:0.5087, acc5:0.5279,acc2_non_zero:0.8475, f_score_non_zero:0.8475, acc2:0.8152, f_score:0.8201
epoch:69, train_loss:0.1197, valid_mse:0.5326, valid_mae:0.5500, test_acc2:0.8150
current mae:0.5611, current corr:0.7510, acc7:0.5137, acc5:0.5324,acc2_non_zero:0.8494, f_score_non_zero:0.8497, acc2:0.8150, f_score:0.8203
epoch:70, train_loss:0.1183, valid_mse:0.5387, valid_mae:0.5570, test_acc2:0.8171
current mae:0.5670, current corr:0.7499, acc7:0.5102, acc5:0.5296,acc2_non_zero:0.8481, f_score_non_zero:0.8479, acc2:0.8171, f_score:0.8218
epoch:71, train_loss:0.1133, valid_mse:0.5287, valid_mae:0.5476, test_acc2:0.8075
current mae:0.5624, current corr:0.7471, acc7:0.5143, acc5:0.5333,acc2_non_zero:0.8481, f_score_non_zero:0.8487, acc2:0.8075, f_score:0.8138
epoch:72, train_loss:0.1124, valid_mse:0.5305, valid_mae:0.5494, test_acc2:0.8187
current mae:0.5638, current corr:0.7478, acc7:0.5141, acc5:0.5316,acc2_non_zero:0.8497, f_score_non_zero:0.8492, acc2:0.8187, f_score:0.8228
epoch:73, train_loss:0.1083, valid_mse:0.5369, valid_mae:0.5519, test_acc2:0.8133
current mae:0.5652, current corr:0.7469, acc7:0.5148, acc5:0.5339,acc2_non_zero:0.8456, f_score_non_zero:0.8454, acc2:0.8133, f_score:0.8181
epoch:74, train_loss:0.1055, valid_mse:0.5494, valid_mae:0.5546, test_acc2:0.8055
current mae:0.5709, current corr:0.7417, acc7:0.5137, acc5:0.5320,acc2_non_zero:0.8431, f_score_non_zero:0.8437, acc2:0.8055, f_score:0.8117
epoch:75, train_loss:0.1042, valid_mse:0.5306, valid_mae:0.5509, test_acc2:0.8126
current mae:0.5580, current corr:0.7472, acc7:0.5242, acc5:0.5410,acc2_non_zero:0.8453, f_score_non_zero:0.8444, acc2:0.8126, f_score:0.8167
epoch:76, train_loss:0.1028, valid_mse:0.5350, valid_mae:0.5474, test_acc2:0.8113
current mae:0.5588, current corr:0.7463, acc7:0.5208, acc5:0.5387,acc2_non_zero:0.8472, f_score_non_zero:0.8472, acc2:0.8113, f_score:0.8166
epoch:77, train_loss:0.1026, valid_mse:0.5323, valid_mae:0.5492, test_acc2:0.8019
current mae:0.5637, current corr:0.7475, acc7:0.5182, acc5:0.5376,acc2_non_zero:0.8459, f_score_non_zero:0.8469, acc2:0.8019, f_score:0.8090
epoch:78, train_loss:0.0993, valid_mse:0.5356, valid_mae:0.5537, test_acc2:0.8051
current mae:0.5622, current corr:0.7501, acc7:0.5188, acc5:0.5382,acc2_non_zero:0.8467, f_score_non_zero:0.8471, acc2:0.8051, f_score:0.8113
epoch:79, train_loss:0.0977, valid_mse:0.5323, valid_mae:0.5532, test_acc2:0.8001
current mae:0.5665, current corr:0.7446, acc7:0.5139, acc5:0.5331,acc2_non_zero:0.8456, f_score_non_zero:0.8464, acc2:0.8001, f_score:0.8071
epoch:80, train_loss:0.0899, valid_mse:0.5248, valid_mae:0.5480, test_acc2:0.8036
current mae:0.5650, current corr:0.7454, acc7:0.5117, acc5:0.5298,acc2_non_zero:0.8453, f_score_non_zero:0.8462, acc2:0.8036, f_score:0.8103
epoch:81, train_loss:0.0837, valid_mse:0.5230, valid_mae:0.5489, test_acc2:0.8148
current mae:0.5645, current corr:0.7475, acc7:0.5098, acc5:0.5283,acc2_non_zero:0.8489, f_score_non_zero:0.8489, acc2:0.8148, f_score:0.8198
epoch:82, train_loss:0.0805, valid_mse:0.5248, valid_mae:0.5477, test_acc2:0.8070
current mae:0.5654, current corr:0.7476, acc7:0.5098, acc5:0.5283,acc2_non_zero:0.8489, f_score_non_zero:0.8495, acc2:0.8070, f_score:0.8133
epoch:83, train_loss:0.0801, valid_mse:0.5297, valid_mae:0.5488, test_acc2:0.8008
current mae:0.5636, current corr:0.7468, acc7:0.5150, acc5:0.5337,acc2_non_zero:0.8459, f_score_non_zero:0.8466, acc2:0.8008, f_score:0.8077
epoch:84, train_loss:0.0774, valid_mse:0.5237, valid_mae:0.5472, test_acc2:0.8094
current mae:0.5611, current corr:0.7468, acc7:0.5171, acc5:0.5346,acc2_non_zero:0.8483, f_score_non_zero:0.8487, acc2:0.8094, f_score:0.8153
epoch:85, train_loss:0.0774, valid_mse:0.5259, valid_mae:0.5495, test_acc2:0.8055
current mae:0.5647, current corr:0.7468, acc7:0.5130, acc5:0.5311,acc2_non_zero:0.8472, f_score_non_zero:0.8479, acc2:0.8055, f_score:0.8119
epoch:86, train_loss:0.0758, valid_mse:0.5204, valid_mae:0.5460, test_acc2:0.8049
current mae:0.5648, current corr:0.7466, acc7:0.5135, acc5:0.5316,acc2_non_zero:0.8459, f_score_non_zero:0.8466, acc2:0.8049, f_score:0.8114
epoch:87, train_loss:0.0756, valid_mse:0.5246, valid_mae:0.5480, test_acc2:0.8098
current mae:0.5643, current corr:0.7481, acc7:0.5130, acc5:0.5316,acc2_non_zero:0.8492, f_score_non_zero:0.8496, acc2:0.8098, f_score:0.8157
epoch:88, train_loss:0.0754, valid_mse:0.5227, valid_mae:0.5464, test_acc2:0.8103
current mae:0.5648, current corr:0.7474, acc7:0.5122, acc5:0.5305,acc2_non_zero:0.8492, f_score_non_zero:0.8497, acc2:0.8103, f_score:0.8162
epoch:89, train_loss:0.0743, valid_mse:0.5168, valid_mae:0.5436, test_acc2:0.8064
current mae:0.5640, current corr:0.7489, acc7:0.5135, acc5:0.5318,acc2_non_zero:0.8472, f_score_non_zero:0.8478, acc2:0.8064, f_score:0.8126
epoch:90, train_loss:0.0736, valid_mse:0.5259, valid_mae:0.5484, test_acc2:0.8051
current mae:0.5656, current corr:0.7465, acc7:0.5145, acc5:0.5326,acc2_non_zero:0.8459, f_score_non_zero:0.8466, acc2:0.8051, f_score:0.8115
epoch:91, train_loss:0.0734, valid_mse:0.5171, valid_mae:0.5452, test_acc2:0.8131
current mae:0.5636, current corr:0.7486, acc7:0.5132, acc5:0.5313,acc2_non_zero:0.8500, f_score_non_zero:0.8503, acc2:0.8131, f_score:0.8186
epoch:92, train_loss:0.0731, valid_mse:0.5238, valid_mae:0.5479, test_acc2:0.8038
current mae:0.5646, current corr:0.7470, acc7:0.5117, acc5:0.5300,acc2_non_zero:0.8464, f_score_non_zero:0.8472, acc2:0.8038, f_score:0.8105
epoch:93, train_loss:0.0716, valid_mse:0.5196, valid_mae:0.5465, test_acc2:0.8036
current mae:0.5634, current corr:0.7477, acc7:0.5126, acc5:0.5307,acc2_non_zero:0.8448, f_score_non_zero:0.8455, acc2:0.8036, f_score:0.8102
epoch:94, train_loss:0.0714, valid_mse:0.5253, valid_mae:0.5486, test_acc2:0.8092
current mae:0.5643, current corr:0.7475, acc7:0.5120, acc5:0.5298,acc2_non_zero:0.8470, f_score_non_zero:0.8475, acc2:0.8092, f_score:0.8152
epoch:95, train_loss:0.0707, valid_mse:0.5274, valid_mae:0.5494, test_acc2:0.8047
current mae:0.5657, current corr:0.7472, acc7:0.5130, acc5:0.5313,acc2_non_zero:0.8453, f_score_non_zero:0.8461, acc2:0.8047, f_score:0.8112
epoch:96, train_loss:0.0703, valid_mse:0.5232, valid_mae:0.5480, test_acc2:0.8094
current mae:0.5646, current corr:0.7480, acc7:0.5132, acc5:0.5311,acc2_non_zero:0.8483, f_score_non_zero:0.8489, acc2:0.8094, f_score:0.8154
epoch:97, train_loss:0.0701, valid_mse:0.5208, valid_mae:0.5468, test_acc2:0.8092
current mae:0.5630, current corr:0.7470, acc7:0.5158, acc5:0.5344,acc2_non_zero:0.8481, f_score_non_zero:0.8486, acc2:0.8092, f_score:0.8152
epoch:98, train_loss:0.0705, valid_mse:0.5199, valid_mae:0.5459, test_acc2:0.8085
current mae:0.5624, current corr:0.7481, acc7:0.5150, acc5:0.5331,acc2_non_zero:0.8486, f_score_non_zero:0.8492, acc2:0.8085, f_score:0.8146
epoch:99, train_loss:0.0700, valid_mse:0.5289, valid_mae:0.5506, test_acc2:0.8057
current mae:0.5623, current corr:0.7486, acc7:0.5117, acc5:0.5298,acc2_non_zero:0.8467, f_score_non_zero:0.8473, acc2:0.8057, f_score:0.8121
Loading best model from epoch 4 by valid_mae=0.5177 for analysis export.
Analysis files exported to: /data01/lyw/GLoMo/experiments/mosei_ours_valmae_seed3407/analysis
  predictions: /data01/lyw/GLoMo/experiments/mosei_ours_valmae_seed3407/analysis/predictions.csv
  repr: /data01/lyw/GLoMo/experiments/mosei_ours_valmae_seed3407/analysis/repr.npz
  repr meta: /data01/lyw/GLoMo/experiments/mosei_ours_valmae_seed3407/analysis/repr_meta.json
  cases: /data01/lyw/GLoMo/experiments/mosei_ours_valmae_seed3407/analysis/cases.csv
Metrics summary saved to: /data01/lyw/GLoMo/experiments/mosei_ours_valmae_seed3407/metrics.json
Total runtime: 7839785.902500153 ms
