Using device: cuda:0, visible GPUs: 3
GPU name: NVIDIA GeForce RTX 3090
Seed: 5576
Command script saved to: /data01/lyw/GLoMo/experiments/mosei_only_moe_valmae_seed5576/command.sh
train labels: n=16265 min=-3.000 max=3.000 mean=0.146 std=1.125
dev labels: n=1869 min=-3.000 max=3.000 mean=0.190 std=1.038
test labels: n=4643 min=-3.000 max=3.000 mean=0.141 std=1.108
BERT load: missing=3 unexpected=10
BERT missing keys (first 5): ['linear1.weight', 'linear1.bias', 'proj_l.weight']
BERT unexpected keys (first 5): ['pooler.dense.weight', 'pooler.dense.bias', 'cls.predictions.bias', 'cls.predictions.transform.dense.weight', 'cls.predictions.transform.dense.bias']
conv audio std 0.03875073790550232
conv video std 0.056293025612831116
total parameter for the model:  117281879
epoch:0, train_loss:2.1801, valid_mse:0.5863, valid_mae:0.5731, test_acc2:0.8133
current mae:0.5995, current corr:0.7039, acc7:0.4872, acc5:0.4872,acc2_non_zero:0.8506, f_score_non_zero:0.8506, acc2:0.8133, f_score:0.8186
Saved best model at epoch 0 by valid_mae=0.5731 -> /data01/lyw/GLoMo/experiments/mosei_only_moe_valmae_seed5576/best_model.pt
epoch:1, train_loss:1.7418, valid_mse:0.5243, valid_mae:0.5316, test_acc2:0.8178
current mae:0.5576, current corr:0.7361, acc7:0.5229, acc5:0.5348,acc2_non_zero:0.8508, f_score_non_zero:0.8500, acc2:0.8178, f_score:0.8218
Saved best model at epoch 1 by valid_mae=0.5316 -> /data01/lyw/GLoMo/experiments/mosei_only_moe_valmae_seed5576/best_model.pt
epoch:2, train_loss:1.5685, valid_mse:0.5584, valid_mae:0.5552, test_acc2:0.8329
current mae:0.5729, current corr:0.7362, acc7:0.5137, acc5:0.5285,acc2_non_zero:0.8530, f_score_non_zero:0.8515, acc2:0.8329, f_score:0.8349
epoch:3, train_loss:1.4447, valid_mse:0.5246, valid_mae:0.5381, test_acc2:0.8423
current mae:0.5538, current corr:0.7539, acc7:0.5305, acc5:0.5490,acc2_non_zero:0.8530, f_score_non_zero:0.8504, acc2:0.8423, f_score:0.8425
epoch:4, train_loss:1.3308, valid_mse:0.5165, valid_mae:0.5279, test_acc2:0.8245
current mae:0.5433, current corr:0.7514, acc7:0.5369, acc5:0.5552,acc2_non_zero:0.8514, f_score_non_zero:0.8507, acc2:0.8245, f_score:0.8280
Saved best model at epoch 4 by valid_mae=0.5279 -> /data01/lyw/GLoMo/experiments/mosei_only_moe_valmae_seed5576/best_model.pt
epoch:5, train_loss:1.2187, valid_mse:0.5443, valid_mae:0.5397, test_acc2:0.7939
current mae:0.5576, current corr:0.7430, acc7:0.5229, acc5:0.5419,acc2_non_zero:0.8420, f_score_non_zero:0.8430, acc2:0.7939, f_score:0.8014
epoch:6, train_loss:1.1201, valid_mse:0.5764, valid_mae:0.5695, test_acc2:0.8533
current mae:0.5807, current corr:0.7495, acc7:0.5055, acc5:0.5249,acc2_non_zero:0.8483, f_score_non_zero:0.8435, acc2:0.8533, f_score:0.8502
epoch:7, train_loss:1.0337, valid_mse:0.6050, valid_mae:0.5849, test_acc2:0.8449
current mae:0.5980, current corr:0.7454, acc7:0.4952, acc5:0.5150,acc2_non_zero:0.8508, f_score_non_zero:0.8478, acc2:0.8449, f_score:0.8444
epoch:8, train_loss:0.9505, valid_mse:0.5363, valid_mae:0.5463, test_acc2:0.8380
current mae:0.5600, current corr:0.7452, acc7:0.5236, acc5:0.5417,acc2_non_zero:0.8486, f_score_non_zero:0.8467, acc2:0.8380, f_score:0.8391
epoch:9, train_loss:0.8631, valid_mse:0.5653, valid_mae:0.5650, test_acc2:0.8415
current mae:0.5777, current corr:0.7443, acc7:0.5057, acc5:0.5244,acc2_non_zero:0.8508, f_score_non_zero:0.8479, acc2:0.8415, f_score:0.8413
epoch:10, train_loss:0.7958, valid_mse:0.5620, valid_mae:0.5654, test_acc2:0.8467
current mae:0.5763, current corr:0.7451, acc7:0.5076, acc5:0.5264,acc2_non_zero:0.8470, f_score_non_zero:0.8435, acc2:0.8467, f_score:0.8454
epoch:11, train_loss:0.7290, valid_mse:0.5622, valid_mae:0.5614, test_acc2:0.8352
current mae:0.5734, current corr:0.7467, acc7:0.5046, acc5:0.5227,acc2_non_zero:0.8536, f_score_non_zero:0.8522, acc2:0.8352, f_score:0.8373
epoch:12, train_loss:0.6728, valid_mse:0.5530, valid_mae:0.5510, test_acc2:0.8232
current mae:0.5736, current corr:0.7362, acc7:0.5120, acc5:0.5307,acc2_non_zero:0.8461, f_score_non_zero:0.8453, acc2:0.8232, f_score:0.8265
epoch:13, train_loss:0.6148, valid_mse:0.5396, valid_mae:0.5492, test_acc2:0.8415
current mae:0.5640, current corr:0.7415, acc7:0.5178, acc5:0.5346,acc2_non_zero:0.8420, f_score_non_zero:0.8383, acc2:0.8415, f_score:0.8402
epoch:14, train_loss:0.5712, valid_mse:0.5312, valid_mae:0.5453, test_acc2:0.8309
current mae:0.5560, current corr:0.7450, acc7:0.5199, acc5:0.5374,acc2_non_zero:0.8483, f_score_non_zero:0.8467, acc2:0.8309, f_score:0.8329
epoch:15, train_loss:0.5344, valid_mse:0.5637, valid_mae:0.5617, test_acc2:0.8204
current mae:0.5741, current corr:0.7403, acc7:0.5053, acc5:0.5249,acc2_non_zero:0.8464, f_score_non_zero:0.8462, acc2:0.8204, f_score:0.8246
epoch:16, train_loss:0.5062, valid_mse:0.5418, valid_mae:0.5450, test_acc2:0.8122
current mae:0.5606, current corr:0.7400, acc7:0.5165, acc5:0.5348,acc2_non_zero:0.8481, f_score_non_zero:0.8482, acc2:0.8122, f_score:0.8175
epoch:17, train_loss:0.4760, valid_mse:0.5526, valid_mae:0.5614, test_acc2:0.8477
current mae:0.5741, current corr:0.7449, acc7:0.5079, acc5:0.5247,acc2_non_zero:0.8423, f_score_non_zero:0.8372, acc2:0.8477, f_score:0.8446
epoch:18, train_loss:0.4438, valid_mse:0.5489, valid_mae:0.5576, test_acc2:0.8355
current mae:0.5688, current corr:0.7448, acc7:0.5145, acc5:0.5324,acc2_non_zero:0.8489, f_score_non_zero:0.8461, acc2:0.8355, f_score:0.8358
epoch:19, train_loss:0.4170, valid_mse:0.5524, valid_mae:0.5537, test_acc2:0.8070
current mae:0.5675, current corr:0.7437, acc7:0.5068, acc5:0.5277,acc2_non_zero:0.8483, f_score_non_zero:0.8481, acc2:0.8070, f_score:0.8124
epoch:20, train_loss:0.3982, valid_mse:0.5425, valid_mae:0.5494, test_acc2:0.8294
current mae:0.5652, current corr:0.7430, acc7:0.5072, acc5:0.5285,acc2_non_zero:0.8494, f_score_non_zero:0.8481, acc2:0.8294, f_score:0.8318
epoch:21, train_loss:0.3759, valid_mse:0.5397, valid_mae:0.5481, test_acc2:0.8204
current mae:0.5632, current corr:0.7424, acc7:0.5100, acc5:0.5298,acc2_non_zero:0.8528, f_score_non_zero:0.8524, acc2:0.8204, f_score:0.8247
epoch:22, train_loss:0.3552, valid_mse:0.5419, valid_mae:0.5507, test_acc2:0.7997
current mae:0.5632, current corr:0.7415, acc7:0.5130, acc5:0.5316,acc2_non_zero:0.8448, f_score_non_zero:0.8458, acc2:0.7997, f_score:0.8069
epoch:23, train_loss:0.3416, valid_mse:0.5578, valid_mae:0.5569, test_acc2:0.7999
current mae:0.5730, current corr:0.7452, acc7:0.4988, acc5:0.5214,acc2_non_zero:0.8494, f_score_non_zero:0.8499, acc2:0.7999, f_score:0.8067
epoch:24, train_loss:0.3230, valid_mse:0.5364, valid_mae:0.5429, test_acc2:0.8253
current mae:0.5613, current corr:0.7458, acc7:0.5066, acc5:0.5294,acc2_non_zero:0.8522, f_score_non_zero:0.8512, acc2:0.8253, f_score:0.8286
epoch:25, train_loss:0.3172, valid_mse:0.5455, valid_mae:0.5536, test_acc2:0.7728
current mae:0.5711, current corr:0.7451, acc7:0.5046, acc5:0.5262,acc2_non_zero:0.8384, f_score_non_zero:0.8402, acc2:0.7728, f_score:0.7825
epoch:26, train_loss:0.3004, valid_mse:0.5394, valid_mae:0.5477, test_acc2:0.8273
current mae:0.5606, current corr:0.7478, acc7:0.5126, acc5:0.5335,acc2_non_zero:0.8558, f_score_non_zero:0.8550, acc2:0.8273, f_score:0.8307
epoch:27, train_loss:0.2934, valid_mse:0.5724, valid_mae:0.5747, test_acc2:0.8294
current mae:0.5886, current corr:0.7485, acc7:0.4874, acc5:0.5120,acc2_non_zero:0.8522, f_score_non_zero:0.8511, acc2:0.8294, f_score:0.8322
epoch:28, train_loss:0.2795, valid_mse:0.5698, valid_mae:0.5713, test_acc2:0.8251
current mae:0.5861, current corr:0.7481, acc7:0.4891, acc5:0.5148,acc2_non_zero:0.8494, f_score_non_zero:0.8485, acc2:0.8251, f_score:0.8283
epoch:29, train_loss:0.2740, valid_mse:0.5576, valid_mae:0.5561, test_acc2:0.8184
current mae:0.5626, current corr:0.7483, acc7:0.5148, acc5:0.5363,acc2_non_zero:0.8536, f_score_non_zero:0.8533, acc2:0.8184, f_score:0.8231
epoch:30, train_loss:0.2744, valid_mse:0.5421, valid_mae:0.5541, test_acc2:0.8143
current mae:0.5646, current corr:0.7488, acc7:0.5048, acc5:0.5240,acc2_non_zero:0.8544, f_score_non_zero:0.8544, acc2:0.8143, f_score:0.8196
epoch:31, train_loss:0.2609, valid_mse:0.5390, valid_mae:0.5465, test_acc2:0.7743
current mae:0.5655, current corr:0.7464, acc7:0.5068, acc5:0.5277,acc2_non_zero:0.8359, f_score_non_zero:0.8378, acc2:0.7743, f_score:0.7840
epoch:32, train_loss:0.2557, valid_mse:0.5259, valid_mae:0.5435, test_acc2:0.8357
current mae:0.5587, current corr:0.7526, acc7:0.5113, acc5:0.5322,acc2_non_zero:0.8511, f_score_non_zero:0.8492, acc2:0.8357, f_score:0.8370
epoch:33, train_loss:0.2474, valid_mse:0.5294, valid_mae:0.5478, test_acc2:0.8230
current mae:0.5651, current corr:0.7475, acc7:0.5087, acc5:0.5298,acc2_non_zero:0.8500, f_score_non_zero:0.8493, acc2:0.8230, f_score:0.8266
epoch:34, train_loss:0.2363, valid_mse:0.5477, valid_mae:0.5566, test_acc2:0.8225
current mae:0.5726, current corr:0.7478, acc7:0.5051, acc5:0.5262,acc2_non_zero:0.8547, f_score_non_zero:0.8542, acc2:0.8225, f_score:0.8266
epoch:35, train_loss:0.2315, valid_mse:0.5385, valid_mae:0.5500, test_acc2:0.8187
current mae:0.5661, current corr:0.7516, acc7:0.5064, acc5:0.5281,acc2_non_zero:0.8525, f_score_non_zero:0.8518, acc2:0.8187, f_score:0.8228
epoch:36, train_loss:0.2257, valid_mse:0.5546, valid_mae:0.5605, test_acc2:0.7952
current mae:0.5755, current corr:0.7499, acc7:0.5012, acc5:0.5251,acc2_non_zero:0.8472, f_score_non_zero:0.8483, acc2:0.7952, f_score:0.8029
epoch:37, train_loss:0.2248, valid_mse:0.5386, valid_mae:0.5508, test_acc2:0.8109
current mae:0.5627, current corr:0.7503, acc7:0.5117, acc5:0.5341,acc2_non_zero:0.8508, f_score_non_zero:0.8511, acc2:0.8109, f_score:0.8166
epoch:38, train_loss:0.2172, valid_mse:0.5485, valid_mae:0.5570, test_acc2:0.8059
current mae:0.5705, current corr:0.7515, acc7:0.5066, acc5:0.5272,acc2_non_zero:0.8514, f_score_non_zero:0.8516, acc2:0.8059, f_score:0.8121
epoch:39, train_loss:0.2102, valid_mse:0.5465, valid_mae:0.5553, test_acc2:0.8161
current mae:0.5667, current corr:0.7486, acc7:0.5126, acc5:0.5326,acc2_non_zero:0.8514, f_score_non_zero:0.8507, acc2:0.8161, f_score:0.8204
epoch:40, train_loss:0.2051, valid_mse:0.5465, valid_mae:0.5610, test_acc2:0.8415
current mae:0.5682, current corr:0.7539, acc7:0.5098, acc5:0.5305,acc2_non_zero:0.8489, f_score_non_zero:0.8461, acc2:0.8415, f_score:0.8414
epoch:41, train_loss:0.2025, valid_mse:0.5475, valid_mae:0.5549, test_acc2:0.7988
current mae:0.5656, current corr:0.7502, acc7:0.5171, acc5:0.5374,acc2_non_zero:0.8478, f_score_non_zero:0.8487, acc2:0.7988, f_score:0.8061
epoch:42, train_loss:0.2014, valid_mse:0.5315, valid_mae:0.5444, test_acc2:0.8051
current mae:0.5583, current corr:0.7479, acc7:0.5182, acc5:0.5382,acc2_non_zero:0.8478, f_score_non_zero:0.8485, acc2:0.8051, f_score:0.8116
epoch:43, train_loss:0.1955, valid_mse:0.5236, valid_mae:0.5417, test_acc2:0.8126
current mae:0.5553, current corr:0.7521, acc7:0.5206, acc5:0.5397,acc2_non_zero:0.8508, f_score_non_zero:0.8509, acc2:0.8126, f_score:0.8180
epoch:44, train_loss:0.1916, valid_mse:0.5236, valid_mae:0.5441, test_acc2:0.8255
current mae:0.5584, current corr:0.7522, acc7:0.5216, acc5:0.5415,acc2_non_zero:0.8536, f_score_non_zero:0.8530, acc2:0.8255, f_score:0.8292
epoch:45, train_loss:0.1887, valid_mse:0.5509, valid_mae:0.5603, test_acc2:0.8111
current mae:0.5776, current corr:0.7477, acc7:0.5068, acc5:0.5300,acc2_non_zero:0.8464, f_score_non_zero:0.8468, acc2:0.8111, f_score:0.8168
epoch:46, train_loss:0.1836, valid_mse:0.5528, valid_mae:0.5633, test_acc2:0.8266
current mae:0.5776, current corr:0.7496, acc7:0.5023, acc5:0.5247,acc2_non_zero:0.8506, f_score_non_zero:0.8501, acc2:0.8266, f_score:0.8302
epoch:47, train_loss:0.1784, valid_mse:0.5367, valid_mae:0.5439, test_acc2:0.8049
current mae:0.5622, current corr:0.7497, acc7:0.5219, acc5:0.5440,acc2_non_zero:0.8500, f_score_non_zero:0.8503, acc2:0.8049, f_score:0.8110
epoch:48, train_loss:0.1767, valid_mse:0.5450, valid_mae:0.5566, test_acc2:0.8210
current mae:0.5691, current corr:0.7473, acc7:0.5094, acc5:0.5316,acc2_non_zero:0.8497, f_score_non_zero:0.8496, acc2:0.8210, f_score:0.8255
epoch:49, train_loss:0.1725, valid_mse:0.5361, valid_mae:0.5429, test_acc2:0.8042
current mae:0.5604, current corr:0.7503, acc7:0.5150, acc5:0.5363,acc2_non_zero:0.8506, f_score_non_zero:0.8513, acc2:0.8042, f_score:0.8110
epoch:50, train_loss:0.1686, valid_mse:0.5386, valid_mae:0.5487, test_acc2:0.8217
current mae:0.5624, current corr:0.7487, acc7:0.5171, acc5:0.5369,acc2_non_zero:0.8539, f_score_non_zero:0.8539, acc2:0.8217, f_score:0.8264
epoch:51, train_loss:0.1653, valid_mse:0.5283, valid_mae:0.5448, test_acc2:0.8184
current mae:0.5629, current corr:0.7501, acc7:0.5143, acc5:0.5335,acc2_non_zero:0.8517, f_score_non_zero:0.8516, acc2:0.8184, f_score:0.8233
epoch:52, train_loss:0.1654, valid_mse:0.5368, valid_mae:0.5472, test_acc2:0.8115
current mae:0.5642, current corr:0.7459, acc7:0.5169, acc5:0.5369,acc2_non_zero:0.8470, f_score_non_zero:0.8469, acc2:0.8115, f_score:0.8167
epoch:53, train_loss:0.1576, valid_mse:0.5205, valid_mae:0.5395, test_acc2:0.8139
current mae:0.5587, current corr:0.7521, acc7:0.5130, acc5:0.5335,acc2_non_zero:0.8519, f_score_non_zero:0.8521, acc2:0.8139, f_score:0.8193
epoch:54, train_loss:0.1520, valid_mse:0.5294, valid_mae:0.5437, test_acc2:0.8040
current mae:0.5603, current corr:0.7514, acc7:0.5143, acc5:0.5361,acc2_non_zero:0.8472, f_score_non_zero:0.8474, acc2:0.8040, f_score:0.8101
epoch:55, train_loss:0.1529, valid_mse:0.5227, valid_mae:0.5425, test_acc2:0.8047
current mae:0.5607, current corr:0.7517, acc7:0.5158, acc5:0.5356,acc2_non_zero:0.8514, f_score_non_zero:0.8519, acc2:0.8047, f_score:0.8112
epoch:56, train_loss:0.1504, valid_mse:0.5407, valid_mae:0.5487, test_acc2:0.7909
current mae:0.5705, current corr:0.7473, acc7:0.5124, acc5:0.5326,acc2_non_zero:0.8423, f_score_non_zero:0.8435, acc2:0.7909, f_score:0.7989
epoch:57, train_loss:0.1434, valid_mse:0.5486, valid_mae:0.5602, test_acc2:0.8182
current mae:0.5787, current corr:0.7519, acc7:0.5044, acc5:0.5264,acc2_non_zero:0.8541, f_score_non_zero:0.8536, acc2:0.8182, f_score:0.8227
epoch:58, train_loss:0.1439, valid_mse:0.5351, valid_mae:0.5454, test_acc2:0.8077
current mae:0.5606, current corr:0.7493, acc7:0.5184, acc5:0.5365,acc2_non_zero:0.8450, f_score_non_zero:0.8453, acc2:0.8077, f_score:0.8135
epoch:59, train_loss:0.1380, valid_mse:0.5373, valid_mae:0.5500, test_acc2:0.8070
current mae:0.5675, current corr:0.7495, acc7:0.5135, acc5:0.5344,acc2_non_zero:0.8517, f_score_non_zero:0.8519, acc2:0.8070, f_score:0.8131
epoch:60, train_loss:0.1397, valid_mse:0.5353, valid_mae:0.5480, test_acc2:0.8055
current mae:0.5622, current corr:0.7525, acc7:0.5204, acc5:0.5404,acc2_non_zero:0.8461, f_score_non_zero:0.8463, acc2:0.8055, f_score:0.8114
epoch:61, train_loss:0.1334, valid_mse:0.5254, valid_mae:0.5448, test_acc2:0.7831
current mae:0.5669, current corr:0.7505, acc7:0.5120, acc5:0.5322,acc2_non_zero:0.8423, f_score_non_zero:0.8437, acc2:0.7831, f_score:0.7919
epoch:62, train_loss:0.1310, valid_mse:0.5237, valid_mae:0.5411, test_acc2:0.8133
current mae:0.5616, current corr:0.7500, acc7:0.5182, acc5:0.5372,acc2_non_zero:0.8492, f_score_non_zero:0.8489, acc2:0.8133, f_score:0.8181
epoch:63, train_loss:0.1297, valid_mse:0.5223, valid_mae:0.5388, test_acc2:0.8036
current mae:0.5571, current corr:0.7506, acc7:0.5197, acc5:0.5380,acc2_non_zero:0.8478, f_score_non_zero:0.8483, acc2:0.8036, f_score:0.8101
epoch:64, train_loss:0.1300, valid_mse:0.5434, valid_mae:0.5515, test_acc2:0.7960
current mae:0.5707, current corr:0.7506, acc7:0.5089, acc5:0.5298,acc2_non_zero:0.8478, f_score_non_zero:0.8490, acc2:0.7960, f_score:0.8038
epoch:65, train_loss:0.1291, valid_mse:0.5488, valid_mae:0.5550, test_acc2:0.8038
current mae:0.5702, current corr:0.7524, acc7:0.5120, acc5:0.5333,acc2_non_zero:0.8519, f_score_non_zero:0.8525, acc2:0.8038, f_score:0.8105
epoch:66, train_loss:0.1216, valid_mse:0.5402, valid_mae:0.5499, test_acc2:0.8062
current mae:0.5688, current corr:0.7505, acc7:0.5135, acc5:0.5354,acc2_non_zero:0.8497, f_score_non_zero:0.8504, acc2:0.8062, f_score:0.8126
epoch:67, train_loss:0.1265, valid_mse:0.5352, valid_mae:0.5487, test_acc2:0.7913
current mae:0.5695, current corr:0.7488, acc7:0.5109, acc5:0.5328,acc2_non_zero:0.8442, f_score_non_zero:0.8456, acc2:0.7913, f_score:0.7995
epoch:68, train_loss:0.1238, valid_mse:0.5558, valid_mae:0.5577, test_acc2:0.8154
current mae:0.5718, current corr:0.7532, acc7:0.5094, acc5:0.5309,acc2_non_zero:0.8497, f_score_non_zero:0.8501, acc2:0.8154, f_score:0.8208
epoch:69, train_loss:0.1182, valid_mse:0.5288, valid_mae:0.5409, test_acc2:0.8051
current mae:0.5622, current corr:0.7527, acc7:0.5180, acc5:0.5415,acc2_non_zero:0.8459, f_score_non_zero:0.8466, acc2:0.8051, f_score:0.8116
epoch:70, train_loss:0.1159, valid_mse:0.5359, valid_mae:0.5444, test_acc2:0.7928
current mae:0.5642, current corr:0.7478, acc7:0.5210, acc5:0.5419,acc2_non_zero:0.8439, f_score_non_zero:0.8452, acc2:0.7928, f_score:0.8007
epoch:71, train_loss:0.1141, valid_mse:0.5274, valid_mae:0.5463, test_acc2:0.8124
current mae:0.5713, current corr:0.7497, acc7:0.5087, acc5:0.5285,acc2_non_zero:0.8500, f_score_non_zero:0.8502, acc2:0.8124, f_score:0.8179
epoch:72, train_loss:0.1153, valid_mse:0.5254, valid_mae:0.5426, test_acc2:0.8150
current mae:0.5587, current corr:0.7523, acc7:0.5171, acc5:0.5361,acc2_non_zero:0.8472, f_score_non_zero:0.8473, acc2:0.8150, f_score:0.8200
epoch:73, train_loss:0.1093, valid_mse:0.5339, valid_mae:0.5428, test_acc2:0.8055
current mae:0.5605, current corr:0.7492, acc7:0.5257, acc5:0.5432,acc2_non_zero:0.8461, f_score_non_zero:0.8469, acc2:0.8055, f_score:0.8120
epoch:74, train_loss:0.1076, valid_mse:0.5383, valid_mae:0.5460, test_acc2:0.7915
current mae:0.5653, current corr:0.7493, acc7:0.5152, acc5:0.5359,acc2_non_zero:0.8412, f_score_non_zero:0.8424, acc2:0.7915, f_score:0.7994
epoch:75, train_loss:0.1100, valid_mse:0.5196, valid_mae:0.5440, test_acc2:0.7896
current mae:0.5611, current corr:0.7482, acc7:0.5130, acc5:0.5309,acc2_non_zero:0.8381, f_score_non_zero:0.8393, acc2:0.7896, f_score:0.7975
epoch:76, train_loss:0.1070, valid_mse:0.5585, valid_mae:0.5584, test_acc2:0.7928
current mae:0.5653, current corr:0.7521, acc7:0.5167, acc5:0.5387,acc2_non_zero:0.8456, f_score_non_zero:0.8467, acc2:0.7928, f_score:0.8006
epoch:77, train_loss:0.1086, valid_mse:0.5222, valid_mae:0.5407, test_acc2:0.8174
current mae:0.5550, current corr:0.7532, acc7:0.5219, acc5:0.5415,acc2_non_zero:0.8536, f_score_non_zero:0.8538, acc2:0.8174, f_score:0.8226
epoch:78, train_loss:0.1085, valid_mse:0.5467, valid_mae:0.5579, test_acc2:0.8113
current mae:0.5718, current corr:0.7494, acc7:0.5104, acc5:0.5322,acc2_non_zero:0.8494, f_score_non_zero:0.8494, acc2:0.8113, f_score:0.8166
epoch:79, train_loss:0.1017, valid_mse:0.5397, valid_mae:0.5482, test_acc2:0.7999
current mae:0.5652, current corr:0.7474, acc7:0.5148, acc5:0.5350,acc2_non_zero:0.8450, f_score_non_zero:0.8459, acc2:0.7999, f_score:0.8069
epoch:80, train_loss:0.0886, valid_mse:0.5365, valid_mae:0.5451, test_acc2:0.8021
current mae:0.5645, current corr:0.7481, acc7:0.5128, acc5:0.5320,acc2_non_zero:0.8464, f_score_non_zero:0.8474, acc2:0.8021, f_score:0.8091
epoch:81, train_loss:0.0836, valid_mse:0.5374, valid_mae:0.5483, test_acc2:0.8062
current mae:0.5633, current corr:0.7493, acc7:0.5160, acc5:0.5350,acc2_non_zero:0.8481, f_score_non_zero:0.8487, acc2:0.8062, f_score:0.8125
epoch:82, train_loss:0.0841, valid_mse:0.5418, valid_mae:0.5499, test_acc2:0.8055
current mae:0.5642, current corr:0.7490, acc7:0.5148, acc5:0.5354,acc2_non_zero:0.8489, f_score_non_zero:0.8496, acc2:0.8055, f_score:0.8120
epoch:83, train_loss:0.0799, valid_mse:0.5346, valid_mae:0.5461, test_acc2:0.8055
current mae:0.5631, current corr:0.7497, acc7:0.5160, acc5:0.5365,acc2_non_zero:0.8481, f_score_non_zero:0.8488, acc2:0.8055, f_score:0.8120
epoch:84, train_loss:0.0799, valid_mse:0.5357, valid_mae:0.5460, test_acc2:0.7999
current mae:0.5642, current corr:0.7491, acc7:0.5145, acc5:0.5354,acc2_non_zero:0.8456, f_score_non_zero:0.8466, acc2:0.7999, f_score:0.8071
epoch:85, train_loss:0.0783, valid_mse:0.5427, valid_mae:0.5505, test_acc2:0.8016
current mae:0.5659, current corr:0.7490, acc7:0.5120, acc5:0.5326,acc2_non_zero:0.8472, f_score_non_zero:0.8481, acc2:0.8016, f_score:0.8086
epoch:86, train_loss:0.0772, valid_mse:0.5410, valid_mae:0.5507, test_acc2:0.8034
current mae:0.5670, current corr:0.7482, acc7:0.5117, acc5:0.5320,acc2_non_zero:0.8470, f_score_non_zero:0.8477, acc2:0.8034, f_score:0.8100
epoch:87, train_loss:0.0768, valid_mse:0.5414, valid_mae:0.5496, test_acc2:0.8029
current mae:0.5656, current corr:0.7493, acc7:0.5092, acc5:0.5298,acc2_non_zero:0.8478, f_score_non_zero:0.8486, acc2:0.8029, f_score:0.8098
epoch:88, train_loss:0.0756, valid_mse:0.5427, valid_mae:0.5507, test_acc2:0.8016
current mae:0.5659, current corr:0.7489, acc7:0.5115, acc5:0.5318,acc2_non_zero:0.8461, f_score_non_zero:0.8469, acc2:0.8016, f_score:0.8085
epoch:89, train_loss:0.0753, valid_mse:0.5399, valid_mae:0.5493, test_acc2:0.8051
current mae:0.5633, current corr:0.7498, acc7:0.5167, acc5:0.5369,acc2_non_zero:0.8483, f_score_non_zero:0.8491, acc2:0.8051, f_score:0.8117
epoch:90, train_loss:0.0748, valid_mse:0.5370, valid_mae:0.5483, test_acc2:0.8047
current mae:0.5674, current corr:0.7488, acc7:0.5117, acc5:0.5333,acc2_non_zero:0.8475, f_score_non_zero:0.8483, acc2:0.8047, f_score:0.8113
epoch:91, train_loss:0.0742, valid_mse:0.5332, valid_mae:0.5450, test_acc2:0.8029
current mae:0.5640, current corr:0.7498, acc7:0.5148, acc5:0.5354,acc2_non_zero:0.8470, f_score_non_zero:0.8478, acc2:0.8029, f_score:0.8098
epoch:92, train_loss:0.0728, valid_mse:0.5312, valid_mae:0.5440, test_acc2:0.8057
current mae:0.5639, current corr:0.7498, acc7:0.5137, acc5:0.5350,acc2_non_zero:0.8478, f_score_non_zero:0.8485, acc2:0.8057, f_score:0.8122
epoch:93, train_loss:0.0729, valid_mse:0.5350, valid_mae:0.5467, test_acc2:0.8059
current mae:0.5646, current corr:0.7499, acc7:0.5204, acc5:0.5402,acc2_non_zero:0.8483, f_score_non_zero:0.8490, acc2:0.8059, f_score:0.8123
epoch:94, train_loss:0.0719, valid_mse:0.5337, valid_mae:0.5449, test_acc2:0.8006
current mae:0.5623, current corr:0.7497, acc7:0.5171, acc5:0.5365,acc2_non_zero:0.8464, f_score_non_zero:0.8473, acc2:0.8006, f_score:0.8076
epoch:95, train_loss:0.0721, valid_mse:0.5332, valid_mae:0.5461, test_acc2:0.8049
current mae:0.5623, current corr:0.7502, acc7:0.5169, acc5:0.5367,acc2_non_zero:0.8478, f_score_non_zero:0.8485, acc2:0.8049, f_score:0.8115
epoch:96, train_loss:0.0716, valid_mse:0.5332, valid_mae:0.5475, test_acc2:0.8064
current mae:0.5644, current corr:0.7505, acc7:0.5173, acc5:0.5374,acc2_non_zero:0.8486, f_score_non_zero:0.8491, acc2:0.8064, f_score:0.8126
epoch:97, train_loss:0.0726, valid_mse:0.5335, valid_mae:0.5450, test_acc2:0.7971
current mae:0.5636, current corr:0.7492, acc7:0.5163, acc5:0.5361,acc2_non_zero:0.8436, f_score_non_zero:0.8447, acc2:0.7971, f_score:0.8045
epoch:98, train_loss:0.0711, valid_mse:0.5300, valid_mae:0.5431, test_acc2:0.7995
current mae:0.5609, current corr:0.7499, acc7:0.5178, acc5:0.5376,acc2_non_zero:0.8436, f_score_non_zero:0.8445, acc2:0.7995, f_score:0.8065
epoch:99, train_loss:0.0707, valid_mse:0.5327, valid_mae:0.5450, test_acc2:0.8003
current mae:0.5633, current corr:0.7496, acc7:0.5158, acc5:0.5361,acc2_non_zero:0.8450, f_score_non_zero:0.8459, acc2:0.8003, f_score:0.8073
Loading best model from epoch 4 by valid_mae=0.5279 for analysis export.
Analysis files exported to: /data01/lyw/GLoMo/experiments/mosei_only_moe_valmae_seed5576/analysis
  predictions: /data01/lyw/GLoMo/experiments/mosei_only_moe_valmae_seed5576/analysis/predictions.csv
  repr: /data01/lyw/GLoMo/experiments/mosei_only_moe_valmae_seed5576/analysis/repr.npz
  repr meta: /data01/lyw/GLoMo/experiments/mosei_only_moe_valmae_seed5576/analysis/repr_meta.json
  cases: /data01/lyw/GLoMo/experiments/mosei_only_moe_valmae_seed5576/analysis/cases.csv
Metrics summary saved to: /data01/lyw/GLoMo/experiments/mosei_only_moe_valmae_seed5576/metrics.json
Total runtime: 7623310.544729233 ms
