Using device: cuda:0, visible GPUs: 1
GPU name: NVIDIA GeForce RTX 3090
Seed: 2026
Command script saved to: /data01/lyw/GLoMo/experiments/mosei_ours_valmae_seed2026/command.sh
train labels: n=16265 min=-3.000 max=3.000 mean=0.146 std=1.125
dev labels: n=1869 min=-3.000 max=3.000 mean=0.190 std=1.038
test labels: n=4643 min=-3.000 max=3.000 mean=0.141 std=1.108
BERT load: missing=3 unexpected=10
BERT missing keys (first 5): ['linear1.weight', 'linear1.bias', 'proj_l.weight']
BERT unexpected keys (first 5): ['pooler.dense.weight', 'pooler.dense.bias', 'cls.predictions.bias', 'cls.predictions.transform.dense.weight', 'cls.predictions.transform.dense.bias']
conv audio std 0.038659658282995224
conv video std 0.05639365687966347
total parameter for the model:  117281879
epoch:0, train_loss:2.1402, valid_mse:0.5671, valid_mae:0.5699, test_acc2:0.8219
current mae:0.5914, current corr:0.7123, acc7:0.4833, acc5:0.4833,acc2_non_zero:0.8470, f_score_non_zero:0.8458, acc2:0.8219, f_score:0.8250
Saved best model at epoch 0 by valid_mae=0.5699 -> /data01/lyw/GLoMo/experiments/mosei_ours_valmae_seed2026/best_model.pt
epoch:1, train_loss:1.7082, valid_mse:0.5335, valid_mae:0.5460, test_acc2:0.8251
current mae:0.5552, current corr:0.7441, acc7:0.5350, acc5:0.5507,acc2_non_zero:0.8519, f_score_non_zero:0.8510, acc2:0.8251, f_score:0.8285
Saved best model at epoch 1 by valid_mae=0.5460 -> /data01/lyw/GLoMo/experiments/mosei_ours_valmae_seed2026/best_model.pt
epoch:2, train_loss:1.5486, valid_mse:0.5574, valid_mae:0.5609, test_acc2:0.8383
current mae:0.5703, current corr:0.7506, acc7:0.5169, acc5:0.5361,acc2_non_zero:0.8547, f_score_non_zero:0.8523, acc2:0.8383, f_score:0.8391
epoch:3, train_loss:1.4195, valid_mse:0.5187, valid_mae:0.5405, test_acc2:0.8408
current mae:0.5487, current corr:0.7591, acc7:0.5337, acc5:0.5518,acc2_non_zero:0.8528, f_score_non_zero:0.8504, acc2:0.8408, f_score:0.8414
Saved best model at epoch 3 by valid_mae=0.5405 -> /data01/lyw/GLoMo/experiments/mosei_ours_valmae_seed2026/best_model.pt
epoch:4, train_loss:1.3013, valid_mse:0.5129, valid_mae:0.5358, test_acc2:0.8432
current mae:0.5451, current corr:0.7533, acc7:0.5339, acc5:0.5514,acc2_non_zero:0.8530, f_score_non_zero:0.8510, acc2:0.8432, f_score:0.8440
Saved best model at epoch 4 by valid_mae=0.5358 -> /data01/lyw/GLoMo/experiments/mosei_ours_valmae_seed2026/best_model.pt
epoch:5, train_loss:1.1900, valid_mse:0.5503, valid_mae:0.5551, test_acc2:0.8169
current mae:0.5625, current corr:0.7484, acc7:0.5169, acc5:0.5346,acc2_non_zero:0.8448, f_score_non_zero:0.8450, acc2:0.8169, f_score:0.8219
epoch:6, train_loss:1.0936, valid_mse:0.5242, valid_mae:0.5426, test_acc2:0.8402
current mae:0.5543, current corr:0.7510, acc7:0.5229, acc5:0.5404,acc2_non_zero:0.8517, f_score_non_zero:0.8492, acc2:0.8402, f_score:0.8407
epoch:7, train_loss:0.9932, valid_mse:0.5637, valid_mae:0.5588, test_acc2:0.8115
current mae:0.5710, current corr:0.7440, acc7:0.5130, acc5:0.5311,acc2_non_zero:0.8478, f_score_non_zero:0.8482, acc2:0.8115, f_score:0.8172
epoch:8, train_loss:0.8972, valid_mse:0.5579, valid_mae:0.5586, test_acc2:0.8258
current mae:0.5673, current corr:0.7422, acc7:0.5156, acc5:0.5328,acc2_non_zero:0.8489, f_score_non_zero:0.8486, acc2:0.8258, f_score:0.8295
epoch:9, train_loss:0.8161, valid_mse:0.5395, valid_mae:0.5486, test_acc2:0.8320
current mae:0.5619, current corr:0.7432, acc7:0.5169, acc5:0.5346,acc2_non_zero:0.8539, f_score_non_zero:0.8529, acc2:0.8320, f_score:0.8348
epoch:10, train_loss:0.7470, valid_mse:0.5754, valid_mae:0.5694, test_acc2:0.8311
current mae:0.5791, current corr:0.7434, acc7:0.5076, acc5:0.5257,acc2_non_zero:0.8511, f_score_non_zero:0.8498, acc2:0.8311, f_score:0.8335
epoch:11, train_loss:0.6822, valid_mse:0.5603, valid_mae:0.5558, test_acc2:0.7939
current mae:0.5612, current corr:0.7437, acc7:0.5223, acc5:0.5406,acc2_non_zero:0.8376, f_score_non_zero:0.8387, acc2:0.7939, f_score:0.8013
epoch:12, train_loss:0.6286, valid_mse:0.5362, valid_mae:0.5500, test_acc2:0.8085
current mae:0.5590, current corr:0.7466, acc7:0.5158, acc5:0.5337,acc2_non_zero:0.8497, f_score_non_zero:0.8502, acc2:0.8085, f_score:0.8146
epoch:13, train_loss:0.5849, valid_mse:0.5525, valid_mae:0.5610, test_acc2:0.8311
current mae:0.5701, current corr:0.7442, acc7:0.5085, acc5:0.5266,acc2_non_zero:0.8497, f_score_non_zero:0.8487, acc2:0.8311, f_score:0.8338
epoch:14, train_loss:0.5376, valid_mse:0.5553, valid_mae:0.5594, test_acc2:0.8171
current mae:0.5704, current corr:0.7425, acc7:0.5055, acc5:0.5232,acc2_non_zero:0.8494, f_score_non_zero:0.8498, acc2:0.8171, f_score:0.8224
epoch:15, train_loss:0.4999, valid_mse:0.5613, valid_mae:0.5665, test_acc2:0.8462
current mae:0.5787, current corr:0.7465, acc7:0.5051, acc5:0.5227,acc2_non_zero:0.8428, f_score_non_zero:0.8377, acc2:0.8462, f_score:0.8431
epoch:16, train_loss:0.4618, valid_mse:0.5579, valid_mae:0.5563, test_acc2:0.8255
current mae:0.5709, current corr:0.7445, acc7:0.5089, acc5:0.5272,acc2_non_zero:0.8503, f_score_non_zero:0.8499, acc2:0.8255, f_score:0.8293
epoch:17, train_loss:0.4331, valid_mse:0.5434, valid_mae:0.5558, test_acc2:0.8247
current mae:0.5756, current corr:0.7428, acc7:0.5070, acc5:0.5236,acc2_non_zero:0.8517, f_score_non_zero:0.8510, acc2:0.8247, f_score:0.8283
epoch:18, train_loss:0.4025, valid_mse:0.5571, valid_mae:0.5595, test_acc2:0.8230
current mae:0.5701, current corr:0.7465, acc7:0.5087, acc5:0.5268,acc2_non_zero:0.8489, f_score_non_zero:0.8480, acc2:0.8230, f_score:0.8263
epoch:19, train_loss:0.3881, valid_mse:0.5444, valid_mae:0.5497, test_acc2:0.8215
current mae:0.5639, current corr:0.7473, acc7:0.5068, acc5:0.5294,acc2_non_zero:0.8506, f_score_non_zero:0.8506, acc2:0.8215, f_score:0.8261
epoch:20, train_loss:0.3638, valid_mse:0.5353, valid_mae:0.5469, test_acc2:0.8193
current mae:0.5570, current corr:0.7484, acc7:0.5132, acc5:0.5322,acc2_non_zero:0.8511, f_score_non_zero:0.8506, acc2:0.8193, f_score:0.8235
epoch:21, train_loss:0.3416, valid_mse:0.5518, valid_mae:0.5563, test_acc2:0.7945
current mae:0.5732, current corr:0.7445, acc7:0.5025, acc5:0.5234,acc2_non_zero:0.8467, f_score_non_zero:0.8476, acc2:0.7945, f_score:0.8021
epoch:22, train_loss:0.3240, valid_mse:0.5365, valid_mae:0.5535, test_acc2:0.8268
current mae:0.5625, current corr:0.7485, acc7:0.5184, acc5:0.5374,acc2_non_zero:0.8544, f_score_non_zero:0.8537, acc2:0.8268, f_score:0.8303
epoch:23, train_loss:0.3125, valid_mse:0.5323, valid_mae:0.5463, test_acc2:0.8199
current mae:0.5598, current corr:0.7449, acc7:0.5143, acc5:0.5348,acc2_non_zero:0.8511, f_score_non_zero:0.8510, acc2:0.8199, f_score:0.8245
epoch:24, train_loss:0.3011, valid_mse:0.5305, valid_mae:0.5459, test_acc2:0.8128
current mae:0.5577, current corr:0.7487, acc7:0.5117, acc5:0.5318,acc2_non_zero:0.8497, f_score_non_zero:0.8496, acc2:0.8128, f_score:0.8180
epoch:25, train_loss:0.2893, valid_mse:0.5164, valid_mae:0.5414, test_acc2:0.8193
current mae:0.5549, current corr:0.7492, acc7:0.5160, acc5:0.5348,acc2_non_zero:0.8500, f_score_non_zero:0.8497, acc2:0.8193, f_score:0.8237
epoch:26, train_loss:0.2877, valid_mse:0.5422, valid_mae:0.5496, test_acc2:0.8286
current mae:0.5613, current corr:0.7508, acc7:0.5186, acc5:0.5395,acc2_non_zero:0.8508, f_score_non_zero:0.8499, acc2:0.8286, f_score:0.8316
epoch:27, train_loss:0.2711, valid_mse:0.5240, valid_mae:0.5408, test_acc2:0.8180
current mae:0.5596, current corr:0.7480, acc7:0.5141, acc5:0.5350,acc2_non_zero:0.8497, f_score_non_zero:0.8493, acc2:0.8180, f_score:0.8224
epoch:28, train_loss:0.2615, valid_mse:0.5257, valid_mae:0.5474, test_acc2:0.8327
current mae:0.5624, current corr:0.7509, acc7:0.5059, acc5:0.5270,acc2_non_zero:0.8539, f_score_non_zero:0.8523, acc2:0.8327, f_score:0.8348
epoch:29, train_loss:0.2542, valid_mse:0.5289, valid_mae:0.5438, test_acc2:0.7922
current mae:0.5619, current corr:0.7516, acc7:0.5079, acc5:0.5279,acc2_non_zero:0.8453, f_score_non_zero:0.8467, acc2:0.7922, f_score:0.8003
epoch:30, train_loss:0.2461, valid_mse:0.5147, valid_mae:0.5359, test_acc2:0.8103
current mae:0.5567, current corr:0.7488, acc7:0.5085, acc5:0.5288,acc2_non_zero:0.8508, f_score_non_zero:0.8515, acc2:0.8103, f_score:0.8165
epoch:31, train_loss:0.2457, valid_mse:0.5232, valid_mae:0.5468, test_acc2:0.8374
current mae:0.5646, current corr:0.7501, acc7:0.5152, acc5:0.5346,acc2_non_zero:0.8492, f_score_non_zero:0.8471, acc2:0.8374, f_score:0.8384
epoch:32, train_loss:0.2379, valid_mse:0.5256, valid_mae:0.5420, test_acc2:0.8120
current mae:0.5622, current corr:0.7499, acc7:0.5096, acc5:0.5307,acc2_non_zero:0.8517, f_score_non_zero:0.8517, acc2:0.8120, f_score:0.8174
epoch:33, train_loss:0.2304, valid_mse:0.5346, valid_mae:0.5508, test_acc2:0.8184
current mae:0.5708, current corr:0.7488, acc7:0.5048, acc5:0.5264,acc2_non_zero:0.8552, f_score_non_zero:0.8554, acc2:0.8184, f_score:0.8236
epoch:34, train_loss:0.2221, valid_mse:0.5120, valid_mae:0.5378, test_acc2:0.8243
current mae:0.5483, current corr:0.7533, acc7:0.5180, acc5:0.5361,acc2_non_zero:0.8522, f_score_non_zero:0.8516, acc2:0.8243, f_score:0.8280
epoch:35, train_loss:0.2181, valid_mse:0.5168, valid_mae:0.5414, test_acc2:0.8258
current mae:0.5596, current corr:0.7530, acc7:0.5156, acc5:0.5363,acc2_non_zero:0.8525, f_score_non_zero:0.8516, acc2:0.8258, f_score:0.8291
epoch:36, train_loss:0.2135, valid_mse:0.5011, valid_mae:0.5317, test_acc2:0.8215
current mae:0.5521, current corr:0.7519, acc7:0.5204, acc5:0.5404,acc2_non_zero:0.8492, f_score_non_zero:0.8490, acc2:0.8215, f_score:0.8258
Saved best model at epoch 36 by valid_mae=0.5317 -> /data01/lyw/GLoMo/experiments/mosei_ours_valmae_seed2026/best_model.pt
epoch:37, train_loss:0.2091, valid_mse:0.5314, valid_mae:0.5438, test_acc2:0.8094
current mae:0.5583, current corr:0.7545, acc7:0.5163, acc5:0.5378,acc2_non_zero:0.8483, f_score_non_zero:0.8485, acc2:0.8094, f_score:0.8150
epoch:38, train_loss:0.2063, valid_mse:0.5136, valid_mae:0.5368, test_acc2:0.8178
current mae:0.5560, current corr:0.7517, acc7:0.5182, acc5:0.5384,acc2_non_zero:0.8514, f_score_non_zero:0.8516, acc2:0.8178, f_score:0.8229
epoch:39, train_loss:0.1991, valid_mse:0.5208, valid_mae:0.5451, test_acc2:0.8266
current mae:0.5681, current corr:0.7477, acc7:0.5085, acc5:0.5303,acc2_non_zero:0.8481, f_score_non_zero:0.8472, acc2:0.8266, f_score:0.8297
epoch:40, train_loss:0.1945, valid_mse:0.5044, valid_mae:0.5286, test_acc2:0.8307
current mae:0.5484, current corr:0.7502, acc7:0.5262, acc5:0.5451,acc2_non_zero:0.8500, f_score_non_zero:0.8495, acc2:0.8307, f_score:0.8340
Saved best model at epoch 40 by valid_mae=0.5286 -> /data01/lyw/GLoMo/experiments/mosei_ours_valmae_seed2026/best_model.pt
epoch:41, train_loss:0.1901, valid_mse:0.5350, valid_mae:0.5468, test_acc2:0.8197
current mae:0.5695, current corr:0.7470, acc7:0.5083, acc5:0.5292,acc2_non_zero:0.8497, f_score_non_zero:0.8497, acc2:0.8197, f_score:0.8243
epoch:42, train_loss:0.1873, valid_mse:0.5231, valid_mae:0.5420, test_acc2:0.8206
current mae:0.5619, current corr:0.7499, acc7:0.5180, acc5:0.5369,acc2_non_zero:0.8508, f_score_non_zero:0.8507, acc2:0.8206, f_score:0.8251
epoch:43, train_loss:0.1852, valid_mse:0.5157, valid_mae:0.5356, test_acc2:0.7909
current mae:0.5589, current corr:0.7470, acc7:0.5199, acc5:0.5380,acc2_non_zero:0.8434, f_score_non_zero:0.8448, acc2:0.7909, f_score:0.7991
epoch:44, train_loss:0.1825, valid_mse:0.5397, valid_mae:0.5487, test_acc2:0.8124
current mae:0.5647, current corr:0.7503, acc7:0.5132, acc5:0.5344,acc2_non_zero:0.8533, f_score_non_zero:0.8536, acc2:0.8124, f_score:0.8181
epoch:45, train_loss:0.1786, valid_mse:0.5294, valid_mae:0.5432, test_acc2:0.8154
current mae:0.5643, current corr:0.7501, acc7:0.5128, acc5:0.5333,acc2_non_zero:0.8541, f_score_non_zero:0.8545, acc2:0.8154, f_score:0.8210
epoch:46, train_loss:0.1710, valid_mse:0.5228, valid_mae:0.5391, test_acc2:0.8115
current mae:0.5575, current corr:0.7481, acc7:0.5195, acc5:0.5393,acc2_non_zero:0.8525, f_score_non_zero:0.8529, acc2:0.8115, f_score:0.8174
epoch:47, train_loss:0.1684, valid_mse:0.5347, valid_mae:0.5435, test_acc2:0.7965
current mae:0.5582, current corr:0.7480, acc7:0.5191, acc5:0.5397,acc2_non_zero:0.8494, f_score_non_zero:0.8504, acc2:0.7965, f_score:0.8040
epoch:48, train_loss:0.1700, valid_mse:0.5365, valid_mae:0.5498, test_acc2:0.8023
current mae:0.5662, current corr:0.7478, acc7:0.5135, acc5:0.5346,acc2_non_zero:0.8478, f_score_non_zero:0.8485, acc2:0.8023, f_score:0.8090
epoch:49, train_loss:0.1675, valid_mse:0.5305, valid_mae:0.5464, test_acc2:0.7829
current mae:0.5622, current corr:0.7482, acc7:0.5130, acc5:0.5324,acc2_non_zero:0.8434, f_score_non_zero:0.8448, acc2:0.7829, f_score:0.7917
epoch:50, train_loss:0.1571, valid_mse:0.5226, valid_mae:0.5411, test_acc2:0.7853
current mae:0.5583, current corr:0.7471, acc7:0.5180, acc5:0.5356,acc2_non_zero:0.8423, f_score_non_zero:0.8437, acc2:0.7853, f_score:0.7939
epoch:51, train_loss:0.1532, valid_mse:0.5178, valid_mae:0.5379, test_acc2:0.8010
current mae:0.5502, current corr:0.7523, acc7:0.5255, acc5:0.5440,acc2_non_zero:0.8489, f_score_non_zero:0.8499, acc2:0.8010, f_score:0.8083
epoch:52, train_loss:0.1513, valid_mse:0.5436, valid_mae:0.5553, test_acc2:0.8255
current mae:0.5683, current corr:0.7510, acc7:0.5115, acc5:0.5322,acc2_non_zero:0.8517, f_score_non_zero:0.8511, acc2:0.8255, f_score:0.8292
epoch:53, train_loss:0.1530, valid_mse:0.5254, valid_mae:0.5442, test_acc2:0.8316
current mae:0.5621, current corr:0.7525, acc7:0.5148, acc5:0.5344,acc2_non_zero:0.8533, f_score_non_zero:0.8523, acc2:0.8316, f_score:0.8344
epoch:54, train_loss:0.1437, valid_mse:0.5307, valid_mae:0.5440, test_acc2:0.8167
current mae:0.5589, current corr:0.7515, acc7:0.5251, acc5:0.5447,acc2_non_zero:0.8528, f_score_non_zero:0.8524, acc2:0.8167, f_score:0.8213
epoch:55, train_loss:0.1419, valid_mse:0.5348, valid_mae:0.5504, test_acc2:0.8079
current mae:0.5686, current corr:0.7472, acc7:0.5163, acc5:0.5354,acc2_non_zero:0.8519, f_score_non_zero:0.8522, acc2:0.8079, f_score:0.8139
epoch:56, train_loss:0.1441, valid_mse:0.5510, valid_mae:0.5593, test_acc2:0.8044
current mae:0.5791, current corr:0.7449, acc7:0.5059, acc5:0.5260,acc2_non_zero:0.8492, f_score_non_zero:0.8504, acc2:0.8044, f_score:0.8116
epoch:57, train_loss:0.1377, valid_mse:0.5340, valid_mae:0.5495, test_acc2:0.8178
current mae:0.5712, current corr:0.7497, acc7:0.5079, acc5:0.5277,acc2_non_zero:0.8541, f_score_non_zero:0.8543, acc2:0.8178, f_score:0.8230
epoch:58, train_loss:0.1344, valid_mse:0.5185, valid_mae:0.5378, test_acc2:0.8193
current mae:0.5554, current corr:0.7497, acc7:0.5199, acc5:0.5380,acc2_non_zero:0.8494, f_score_non_zero:0.8494, acc2:0.8193, f_score:0.8239
epoch:59, train_loss:0.1368, valid_mse:0.5474, valid_mae:0.5524, test_acc2:0.8096
current mae:0.5682, current corr:0.7497, acc7:0.5132, acc5:0.5341,acc2_non_zero:0.8525, f_score_non_zero:0.8528, acc2:0.8096, f_score:0.8156
epoch:60, train_loss:0.1320, valid_mse:0.5323, valid_mae:0.5450, test_acc2:0.8090
current mae:0.5637, current corr:0.7511, acc7:0.5130, acc5:0.5326,acc2_non_zero:0.8494, f_score_non_zero:0.8500, acc2:0.8090, f_score:0.8151
epoch:61, train_loss:0.1288, valid_mse:0.5438, valid_mae:0.5491, test_acc2:0.8202
current mae:0.5643, current corr:0.7517, acc7:0.5117, acc5:0.5320,acc2_non_zero:0.8522, f_score_non_zero:0.8521, acc2:0.8202, f_score:0.8247
epoch:62, train_loss:0.1298, valid_mse:0.5407, valid_mae:0.5489, test_acc2:0.8118
current mae:0.5668, current corr:0.7490, acc7:0.5107, acc5:0.5309,acc2_non_zero:0.8486, f_score_non_zero:0.8491, acc2:0.8118, f_score:0.8175
epoch:63, train_loss:0.1268, valid_mse:0.5270, valid_mae:0.5363, test_acc2:0.8150
current mae:0.5540, current corr:0.7528, acc7:0.5214, acc5:0.5419,acc2_non_zero:0.8503, f_score_non_zero:0.8505, acc2:0.8150, f_score:0.8203
epoch:64, train_loss:0.1230, valid_mse:0.5290, valid_mae:0.5400, test_acc2:0.8094
current mae:0.5601, current corr:0.7532, acc7:0.5152, acc5:0.5361,acc2_non_zero:0.8511, f_score_non_zero:0.8513, acc2:0.8094, f_score:0.8152
epoch:65, train_loss:0.1202, valid_mse:0.5147, valid_mae:0.5354, test_acc2:0.8217
current mae:0.5528, current corr:0.7502, acc7:0.5283, acc5:0.5471,acc2_non_zero:0.8530, f_score_non_zero:0.8525, acc2:0.8217, f_score:0.8257
epoch:66, train_loss:0.1158, valid_mse:0.5268, valid_mae:0.5440, test_acc2:0.8148
current mae:0.5595, current corr:0.7529, acc7:0.5163, acc5:0.5356,acc2_non_zero:0.8486, f_score_non_zero:0.8484, acc2:0.8148, f_score:0.8196
epoch:67, train_loss:0.1158, valid_mse:0.5473, valid_mae:0.5567, test_acc2:0.8081
current mae:0.5653, current corr:0.7525, acc7:0.5137, acc5:0.5333,acc2_non_zero:0.8481, f_score_non_zero:0.8484, acc2:0.8081, f_score:0.8141
epoch:68, train_loss:0.1146, valid_mse:0.5399, valid_mae:0.5462, test_acc2:0.8006
current mae:0.5622, current corr:0.7497, acc7:0.5199, acc5:0.5397,acc2_non_zero:0.8414, f_score_non_zero:0.8426, acc2:0.8006, f_score:0.8077
epoch:69, train_loss:0.1138, valid_mse:0.5402, valid_mae:0.5465, test_acc2:0.8077
current mae:0.5573, current corr:0.7538, acc7:0.5247, acc5:0.5423,acc2_non_zero:0.8467, f_score_non_zero:0.8474, acc2:0.8077, f_score:0.8140
epoch:70, train_loss:0.1100, valid_mse:0.5429, valid_mae:0.5557, test_acc2:0.7973
current mae:0.5686, current corr:0.7508, acc7:0.5122, acc5:0.5331,acc2_non_zero:0.8461, f_score_non_zero:0.8470, acc2:0.7973, f_score:0.8046
epoch:71, train_loss:0.1097, valid_mse:0.5364, valid_mae:0.5507, test_acc2:0.8094
current mae:0.5615, current corr:0.7508, acc7:0.5111, acc5:0.5294,acc2_non_zero:0.8500, f_score_non_zero:0.8504, acc2:0.8094, f_score:0.8154
epoch:72, train_loss:0.1055, valid_mse:0.5386, valid_mae:0.5457, test_acc2:0.8051
current mae:0.5576, current corr:0.7508, acc7:0.5242, acc5:0.5430,acc2_non_zero:0.8436, f_score_non_zero:0.8444, acc2:0.8051, f_score:0.8115
epoch:73, train_loss:0.1099, valid_mse:0.5430, valid_mae:0.5518, test_acc2:0.7889
current mae:0.5734, current corr:0.7488, acc7:0.5044, acc5:0.5257,acc2_non_zero:0.8434, f_score_non_zero:0.8445, acc2:0.7889, f_score:0.7970
epoch:74, train_loss:0.1034, valid_mse:0.5179, valid_mae:0.5401, test_acc2:0.7967
current mae:0.5604, current corr:0.7475, acc7:0.5234, acc5:0.5425,acc2_non_zero:0.8445, f_score_non_zero:0.8455, acc2:0.7967, f_score:0.8041
epoch:75, train_loss:0.1047, valid_mse:0.5351, valid_mae:0.5500, test_acc2:0.8148
current mae:0.5696, current corr:0.7515, acc7:0.5064, acc5:0.5277,acc2_non_zero:0.8539, f_score_non_zero:0.8541, acc2:0.8148, f_score:0.8202
epoch:76, train_loss:0.1049, valid_mse:0.5149, valid_mae:0.5409, test_acc2:0.8124
current mae:0.5631, current corr:0.7525, acc7:0.5180, acc5:0.5369,acc2_non_zero:0.8511, f_score_non_zero:0.8512, acc2:0.8124, f_score:0.8178
epoch:77, train_loss:0.1016, valid_mse:0.5199, valid_mae:0.5399, test_acc2:0.8128
current mae:0.5601, current corr:0.7520, acc7:0.5206, acc5:0.5404,acc2_non_zero:0.8492, f_score_non_zero:0.8497, acc2:0.8128, f_score:0.8186
epoch:78, train_loss:0.1025, valid_mse:0.5163, valid_mae:0.5368, test_acc2:0.8210
current mae:0.5602, current corr:0.7519, acc7:0.5145, acc5:0.5344,acc2_non_zero:0.8492, f_score_non_zero:0.8486, acc2:0.8210, f_score:0.8250
epoch:79, train_loss:0.0978, valid_mse:0.5274, valid_mae:0.5416, test_acc2:0.7861
current mae:0.5676, current corr:0.7489, acc7:0.5137, acc5:0.5326,acc2_non_zero:0.8398, f_score_non_zero:0.8412, acc2:0.7861, f_score:0.7946
epoch:80, train_loss:0.0837, valid_mse:0.5196, valid_mae:0.5379, test_acc2:0.8042
current mae:0.5588, current corr:0.7515, acc7:0.5182, acc5:0.5374,acc2_non_zero:0.8481, f_score_non_zero:0.8486, acc2:0.8042, f_score:0.8106
epoch:81, train_loss:0.0798, valid_mse:0.5193, valid_mae:0.5379, test_acc2:0.8036
current mae:0.5615, current corr:0.7515, acc7:0.5158, acc5:0.5354,acc2_non_zero:0.8467, f_score_non_zero:0.8473, acc2:0.8036, f_score:0.8101
epoch:82, train_loss:0.0789, valid_mse:0.5254, valid_mae:0.5431, test_acc2:0.8070
current mae:0.5621, current corr:0.7521, acc7:0.5154, acc5:0.5350,acc2_non_zero:0.8472, f_score_non_zero:0.8477, acc2:0.8070, f_score:0.8131
epoch:83, train_loss:0.0777, valid_mse:0.5165, valid_mae:0.5384, test_acc2:0.8079
current mae:0.5605, current corr:0.7524, acc7:0.5193, acc5:0.5391,acc2_non_zero:0.8470, f_score_non_zero:0.8474, acc2:0.8079, f_score:0.8139
epoch:84, train_loss:0.0756, valid_mse:0.5196, valid_mae:0.5405, test_acc2:0.8027
current mae:0.5634, current corr:0.7517, acc7:0.5137, acc5:0.5333,acc2_non_zero:0.8459, f_score_non_zero:0.8465, acc2:0.8027, f_score:0.8093
epoch:85, train_loss:0.0732, valid_mse:0.5183, valid_mae:0.5395, test_acc2:0.8075
current mae:0.5588, current corr:0.7528, acc7:0.5180, acc5:0.5376,acc2_non_zero:0.8478, f_score_non_zero:0.8482, acc2:0.8075, f_score:0.8135
epoch:86, train_loss:0.0728, valid_mse:0.5151, valid_mae:0.5368, test_acc2:0.8055
current mae:0.5603, current corr:0.7520, acc7:0.5206, acc5:0.5404,acc2_non_zero:0.8459, f_score_non_zero:0.8463, acc2:0.8055, f_score:0.8117
epoch:87, train_loss:0.0731, valid_mse:0.5145, valid_mae:0.5371, test_acc2:0.8066
current mae:0.5581, current corr:0.7529, acc7:0.5184, acc5:0.5369,acc2_non_zero:0.8475, f_score_non_zero:0.8480, acc2:0.8066, f_score:0.8127
epoch:88, train_loss:0.0722, valid_mse:0.5186, valid_mae:0.5385, test_acc2:0.8027
current mae:0.5602, current corr:0.7526, acc7:0.5176, acc5:0.5367,acc2_non_zero:0.8470, f_score_non_zero:0.8477, acc2:0.8027, f_score:0.8095
epoch:89, train_loss:0.0714, valid_mse:0.5179, valid_mae:0.5393, test_acc2:0.8077
current mae:0.5579, current corr:0.7537, acc7:0.5167, acc5:0.5356,acc2_non_zero:0.8483, f_score_non_zero:0.8487, acc2:0.8077, f_score:0.8137
epoch:90, train_loss:0.0711, valid_mse:0.5197, valid_mae:0.5391, test_acc2:0.8036
current mae:0.5602, current corr:0.7523, acc7:0.5184, acc5:0.5380,acc2_non_zero:0.8464, f_score_non_zero:0.8471, acc2:0.8036, f_score:0.8102
epoch:91, train_loss:0.0709, valid_mse:0.5145, valid_mae:0.5362, test_acc2:0.8049
current mae:0.5595, current corr:0.7530, acc7:0.5180, acc5:0.5376,acc2_non_zero:0.8478, f_score_non_zero:0.8483, acc2:0.8049, f_score:0.8112
epoch:92, train_loss:0.0705, valid_mse:0.5186, valid_mae:0.5400, test_acc2:0.8036
current mae:0.5601, current corr:0.7526, acc7:0.5160, acc5:0.5361,acc2_non_zero:0.8459, f_score_non_zero:0.8465, acc2:0.8036, f_score:0.8101
epoch:93, train_loss:0.0705, valid_mse:0.5160, valid_mae:0.5375, test_acc2:0.8079
current mae:0.5583, current corr:0.7532, acc7:0.5176, acc5:0.5378,acc2_non_zero:0.8481, f_score_non_zero:0.8485, acc2:0.8079, f_score:0.8139
epoch:94, train_loss:0.0687, valid_mse:0.5189, valid_mae:0.5412, test_acc2:0.7993
current mae:0.5602, current corr:0.7521, acc7:0.5197, acc5:0.5393,acc2_non_zero:0.8456, f_score_non_zero:0.8464, acc2:0.7993, f_score:0.8063
epoch:95, train_loss:0.0686, valid_mse:0.5147, valid_mae:0.5370, test_acc2:0.8059
current mae:0.5572, current corr:0.7532, acc7:0.5206, acc5:0.5400,acc2_non_zero:0.8470, f_score_non_zero:0.8476, acc2:0.8059, f_score:0.8123
epoch:96, train_loss:0.0680, valid_mse:0.5192, valid_mae:0.5402, test_acc2:0.8047
current mae:0.5608, current corr:0.7527, acc7:0.5180, acc5:0.5378,acc2_non_zero:0.8456, f_score_non_zero:0.8461, acc2:0.8047, f_score:0.8109
epoch:97, train_loss:0.0685, valid_mse:0.5209, valid_mae:0.5399, test_acc2:0.8072
current mae:0.5596, current corr:0.7524, acc7:0.5210, acc5:0.5406,acc2_non_zero:0.8481, f_score_non_zero:0.8485, acc2:0.8072, f_score:0.8134
epoch:98, train_loss:0.0668, valid_mse:0.5290, valid_mae:0.5446, test_acc2:0.8111
current mae:0.5638, current corr:0.7513, acc7:0.5158, acc5:0.5354,acc2_non_zero:0.8489, f_score_non_zero:0.8492, acc2:0.8111, f_score:0.8167
epoch:99, train_loss:0.0672, valid_mse:0.5261, valid_mae:0.5397, test_acc2:0.8057
current mae:0.5590, current corr:0.7520, acc7:0.5193, acc5:0.5384,acc2_non_zero:0.8481, f_score_non_zero:0.8486, acc2:0.8057, f_score:0.8121
Loading best model from epoch 40 by valid_mae=0.5286 for analysis export.
Analysis files exported to: /data01/lyw/GLoMo/experiments/mosei_ours_valmae_seed2026/analysis
  predictions: /data01/lyw/GLoMo/experiments/mosei_ours_valmae_seed2026/analysis/predictions.csv
  repr: /data01/lyw/GLoMo/experiments/mosei_ours_valmae_seed2026/analysis/repr.npz
  repr meta: /data01/lyw/GLoMo/experiments/mosei_ours_valmae_seed2026/analysis/repr_meta.json
  cases: /data01/lyw/GLoMo/experiments/mosei_ours_valmae_seed2026/analysis/cases.csv
Metrics summary saved to: /data01/lyw/GLoMo/experiments/mosei_ours_valmae_seed2026/metrics.json
Total runtime: 7841769.39702034 ms
