Using device: cuda:0, visible GPUs: 2
GPU name: NVIDIA GeForce RTX 3090
Seed: 2026
Command script saved to: /data01/lyw/GLoMo/experiments/mosi_only_moe_valmae_seed2026/command.sh
train labels: n=1281 min=-3.000 max=3.000 mean=0.235 std=1.509
dev labels: n=229 min=-3.000 max=3.000 mean=0.310 std=1.649
test labels: n=685 min=-3.000 max=3.000 mean=-0.315 std=1.588
BERT load: missing=3 unexpected=10
BERT missing keys (first 5): ['linear1.weight', 'linear1.bias', 'proj_l.weight']
BERT unexpected keys (first 5): ['pooler.dense.weight', 'pooler.dense.bias', 'cls.predictions.bias', 'cls.predictions.transform.dense.weight', 'cls.predictions.transform.dense.bias']
conv audio std 0.03885459154844284
conv video std 0.04830261692404747
total parameter for the model:  111150839
epoch:0, train_loss:3.3045, valid_mse:2.8038, valid_mae:1.4362, test_acc2:0.5139
current mae:1.4162, current corr:0.1934, acc7:0.1547, acc5:0.1547,acc2_non_zero:0.5008, f_score_non_zero:0.4345, acc2:0.5139, f_score:0.4476
Saved best model at epoch 0 by valid_mae=1.4362 -> /data01/lyw/GLoMo/experiments/mosi_only_moe_valmae_seed2026/best_model.pt
epoch:1, train_loss:3.2601, valid_mse:2.7155, valid_mae:1.4082, test_acc2:0.5387
current mae:1.4080, current corr:0.4356, acc7:0.1547, acc5:0.1547,acc2_non_zero:0.5237, f_score_non_zero:0.4659, acc2:0.5387, f_score:0.4799
Saved best model at epoch 1 by valid_mae=1.4082 -> /data01/lyw/GLoMo/experiments/mosi_only_moe_valmae_seed2026/best_model.pt
epoch:2, train_loss:3.2250, valid_mse:2.6357, valid_mae:1.3872, test_acc2:0.7036
current mae:1.3863, current corr:0.6409, acc7:0.1547, acc5:0.1547,acc2_non_zero:0.7099, f_score_non_zero:0.7111, acc2:0.7036, f_score:0.7038
Saved best model at epoch 2 by valid_mae=1.3872 -> /data01/lyw/GLoMo/experiments/mosi_only_moe_valmae_seed2026/best_model.pt
epoch:3, train_loss:3.2017, valid_mse:2.6138, valid_mae:1.3811, test_acc2:0.7650
current mae:1.3762, current corr:0.6665, acc7:0.1547, acc5:0.1547,acc2_non_zero:0.7802, f_score_non_zero:0.7813, acc2:0.7650, f_score:0.7654
Saved best model at epoch 3 by valid_mae=1.3811 -> /data01/lyw/GLoMo/experiments/mosi_only_moe_valmae_seed2026/best_model.pt
epoch:4, train_loss:3.1410, valid_mse:2.5206, valid_mae:1.3495, test_acc2:0.7708
current mae:1.3641, current corr:0.6517, acc7:0.1547, acc5:0.1547,acc2_non_zero:0.7847, f_score_non_zero:0.7859, acc2:0.7708, f_score:0.7713
Saved best model at epoch 4 by valid_mae=1.3495 -> /data01/lyw/GLoMo/experiments/mosi_only_moe_valmae_seed2026/best_model.pt
epoch:5, train_loss:3.1282, valid_mse:2.4703, valid_mae:1.3373, test_acc2:0.8044
current mae:1.3434, current corr:0.6671, acc7:0.1547, acc5:0.1547,acc2_non_zero:0.8260, f_score_non_zero:0.8253, acc2:0.8044, f_score:0.8029
Saved best model at epoch 5 by valid_mae=1.3373 -> /data01/lyw/GLoMo/experiments/mosi_only_moe_valmae_seed2026/best_model.pt
epoch:6, train_loss:3.0920, valid_mse:2.4033, valid_mae:1.3184, test_acc2:0.7752
current mae:1.3303, current corr:0.6333, acc7:0.1547, acc5:0.1547,acc2_non_zero:0.7878, f_score_non_zero:0.7890, acc2:0.7752, f_score:0.7757
Saved best model at epoch 6 by valid_mae=1.3184 -> /data01/lyw/GLoMo/experiments/mosi_only_moe_valmae_seed2026/best_model.pt
epoch:7, train_loss:3.0318, valid_mse:2.2642, valid_mae:1.2730, test_acc2:0.7912
current mae:1.3040, current corr:0.6380, acc7:0.1547, acc5:0.1547,acc2_non_zero:0.8092, f_score_non_zero:0.8098, acc2:0.7912, f_score:0.7912
Saved best model at epoch 7 by valid_mae=1.2730 -> /data01/lyw/GLoMo/experiments/mosi_only_moe_valmae_seed2026/best_model.pt
epoch:8, train_loss:3.0032, valid_mse:2.2145, valid_mae:1.2568, test_acc2:0.8131
current mae:1.2679, current corr:0.6715, acc7:0.1547, acc5:0.1547,acc2_non_zero:0.8382, f_score_non_zero:0.8365, acc2:0.8131, f_score:0.8104
Saved best model at epoch 8 by valid_mae=1.2568 -> /data01/lyw/GLoMo/experiments/mosi_only_moe_valmae_seed2026/best_model.pt
epoch:9, train_loss:2.9842, valid_mse:2.1759, valid_mae:1.2478, test_acc2:0.8102
current mae:1.2433, current corr:0.6851, acc7:0.1547, acc5:0.1547,acc2_non_zero:0.8382, f_score_non_zero:0.8348, acc2:0.8102, f_score:0.8053
Saved best model at epoch 9 by valid_mae=1.2478 -> /data01/lyw/GLoMo/experiments/mosi_only_moe_valmae_seed2026/best_model.pt
epoch:10, train_loss:2.9275, valid_mse:2.1004, valid_mae:1.2296, test_acc2:0.8131
current mae:1.2214, current corr:0.6845, acc7:0.1547, acc5:0.1547,acc2_non_zero:0.8397, f_score_non_zero:0.8365, acc2:0.8131, f_score:0.8085
Saved best model at epoch 10 by valid_mae=1.2296 -> /data01/lyw/GLoMo/experiments/mosi_only_moe_valmae_seed2026/best_model.pt
epoch:11, train_loss:2.8693, valid_mse:2.0201, valid_mae:1.1998, test_acc2:0.8044
current mae:1.2142, current corr:0.6659, acc7:0.1547, acc5:0.1547,acc2_non_zero:0.8214, f_score_non_zero:0.8220, acc2:0.8044, f_score:0.8044
Saved best model at epoch 11 by valid_mae=1.1998 -> /data01/lyw/GLoMo/experiments/mosi_only_moe_valmae_seed2026/best_model.pt
epoch:12, train_loss:2.8258, valid_mse:1.9272, valid_mae:1.1681, test_acc2:0.8029
current mae:1.1953, current corr:0.6709, acc7:0.1752, acc5:0.1752,acc2_non_zero:0.8198, f_score_non_zero:0.8207, acc2:0.8029, f_score:0.8032
Saved best model at epoch 12 by valid_mae=1.1681 -> /data01/lyw/GLoMo/experiments/mosi_only_moe_valmae_seed2026/best_model.pt
epoch:13, train_loss:2.8011, valid_mse:1.9225, valid_mae:1.1700, test_acc2:0.8029
current mae:1.1814, current corr:0.6800, acc7:0.2321, acc5:0.2321,acc2_non_zero:0.8168, f_score_non_zero:0.8179, acc2:0.8029, f_score:0.8034
epoch:14, train_loss:2.7483, valid_mse:1.9134, valid_mae:1.1696, test_acc2:0.8190
current mae:1.1402, current corr:0.6962, acc7:0.2248, acc5:0.2248,acc2_non_zero:0.8382, f_score_non_zero:0.8370, acc2:0.8190, f_score:0.8171
epoch:15, train_loss:2.7302, valid_mse:1.8058, valid_mae:1.1315, test_acc2:0.8204
current mae:1.1160, current corr:0.7006, acc7:0.2277, acc5:0.2277,acc2_non_zero:0.8397, f_score_non_zero:0.8395, acc2:0.8204, f_score:0.8196
Saved best model at epoch 15 by valid_mae=1.1315 -> /data01/lyw/GLoMo/experiments/mosi_only_moe_valmae_seed2026/best_model.pt
epoch:16, train_loss:2.6695, valid_mse:1.8103, valid_mae:1.1331, test_acc2:0.8015
current mae:1.1045, current corr:0.6981, acc7:0.2774, acc5:0.2774,acc2_non_zero:0.8214, f_score_non_zero:0.8204, acc2:0.8015, f_score:0.7997
epoch:17, train_loss:2.6269, valid_mse:1.7008, valid_mae:1.0949, test_acc2:0.8117
current mae:1.0801, current corr:0.7081, acc7:0.3270, acc5:0.3270,acc2_non_zero:0.8366, f_score_non_zero:0.8364, acc2:0.8117, f_score:0.8106
Saved best model at epoch 17 by valid_mae=1.0949 -> /data01/lyw/GLoMo/experiments/mosi_only_moe_valmae_seed2026/best_model.pt
epoch:18, train_loss:2.5759, valid_mse:1.6800, valid_mae:1.0856, test_acc2:0.8088
current mae:1.0632, current corr:0.7171, acc7:0.3255, acc5:0.3255,acc2_non_zero:0.8260, f_score_non_zero:0.8263, acc2:0.8088, f_score:0.8085
Saved best model at epoch 18 by valid_mae=1.0856 -> /data01/lyw/GLoMo/experiments/mosi_only_moe_valmae_seed2026/best_model.pt
epoch:19, train_loss:2.5373, valid_mse:1.6535, valid_mae:1.0813, test_acc2:0.8058
current mae:1.0334, current corr:0.7247, acc7:0.3314, acc5:0.3314,acc2_non_zero:0.8321, f_score_non_zero:0.8314, acc2:0.8058, f_score:0.8041
Saved best model at epoch 19 by valid_mae=1.0813 -> /data01/lyw/GLoMo/experiments/mosi_only_moe_valmae_seed2026/best_model.pt
epoch:20, train_loss:2.4900, valid_mse:1.5208, valid_mae:1.0246, test_acc2:0.8204
current mae:1.0093, current corr:0.7207, acc7:0.3372, acc5:0.3372,acc2_non_zero:0.8366, f_score_non_zero:0.8368, acc2:0.8204, f_score:0.8200
Saved best model at epoch 20 by valid_mae=1.0246 -> /data01/lyw/GLoMo/experiments/mosi_only_moe_valmae_seed2026/best_model.pt
epoch:21, train_loss:2.4295, valid_mse:1.4226, valid_mae:0.9905, test_acc2:0.8058
current mae:1.0130, current corr:0.7180, acc7:0.3182, acc5:0.3182,acc2_non_zero:0.8229, f_score_non_zero:0.8237, acc2:0.8058, f_score:0.8060
Saved best model at epoch 21 by valid_mae=0.9905 -> /data01/lyw/GLoMo/experiments/mosi_only_moe_valmae_seed2026/best_model.pt
epoch:22, train_loss:2.3994, valid_mse:1.4037, valid_mae:0.9794, test_acc2:0.8161
current mae:0.9796, current corr:0.7221, acc7:0.3328, acc5:0.3328,acc2_non_zero:0.8321, f_score_non_zero:0.8326, acc2:0.8161, f_score:0.8161
Saved best model at epoch 22 by valid_mae=0.9794 -> /data01/lyw/GLoMo/experiments/mosi_only_moe_valmae_seed2026/best_model.pt
epoch:23, train_loss:2.3335, valid_mse:1.4046, valid_mae:0.9762, test_acc2:0.8073
current mae:0.9582, current corr:0.7311, acc7:0.3328, acc5:0.3328,acc2_non_zero:0.8290, f_score_non_zero:0.8294, acc2:0.8073, f_score:0.8070
Saved best model at epoch 23 by valid_mae=0.9762 -> /data01/lyw/GLoMo/experiments/mosi_only_moe_valmae_seed2026/best_model.pt
epoch:24, train_loss:2.3123, valid_mse:1.3777, valid_mae:0.9617, test_acc2:0.8015
current mae:0.9575, current corr:0.7184, acc7:0.3241, acc5:0.3241,acc2_non_zero:0.8168, f_score_non_zero:0.8178, acc2:0.8015, f_score:0.8019
Saved best model at epoch 24 by valid_mae=0.9617 -> /data01/lyw/GLoMo/experiments/mosi_only_moe_valmae_seed2026/best_model.pt
epoch:25, train_loss:2.2643, valid_mse:1.3451, valid_mae:0.9420, test_acc2:0.8044
current mae:0.9414, current corr:0.7036, acc7:0.3226, acc5:0.3226,acc2_non_zero:0.8229, f_score_non_zero:0.8235, acc2:0.8044, f_score:0.8044
Saved best model at epoch 25 by valid_mae=0.9420 -> /data01/lyw/GLoMo/experiments/mosi_only_moe_valmae_seed2026/best_model.pt
epoch:26, train_loss:2.2003, valid_mse:1.3168, valid_mae:0.9343, test_acc2:0.8088
current mae:0.9068, current corr:0.7200, acc7:0.3372, acc5:0.3372,acc2_non_zero:0.8275, f_score_non_zero:0.8279, acc2:0.8088, f_score:0.8086
Saved best model at epoch 26 by valid_mae=0.9343 -> /data01/lyw/GLoMo/experiments/mosi_only_moe_valmae_seed2026/best_model.pt
epoch:27, train_loss:2.1628, valid_mse:1.3521, valid_mae:0.9628, test_acc2:0.8088
current mae:0.8911, current corr:0.7372, acc7:0.3153, acc5:0.3153,acc2_non_zero:0.8336, f_score_non_zero:0.8330, acc2:0.8088, f_score:0.8072
epoch:28, train_loss:2.1274, valid_mse:1.2286, valid_mae:0.8987, test_acc2:0.8073
current mae:0.8778, current corr:0.7391, acc7:0.3182, acc5:0.3182,acc2_non_zero:0.8229, f_score_non_zero:0.8231, acc2:0.8073, f_score:0.8070
Saved best model at epoch 28 by valid_mae=0.8987 -> /data01/lyw/GLoMo/experiments/mosi_only_moe_valmae_seed2026/best_model.pt
epoch:29, train_loss:2.0874, valid_mse:1.2408, valid_mae:0.8802, test_acc2:0.8146
current mae:0.8725, current corr:0.7329, acc7:0.3314, acc5:0.3314,acc2_non_zero:0.8290, f_score_non_zero:0.8299, acc2:0.8146, f_score:0.8149
Saved best model at epoch 29 by valid_mae=0.8802 -> /data01/lyw/GLoMo/experiments/mosi_only_moe_valmae_seed2026/best_model.pt
epoch:30, train_loss:2.0654, valid_mse:1.2188, valid_mae:0.8771, test_acc2:0.8117
current mae:0.8637, current corr:0.7396, acc7:0.3241, acc5:0.3241,acc2_non_zero:0.8260, f_score_non_zero:0.8269, acc2:0.8117, f_score:0.8121
Saved best model at epoch 30 by valid_mae=0.8771 -> /data01/lyw/GLoMo/experiments/mosi_only_moe_valmae_seed2026/best_model.pt
epoch:31, train_loss:2.0091, valid_mse:1.2091, valid_mae:0.8784, test_acc2:0.8131
current mae:0.8416, current corr:0.7502, acc7:0.3212, acc5:0.3212,acc2_non_zero:0.8275, f_score_non_zero:0.8283, acc2:0.8131, f_score:0.8134
epoch:32, train_loss:1.9673, valid_mse:1.2565, valid_mae:0.8812, test_acc2:0.8073
current mae:0.8194, current corr:0.7535, acc7:0.3212, acc5:0.3255,acc2_non_zero:0.8305, f_score_non_zero:0.8299, acc2:0.8073, f_score:0.8058
epoch:33, train_loss:1.9395, valid_mse:1.1749, valid_mae:0.8504, test_acc2:0.8029
current mae:0.8041, current corr:0.7533, acc7:0.3723, acc5:0.3985,acc2_non_zero:0.8275, f_score_non_zero:0.8272, acc2:0.8029, f_score:0.8017
Saved best model at epoch 33 by valid_mae=0.8504 -> /data01/lyw/GLoMo/experiments/mosi_only_moe_valmae_seed2026/best_model.pt
epoch:34, train_loss:1.9026, valid_mse:1.1944, valid_mae:0.8443, test_acc2:0.8131
current mae:0.7933, current corr:0.7549, acc7:0.3606, acc5:0.3869,acc2_non_zero:0.8366, f_score_non_zero:0.8360, acc2:0.8131, f_score:0.8116
Saved best model at epoch 34 by valid_mae=0.8443 -> /data01/lyw/GLoMo/experiments/mosi_only_moe_valmae_seed2026/best_model.pt
epoch:35, train_loss:1.8592, valid_mse:1.2247, valid_mae:0.8536, test_acc2:0.8161
current mae:0.7781, current corr:0.7638, acc7:0.3620, acc5:0.3883,acc2_non_zero:0.8397, f_score_non_zero:0.8382, acc2:0.8161, f_score:0.8136
epoch:36, train_loss:1.8127, valid_mse:1.1489, valid_mae:0.8330, test_acc2:0.8088
current mae:0.7793, current corr:0.7654, acc7:0.3825, acc5:0.4190,acc2_non_zero:0.8336, f_score_non_zero:0.8327, acc2:0.8088, f_score:0.8068
Saved best model at epoch 36 by valid_mae=0.8330 -> /data01/lyw/GLoMo/experiments/mosi_only_moe_valmae_seed2026/best_model.pt
epoch:37, train_loss:1.8105, valid_mse:1.1930, valid_mae:0.8220, test_acc2:0.8190
current mae:0.7857, current corr:0.7573, acc7:0.4277, acc5:0.4993,acc2_non_zero:0.8382, f_score_non_zero:0.8384, acc2:0.8190, f_score:0.8186
Saved best model at epoch 37 by valid_mae=0.8220 -> /data01/lyw/GLoMo/experiments/mosi_only_moe_valmae_seed2026/best_model.pt
epoch:38, train_loss:1.7999, valid_mse:1.3167, valid_mae:0.8492, test_acc2:0.8146
current mae:0.8132, current corr:0.7387, acc7:0.4234, acc5:0.5051,acc2_non_zero:0.8351, f_score_non_zero:0.8348, acc2:0.8146, f_score:0.8135
epoch:39, train_loss:1.7621, valid_mse:1.2065, valid_mae:0.8264, test_acc2:0.8088
current mae:0.7770, current corr:0.7615, acc7:0.4263, acc5:0.5095,acc2_non_zero:0.8336, f_score_non_zero:0.8330, acc2:0.8088, f_score:0.8072
epoch:40, train_loss:1.7191, valid_mse:1.1900, valid_mae:0.8148, test_acc2:0.8073
current mae:0.7741, current corr:0.7582, acc7:0.4438, acc5:0.5212,acc2_non_zero:0.8336, f_score_non_zero:0.8319, acc2:0.8073, f_score:0.8044
Saved best model at epoch 40 by valid_mae=0.8148 -> /data01/lyw/GLoMo/experiments/mosi_only_moe_valmae_seed2026/best_model.pt
epoch:41, train_loss:1.7096, valid_mse:1.1661, valid_mae:0.7993, test_acc2:0.8058
current mae:0.7624, current corr:0.7644, acc7:0.4453, acc5:0.5270,acc2_non_zero:0.8321, f_score_non_zero:0.8311, acc2:0.8058, f_score:0.8038
Saved best model at epoch 41 by valid_mae=0.7993 -> /data01/lyw/GLoMo/experiments/mosi_only_moe_valmae_seed2026/best_model.pt
epoch:42, train_loss:1.6792, valid_mse:1.1213, valid_mae:0.8010, test_acc2:0.8102
current mae:0.7515, current corr:0.7766, acc7:0.4394, acc5:0.5124,acc2_non_zero:0.8336, f_score_non_zero:0.8328, acc2:0.8102, f_score:0.8085
epoch:43, train_loss:1.6729, valid_mse:1.2382, valid_mae:0.8143, test_acc2:0.8117
current mae:0.7600, current corr:0.7684, acc7:0.4423, acc5:0.5241,acc2_non_zero:0.8366, f_score_non_zero:0.8355, acc2:0.8117, f_score:0.8095
epoch:44, train_loss:1.6197, valid_mse:1.1092, valid_mae:0.7765, test_acc2:0.8058
current mae:0.7451, current corr:0.7759, acc7:0.4496, acc5:0.5212,acc2_non_zero:0.8305, f_score_non_zero:0.8292, acc2:0.8058, f_score:0.8035
Saved best model at epoch 44 by valid_mae=0.7765 -> /data01/lyw/GLoMo/experiments/mosi_only_moe_valmae_seed2026/best_model.pt
epoch:45, train_loss:1.6054, valid_mse:1.1228, valid_mae:0.7774, test_acc2:0.8161
current mae:0.7464, current corr:0.7787, acc7:0.4482, acc5:0.5212,acc2_non_zero:0.8397, f_score_non_zero:0.8391, acc2:0.8161, f_score:0.8146
epoch:46, train_loss:1.5730, valid_mse:1.0598, valid_mae:0.7626, test_acc2:0.8073
current mae:0.7587, current corr:0.7739, acc7:0.4365, acc5:0.5095,acc2_non_zero:0.8275, f_score_non_zero:0.8276, acc2:0.8073, f_score:0.8067
Saved best model at epoch 46 by valid_mae=0.7626 -> /data01/lyw/GLoMo/experiments/mosi_only_moe_valmae_seed2026/best_model.pt
epoch:47, train_loss:1.5666, valid_mse:1.0966, valid_mae:0.7689, test_acc2:0.8102
current mae:0.7534, current corr:0.7679, acc7:0.4467, acc5:0.5241,acc2_non_zero:0.8305, f_score_non_zero:0.8303, acc2:0.8102, f_score:0.8093
epoch:48, train_loss:1.5524, valid_mse:1.0930, valid_mae:0.7757, test_acc2:0.8131
current mae:0.7393, current corr:0.7741, acc7:0.4467, acc5:0.5241,acc2_non_zero:0.8366, f_score_non_zero:0.8363, acc2:0.8131, f_score:0.8119
epoch:49, train_loss:1.5251, valid_mse:1.1312, valid_mae:0.7860, test_acc2:0.8248
current mae:0.7516, current corr:0.7726, acc7:0.4584, acc5:0.5401,acc2_non_zero:0.8412, f_score_non_zero:0.8416, acc2:0.8248, f_score:0.8246
epoch:50, train_loss:1.5081, valid_mse:1.2129, valid_mae:0.8072, test_acc2:0.8263
current mae:0.7499, current corr:0.7724, acc7:0.4438, acc5:0.5299,acc2_non_zero:0.8489, f_score_non_zero:0.8486, acc2:0.8263, f_score:0.8253
epoch:51, train_loss:1.5127, valid_mse:1.2264, valid_mae:0.8081, test_acc2:0.8131
current mae:0.7568, current corr:0.7683, acc7:0.4453, acc5:0.5241,acc2_non_zero:0.8397, f_score_non_zero:0.8390, acc2:0.8131, f_score:0.8114
epoch:52, train_loss:1.4605, valid_mse:1.1169, valid_mae:0.7830, test_acc2:0.8161
current mae:0.7371, current corr:0.7807, acc7:0.4453, acc5:0.5197,acc2_non_zero:0.8382, f_score_non_zero:0.8382, acc2:0.8161, f_score:0.8153
epoch:53, train_loss:1.4364, valid_mse:1.1912, valid_mae:0.8008, test_acc2:0.8204
current mae:0.7582, current corr:0.7694, acc7:0.4336, acc5:0.5139,acc2_non_zero:0.8412, f_score_non_zero:0.8412, acc2:0.8204, f_score:0.8198
epoch:54, train_loss:1.4577, valid_mse:1.1622, valid_mae:0.7813, test_acc2:0.8190
current mae:0.7457, current corr:0.7789, acc7:0.4540, acc5:0.5328,acc2_non_zero:0.8351, f_score_non_zero:0.8355, acc2:0.8190, f_score:0.8188
epoch:55, train_loss:1.4133, valid_mse:1.0915, valid_mae:0.7679, test_acc2:0.8204
current mae:0.7306, current corr:0.7800, acc7:0.4555, acc5:0.5358,acc2_non_zero:0.8427, f_score_non_zero:0.8422, acc2:0.8204, f_score:0.8191
epoch:56, train_loss:1.3929, valid_mse:1.1507, valid_mae:0.7811, test_acc2:0.8190
current mae:0.7594, current corr:0.7706, acc7:0.4453, acc5:0.5241,acc2_non_zero:0.8366, f_score_non_zero:0.8371, acc2:0.8190, f_score:0.8189
epoch:57, train_loss:1.4075, valid_mse:1.0380, valid_mae:0.7566, test_acc2:0.8117
current mae:0.7523, current corr:0.7781, acc7:0.4394, acc5:0.5080,acc2_non_zero:0.8290, f_score_non_zero:0.8294, acc2:0.8117, f_score:0.8115
Saved best model at epoch 57 by valid_mae=0.7566 -> /data01/lyw/GLoMo/experiments/mosi_only_moe_valmae_seed2026/best_model.pt
epoch:58, train_loss:1.3782, valid_mse:1.1461, valid_mae:0.7795, test_acc2:0.8190
current mae:0.7580, current corr:0.7716, acc7:0.4350, acc5:0.5080,acc2_non_zero:0.8366, f_score_non_zero:0.8371, acc2:0.8190, f_score:0.8189
epoch:59, train_loss:1.3652, valid_mse:1.1285, valid_mae:0.7771, test_acc2:0.8044
current mae:0.7470, current corr:0.7679, acc7:0.4365, acc5:0.5182,acc2_non_zero:0.8275, f_score_non_zero:0.8268, acc2:0.8044, f_score:0.8027
epoch:60, train_loss:1.3441, valid_mse:1.1323, valid_mae:0.7817, test_acc2:0.8248
current mae:0.7372, current corr:0.7734, acc7:0.4336, acc5:0.5153,acc2_non_zero:0.8458, f_score_non_zero:0.8452, acc2:0.8248, f_score:0.8235
epoch:61, train_loss:1.3358, valid_mse:1.1238, valid_mae:0.7817, test_acc2:0.8161
current mae:0.7386, current corr:0.7721, acc7:0.4423, acc5:0.5241,acc2_non_zero:0.8397, f_score_non_zero:0.8387, acc2:0.8161, f_score:0.8141
epoch:62, train_loss:1.3057, valid_mse:1.1218, valid_mae:0.7744, test_acc2:0.8190
current mae:0.7354, current corr:0.7729, acc7:0.4380, acc5:0.5197,acc2_non_zero:0.8458, f_score_non_zero:0.8445, acc2:0.8190, f_score:0.8166
epoch:63, train_loss:1.3006, valid_mse:1.1333, valid_mae:0.7659, test_acc2:0.8263
current mae:0.7350, current corr:0.7783, acc7:0.4453, acc5:0.5270,acc2_non_zero:0.8473, f_score_non_zero:0.8471, acc2:0.8263, f_score:0.8254
epoch:64, train_loss:1.3030, valid_mse:1.0611, valid_mae:0.7559, test_acc2:0.8219
current mae:0.7322, current corr:0.7817, acc7:0.4526, acc5:0.5314,acc2_non_zero:0.8382, f_score_non_zero:0.8384, acc2:0.8219, f_score:0.8216
Saved best model at epoch 64 by valid_mae=0.7559 -> /data01/lyw/GLoMo/experiments/mosi_only_moe_valmae_seed2026/best_model.pt
epoch:65, train_loss:1.2798, valid_mse:1.1119, valid_mae:0.7740, test_acc2:0.8175
current mae:0.7351, current corr:0.7734, acc7:0.4438, acc5:0.5255,acc2_non_zero:0.8397, f_score_non_zero:0.8386, acc2:0.8175, f_score:0.8156
epoch:66, train_loss:1.2545, valid_mse:1.0858, valid_mae:0.7670, test_acc2:0.8175
current mae:0.7323, current corr:0.7788, acc7:0.4599, acc5:0.5358,acc2_non_zero:0.8412, f_score_non_zero:0.8398, acc2:0.8175, f_score:0.8152
epoch:67, train_loss:1.2448, valid_mse:1.0439, valid_mae:0.7607, test_acc2:0.8175
current mae:0.7519, current corr:0.7774, acc7:0.4423, acc5:0.5109,acc2_non_zero:0.8351, f_score_non_zero:0.8354, acc2:0.8175, f_score:0.8172
epoch:68, train_loss:1.2351, valid_mse:1.0425, valid_mae:0.7535, test_acc2:0.8219
current mae:0.7638, current corr:0.7712, acc7:0.4482, acc5:0.5197,acc2_non_zero:0.8382, f_score_non_zero:0.8388, acc2:0.8219, f_score:0.8220
Saved best model at epoch 68 by valid_mae=0.7535 -> /data01/lyw/GLoMo/experiments/mosi_only_moe_valmae_seed2026/best_model.pt
epoch:69, train_loss:1.2243, valid_mse:1.0780, valid_mae:0.7713, test_acc2:0.8175
current mae:0.7420, current corr:0.7774, acc7:0.4540, acc5:0.5255,acc2_non_zero:0.8366, f_score_non_zero:0.8369, acc2:0.8175, f_score:0.8172
Loading best model from epoch 68 by valid_mae=0.7535 for analysis export.
Analysis files exported to: /data01/lyw/GLoMo/experiments/mosi_only_moe_valmae_seed2026/analysis
  predictions: /data01/lyw/GLoMo/experiments/mosi_only_moe_valmae_seed2026/analysis/predictions.csv
  repr: /data01/lyw/GLoMo/experiments/mosi_only_moe_valmae_seed2026/analysis/repr.npz
  repr meta: /data01/lyw/GLoMo/experiments/mosi_only_moe_valmae_seed2026/analysis/repr_meta.json
  cases: /data01/lyw/GLoMo/experiments/mosi_only_moe_valmae_seed2026/analysis/cases.csv
Metrics summary saved to: /data01/lyw/GLoMo/experiments/mosi_only_moe_valmae_seed2026/metrics.json
Total runtime: 595629.8716068268 ms
