Using device: cuda:0, visible GPUs: 2
GPU name: NVIDIA GeForce RTX 3090
Seed: 2026
Command script saved to: /data01/lyw/GLoMo/experiments/mosei_baseline_valmae_seed2026/command.sh
train labels: n=16265 min=-3.000 max=3.000 mean=0.146 std=1.125
dev labels: n=1869 min=-3.000 max=3.000 mean=0.190 std=1.038
test labels: n=4643 min=-3.000 max=3.000 mean=0.141 std=1.108
BERT load: missing=3 unexpected=10
BERT missing keys (first 5): ['linear1.weight', 'linear1.bias', 'proj_l.weight']
BERT unexpected keys (first 5): ['pooler.dense.weight', 'pooler.dense.bias', 'cls.predictions.bias', 'cls.predictions.transform.dense.weight', 'cls.predictions.transform.dense.bias']
conv audio std 0.038727082312107086
conv video std 0.056144170463085175
total parameter for the model:  115952142
epoch:0, train_loss:2.1468, valid_mse:0.5890, valid_mae:0.5853, test_acc2:0.8361
current mae:0.6088, current corr:0.7108, acc7:0.4667, acc5:0.4667,acc2_non_zero:0.8522, f_score_non_zero:0.8496, acc2:0.8361, f_score:0.8368
Saved best model at epoch 0 by valid_mae=0.5853 -> /data01/lyw/GLoMo/experiments/mosei_baseline_valmae_seed2026/best_model.pt
epoch:1, train_loss:1.7117, valid_mse:0.5477, valid_mae:0.5451, test_acc2:0.8217
current mae:0.5596, current corr:0.7382, acc7:0.5288, acc5:0.5436,acc2_non_zero:0.8483, f_score_non_zero:0.8484, acc2:0.8217, f_score:0.8262
Saved best model at epoch 1 by valid_mae=0.5451 -> /data01/lyw/GLoMo/experiments/mosei_baseline_valmae_seed2026/best_model.pt
epoch:2, train_loss:1.5487, valid_mse:0.5036, valid_mae:0.5251, test_acc2:0.8195
current mae:0.5420, current corr:0.7539, acc7:0.5378, acc5:0.5546,acc2_non_zero:0.8544, f_score_non_zero:0.8541, acc2:0.8195, f_score:0.8240
Saved best model at epoch 2 by valid_mae=0.5251 -> /data01/lyw/GLoMo/experiments/mosei_baseline_valmae_seed2026/best_model.pt
epoch:3, train_loss:1.4182, valid_mse:0.5289, valid_mae:0.5405, test_acc2:0.8370
current mae:0.5561, current corr:0.7563, acc7:0.5322, acc5:0.5501,acc2_non_zero:0.8525, f_score_non_zero:0.8501, acc2:0.8370, f_score:0.8378
epoch:4, train_loss:1.3011, valid_mse:0.5533, valid_mae:0.5566, test_acc2:0.8342
current mae:0.5705, current corr:0.7534, acc7:0.5096, acc5:0.5279,acc2_non_zero:0.8530, f_score_non_zero:0.8519, acc2:0.8342, f_score:0.8366
epoch:5, train_loss:1.2001, valid_mse:0.5739, valid_mae:0.5721, test_acc2:0.8428
current mae:0.5854, current corr:0.7540, acc7:0.5055, acc5:0.5242,acc2_non_zero:0.8519, f_score_non_zero:0.8494, acc2:0.8428, f_score:0.8429
epoch:6, train_loss:1.0939, valid_mse:0.5249, valid_mae:0.5368, test_acc2:0.8329
current mae:0.5507, current corr:0.7515, acc7:0.5296, acc5:0.5475,acc2_non_zero:0.8506, f_score_non_zero:0.8491, acc2:0.8329, f_score:0.8349
epoch:7, train_loss:0.9929, valid_mse:0.5940, valid_mae:0.5733, test_acc2:0.8342
current mae:0.5899, current corr:0.7414, acc7:0.5061, acc5:0.5249,acc2_non_zero:0.8514, f_score_non_zero:0.8506, acc2:0.8342, f_score:0.8369
epoch:8, train_loss:0.9140, valid_mse:0.5476, valid_mae:0.5500, test_acc2:0.8454
current mae:0.5632, current corr:0.7488, acc7:0.5219, acc5:0.5400,acc2_non_zero:0.8406, f_score_non_zero:0.8358, acc2:0.8454, f_score:0.8426
epoch:9, train_loss:0.8335, valid_mse:0.5733, valid_mae:0.5659, test_acc2:0.8376
current mae:0.5774, current corr:0.7457, acc7:0.5120, acc5:0.5300,acc2_non_zero:0.8475, f_score_non_zero:0.8456, acc2:0.8376, f_score:0.8386
epoch:10, train_loss:0.7671, valid_mse:0.5946, valid_mae:0.5690, test_acc2:0.8365
current mae:0.5767, current corr:0.7432, acc7:0.5122, acc5:0.5305,acc2_non_zero:0.8517, f_score_non_zero:0.8505, acc2:0.8365, f_score:0.8387
epoch:11, train_loss:0.6927, valid_mse:0.5955, valid_mae:0.5716, test_acc2:0.8374
current mae:0.5822, current corr:0.7413, acc7:0.5031, acc5:0.5221,acc2_non_zero:0.8511, f_score_non_zero:0.8496, acc2:0.8374, f_score:0.8391
epoch:12, train_loss:0.6362, valid_mse:0.5448, valid_mae:0.5503, test_acc2:0.8458
current mae:0.5611, current corr:0.7467, acc7:0.5204, acc5:0.5380,acc2_non_zero:0.8494, f_score_non_zero:0.8470, acc2:0.8458, f_score:0.8457
epoch:13, train_loss:0.5948, valid_mse:0.5545, valid_mae:0.5596, test_acc2:0.8406
current mae:0.5689, current corr:0.7435, acc7:0.5089, acc5:0.5260,acc2_non_zero:0.8478, f_score_non_zero:0.8453, acc2:0.8406, f_score:0.8409
epoch:14, train_loss:0.5568, valid_mse:0.5645, valid_mae:0.5603, test_acc2:0.8333
current mae:0.5707, current corr:0.7412, acc7:0.5128, acc5:0.5313,acc2_non_zero:0.8519, f_score_non_zero:0.8503, acc2:0.8333, f_score:0.8352
epoch:15, train_loss:0.5224, valid_mse:0.5922, valid_mae:0.5712, test_acc2:0.8223
current mae:0.5728, current corr:0.7396, acc7:0.5128, acc5:0.5316,acc2_non_zero:0.8453, f_score_non_zero:0.8451, acc2:0.8223, f_score:0.8263
epoch:16, train_loss:0.4845, valid_mse:0.5942, valid_mae:0.5790, test_acc2:0.8428
current mae:0.5913, current corr:0.7431, acc7:0.4949, acc5:0.5150,acc2_non_zero:0.8517, f_score_non_zero:0.8495, acc2:0.8428, f_score:0.8434
epoch:17, train_loss:0.4560, valid_mse:0.5551, valid_mae:0.5511, test_acc2:0.8303
current mae:0.5597, current corr:0.7429, acc7:0.5158, acc5:0.5352,acc2_non_zero:0.8483, f_score_non_zero:0.8468, acc2:0.8303, f_score:0.8324
epoch:18, train_loss:0.4365, valid_mse:0.5661, valid_mae:0.5611, test_acc2:0.7911
current mae:0.5719, current corr:0.7448, acc7:0.4986, acc5:0.5199,acc2_non_zero:0.8401, f_score_non_zero:0.8410, acc2:0.7911, f_score:0.7987
epoch:19, train_loss:0.4086, valid_mse:0.5588, valid_mae:0.5546, test_acc2:0.8176
current mae:0.5661, current corr:0.7463, acc7:0.5081, acc5:0.5270,acc2_non_zero:0.8522, f_score_non_zero:0.8517, acc2:0.8176, f_score:0.8220
epoch:20, train_loss:0.3895, valid_mse:0.5470, valid_mae:0.5477, test_acc2:0.8299
current mae:0.5664, current corr:0.7452, acc7:0.5104, acc5:0.5313,acc2_non_zero:0.8536, f_score_non_zero:0.8523, acc2:0.8299, f_score:0.8324
epoch:21, train_loss:0.3666, valid_mse:0.5774, valid_mae:0.5620, test_acc2:0.8047
current mae:0.5745, current corr:0.7448, acc7:0.4999, acc5:0.5238,acc2_non_zero:0.8445, f_score_non_zero:0.8452, acc2:0.8047, f_score:0.8111
epoch:22, train_loss:0.3517, valid_mse:0.5407, valid_mae:0.5431, test_acc2:0.8047
current mae:0.5579, current corr:0.7453, acc7:0.5130, acc5:0.5313,acc2_non_zero:0.8453, f_score_non_zero:0.8459, acc2:0.8047, f_score:0.8110
epoch:23, train_loss:0.3372, valid_mse:0.5486, valid_mae:0.5532, test_acc2:0.8385
current mae:0.5664, current corr:0.7479, acc7:0.5005, acc5:0.5214,acc2_non_zero:0.8533, f_score_non_zero:0.8515, acc2:0.8385, f_score:0.8398
epoch:24, train_loss:0.3198, valid_mse:0.5585, valid_mae:0.5560, test_acc2:0.7986
current mae:0.5718, current corr:0.7462, acc7:0.5023, acc5:0.5251,acc2_non_zero:0.8481, f_score_non_zero:0.8490, acc2:0.7986, f_score:0.8060
epoch:25, train_loss:0.3066, valid_mse:0.5647, valid_mae:0.5632, test_acc2:0.8230
current mae:0.5773, current corr:0.7452, acc7:0.4997, acc5:0.5227,acc2_non_zero:0.8517, f_score_non_zero:0.8512, acc2:0.8230, f_score:0.8270
epoch:26, train_loss:0.2936, valid_mse:0.5443, valid_mae:0.5482, test_acc2:0.8154
current mae:0.5642, current corr:0.7433, acc7:0.5042, acc5:0.5272,acc2_non_zero:0.8489, f_score_non_zero:0.8489, acc2:0.8154, f_score:0.8204
epoch:27, train_loss:0.2845, valid_mse:0.5533, valid_mae:0.5537, test_acc2:0.8243
current mae:0.5672, current corr:0.7465, acc7:0.5023, acc5:0.5249,acc2_non_zero:0.8500, f_score_non_zero:0.8494, acc2:0.8243, f_score:0.8279
epoch:28, train_loss:0.2686, valid_mse:0.5509, valid_mae:0.5534, test_acc2:0.8113
current mae:0.5692, current corr:0.7444, acc7:0.5018, acc5:0.5212,acc2_non_zero:0.8464, f_score_non_zero:0.8469, acc2:0.8113, f_score:0.8171
epoch:29, train_loss:0.2659, valid_mse:0.5981, valid_mae:0.5832, test_acc2:0.8279
current mae:0.5923, current corr:0.7477, acc7:0.4786, acc5:0.5016,acc2_non_zero:0.8522, f_score_non_zero:0.8513, acc2:0.8279, f_score:0.8310
epoch:30, train_loss:0.2580, valid_mse:0.5642, valid_mae:0.5589, test_acc2:0.8128
current mae:0.5704, current corr:0.7457, acc7:0.5018, acc5:0.5223,acc2_non_zero:0.8503, f_score_non_zero:0.8505, acc2:0.8128, f_score:0.8183
epoch:31, train_loss:0.2550, valid_mse:0.5499, valid_mae:0.5570, test_acc2:0.8391
current mae:0.5732, current corr:0.7472, acc7:0.5003, acc5:0.5212,acc2_non_zero:0.8564, f_score_non_zero:0.8546, acc2:0.8391, f_score:0.8406
epoch:32, train_loss:0.2468, valid_mse:0.5334, valid_mae:0.5445, test_acc2:0.8230
current mae:0.5603, current corr:0.7496, acc7:0.5016, acc5:0.5206,acc2_non_zero:0.8572, f_score_non_zero:0.8567, acc2:0.8230, f_score:0.8272
epoch:33, train_loss:0.2427, valid_mse:0.5317, valid_mae:0.5433, test_acc2:0.8096
current mae:0.5572, current corr:0.7477, acc7:0.5113, acc5:0.5298,acc2_non_zero:0.8511, f_score_non_zero:0.8514, acc2:0.8096, f_score:0.8155
epoch:34, train_loss:0.2340, valid_mse:0.5410, valid_mae:0.5453, test_acc2:0.8243
current mae:0.5608, current corr:0.7512, acc7:0.4986, acc5:0.5195,acc2_non_zero:0.8561, f_score_non_zero:0.8554, acc2:0.8243, f_score:0.8281
epoch:35, train_loss:0.2332, valid_mse:0.5603, valid_mae:0.5596, test_acc2:0.8361
current mae:0.5755, current corr:0.7521, acc7:0.4988, acc5:0.5204,acc2_non_zero:0.8572, f_score_non_zero:0.8556, acc2:0.8361, f_score:0.8381
epoch:36, train_loss:0.2168, valid_mse:0.5337, valid_mae:0.5449, test_acc2:0.8245
current mae:0.5607, current corr:0.7464, acc7:0.5083, acc5:0.5257,acc2_non_zero:0.8544, f_score_non_zero:0.8539, acc2:0.8245, f_score:0.8284
epoch:37, train_loss:0.2170, valid_mse:0.5588, valid_mae:0.5564, test_acc2:0.8150
current mae:0.5755, current corr:0.7465, acc7:0.4939, acc5:0.5143,acc2_non_zero:0.8517, f_score_non_zero:0.8514, acc2:0.8150, f_score:0.8199
epoch:38, train_loss:0.2114, valid_mse:0.5383, valid_mae:0.5440, test_acc2:0.8240
current mae:0.5572, current corr:0.7509, acc7:0.5109, acc5:0.5290,acc2_non_zero:0.8511, f_score_non_zero:0.8508, acc2:0.8240, f_score:0.8280
epoch:39, train_loss:0.2111, valid_mse:0.5443, valid_mae:0.5494, test_acc2:0.8066
current mae:0.5730, current corr:0.7463, acc7:0.4973, acc5:0.5182,acc2_non_zero:0.8503, f_score_non_zero:0.8509, acc2:0.8066, f_score:0.8131
epoch:40, train_loss:0.2046, valid_mse:0.5573, valid_mae:0.5546, test_acc2:0.8126
current mae:0.5758, current corr:0.7465, acc7:0.4980, acc5:0.5195,acc2_non_zero:0.8522, f_score_non_zero:0.8523, acc2:0.8126, f_score:0.8181
epoch:41, train_loss:0.2001, valid_mse:0.5449, valid_mae:0.5489, test_acc2:0.8279
current mae:0.5692, current corr:0.7516, acc7:0.5012, acc5:0.5234,acc2_non_zero:0.8517, f_score_non_zero:0.8507, acc2:0.8279, f_score:0.8310
epoch:42, train_loss:0.1923, valid_mse:0.5191, valid_mae:0.5332, test_acc2:0.8169
current mae:0.5508, current corr:0.7536, acc7:0.5160, acc5:0.5335,acc2_non_zero:0.8500, f_score_non_zero:0.8497, acc2:0.8169, f_score:0.8215
epoch:43, train_loss:0.1905, valid_mse:0.5423, valid_mae:0.5493, test_acc2:0.8277
current mae:0.5718, current corr:0.7501, acc7:0.4964, acc5:0.5193,acc2_non_zero:0.8525, f_score_non_zero:0.8518, acc2:0.8277, f_score:0.8311
epoch:44, train_loss:0.1852, valid_mse:0.5455, valid_mae:0.5514, test_acc2:0.8182
current mae:0.5682, current corr:0.7500, acc7:0.5040, acc5:0.5242,acc2_non_zero:0.8492, f_score_non_zero:0.8488, acc2:0.8182, f_score:0.8226
epoch:45, train_loss:0.1842, valid_mse:0.5700, valid_mae:0.5673, test_acc2:0.8126
current mae:0.5805, current corr:0.7491, acc7:0.4949, acc5:0.5158,acc2_non_zero:0.8492, f_score_non_zero:0.8495, acc2:0.8126, f_score:0.8182
epoch:46, train_loss:0.1779, valid_mse:0.5533, valid_mae:0.5525, test_acc2:0.7935
current mae:0.5697, current corr:0.7507, acc7:0.5059, acc5:0.5283,acc2_non_zero:0.8431, f_score_non_zero:0.8442, acc2:0.7935, f_score:0.8012
epoch:47, train_loss:0.1822, valid_mse:0.5497, valid_mae:0.5496, test_acc2:0.8227
current mae:0.5656, current corr:0.7516, acc7:0.5111, acc5:0.5333,acc2_non_zero:0.8494, f_score_non_zero:0.8491, acc2:0.8227, f_score:0.8267
epoch:48, train_loss:0.1733, valid_mse:0.5516, valid_mae:0.5526, test_acc2:0.8012
current mae:0.5683, current corr:0.7527, acc7:0.5051, acc5:0.5255,acc2_non_zero:0.8483, f_score_non_zero:0.8491, acc2:0.8012, f_score:0.8081
epoch:49, train_loss:0.1684, valid_mse:0.5123, valid_mae:0.5317, test_acc2:0.8189
current mae:0.5490, current corr:0.7525, acc7:0.5188, acc5:0.5359,acc2_non_zero:0.8511, f_score_non_zero:0.8508, acc2:0.8189, f_score:0.8233
epoch:50, train_loss:0.1658, valid_mse:0.5418, valid_mae:0.5471, test_acc2:0.8143
current mae:0.5642, current corr:0.7493, acc7:0.5089, acc5:0.5283,acc2_non_zero:0.8506, f_score_non_zero:0.8509, acc2:0.8143, f_score:0.8198
epoch:51, train_loss:0.1639, valid_mse:0.5292, valid_mae:0.5382, test_acc2:0.8049
current mae:0.5642, current corr:0.7506, acc7:0.5074, acc5:0.5264,acc2_non_zero:0.8492, f_score_non_zero:0.8496, acc2:0.8049, f_score:0.8112
epoch:52, train_loss:0.1604, valid_mse:0.5315, valid_mae:0.5415, test_acc2:0.8180
current mae:0.5677, current corr:0.7529, acc7:0.5051, acc5:0.5253,acc2_non_zero:0.8536, f_score_non_zero:0.8532, acc2:0.8180, f_score:0.8225
epoch:53, train_loss:0.1603, valid_mse:0.5520, valid_mae:0.5566, test_acc2:0.8014
current mae:0.5761, current corr:0.7512, acc7:0.4973, acc5:0.5160,acc2_non_zero:0.8497, f_score_non_zero:0.8504, acc2:0.8014, f_score:0.8083
epoch:54, train_loss:0.1535, valid_mse:0.5241, valid_mae:0.5380, test_acc2:0.8314
current mae:0.5579, current corr:0.7540, acc7:0.5113, acc5:0.5285,acc2_non_zero:0.8564, f_score_non_zero:0.8553, acc2:0.8314, f_score:0.8342
epoch:55, train_loss:0.1503, valid_mse:0.5329, valid_mae:0.5452, test_acc2:0.8247
current mae:0.5669, current corr:0.7544, acc7:0.5031, acc5:0.5234,acc2_non_zero:0.8580, f_score_non_zero:0.8578, acc2:0.8247, f_score:0.8290
epoch:56, train_loss:0.1501, valid_mse:0.5280, valid_mae:0.5419, test_acc2:0.8273
current mae:0.5618, current corr:0.7527, acc7:0.5074, acc5:0.5262,acc2_non_zero:0.8561, f_score_non_zero:0.8554, acc2:0.8273, f_score:0.8309
epoch:57, train_loss:0.1442, valid_mse:0.5145, valid_mae:0.5337, test_acc2:0.8092
current mae:0.5571, current corr:0.7503, acc7:0.5150, acc5:0.5341,acc2_non_zero:0.8506, f_score_non_zero:0.8505, acc2:0.8092, f_score:0.8147
epoch:58, train_loss:0.1409, valid_mse:0.5361, valid_mae:0.5458, test_acc2:0.8085
current mae:0.5613, current corr:0.7518, acc7:0.5107, acc5:0.5303,acc2_non_zero:0.8492, f_score_non_zero:0.8497, acc2:0.8085, f_score:0.8147
epoch:59, train_loss:0.1388, valid_mse:0.5248, valid_mae:0.5404, test_acc2:0.8251
current mae:0.5593, current corr:0.7524, acc7:0.5081, acc5:0.5260,acc2_non_zero:0.8525, f_score_non_zero:0.8520, acc2:0.8251, f_score:0.8289
epoch:60, train_loss:0.1338, valid_mse:0.5568, valid_mae:0.5563, test_acc2:0.8133
current mae:0.5693, current corr:0.7534, acc7:0.5046, acc5:0.5251,acc2_non_zero:0.8511, f_score_non_zero:0.8514, acc2:0.8133, f_score:0.8189
epoch:61, train_loss:0.1374, valid_mse:0.5393, valid_mae:0.5461, test_acc2:0.8199
current mae:0.5568, current corr:0.7510, acc7:0.5137, acc5:0.5333,acc2_non_zero:0.8522, f_score_non_zero:0.8522, acc2:0.8199, f_score:0.8246
epoch:62, train_loss:0.1325, valid_mse:0.5466, valid_mae:0.5535, test_acc2:0.8079
current mae:0.5717, current corr:0.7489, acc7:0.5048, acc5:0.5251,acc2_non_zero:0.8514, f_score_non_zero:0.8522, acc2:0.8079, f_score:0.8145
epoch:63, train_loss:0.1292, valid_mse:0.5293, valid_mae:0.5405, test_acc2:0.8025
current mae:0.5611, current corr:0.7541, acc7:0.5111, acc5:0.5288,acc2_non_zero:0.8461, f_score_non_zero:0.8471, acc2:0.8025, f_score:0.8094
epoch:64, train_loss:0.1222, valid_mse:0.5333, valid_mae:0.5465, test_acc2:0.7872
current mae:0.5621, current corr:0.7508, acc7:0.5137, acc5:0.5322,acc2_non_zero:0.8406, f_score_non_zero:0.8415, acc2:0.7872, f_score:0.7951
epoch:65, train_loss:0.1242, valid_mse:0.5494, valid_mae:0.5524, test_acc2:0.8049
current mae:0.5644, current corr:0.7486, acc7:0.5113, acc5:0.5307,acc2_non_zero:0.8464, f_score_non_zero:0.8474, acc2:0.8049, f_score:0.8117
epoch:66, train_loss:0.1245, valid_mse:0.5489, valid_mae:0.5488, test_acc2:0.8169
current mae:0.5590, current corr:0.7461, acc7:0.5150, acc5:0.5322,acc2_non_zero:0.8494, f_score_non_zero:0.8496, acc2:0.8169, f_score:0.8220
epoch:67, train_loss:0.1224, valid_mse:0.5431, valid_mae:0.5466, test_acc2:0.7950
current mae:0.5641, current corr:0.7469, acc7:0.5079, acc5:0.5264,acc2_non_zero:0.8448, f_score_non_zero:0.8457, acc2:0.7950, f_score:0.8024
epoch:68, train_loss:0.1208, valid_mse:0.5394, valid_mae:0.5463, test_acc2:0.8191
current mae:0.5637, current corr:0.7509, acc7:0.5085, acc5:0.5281,acc2_non_zero:0.8530, f_score_non_zero:0.8527, acc2:0.8191, f_score:0.8236
epoch:69, train_loss:0.1147, valid_mse:0.5520, valid_mae:0.5516, test_acc2:0.8124
current mae:0.5679, current corr:0.7492, acc7:0.5104, acc5:0.5298,acc2_non_zero:0.8522, f_score_non_zero:0.8524, acc2:0.8124, f_score:0.8179
epoch:70, train_loss:0.1145, valid_mse:0.5328, valid_mae:0.5445, test_acc2:0.8165
current mae:0.5588, current corr:0.7525, acc7:0.5126, acc5:0.5313,acc2_non_zero:0.8541, f_score_non_zero:0.8538, acc2:0.8165, f_score:0.8213
epoch:71, train_loss:0.1101, valid_mse:0.5380, valid_mae:0.5429, test_acc2:0.8148
current mae:0.5497, current corr:0.7526, acc7:0.5244, acc5:0.5417,acc2_non_zero:0.8489, f_score_non_zero:0.8487, acc2:0.8148, f_score:0.8196
epoch:72, train_loss:0.1061, valid_mse:0.5367, valid_mae:0.5448, test_acc2:0.8038
current mae:0.5551, current corr:0.7513, acc7:0.5176, acc5:0.5363,acc2_non_zero:0.8467, f_score_non_zero:0.8473, acc2:0.8038, f_score:0.8103
epoch:73, train_loss:0.1079, valid_mse:0.5628, valid_mae:0.5583, test_acc2:0.8038
current mae:0.5737, current corr:0.7459, acc7:0.5096, acc5:0.5283,acc2_non_zero:0.8442, f_score_non_zero:0.8449, acc2:0.8038, f_score:0.8102
epoch:74, train_loss:0.1096, valid_mse:0.5553, valid_mae:0.5570, test_acc2:0.8118
current mae:0.5729, current corr:0.7482, acc7:0.5083, acc5:0.5277,acc2_non_zero:0.8503, f_score_non_zero:0.8503, acc2:0.8118, f_score:0.8172
epoch:75, train_loss:0.1019, valid_mse:0.5594, valid_mae:0.5576, test_acc2:0.8044
current mae:0.5741, current corr:0.7477, acc7:0.5008, acc5:0.5212,acc2_non_zero:0.8478, f_score_non_zero:0.8481, acc2:0.8044, f_score:0.8106
epoch:76, train_loss:0.1031, valid_mse:0.5775, valid_mae:0.5653, test_acc2:0.7971
current mae:0.5787, current corr:0.7446, acc7:0.5040, acc5:0.5240,acc2_non_zero:0.8464, f_score_non_zero:0.8474, acc2:0.7971, f_score:0.8045
epoch:77, train_loss:0.1021, valid_mse:0.5634, valid_mae:0.5596, test_acc2:0.8109
current mae:0.5703, current corr:0.7486, acc7:0.5079, acc5:0.5275,acc2_non_zero:0.8514, f_score_non_zero:0.8516, acc2:0.8109, f_score:0.8166
epoch:78, train_loss:0.1035, valid_mse:0.5612, valid_mae:0.5612, test_acc2:0.8027
current mae:0.5696, current corr:0.7438, acc7:0.5094, acc5:0.5266,acc2_non_zero:0.8442, f_score_non_zero:0.8450, acc2:0.8027, f_score:0.8093
epoch:79, train_loss:0.0990, valid_mse:0.5487, valid_mae:0.5490, test_acc2:0.8139
current mae:0.5592, current corr:0.7471, acc7:0.5219, acc5:0.5400,acc2_non_zero:0.8511, f_score_non_zero:0.8512, acc2:0.8139, f_score:0.8193
epoch:80, train_loss:0.0922, valid_mse:0.5360, valid_mae:0.5448, test_acc2:0.8118
current mae:0.5615, current corr:0.7505, acc7:0.5120, acc5:0.5313,acc2_non_zero:0.8533, f_score_non_zero:0.8537, acc2:0.8118, f_score:0.8177
epoch:81, train_loss:0.0850, valid_mse:0.5394, valid_mae:0.5473, test_acc2:0.8124
current mae:0.5625, current corr:0.7513, acc7:0.5113, acc5:0.5318,acc2_non_zero:0.8536, f_score_non_zero:0.8538, acc2:0.8124, f_score:0.8181
epoch:82, train_loss:0.0818, valid_mse:0.5440, valid_mae:0.5480, test_acc2:0.8156
current mae:0.5610, current corr:0.7514, acc7:0.5145, acc5:0.5350,acc2_non_zero:0.8550, f_score_non_zero:0.8551, acc2:0.8156, f_score:0.8210
epoch:83, train_loss:0.0783, valid_mse:0.5424, valid_mae:0.5498, test_acc2:0.8124
current mae:0.5613, current corr:0.7515, acc7:0.5141, acc5:0.5331,acc2_non_zero:0.8539, f_score_non_zero:0.8541, acc2:0.8124, f_score:0.8181
epoch:84, train_loss:0.0779, valid_mse:0.5467, valid_mae:0.5490, test_acc2:0.8124
current mae:0.5622, current corr:0.7517, acc7:0.5132, acc5:0.5324,acc2_non_zero:0.8522, f_score_non_zero:0.8524, acc2:0.8124, f_score:0.8180
epoch:85, train_loss:0.0766, valid_mse:0.5413, valid_mae:0.5487, test_acc2:0.8059
current mae:0.5620, current corr:0.7516, acc7:0.5158, acc5:0.5339,acc2_non_zero:0.8511, f_score_non_zero:0.8517, acc2:0.8059, f_score:0.8124
epoch:86, train_loss:0.0756, valid_mse:0.5354, valid_mae:0.5458, test_acc2:0.8122
current mae:0.5586, current corr:0.7520, acc7:0.5139, acc5:0.5328,acc2_non_zero:0.8525, f_score_non_zero:0.8527, acc2:0.8122, f_score:0.8179
epoch:87, train_loss:0.0752, valid_mse:0.5382, valid_mae:0.5471, test_acc2:0.8057
current mae:0.5637, current corr:0.7509, acc7:0.5128, acc5:0.5328,acc2_non_zero:0.8517, f_score_non_zero:0.8521, acc2:0.8057, f_score:0.8121
epoch:88, train_loss:0.0747, valid_mse:0.5413, valid_mae:0.5468, test_acc2:0.8087
current mae:0.5595, current corr:0.7522, acc7:0.5130, acc5:0.5322,acc2_non_zero:0.8525, f_score_non_zero:0.8529, acc2:0.8087, f_score:0.8148
epoch:89, train_loss:0.0735, valid_mse:0.5360, valid_mae:0.5464, test_acc2:0.8040
current mae:0.5636, current corr:0.7506, acc7:0.5115, acc5:0.5300,acc2_non_zero:0.8519, f_score_non_zero:0.8525, acc2:0.8040, f_score:0.8107
epoch:90, train_loss:0.0732, valid_mse:0.5433, valid_mae:0.5492, test_acc2:0.8135
current mae:0.5635, current corr:0.7514, acc7:0.5109, acc5:0.5303,acc2_non_zero:0.8517, f_score_non_zero:0.8519, acc2:0.8135, f_score:0.8190
epoch:91, train_loss:0.0735, valid_mse:0.5387, valid_mae:0.5449, test_acc2:0.8075
current mae:0.5599, current corr:0.7522, acc7:0.5126, acc5:0.5318,acc2_non_zero:0.8517, f_score_non_zero:0.8520, acc2:0.8075, f_score:0.8136
epoch:92, train_loss:0.0725, valid_mse:0.5418, valid_mae:0.5499, test_acc2:0.8107
current mae:0.5636, current corr:0.7515, acc7:0.5117, acc5:0.5305,acc2_non_zero:0.8519, f_score_non_zero:0.8523, acc2:0.8107, f_score:0.8165
epoch:93, train_loss:0.0708, valid_mse:0.5402, valid_mae:0.5476, test_acc2:0.8098
current mae:0.5599, current corr:0.7522, acc7:0.5154, acc5:0.5339,acc2_non_zero:0.8508, f_score_non_zero:0.8511, acc2:0.8098, f_score:0.8157
epoch:94, train_loss:0.0717, valid_mse:0.5376, valid_mae:0.5466, test_acc2:0.8105
current mae:0.5617, current corr:0.7523, acc7:0.5132, acc5:0.5316,acc2_non_zero:0.8503, f_score_non_zero:0.8505, acc2:0.8105, f_score:0.8162
epoch:95, train_loss:0.0706, valid_mse:0.5390, valid_mae:0.5468, test_acc2:0.8115
current mae:0.5608, current corr:0.7532, acc7:0.5126, acc5:0.5313,acc2_non_zero:0.8511, f_score_non_zero:0.8512, acc2:0.8115, f_score:0.8171
epoch:96, train_loss:0.0705, valid_mse:0.5403, valid_mae:0.5463, test_acc2:0.8066
current mae:0.5601, current corr:0.7526, acc7:0.5152, acc5:0.5344,acc2_non_zero:0.8522, f_score_non_zero:0.8527, acc2:0.8066, f_score:0.8130
epoch:97, train_loss:0.0699, valid_mse:0.5455, valid_mae:0.5515, test_acc2:0.8079
current mae:0.5640, current corr:0.7523, acc7:0.5122, acc5:0.5311,acc2_non_zero:0.8517, f_score_non_zero:0.8521, acc2:0.8079, f_score:0.8141
epoch:98, train_loss:0.0692, valid_mse:0.5419, valid_mae:0.5486, test_acc2:0.8064
current mae:0.5617, current corr:0.7527, acc7:0.5143, acc5:0.5326,acc2_non_zero:0.8489, f_score_non_zero:0.8492, acc2:0.8064, f_score:0.8125
epoch:99, train_loss:0.0691, valid_mse:0.5371, valid_mae:0.5440, test_acc2:0.8122
current mae:0.5595, current corr:0.7525, acc7:0.5137, acc5:0.5324,acc2_non_zero:0.8519, f_score_non_zero:0.8521, acc2:0.8122, f_score:0.8178
Loading best model from epoch 2 by valid_mae=0.5251 for analysis export.
Analysis files exported to: /data01/lyw/GLoMo/experiments/mosei_baseline_valmae_seed2026/analysis
  predictions: /data01/lyw/GLoMo/experiments/mosei_baseline_valmae_seed2026/analysis/predictions.csv
  repr: /data01/lyw/GLoMo/experiments/mosei_baseline_valmae_seed2026/analysis/repr.npz
  repr meta: /data01/lyw/GLoMo/experiments/mosei_baseline_valmae_seed2026/analysis/repr_meta.json
  cases: /data01/lyw/GLoMo/experiments/mosei_baseline_valmae_seed2026/analysis/cases.csv
Metrics summary saved to: /data01/lyw/GLoMo/experiments/mosei_baseline_valmae_seed2026/metrics.json
Total runtime: 7271570.806264877 ms
