Using device: cuda:0, visible GPUs: 0
GPU name: NVIDIA GeForce RTX 3090
Seed: 5576
Command script saved to: /data01/lyw/GLoMo/experiments/mosi_only_moe_valmae_seed5576/command.sh
train labels: n=1281 min=-3.000 max=3.000 mean=0.235 std=1.509
dev labels: n=229 min=-3.000 max=3.000 mean=0.310 std=1.649
test labels: n=685 min=-3.000 max=3.000 mean=-0.315 std=1.588
BERT load: missing=3 unexpected=10
BERT missing keys (first 5): ['linear1.weight', 'linear1.bias', 'proj_l.weight']
BERT unexpected keys (first 5): ['pooler.dense.weight', 'pooler.dense.bias', 'cls.predictions.bias', 'cls.predictions.transform.dense.weight', 'cls.predictions.transform.dense.bias']
conv audio std 0.03853662312030792
conv video std 0.048298776149749756
total parameter for the model:  111150839
epoch:0, train_loss:3.2631, valid_mse:2.7846, valid_mae:1.4300, test_acc2:0.5139
current mae:1.4168, current corr:0.1270, acc7:0.1547, acc5:0.1547,acc2_non_zero:0.4992, f_score_non_zero:0.4613, acc2:0.5139, f_score:0.4743
Saved best model at epoch 0 by valid_mae=1.4300 -> /data01/lyw/GLoMo/experiments/mosi_only_moe_valmae_seed5576/best_model.pt
epoch:1, train_loss:3.2433, valid_mse:2.7655, valid_mae:1.4242, test_acc2:0.5854
current mae:1.4108, current corr:0.2845, acc7:0.1547, acc5:0.1547,acc2_non_zero:0.5771, f_score_non_zero:0.5604, acc2:0.5854, f_score:0.5671
Saved best model at epoch 1 by valid_mae=1.4242 -> /data01/lyw/GLoMo/experiments/mosi_only_moe_valmae_seed5576/best_model.pt
epoch:2, train_loss:3.2128, valid_mse:2.6981, valid_mae:1.4066, test_acc2:0.7445
current mae:1.3920, current corr:0.6441, acc7:0.1547, acc5:0.1547,acc2_non_zero:0.7557, f_score_non_zero:0.7570, acc2:0.7445, f_score:0.7450
Saved best model at epoch 2 by valid_mae=1.4066 -> /data01/lyw/GLoMo/experiments/mosi_only_moe_valmae_seed5576/best_model.pt
epoch:3, train_loss:3.1879, valid_mse:2.6522, valid_mae:1.3955, test_acc2:0.7883
current mae:1.3830, current corr:0.6793, acc7:0.1547, acc5:0.1547,acc2_non_zero:0.8061, f_score_non_zero:0.8068, acc2:0.7883, f_score:0.7884
Saved best model at epoch 3 by valid_mae=1.3955 -> /data01/lyw/GLoMo/experiments/mosi_only_moe_valmae_seed5576/best_model.pt
epoch:4, train_loss:3.1664, valid_mse:2.5871, valid_mae:1.3693, test_acc2:0.7723
current mae:1.3773, current corr:0.6869, acc7:0.1547, acc5:0.1547,acc2_non_zero:0.7786, f_score_non_zero:0.7798, acc2:0.7723, f_score:0.7727
Saved best model at epoch 4 by valid_mae=1.3693 -> /data01/lyw/GLoMo/experiments/mosi_only_moe_valmae_seed5576/best_model.pt
epoch:5, train_loss:3.1503, valid_mse:2.5292, valid_mae:1.3603, test_acc2:0.8058
current mae:1.3605, current corr:0.7112, acc7:0.1547, acc5:0.1547,acc2_non_zero:0.8229, f_score_non_zero:0.8236, acc2:0.8058, f_score:0.8060
Saved best model at epoch 5 by valid_mae=1.3603 -> /data01/lyw/GLoMo/experiments/mosi_only_moe_valmae_seed5576/best_model.pt
epoch:6, train_loss:3.1118, valid_mse:2.4523, valid_mae:1.3341, test_acc2:0.8234
current mae:1.3391, current corr:0.7100, acc7:0.1547, acc5:0.1547,acc2_non_zero:0.8458, f_score_non_zero:0.8448, acc2:0.8234, f_score:0.8216
Saved best model at epoch 6 by valid_mae=1.3341 -> /data01/lyw/GLoMo/experiments/mosi_only_moe_valmae_seed5576/best_model.pt
epoch:7, train_loss:3.0848, valid_mse:2.3760, valid_mae:1.3106, test_acc2:0.8146
current mae:1.3150, current corr:0.6912, acc7:0.1547, acc5:0.1547,acc2_non_zero:0.8351, f_score_non_zero:0.8358, acc2:0.8146, f_score:0.8147
Saved best model at epoch 7 by valid_mae=1.3106 -> /data01/lyw/GLoMo/experiments/mosi_only_moe_valmae_seed5576/best_model.pt
epoch:8, train_loss:3.0421, valid_mse:2.3324, valid_mae:1.2985, test_acc2:0.8219
current mae:1.2826, current corr:0.7056, acc7:0.1547, acc5:0.1547,acc2_non_zero:0.8489, f_score_non_zero:0.8455, acc2:0.8219, f_score:0.8171
Saved best model at epoch 8 by valid_mae=1.2985 -> /data01/lyw/GLoMo/experiments/mosi_only_moe_valmae_seed5576/best_model.pt
epoch:9, train_loss:2.9846, valid_mse:2.2437, valid_mae:1.2643, test_acc2:0.8219
current mae:1.2564, current corr:0.6978, acc7:0.1547, acc5:0.1547,acc2_non_zero:0.8458, f_score_non_zero:0.8445, acc2:0.8219, f_score:0.8197
Saved best model at epoch 9 by valid_mae=1.2643 -> /data01/lyw/GLoMo/experiments/mosi_only_moe_valmae_seed5576/best_model.pt
epoch:10, train_loss:2.9228, valid_mse:2.1614, valid_mae:1.2457, test_acc2:0.8044
current mae:1.2548, current corr:0.6580, acc7:0.1547, acc5:0.1547,acc2_non_zero:0.8137, f_score_non_zero:0.8148, acc2:0.8044, f_score:0.8049
Saved best model at epoch 10 by valid_mae=1.2457 -> /data01/lyw/GLoMo/experiments/mosi_only_moe_valmae_seed5576/best_model.pt
epoch:11, train_loss:2.8773, valid_mse:2.1087, valid_mae:1.2374, test_acc2:0.8044
current mae:1.2356, current corr:0.6607, acc7:0.1547, acc5:0.1547,acc2_non_zero:0.8092, f_score_non_zero:0.8102, acc2:0.8044, f_score:0.8047
Saved best model at epoch 11 by valid_mae=1.2374 -> /data01/lyw/GLoMo/experiments/mosi_only_moe_valmae_seed5576/best_model.pt
epoch:12, train_loss:2.8577, valid_mse:1.9861, valid_mae:1.1891, test_acc2:0.8161
current mae:1.1905, current corr:0.6893, acc7:0.1737, acc5:0.1737,acc2_non_zero:0.8351, f_score_non_zero:0.8355, acc2:0.8161, f_score:0.8158
Saved best model at epoch 12 by valid_mae=1.1891 -> /data01/lyw/GLoMo/experiments/mosi_only_moe_valmae_seed5576/best_model.pt
epoch:13, train_loss:2.8059, valid_mse:1.9306, valid_mae:1.1716, test_acc2:0.8307
current mae:1.1498, current corr:0.7161, acc7:0.2204, acc5:0.2204,acc2_non_zero:0.8534, f_score_non_zero:0.8526, acc2:0.8307, f_score:0.8290
Saved best model at epoch 13 by valid_mae=1.1716 -> /data01/lyw/GLoMo/experiments/mosi_only_moe_valmae_seed5576/best_model.pt
epoch:14, train_loss:2.7668, valid_mse:1.9151, valid_mae:1.1674, test_acc2:0.8263
current mae:1.1177, current corr:0.7222, acc7:0.2365, acc5:0.2365,acc2_non_zero:0.8534, f_score_non_zero:0.8515, acc2:0.8263, f_score:0.8232
Saved best model at epoch 14 by valid_mae=1.1674 -> /data01/lyw/GLoMo/experiments/mosi_only_moe_valmae_seed5576/best_model.pt
epoch:15, train_loss:2.7206, valid_mse:1.8443, valid_mae:1.1404, test_acc2:0.8248
current mae:1.1061, current corr:0.7091, acc7:0.2642, acc5:0.2642,acc2_non_zero:0.8443, f_score_non_zero:0.8439, acc2:0.8248, f_score:0.8239
Saved best model at epoch 15 by valid_mae=1.1404 -> /data01/lyw/GLoMo/experiments/mosi_only_moe_valmae_seed5576/best_model.pt
epoch:16, train_loss:2.6715, valid_mse:1.7722, valid_mae:1.1073, test_acc2:0.8102
current mae:1.0966, current corr:0.7018, acc7:0.3036, acc5:0.3036,acc2_non_zero:0.8290, f_score_non_zero:0.8296, acc2:0.8102, f_score:0.8102
Saved best model at epoch 16 by valid_mae=1.1073 -> /data01/lyw/GLoMo/experiments/mosi_only_moe_valmae_seed5576/best_model.pt
epoch:17, train_loss:2.6172, valid_mse:1.7291, valid_mae:1.0988, test_acc2:0.8029
current mae:1.0787, current corr:0.7090, acc7:0.3168, acc5:0.3168,acc2_non_zero:0.8214, f_score_non_zero:0.8223, acc2:0.8029, f_score:0.8032
Saved best model at epoch 17 by valid_mae=1.0988 -> /data01/lyw/GLoMo/experiments/mosi_only_moe_valmae_seed5576/best_model.pt
epoch:18, train_loss:2.5649, valid_mse:1.7155, valid_mae:1.0943, test_acc2:0.8058
current mae:1.0604, current corr:0.7147, acc7:0.3139, acc5:0.3139,acc2_non_zero:0.8198, f_score_non_zero:0.8208, acc2:0.8058, f_score:0.8062
Saved best model at epoch 18 by valid_mae=1.0943 -> /data01/lyw/GLoMo/experiments/mosi_only_moe_valmae_seed5576/best_model.pt
epoch:19, train_loss:2.5346, valid_mse:1.6550, valid_mae:1.0685, test_acc2:0.8263
current mae:1.0162, current corr:0.7219, acc7:0.3241, acc5:0.3241,acc2_non_zero:0.8489, f_score_non_zero:0.8487, acc2:0.8263, f_score:0.8254
Saved best model at epoch 19 by valid_mae=1.0685 -> /data01/lyw/GLoMo/experiments/mosi_only_moe_valmae_seed5576/best_model.pt
epoch:20, train_loss:2.4740, valid_mse:1.7116, valid_mae:1.0953, test_acc2:0.8102
current mae:0.9944, current corr:0.7134, acc7:0.3255, acc5:0.3255,acc2_non_zero:0.8397, f_score_non_zero:0.8352, acc2:0.8102, f_score:0.8038
epoch:21, train_loss:2.4231, valid_mse:1.5237, valid_mae:1.0229, test_acc2:0.8292
current mae:0.9583, current corr:0.7424, acc7:0.3343, acc5:0.3343,acc2_non_zero:0.8519, f_score_non_zero:0.8509, acc2:0.8292, f_score:0.8274
Saved best model at epoch 21 by valid_mae=1.0229 -> /data01/lyw/GLoMo/experiments/mosi_only_moe_valmae_seed5576/best_model.pt
epoch:22, train_loss:2.3685, valid_mse:1.5216, valid_mae:1.0241, test_acc2:0.8277
current mae:0.9349, current corr:0.7429, acc7:0.3343, acc5:0.3343,acc2_non_zero:0.8534, f_score_non_zero:0.8513, acc2:0.8277, f_score:0.8244
epoch:23, train_loss:2.3366, valid_mse:1.4710, valid_mae:1.0037, test_acc2:0.8248
current mae:0.9141, current corr:0.7487, acc7:0.3387, acc5:0.3387,acc2_non_zero:0.8534, f_score_non_zero:0.8513, acc2:0.8248, f_score:0.8213
Saved best model at epoch 23 by valid_mae=1.0037 -> /data01/lyw/GLoMo/experiments/mosi_only_moe_valmae_seed5576/best_model.pt
epoch:24, train_loss:2.2702, valid_mse:1.4354, valid_mae:0.9801, test_acc2:0.8277
current mae:0.8872, current corr:0.7455, acc7:0.3431, acc5:0.3431,acc2_non_zero:0.8550, f_score_non_zero:0.8534, acc2:0.8277, f_score:0.8250
Saved best model at epoch 24 by valid_mae=0.9801 -> /data01/lyw/GLoMo/experiments/mosi_only_moe_valmae_seed5576/best_model.pt
epoch:25, train_loss:2.2346, valid_mse:1.4288, valid_mae:0.9780, test_acc2:0.8234
current mae:0.8818, current corr:0.7435, acc7:0.3328, acc5:0.3328,acc2_non_zero:0.8519, f_score_non_zero:0.8494, acc2:0.8234, f_score:0.8194
Saved best model at epoch 25 by valid_mae=0.9780 -> /data01/lyw/GLoMo/experiments/mosi_only_moe_valmae_seed5576/best_model.pt
epoch:26, train_loss:2.2001, valid_mse:1.3116, valid_mae:0.9269, test_acc2:0.8175
current mae:0.8752, current corr:0.7373, acc7:0.3372, acc5:0.3372,acc2_non_zero:0.8382, f_score_non_zero:0.8373, acc2:0.8175, f_score:0.8159
Saved best model at epoch 26 by valid_mae=0.9269 -> /data01/lyw/GLoMo/experiments/mosi_only_moe_valmae_seed5576/best_model.pt
epoch:27, train_loss:2.1581, valid_mse:1.3972, valid_mae:0.9545, test_acc2:0.8219
current mae:0.8534, current corr:0.7293, acc7:0.3401, acc5:0.3401,acc2_non_zero:0.8519, f_score_non_zero:0.8492, acc2:0.8219, f_score:0.8176
epoch:28, train_loss:2.1156, valid_mse:1.3189, valid_mae:0.9174, test_acc2:0.8161
current mae:0.8443, current corr:0.7329, acc7:0.3372, acc5:0.3372,acc2_non_zero:0.8443, f_score_non_zero:0.8418, acc2:0.8161, f_score:0.8122
Saved best model at epoch 28 by valid_mae=0.9174 -> /data01/lyw/GLoMo/experiments/mosi_only_moe_valmae_seed5576/best_model.pt
epoch:29, train_loss:2.0756, valid_mse:1.2907, valid_mae:0.8907, test_acc2:0.8161
current mae:0.8332, current corr:0.7442, acc7:0.3431, acc5:0.3431,acc2_non_zero:0.8412, f_score_non_zero:0.8408, acc2:0.8161, f_score:0.8147
Saved best model at epoch 29 by valid_mae=0.8907 -> /data01/lyw/GLoMo/experiments/mosi_only_moe_valmae_seed5576/best_model.pt
epoch:30, train_loss:2.0231, valid_mse:1.2243, valid_mae:0.8688, test_acc2:0.8131
current mae:0.8334, current corr:0.7418, acc7:0.3241, acc5:0.3241,acc2_non_zero:0.8382, f_score_non_zero:0.8372, acc2:0.8131, f_score:0.8112
Saved best model at epoch 30 by valid_mae=0.8688 -> /data01/lyw/GLoMo/experiments/mosi_only_moe_valmae_seed5576/best_model.pt
epoch:31, train_loss:2.0083, valid_mse:1.3100, valid_mae:0.8946, test_acc2:0.8131
current mae:0.8621, current corr:0.7322, acc7:0.3051, acc5:0.3051,acc2_non_zero:0.8412, f_score_non_zero:0.8405, acc2:0.8131, f_score:0.8113
epoch:32, train_loss:1.9650, valid_mse:1.2142, valid_mae:0.8488, test_acc2:0.8277
current mae:0.8092, current corr:0.7588, acc7:0.3460, acc5:0.3577,acc2_non_zero:0.8504, f_score_non_zero:0.8502, acc2:0.8277, f_score:0.8269
Saved best model at epoch 32 by valid_mae=0.8488 -> /data01/lyw/GLoMo/experiments/mosi_only_moe_valmae_seed5576/best_model.pt
epoch:33, train_loss:1.9182, valid_mse:1.2481, valid_mae:0.8514, test_acc2:0.8234
current mae:0.8052, current corr:0.7482, acc7:0.3752, acc5:0.4000,acc2_non_zero:0.8489, f_score_non_zero:0.8479, acc2:0.8234, f_score:0.8215
epoch:34, train_loss:1.9076, valid_mse:1.3409, valid_mae:0.9027, test_acc2:0.8029
current mae:0.8151, current corr:0.7435, acc7:0.3650, acc5:0.3912,acc2_non_zero:0.8336, f_score_non_zero:0.8289, acc2:0.8029, f_score:0.7961
epoch:35, train_loss:1.8816, valid_mse:1.1705, valid_mae:0.8373, test_acc2:0.8248
current mae:0.7810, current corr:0.7659, acc7:0.4380, acc5:0.4905,acc2_non_zero:0.8550, f_score_non_zero:0.8533, acc2:0.8248, f_score:0.8218
Saved best model at epoch 35 by valid_mae=0.8373 -> /data01/lyw/GLoMo/experiments/mosi_only_moe_valmae_seed5576/best_model.pt
epoch:36, train_loss:1.8579, valid_mse:1.2069, valid_mae:0.8436, test_acc2:0.8219
current mae:0.7831, current corr:0.7641, acc7:0.4307, acc5:0.4891,acc2_non_zero:0.8519, f_score_non_zero:0.8494, acc2:0.8219, f_score:0.8178
epoch:37, train_loss:1.8038, valid_mse:1.2218, valid_mae:0.8186, test_acc2:0.8248
current mae:0.7875, current corr:0.7514, acc7:0.4511, acc5:0.5343,acc2_non_zero:0.8443, f_score_non_zero:0.8443, acc2:0.8248, f_score:0.8243
Saved best model at epoch 37 by valid_mae=0.8186 -> /data01/lyw/GLoMo/experiments/mosi_only_moe_valmae_seed5576/best_model.pt
epoch:38, train_loss:1.7800, valid_mse:1.1905, valid_mae:0.8126, test_acc2:0.8219
current mae:0.7879, current corr:0.7612, acc7:0.4307, acc5:0.5036,acc2_non_zero:0.8397, f_score_non_zero:0.8398, acc2:0.8219, f_score:0.8214
Saved best model at epoch 38 by valid_mae=0.8126 -> /data01/lyw/GLoMo/experiments/mosi_only_moe_valmae_seed5576/best_model.pt
epoch:39, train_loss:1.7540, valid_mse:1.2974, valid_mae:0.8347, test_acc2:0.8204
current mae:0.7816, current corr:0.7548, acc7:0.4482, acc5:0.5241,acc2_non_zero:0.8412, f_score_non_zero:0.8410, acc2:0.8204, f_score:0.8195
epoch:40, train_loss:1.7372, valid_mse:1.2760, valid_mae:0.8242, test_acc2:0.8321
current mae:0.7709, current corr:0.7635, acc7:0.4336, acc5:0.5095,acc2_non_zero:0.8580, f_score_non_zero:0.8573, acc2:0.8321, f_score:0.8305
epoch:41, train_loss:1.7061, valid_mse:1.1985, valid_mae:0.8024, test_acc2:0.8248
current mae:0.7692, current corr:0.7667, acc7:0.4467, acc5:0.5212,acc2_non_zero:0.8427, f_score_non_zero:0.8431, acc2:0.8248, f_score:0.8246
Saved best model at epoch 41 by valid_mae=0.8024 -> /data01/lyw/GLoMo/experiments/mosi_only_moe_valmae_seed5576/best_model.pt
epoch:42, train_loss:1.6899, valid_mse:1.1623, valid_mae:0.7991, test_acc2:0.8204
current mae:0.7550, current corr:0.7651, acc7:0.4569, acc5:0.5255,acc2_non_zero:0.8443, f_score_non_zero:0.8427, acc2:0.8204, f_score:0.8178
Saved best model at epoch 42 by valid_mae=0.7991 -> /data01/lyw/GLoMo/experiments/mosi_only_moe_valmae_seed5576/best_model.pt
epoch:43, train_loss:1.6465, valid_mse:1.1193, valid_mae:0.7832, test_acc2:0.8204
current mae:0.7656, current corr:0.7623, acc7:0.4526, acc5:0.5285,acc2_non_zero:0.8397, f_score_non_zero:0.8396, acc2:0.8204, f_score:0.8197
Saved best model at epoch 43 by valid_mae=0.7832 -> /data01/lyw/GLoMo/experiments/mosi_only_moe_valmae_seed5576/best_model.pt
epoch:44, train_loss:1.6479, valid_mse:1.1672, valid_mae:0.8004, test_acc2:0.8277
current mae:0.7515, current corr:0.7681, acc7:0.4423, acc5:0.5153,acc2_non_zero:0.8504, f_score_non_zero:0.8492, acc2:0.8277, f_score:0.8257
epoch:45, train_loss:1.6296, valid_mse:1.4023, valid_mae:0.8636, test_acc2:0.8263
current mae:0.7734, current corr:0.7592, acc7:0.4482, acc5:0.5241,acc2_non_zero:0.8534, f_score_non_zero:0.8519, acc2:0.8263, f_score:0.8236
epoch:46, train_loss:1.6056, valid_mse:1.2154, valid_mae:0.8095, test_acc2:0.8277
current mae:0.7616, current corr:0.7657, acc7:0.4496, acc5:0.5285,acc2_non_zero:0.8473, f_score_non_zero:0.8475, acc2:0.8277, f_score:0.8274
epoch:47, train_loss:1.5807, valid_mse:1.1573, valid_mae:0.7718, test_acc2:0.8219
current mae:0.7690, current corr:0.7716, acc7:0.4657, acc5:0.5358,acc2_non_zero:0.8366, f_score_non_zero:0.8372, acc2:0.8219, f_score:0.8220
Saved best model at epoch 47 by valid_mae=0.7718 -> /data01/lyw/GLoMo/experiments/mosi_only_moe_valmae_seed5576/best_model.pt
epoch:48, train_loss:1.5686, valid_mse:1.1659, valid_mae:0.7799, test_acc2:0.8204
current mae:0.7495, current corr:0.7698, acc7:0.4628, acc5:0.5387,acc2_non_zero:0.8397, f_score_non_zero:0.8396, acc2:0.8204, f_score:0.8197
epoch:49, train_loss:1.5455, valid_mse:1.1658, valid_mae:0.7879, test_acc2:0.8277
current mae:0.7607, current corr:0.7730, acc7:0.4584, acc5:0.5387,acc2_non_zero:0.8458, f_score_non_zero:0.8459, acc2:0.8277, f_score:0.8273
epoch:50, train_loss:1.5157, valid_mse:1.1027, valid_mae:0.7659, test_acc2:0.8248
current mae:0.7401, current corr:0.7739, acc7:0.4569, acc5:0.5285,acc2_non_zero:0.8489, f_score_non_zero:0.8487, acc2:0.8248, f_score:0.8239
Saved best model at epoch 50 by valid_mae=0.7659 -> /data01/lyw/GLoMo/experiments/mosi_only_moe_valmae_seed5576/best_model.pt
epoch:51, train_loss:1.5037, valid_mse:1.1252, valid_mae:0.7605, test_acc2:0.8146
current mae:0.7437, current corr:0.7733, acc7:0.4745, acc5:0.5460,acc2_non_zero:0.8366, f_score_non_zero:0.8366, acc2:0.8146, f_score:0.8138
Saved best model at epoch 51 by valid_mae=0.7605 -> /data01/lyw/GLoMo/experiments/mosi_only_moe_valmae_seed5576/best_model.pt
epoch:52, train_loss:1.4867, valid_mse:1.2271, valid_mae:0.7961, test_acc2:0.8292
current mae:0.7807, current corr:0.7601, acc7:0.4526, acc5:0.5270,acc2_non_zero:0.8397, f_score_non_zero:0.8404, acc2:0.8292, f_score:0.8294
epoch:53, train_loss:1.4883, valid_mse:1.1908, valid_mae:0.7853, test_acc2:0.8321
current mae:0.7579, current corr:0.7762, acc7:0.4584, acc5:0.5343,acc2_non_zero:0.8489, f_score_non_zero:0.8492, acc2:0.8321, f_score:0.8319
epoch:54, train_loss:1.4636, valid_mse:1.2150, valid_mae:0.7921, test_acc2:0.8234
current mae:0.7495, current corr:0.7733, acc7:0.4496, acc5:0.5241,acc2_non_zero:0.8458, f_score_non_zero:0.8458, acc2:0.8234, f_score:0.8226
epoch:55, train_loss:1.4504, valid_mse:1.2711, valid_mae:0.8067, test_acc2:0.8175
current mae:0.7825, current corr:0.7646, acc7:0.4496, acc5:0.5270,acc2_non_zero:0.8397, f_score_non_zero:0.8397, acc2:0.8175, f_score:0.8168
epoch:56, train_loss:1.4278, valid_mse:1.2229, valid_mae:0.7965, test_acc2:0.8263
current mae:0.7489, current corr:0.7706, acc7:0.4555, acc5:0.5285,acc2_non_zero:0.8504, f_score_non_zero:0.8499, acc2:0.8263, f_score:0.8250
epoch:57, train_loss:1.4028, valid_mse:1.2322, valid_mae:0.7852, test_acc2:0.8234
current mae:0.7715, current corr:0.7670, acc7:0.4438, acc5:0.5153,acc2_non_zero:0.8351, f_score_non_zero:0.8359, acc2:0.8234, f_score:0.8236
epoch:58, train_loss:1.4091, valid_mse:1.2367, valid_mae:0.8026, test_acc2:0.8336
current mae:0.7487, current corr:0.7761, acc7:0.4686, acc5:0.5460,acc2_non_zero:0.8565, f_score_non_zero:0.8564, acc2:0.8336, f_score:0.8328
epoch:59, train_loss:1.3942, valid_mse:1.2410, valid_mae:0.7994, test_acc2:0.8292
current mae:0.7580, current corr:0.7672, acc7:0.4569, acc5:0.5328,acc2_non_zero:0.8519, f_score_non_zero:0.8514, acc2:0.8292, f_score:0.8279
epoch:60, train_loss:1.3731, valid_mse:1.3111, valid_mae:0.8201, test_acc2:0.8277
current mae:0.7588, current corr:0.7674, acc7:0.4467, acc5:0.5226,acc2_non_zero:0.8519, f_score_non_zero:0.8506, acc2:0.8277, f_score:0.8254
epoch:61, train_loss:1.3358, valid_mse:1.1718, valid_mae:0.7823, test_acc2:0.8365
current mae:0.7294, current corr:0.7789, acc7:0.4511, acc5:0.5255,acc2_non_zero:0.8580, f_score_non_zero:0.8576, acc2:0.8365, f_score:0.8354
epoch:62, train_loss:1.3550, valid_mse:1.2348, valid_mae:0.7934, test_acc2:0.8248
current mae:0.7642, current corr:0.7680, acc7:0.4438, acc5:0.5153,acc2_non_zero:0.8443, f_score_non_zero:0.8440, acc2:0.8248, f_score:0.8239
epoch:63, train_loss:1.3368, valid_mse:1.1375, valid_mae:0.7702, test_acc2:0.8234
current mae:0.7490, current corr:0.7754, acc7:0.4438, acc5:0.5182,acc2_non_zero:0.8412, f_score_non_zero:0.8416, acc2:0.8234, f_score:0.8231
epoch:64, train_loss:1.2965, valid_mse:1.1034, valid_mae:0.7550, test_acc2:0.8234
current mae:0.7359, current corr:0.7736, acc7:0.4599, acc5:0.5299,acc2_non_zero:0.8443, f_score_non_zero:0.8436, acc2:0.8234, f_score:0.8219
Saved best model at epoch 64 by valid_mae=0.7550 -> /data01/lyw/GLoMo/experiments/mosi_only_moe_valmae_seed5576/best_model.pt
epoch:65, train_loss:1.2867, valid_mse:1.0753, valid_mae:0.7536, test_acc2:0.8161
current mae:0.7541, current corr:0.7724, acc7:0.4584, acc5:0.5343,acc2_non_zero:0.8366, f_score_non_zero:0.8365, acc2:0.8161, f_score:0.8152
Saved best model at epoch 65 by valid_mae=0.7536 -> /data01/lyw/GLoMo/experiments/mosi_only_moe_valmae_seed5576/best_model.pt
epoch:66, train_loss:1.2779, valid_mse:1.1424, valid_mae:0.7705, test_acc2:0.8307
current mae:0.7397, current corr:0.7763, acc7:0.4642, acc5:0.5328,acc2_non_zero:0.8550, f_score_non_zero:0.8544, acc2:0.8307, f_score:0.8292
epoch:67, train_loss:1.2497, valid_mse:1.1919, valid_mae:0.7910, test_acc2:0.8234
current mae:0.7372, current corr:0.7697, acc7:0.4672, acc5:0.5343,acc2_non_zero:0.8489, f_score_non_zero:0.8475, acc2:0.8234, f_score:0.8209
epoch:68, train_loss:1.2692, valid_mse:1.1260, valid_mae:0.7646, test_acc2:0.8248
current mae:0.7397, current corr:0.7683, acc7:0.4672, acc5:0.5372,acc2_non_zero:0.8489, f_score_non_zero:0.8481, acc2:0.8248, f_score:0.8232
epoch:69, train_loss:1.2447, valid_mse:1.2086, valid_mae:0.7956, test_acc2:0.8277
current mae:0.7430, current corr:0.7721, acc7:0.4569, acc5:0.5299,acc2_non_zero:0.8519, f_score_non_zero:0.8511, acc2:0.8277, f_score:0.8261
Loading best model from epoch 65 by valid_mae=0.7536 for analysis export.
Analysis files exported to: /data01/lyw/GLoMo/experiments/mosi_only_moe_valmae_seed5576/analysis
  predictions: /data01/lyw/GLoMo/experiments/mosi_only_moe_valmae_seed5576/analysis/predictions.csv
  repr: /data01/lyw/GLoMo/experiments/mosi_only_moe_valmae_seed5576/analysis/repr.npz
  repr meta: /data01/lyw/GLoMo/experiments/mosi_only_moe_valmae_seed5576/analysis/repr_meta.json
  cases: /data01/lyw/GLoMo/experiments/mosi_only_moe_valmae_seed5576/analysis/cases.csv
Metrics summary saved to: /data01/lyw/GLoMo/experiments/mosi_only_moe_valmae_seed5576/metrics.json
Total runtime: 610707.3311805725 ms
