Using device: cuda:0, visible GPUs: 3
GPU name: NVIDIA GeForce RTX 3090
Seed: 3407
Command script saved to: /data01/lyw/GLoMo/experiments/mosi_ours_valmae_seed3407/command.sh
train labels: n=1281 min=-3.000 max=3.000 mean=0.235 std=1.509
dev labels: n=229 min=-3.000 max=3.000 mean=0.310 std=1.649
test labels: n=685 min=-3.000 max=3.000 mean=-0.315 std=1.588
BERT load: missing=3 unexpected=10
BERT missing keys (first 5): ['linear1.weight', 'linear1.bias', 'proj_l.weight']
BERT unexpected keys (first 5): ['pooler.dense.weight', 'pooler.dense.bias', 'cls.predictions.bias', 'cls.predictions.transform.dense.weight', 'cls.predictions.transform.dense.bias']
conv audio std 0.0386178158223629
conv video std 0.04855839163064957
total parameter for the model:  111150839
epoch:0, train_loss:3.2768, valid_mse:2.7719, valid_mae:1.4297, test_acc2:0.5387
current mae:1.4156, current corr:0.2997, acc7:0.1547, acc5:0.1547,acc2_non_zero:0.5206, f_score_non_zero:0.4525, acc2:0.5387, f_score:0.4691
Saved best model at epoch 0 by valid_mae=1.4297 -> /data01/lyw/GLoMo/experiments/mosi_ours_valmae_seed3407/best_model.pt
epoch:1, train_loss:3.2364, valid_mse:2.7108, valid_mae:1.4103, test_acc2:0.5796
current mae:1.4024, current corr:0.4889, acc7:0.1547, acc5:0.1547,acc2_non_zero:0.5695, f_score_non_zero:0.5385, acc2:0.5796, f_score:0.5472
Saved best model at epoch 1 by valid_mae=1.4103 -> /data01/lyw/GLoMo/experiments/mosi_ours_valmae_seed3407/best_model.pt
epoch:2, train_loss:3.2099, valid_mse:2.6557, valid_mae:1.3927, test_acc2:0.6715
current mae:1.3861, current corr:0.6649, acc7:0.1547, acc5:0.1547,acc2_non_zero:0.6702, f_score_non_zero:0.6629, acc2:0.6715, f_score:0.6630
Saved best model at epoch 2 by valid_mae=1.3927 -> /data01/lyw/GLoMo/experiments/mosi_ours_valmae_seed3407/best_model.pt
epoch:3, train_loss:3.1964, valid_mse:2.5871, valid_mae:1.3758, test_acc2:0.7139
current mae:1.3763, current corr:0.6800, acc7:0.1547, acc5:0.1547,acc2_non_zero:0.7176, f_score_non_zero:0.7133, acc2:0.7139, f_score:0.7087
Saved best model at epoch 3 by valid_mae=1.3758 -> /data01/lyw/GLoMo/experiments/mosi_ours_valmae_seed3407/best_model.pt
epoch:4, train_loss:3.1616, valid_mse:2.5355, valid_mae:1.3636, test_acc2:0.7985
current mae:1.3594, current corr:0.6838, acc7:0.1547, acc5:0.1547,acc2_non_zero:0.8137, f_score_non_zero:0.8139, acc2:0.7985, f_score:0.7981
Saved best model at epoch 4 by valid_mae=1.3636 -> /data01/lyw/GLoMo/experiments/mosi_ours_valmae_seed3407/best_model.pt
epoch:5, train_loss:3.1316, valid_mse:2.4850, valid_mae:1.3449, test_acc2:0.8073
current mae:1.3385, current corr:0.7017, acc7:0.1547, acc5:0.1547,acc2_non_zero:0.8275, f_score_non_zero:0.8274, acc2:0.8073, f_score:0.8065
Saved best model at epoch 5 by valid_mae=1.3449 -> /data01/lyw/GLoMo/experiments/mosi_ours_valmae_seed3407/best_model.pt
epoch:6, train_loss:3.0850, valid_mse:2.3523, valid_mae:1.3035, test_acc2:0.8175
current mae:1.3108, current corr:0.7063, acc7:0.1547, acc5:0.1547,acc2_non_zero:0.8351, f_score_non_zero:0.8360, acc2:0.8175, f_score:0.8179
Saved best model at epoch 6 by valid_mae=1.3035 -> /data01/lyw/GLoMo/experiments/mosi_ours_valmae_seed3407/best_model.pt
epoch:7, train_loss:3.0572, valid_mse:2.2855, valid_mae:1.2857, test_acc2:0.8088
current mae:1.2915, current corr:0.6784, acc7:0.1547, acc5:0.1547,acc2_non_zero:0.8321, f_score_non_zero:0.8325, acc2:0.8088, f_score:0.8085
Saved best model at epoch 7 by valid_mae=1.2857 -> /data01/lyw/GLoMo/experiments/mosi_ours_valmae_seed3407/best_model.pt
epoch:8, train_loss:3.0047, valid_mse:2.2706, valid_mae:1.2821, test_acc2:0.7956
current mae:1.2760, current corr:0.6495, acc7:0.1547, acc5:0.1547,acc2_non_zero:0.8137, f_score_non_zero:0.8146, acc2:0.7956, f_score:0.7958
Saved best model at epoch 8 by valid_mae=1.2821 -> /data01/lyw/GLoMo/experiments/mosi_ours_valmae_seed3407/best_model.pt
epoch:9, train_loss:2.9615, valid_mse:2.1927, valid_mae:1.2621, test_acc2:0.7942
current mae:1.2461, current corr:0.6742, acc7:0.1547, acc5:0.1547,acc2_non_zero:0.8229, f_score_non_zero:0.8191, acc2:0.7942, f_score:0.7885
Saved best model at epoch 9 by valid_mae=1.2621 -> /data01/lyw/GLoMo/experiments/mosi_ours_valmae_seed3407/best_model.pt
epoch:10, train_loss:2.9127, valid_mse:2.0763, valid_mae:1.2231, test_acc2:0.8219
current mae:1.2210, current corr:0.6862, acc7:0.1547, acc5:0.1547,acc2_non_zero:0.8458, f_score_non_zero:0.8448, acc2:0.8219, f_score:0.8200
Saved best model at epoch 10 by valid_mae=1.2231 -> /data01/lyw/GLoMo/experiments/mosi_ours_valmae_seed3407/best_model.pt
epoch:11, train_loss:2.8589, valid_mse:2.1012, valid_mae:1.2304, test_acc2:0.8073
current mae:1.2061, current corr:0.6885, acc7:0.1547, acc5:0.1547,acc2_non_zero:0.8336, f_score_non_zero:0.8304, acc2:0.8073, f_score:0.8027
epoch:12, train_loss:2.8257, valid_mse:2.0864, valid_mae:1.2227, test_acc2:0.8044
current mae:1.1890, current corr:0.6855, acc7:0.1547, acc5:0.1547,acc2_non_zero:0.8351, f_score_non_zero:0.8306, acc2:0.8044, f_score:0.7978
Saved best model at epoch 12 by valid_mae=1.2227 -> /data01/lyw/GLoMo/experiments/mosi_ours_valmae_seed3407/best_model.pt
epoch:13, train_loss:2.7927, valid_mse:1.9968, valid_mae:1.1959, test_acc2:0.8117
current mae:1.1644, current corr:0.7011, acc7:0.1854, acc5:0.1854,acc2_non_zero:0.8427, f_score_non_zero:0.8401, acc2:0.8117, f_score:0.8073
Saved best model at epoch 13 by valid_mae=1.1959 -> /data01/lyw/GLoMo/experiments/mosi_ours_valmae_seed3407/best_model.pt
epoch:14, train_loss:2.7530, valid_mse:1.8971, valid_mae:1.1710, test_acc2:0.8131
current mae:1.1536, current corr:0.6977, acc7:0.2263, acc5:0.2263,acc2_non_zero:0.8321, f_score_non_zero:0.8328, acc2:0.8131, f_score:0.8133
Saved best model at epoch 14 by valid_mae=1.1710 -> /data01/lyw/GLoMo/experiments/mosi_ours_valmae_seed3407/best_model.pt
epoch:15, train_loss:2.7192, valid_mse:1.9092, valid_mae:1.1723, test_acc2:0.8015
current mae:1.1560, current corr:0.6754, acc7:0.2190, acc5:0.2190,acc2_non_zero:0.8153, f_score_non_zero:0.8163, acc2:0.8015, f_score:0.8019
epoch:16, train_loss:2.6715, valid_mse:1.8006, valid_mae:1.1263, test_acc2:0.8131
current mae:1.1212, current corr:0.7005, acc7:0.2248, acc5:0.2248,acc2_non_zero:0.8351, f_score_non_zero:0.8353, acc2:0.8131, f_score:0.8127
Saved best model at epoch 16 by valid_mae=1.1263 -> /data01/lyw/GLoMo/experiments/mosi_ours_valmae_seed3407/best_model.pt
epoch:17, train_loss:2.6346, valid_mse:1.8116, valid_mae:1.1314, test_acc2:0.8102
current mae:1.1088, current corr:0.6857, acc7:0.2993, acc5:0.2993,acc2_non_zero:0.8275, f_score_non_zero:0.8279, acc2:0.8102, f_score:0.8100
epoch:18, train_loss:2.5927, valid_mse:1.8215, valid_mae:1.1386, test_acc2:0.8088
current mae:1.0805, current corr:0.6970, acc7:0.3314, acc5:0.3314,acc2_non_zero:0.8382, f_score_non_zero:0.8352, acc2:0.8088, f_score:0.8041
epoch:19, train_loss:2.5595, valid_mse:1.8167, valid_mae:1.1301, test_acc2:0.8044
current mae:1.0716, current corr:0.7017, acc7:0.3255, acc5:0.3255,acc2_non_zero:0.8305, f_score_non_zero:0.8275, acc2:0.8044, f_score:0.7999
epoch:20, train_loss:2.4796, valid_mse:1.7077, valid_mae:1.0891, test_acc2:0.8058
current mae:1.0510, current corr:0.7072, acc7:0.3226, acc5:0.3226,acc2_non_zero:0.8275, f_score_non_zero:0.8271, acc2:0.8058, f_score:0.8046
Saved best model at epoch 20 by valid_mae=1.0891 -> /data01/lyw/GLoMo/experiments/mosi_ours_valmae_seed3407/best_model.pt
epoch:21, train_loss:2.4333, valid_mse:1.6696, valid_mae:1.0767, test_acc2:0.7971
current mae:1.0320, current corr:0.7025, acc7:0.3270, acc5:0.3270,acc2_non_zero:0.8183, f_score_non_zero:0.8184, acc2:0.7971, f_score:0.7963
Saved best model at epoch 21 by valid_mae=1.0767 -> /data01/lyw/GLoMo/experiments/mosi_ours_valmae_seed3407/best_model.pt
epoch:22, train_loss:2.3787, valid_mse:1.5879, valid_mae:1.0502, test_acc2:0.8088
current mae:1.0210, current corr:0.7053, acc7:0.3153, acc5:0.3153,acc2_non_zero:0.8275, f_score_non_zero:0.8280, acc2:0.8088, f_score:0.8087
Saved best model at epoch 22 by valid_mae=1.0502 -> /data01/lyw/GLoMo/experiments/mosi_ours_valmae_seed3407/best_model.pt
epoch:23, train_loss:2.3402, valid_mse:1.4754, valid_mae:1.0020, test_acc2:0.8044
current mae:0.9850, current corr:0.7136, acc7:0.3241, acc5:0.3241,acc2_non_zero:0.8244, f_score_non_zero:0.8243, acc2:0.8044, f_score:0.8035
Saved best model at epoch 23 by valid_mae=1.0020 -> /data01/lyw/GLoMo/experiments/mosi_ours_valmae_seed3407/best_model.pt
epoch:24, train_loss:2.2909, valid_mse:1.4915, valid_mae:1.0015, test_acc2:0.8117
current mae:0.9641, current corr:0.7098, acc7:0.3226, acc5:0.3226,acc2_non_zero:0.8366, f_score_non_zero:0.8365, acc2:0.8117, f_score:0.8107
Saved best model at epoch 24 by valid_mae=1.0015 -> /data01/lyw/GLoMo/experiments/mosi_ours_valmae_seed3407/best_model.pt
epoch:25, train_loss:2.2348, valid_mse:1.4289, valid_mae:0.9816, test_acc2:0.8175
current mae:0.9347, current corr:0.7224, acc7:0.3358, acc5:0.3358,acc2_non_zero:0.8366, f_score_non_zero:0.8361, acc2:0.8175, f_score:0.8163
Saved best model at epoch 25 by valid_mae=0.9816 -> /data01/lyw/GLoMo/experiments/mosi_ours_valmae_seed3407/best_model.pt
epoch:26, train_loss:2.1944, valid_mse:1.4722, valid_mae:0.9823, test_acc2:0.8029
current mae:0.9368, current corr:0.6974, acc7:0.3241, acc5:0.3241,acc2_non_zero:0.8214, f_score_non_zero:0.8215, acc2:0.8029, f_score:0.8024
epoch:27, train_loss:2.1491, valid_mse:1.3864, valid_mae:0.9516, test_acc2:0.8073
current mae:0.8920, current corr:0.7268, acc7:0.3255, acc5:0.3255,acc2_non_zero:0.8321, f_score_non_zero:0.8300, acc2:0.8073, f_score:0.8041
Saved best model at epoch 27 by valid_mae=0.9516 -> /data01/lyw/GLoMo/experiments/mosi_ours_valmae_seed3407/best_model.pt
epoch:28, train_loss:2.1056, valid_mse:1.3315, valid_mae:0.9256, test_acc2:0.8058
current mae:0.8946, current corr:0.7148, acc7:0.3314, acc5:0.3314,acc2_non_zero:0.8244, f_score_non_zero:0.8252, acc2:0.8058, f_score:0.8060
Saved best model at epoch 28 by valid_mae=0.9256 -> /data01/lyw/GLoMo/experiments/mosi_ours_valmae_seed3407/best_model.pt
epoch:29, train_loss:2.0485, valid_mse:1.3495, valid_mae:0.9297, test_acc2:0.8058
current mae:0.8764, current corr:0.7143, acc7:0.3299, acc5:0.3299,acc2_non_zero:0.8244, f_score_non_zero:0.8241, acc2:0.8058, f_score:0.8048
epoch:30, train_loss:2.0186, valid_mse:1.2497, valid_mae:0.8816, test_acc2:0.7985
current mae:0.9284, current corr:0.6807, acc7:0.3212, acc5:0.3212,acc2_non_zero:0.8046, f_score_non_zero:0.8057, acc2:0.7985, f_score:0.7991
Saved best model at epoch 30 by valid_mae=0.8816 -> /data01/lyw/GLoMo/experiments/mosi_ours_valmae_seed3407/best_model.pt
epoch:31, train_loss:1.9832, valid_mse:1.3426, valid_mae:0.9105, test_acc2:0.8102
current mae:0.8376, current corr:0.7268, acc7:0.3255, acc5:0.3255,acc2_non_zero:0.8382, f_score_non_zero:0.8366, acc2:0.8102, f_score:0.8074
epoch:32, train_loss:1.9437, valid_mse:1.2428, valid_mae:0.8797, test_acc2:0.7971
current mae:0.8576, current corr:0.7221, acc7:0.3314, acc5:0.3314,acc2_non_zero:0.8153, f_score_non_zero:0.8158, acc2:0.7971, f_score:0.7970
Saved best model at epoch 32 by valid_mae=0.8797 -> /data01/lyw/GLoMo/experiments/mosi_ours_valmae_seed3407/best_model.pt
epoch:33, train_loss:1.8952, valid_mse:1.1786, valid_mae:0.8457, test_acc2:0.8058
current mae:0.8267, current corr:0.7289, acc7:0.3372, acc5:0.3372,acc2_non_zero:0.8290, f_score_non_zero:0.8292, acc2:0.8058, f_score:0.8053
Saved best model at epoch 33 by valid_mae=0.8457 -> /data01/lyw/GLoMo/experiments/mosi_ours_valmae_seed3407/best_model.pt
epoch:34, train_loss:1.8778, valid_mse:1.1220, valid_mae:0.8241, test_acc2:0.8146
current mae:0.8172, current corr:0.7413, acc7:0.3650, acc5:0.3898,acc2_non_zero:0.8397, f_score_non_zero:0.8390, acc2:0.8146, f_score:0.8130
Saved best model at epoch 34 by valid_mae=0.8241 -> /data01/lyw/GLoMo/experiments/mosi_ours_valmae_seed3407/best_model.pt
epoch:35, train_loss:1.8475, valid_mse:1.1020, valid_mae:0.8111, test_acc2:0.8073
current mae:0.8008, current corr:0.7404, acc7:0.3723, acc5:0.3971,acc2_non_zero:0.8321, f_score_non_zero:0.8316, acc2:0.8073, f_score:0.8059
Saved best model at epoch 35 by valid_mae=0.8111 -> /data01/lyw/GLoMo/experiments/mosi_ours_valmae_seed3407/best_model.pt
epoch:36, train_loss:1.7985, valid_mse:1.0881, valid_mae:0.7992, test_acc2:0.8131
current mae:0.7965, current corr:0.7455, acc7:0.3869, acc5:0.4219,acc2_non_zero:0.8336, f_score_non_zero:0.8340, acc2:0.8131, f_score:0.8129
Saved best model at epoch 36 by valid_mae=0.7992 -> /data01/lyw/GLoMo/experiments/mosi_ours_valmae_seed3407/best_model.pt
epoch:37, train_loss:1.7856, valid_mse:1.2364, valid_mae:0.8412, test_acc2:0.8161
current mae:0.7990, current corr:0.7418, acc7:0.4175, acc5:0.4686,acc2_non_zero:0.8427, f_score_non_zero:0.8422, acc2:0.8161, f_score:0.8145
epoch:38, train_loss:1.7610, valid_mse:1.1050, valid_mae:0.8006, test_acc2:0.8175
current mae:0.7792, current corr:0.7535, acc7:0.4350, acc5:0.4949,acc2_non_zero:0.8382, f_score_non_zero:0.8379, acc2:0.8175, f_score:0.8166
epoch:39, train_loss:1.7573, valid_mse:1.1352, valid_mae:0.8103, test_acc2:0.8117
current mae:0.7981, current corr:0.7463, acc7:0.4365, acc5:0.4978,acc2_non_zero:0.8321, f_score_non_zero:0.8321, acc2:0.8117, f_score:0.8111
epoch:40, train_loss:1.7127, valid_mse:1.0287, valid_mae:0.7689, test_acc2:0.8131
current mae:0.7758, current corr:0.7508, acc7:0.4336, acc5:0.5022,acc2_non_zero:0.8366, f_score_non_zero:0.8367, acc2:0.8131, f_score:0.8124
Saved best model at epoch 40 by valid_mae=0.7689 -> /data01/lyw/GLoMo/experiments/mosi_ours_valmae_seed3407/best_model.pt
epoch:41, train_loss:1.6702, valid_mse:1.0228, valid_mae:0.7639, test_acc2:0.8102
current mae:0.7843, current corr:0.7476, acc7:0.4292, acc5:0.4934,acc2_non_zero:0.8351, f_score_non_zero:0.8345, acc2:0.8102, f_score:0.8086
Saved best model at epoch 41 by valid_mae=0.7639 -> /data01/lyw/GLoMo/experiments/mosi_ours_valmae_seed3407/best_model.pt
epoch:42, train_loss:1.6471, valid_mse:1.1504, valid_mae:0.7870, test_acc2:0.8161
current mae:0.7708, current corr:0.7548, acc7:0.4350, acc5:0.5007,acc2_non_zero:0.8412, f_score_non_zero:0.8408, acc2:0.8161, f_score:0.8147
epoch:43, train_loss:1.6515, valid_mse:1.1457, valid_mae:0.7890, test_acc2:0.8204
current mae:0.7817, current corr:0.7500, acc7:0.4277, acc5:0.5066,acc2_non_zero:0.8443, f_score_non_zero:0.8443, acc2:0.8204, f_score:0.8198
epoch:44, train_loss:1.6308, valid_mse:1.0688, valid_mae:0.7737, test_acc2:0.8146
current mae:0.8031, current corr:0.7472, acc7:0.4496, acc5:0.5124,acc2_non_zero:0.8336, f_score_non_zero:0.8345, acc2:0.8146, f_score:0.8149
epoch:45, train_loss:1.6223, valid_mse:1.1115, valid_mae:0.7854, test_acc2:0.8102
current mae:0.8120, current corr:0.7412, acc7:0.4292, acc5:0.5022,acc2_non_zero:0.8275, f_score_non_zero:0.8284, acc2:0.8102, f_score:0.8106
epoch:46, train_loss:1.5790, valid_mse:1.1165, valid_mae:0.7774, test_acc2:0.8117
current mae:0.7808, current corr:0.7509, acc7:0.4248, acc5:0.4934,acc2_non_zero:0.8397, f_score_non_zero:0.8393, acc2:0.8117, f_score:0.8103
epoch:47, train_loss:1.5511, valid_mse:1.0412, valid_mae:0.7556, test_acc2:0.8117
current mae:0.7732, current corr:0.7516, acc7:0.4453, acc5:0.5139,acc2_non_zero:0.8351, f_score_non_zero:0.8356, acc2:0.8117, f_score:0.8115
Saved best model at epoch 47 by valid_mae=0.7556 -> /data01/lyw/GLoMo/experiments/mosi_ours_valmae_seed3407/best_model.pt
epoch:48, train_loss:1.5596, valid_mse:1.1864, valid_mae:0.7988, test_acc2:0.8117
current mae:0.7821, current corr:0.7517, acc7:0.4409, acc5:0.5212,acc2_non_zero:0.8336, f_score_non_zero:0.8335, acc2:0.8117, f_score:0.8108
epoch:49, train_loss:1.5196, valid_mse:1.0894, valid_mae:0.7759, test_acc2:0.8146
current mae:0.7782, current corr:0.7541, acc7:0.4394, acc5:0.5153,acc2_non_zero:0.8366, f_score_non_zero:0.8370, acc2:0.8146, f_score:0.8142
epoch:50, train_loss:1.5111, valid_mse:1.0491, valid_mae:0.7614, test_acc2:0.8161
current mae:0.7668, current corr:0.7580, acc7:0.4540, acc5:0.5212,acc2_non_zero:0.8427, f_score_non_zero:0.8420, acc2:0.8161, f_score:0.8143
epoch:51, train_loss:1.4886, valid_mse:1.1115, valid_mae:0.7663, test_acc2:0.8161
current mae:0.7704, current corr:0.7589, acc7:0.4350, acc5:0.5109,acc2_non_zero:0.8427, f_score_non_zero:0.8420, acc2:0.8161, f_score:0.8143
epoch:52, train_loss:1.4766, valid_mse:1.1149, valid_mae:0.7669, test_acc2:0.8131
current mae:0.7963, current corr:0.7498, acc7:0.4438, acc5:0.5197,acc2_non_zero:0.8366, f_score_non_zero:0.8371, acc2:0.8131, f_score:0.8130
epoch:53, train_loss:1.4539, valid_mse:1.0782, valid_mae:0.7587, test_acc2:0.8073
current mae:0.7926, current corr:0.7535, acc7:0.4438, acc5:0.5212,acc2_non_zero:0.8305, f_score_non_zero:0.8312, acc2:0.8073, f_score:0.8073
epoch:54, train_loss:1.4316, valid_mse:1.0613, valid_mae:0.7533, test_acc2:0.8088
current mae:0.7849, current corr:0.7530, acc7:0.4482, acc5:0.5212,acc2_non_zero:0.8290, f_score_non_zero:0.8298, acc2:0.8088, f_score:0.8090
Saved best model at epoch 54 by valid_mae=0.7533 -> /data01/lyw/GLoMo/experiments/mosi_ours_valmae_seed3407/best_model.pt
epoch:55, train_loss:1.4187, valid_mse:1.1121, valid_mae:0.7658, test_acc2:0.8146
current mae:0.7777, current corr:0.7587, acc7:0.4482, acc5:0.5241,acc2_non_zero:0.8382, f_score_non_zero:0.8385, acc2:0.8146, f_score:0.8142
epoch:56, train_loss:1.3895, valid_mse:1.0954, valid_mae:0.7423, test_acc2:0.8146
current mae:0.7892, current corr:0.7572, acc7:0.4423, acc5:0.5109,acc2_non_zero:0.8321, f_score_non_zero:0.8326, acc2:0.8146, f_score:0.8146
Saved best model at epoch 56 by valid_mae=0.7423 -> /data01/lyw/GLoMo/experiments/mosi_ours_valmae_seed3407/best_model.pt
epoch:57, train_loss:1.3748, valid_mse:1.1260, valid_mae:0.7675, test_acc2:0.8292
current mae:0.7662, current corr:0.7590, acc7:0.4584, acc5:0.5328,acc2_non_zero:0.8565, f_score_non_zero:0.8552, acc2:0.8292, f_score:0.8269
epoch:58, train_loss:1.3667, valid_mse:1.0298, valid_mae:0.7380, test_acc2:0.8058
current mae:0.7941, current corr:0.7451, acc7:0.4380, acc5:0.5007,acc2_non_zero:0.8321, f_score_non_zero:0.8327, acc2:0.8058, f_score:0.8057
Saved best model at epoch 58 by valid_mae=0.7380 -> /data01/lyw/GLoMo/experiments/mosi_ours_valmae_seed3407/best_model.pt
epoch:59, train_loss:1.3726, valid_mse:1.0690, valid_mae:0.7508, test_acc2:0.8190
current mae:0.7524, current corr:0.7685, acc7:0.4409, acc5:0.5153,acc2_non_zero:0.8473, f_score_non_zero:0.8469, acc2:0.8190, f_score:0.8176
epoch:60, train_loss:1.3364, valid_mse:1.1080, valid_mae:0.7561, test_acc2:0.8088
current mae:0.7732, current corr:0.7558, acc7:0.4540, acc5:0.5226,acc2_non_zero:0.8336, f_score_non_zero:0.8340, acc2:0.8088, f_score:0.8084
epoch:61, train_loss:1.3219, valid_mse:1.0575, valid_mae:0.7392, test_acc2:0.8102
current mae:0.7665, current corr:0.7617, acc7:0.4599, acc5:0.5314,acc2_non_zero:0.8351, f_score_non_zero:0.8354, acc2:0.8102, f_score:0.8097
epoch:62, train_loss:1.3094, valid_mse:1.0062, valid_mae:0.7392, test_acc2:0.8088
current mae:0.7745, current corr:0.7637, acc7:0.4336, acc5:0.4993,acc2_non_zero:0.8321, f_score_non_zero:0.8326, acc2:0.8088, f_score:0.8086
epoch:63, train_loss:1.3145, valid_mse:0.9724, valid_mae:0.7289, test_acc2:0.8029
current mae:0.7693, current corr:0.7694, acc7:0.4496, acc5:0.5139,acc2_non_zero:0.8244, f_score_non_zero:0.8255, acc2:0.8029, f_score:0.8034
Saved best model at epoch 63 by valid_mae=0.7289 -> /data01/lyw/GLoMo/experiments/mosi_ours_valmae_seed3407/best_model.pt
epoch:64, train_loss:1.2813, valid_mse:0.9691, valid_mae:0.7344, test_acc2:0.8044
current mae:0.7816, current corr:0.7638, acc7:0.4438, acc5:0.5066,acc2_non_zero:0.8214, f_score_non_zero:0.8224, acc2:0.8044, f_score:0.8049
epoch:65, train_loss:1.2785, valid_mse:0.9929, valid_mae:0.7435, test_acc2:0.7985
current mae:0.7727, current corr:0.7622, acc7:0.4380, acc5:0.5022,acc2_non_zero:0.8183, f_score_non_zero:0.8194, acc2:0.7985, f_score:0.7990
epoch:66, train_loss:1.2584, valid_mse:1.0217, valid_mae:0.7350, test_acc2:0.8175
current mae:0.7586, current corr:0.7650, acc7:0.4453, acc5:0.5109,acc2_non_zero:0.8397, f_score_non_zero:0.8402, acc2:0.8175, f_score:0.8174
epoch:67, train_loss:1.2331, valid_mse:1.0316, valid_mae:0.7381, test_acc2:0.8117
current mae:0.7440, current corr:0.7716, acc7:0.4672, acc5:0.5401,acc2_non_zero:0.8336, f_score_non_zero:0.8340, acc2:0.8117, f_score:0.8114
epoch:68, train_loss:1.2175, valid_mse:1.0431, valid_mae:0.7344, test_acc2:0.8131
current mae:0.7486, current corr:0.7647, acc7:0.4613, acc5:0.5358,acc2_non_zero:0.8351, f_score_non_zero:0.8353, acc2:0.8131, f_score:0.8126
epoch:69, train_loss:1.2196, valid_mse:1.0508, valid_mae:0.7409, test_acc2:0.8248
current mae:0.7439, current corr:0.7694, acc7:0.4599, acc5:0.5358,acc2_non_zero:0.8489, f_score_non_zero:0.8489, acc2:0.8248, f_score:0.8241
Loading best model from epoch 63 by valid_mae=0.7289 for analysis export.
Analysis files exported to: /data01/lyw/GLoMo/experiments/mosi_ours_valmae_seed3407/analysis
  predictions: /data01/lyw/GLoMo/experiments/mosi_ours_valmae_seed3407/analysis/predictions.csv
  repr: /data01/lyw/GLoMo/experiments/mosi_ours_valmae_seed3407/analysis/repr.npz
  repr meta: /data01/lyw/GLoMo/experiments/mosi_ours_valmae_seed3407/analysis/repr_meta.json
  cases: /data01/lyw/GLoMo/experiments/mosi_ours_valmae_seed3407/analysis/cases.csv
Metrics summary saved to: /data01/lyw/GLoMo/experiments/mosi_ours_valmae_seed3407/metrics.json
Total runtime: 730500.0872612 ms
