Using device: cuda:0, visible GPUs: 4
GPU name: NVIDIA GeForce RTX 3090
Seed: 42
Command script saved to: /data01/lyw/GLoMo/experiments/mosei_only_moe_valmae_seed42/command.sh
train labels: n=16265 min=-3.000 max=3.000 mean=0.146 std=1.125
dev labels: n=1869 min=-3.000 max=3.000 mean=0.190 std=1.038
test labels: n=4643 min=-3.000 max=3.000 mean=0.141 std=1.108
BERT load: missing=3 unexpected=10
BERT missing keys (first 5): ['linear1.weight', 'linear1.bias', 'proj_l.weight']
BERT unexpected keys (first 5): ['pooler.dense.weight', 'pooler.dense.bias', 'cls.predictions.bias', 'cls.predictions.transform.dense.weight', 'cls.predictions.transform.dense.bias']
conv audio std 0.03868566453456879
conv video std 0.056636784225702286
total parameter for the model:  117281879
epoch:0, train_loss:2.1565, valid_mse:0.5962, valid_mae:0.5809, test_acc2:0.7982
current mae:0.6079, current corr:0.6925, acc7:0.4697, acc5:0.4697,acc2_non_zero:0.8423, f_score_non_zero:0.8433, acc2:0.7982, f_score:0.8054
Saved best model at epoch 0 by valid_mae=0.5809 -> /data01/lyw/GLoMo/experiments/mosei_only_moe_valmae_seed42/best_model.pt
epoch:1, train_loss:1.7175, valid_mse:0.5378, valid_mae:0.5450, test_acc2:0.7876
current mae:0.5597, current corr:0.7431, acc7:0.5257, acc5:0.5395,acc2_non_zero:0.8450, f_score_non_zero:0.8463, acc2:0.7876, f_score:0.7960
Saved best model at epoch 1 by valid_mae=0.5450 -> /data01/lyw/GLoMo/experiments/mosei_only_moe_valmae_seed42/best_model.pt
epoch:2, train_loss:1.5461, valid_mse:0.5478, valid_mae:0.5486, test_acc2:0.8150
current mae:0.5584, current corr:0.7490, acc7:0.5221, acc5:0.5391,acc2_non_zero:0.8530, f_score_non_zero:0.8528, acc2:0.8150, f_score:0.8199
epoch:3, train_loss:1.4194, valid_mse:0.5332, valid_mae:0.5446, test_acc2:0.8350
current mae:0.5523, current corr:0.7546, acc7:0.5264, acc5:0.5440,acc2_non_zero:0.8514, f_score_non_zero:0.8500, acc2:0.8350, f_score:0.8370
Saved best model at epoch 3 by valid_mae=0.5446 -> /data01/lyw/GLoMo/experiments/mosei_only_moe_valmae_seed42/best_model.pt
epoch:4, train_loss:1.3039, valid_mse:0.5479, valid_mae:0.5484, test_acc2:0.8126
current mae:0.5609, current corr:0.7459, acc7:0.5206, acc5:0.5395,acc2_non_zero:0.8517, f_score_non_zero:0.8522, acc2:0.8126, f_score:0.8185
epoch:5, train_loss:1.1910, valid_mse:0.5730, valid_mae:0.5670, test_acc2:0.8329
current mae:0.5778, current corr:0.7499, acc7:0.5130, acc5:0.5324,acc2_non_zero:0.8552, f_score_non_zero:0.8527, acc2:0.8329, f_score:0.8340
epoch:6, train_loss:1.0963, valid_mse:0.5422, valid_mae:0.5568, test_acc2:0.8492
current mae:0.5653, current corr:0.7550, acc7:0.5158, acc5:0.5341,acc2_non_zero:0.8431, f_score_non_zero:0.8376, acc2:0.8492, f_score:0.8456
epoch:7, train_loss:1.0001, valid_mse:0.5431, valid_mae:0.5493, test_acc2:0.8337
current mae:0.5595, current corr:0.7491, acc7:0.5160, acc5:0.5348,acc2_non_zero:0.8550, f_score_non_zero:0.8537, acc2:0.8337, f_score:0.8361
epoch:8, train_loss:0.9050, valid_mse:0.5717, valid_mae:0.5697, test_acc2:0.8445
current mae:0.5776, current corr:0.7488, acc7:0.5061, acc5:0.5247,acc2_non_zero:0.8511, f_score_non_zero:0.8485, acc2:0.8445, f_score:0.8444
epoch:9, train_loss:0.8294, valid_mse:0.5474, valid_mae:0.5566, test_acc2:0.8264
current mae:0.5699, current corr:0.7447, acc7:0.5046, acc5:0.5227,acc2_non_zero:0.8533, f_score_non_zero:0.8525, acc2:0.8264, f_score:0.8298
epoch:10, train_loss:0.7577, valid_mse:0.5852, valid_mae:0.5770, test_acc2:0.8445
current mae:0.5918, current corr:0.7396, acc7:0.4977, acc5:0.5163,acc2_non_zero:0.8494, f_score_non_zero:0.8459, acc2:0.8445, f_score:0.8434
epoch:11, train_loss:0.6855, valid_mse:0.5303, valid_mae:0.5473, test_acc2:0.8105
current mae:0.5584, current corr:0.7423, acc7:0.5111, acc5:0.5277,acc2_non_zero:0.8475, f_score_non_zero:0.8472, acc2:0.8105, f_score:0.8155
epoch:12, train_loss:0.6299, valid_mse:0.5639, valid_mae:0.5705, test_acc2:0.8367
current mae:0.5815, current corr:0.7426, acc7:0.4969, acc5:0.5150,acc2_non_zero:0.8522, f_score_non_zero:0.8506, acc2:0.8367, f_score:0.8384
epoch:13, train_loss:0.5786, valid_mse:0.5517, valid_mae:0.5573, test_acc2:0.8419
current mae:0.5755, current corr:0.7406, acc7:0.5081, acc5:0.5260,acc2_non_zero:0.8536, f_score_non_zero:0.8514, acc2:0.8419, f_score:0.8426
epoch:14, train_loss:0.5452, valid_mse:0.5529, valid_mae:0.5684, test_acc2:0.8471
current mae:0.5833, current corr:0.7451, acc7:0.4977, acc5:0.5158,acc2_non_zero:0.8481, f_score_non_zero:0.8442, acc2:0.8471, f_score:0.8455
epoch:15, train_loss:0.4993, valid_mse:0.5471, valid_mae:0.5580, test_acc2:0.8370
current mae:0.5727, current corr:0.7393, acc7:0.5053, acc5:0.5234,acc2_non_zero:0.8530, f_score_non_zero:0.8518, acc2:0.8370, f_score:0.8390
epoch:16, train_loss:0.4663, valid_mse:0.5389, valid_mae:0.5514, test_acc2:0.8421
current mae:0.5722, current corr:0.7439, acc7:0.5057, acc5:0.5236,acc2_non_zero:0.8547, f_score_non_zero:0.8522, acc2:0.8421, f_score:0.8426
epoch:17, train_loss:0.4402, valid_mse:0.5857, valid_mae:0.5752, test_acc2:0.8227
current mae:0.5913, current corr:0.7402, acc7:0.4913, acc5:0.5104,acc2_non_zero:0.8533, f_score_non_zero:0.8526, acc2:0.8227, f_score:0.8265
epoch:18, train_loss:0.4136, valid_mse:0.5232, valid_mae:0.5454, test_acc2:0.8387
current mae:0.5614, current corr:0.7458, acc7:0.5046, acc5:0.5225,acc2_non_zero:0.8522, f_score_non_zero:0.8500, acc2:0.8387, f_score:0.8396
epoch:19, train_loss:0.3991, valid_mse:0.5494, valid_mae:0.5546, test_acc2:0.7902
current mae:0.5768, current corr:0.7369, acc7:0.4980, acc5:0.5169,acc2_non_zero:0.8406, f_score_non_zero:0.8413, acc2:0.7902, f_score:0.7977
epoch:20, train_loss:0.3858, valid_mse:0.5525, valid_mae:0.5560, test_acc2:0.8113
current mae:0.5756, current corr:0.7417, acc7:0.5068, acc5:0.5257,acc2_non_zero:0.8500, f_score_non_zero:0.8497, acc2:0.8113, f_score:0.8163
epoch:21, train_loss:0.3580, valid_mse:0.5170, valid_mae:0.5380, test_acc2:0.8359
current mae:0.5574, current corr:0.7425, acc7:0.5137, acc5:0.5300,acc2_non_zero:0.8536, f_score_non_zero:0.8522, acc2:0.8359, f_score:0.8379
Saved best model at epoch 21 by valid_mae=0.5380 -> /data01/lyw/GLoMo/experiments/mosei_only_moe_valmae_seed42/best_model.pt
epoch:22, train_loss:0.3349, valid_mse:0.5357, valid_mae:0.5502, test_acc2:0.7975
current mae:0.5686, current corr:0.7441, acc7:0.5064, acc5:0.5264,acc2_non_zero:0.8500, f_score_non_zero:0.8505, acc2:0.7975, f_score:0.8046
epoch:23, train_loss:0.3255, valid_mse:0.5484, valid_mae:0.5521, test_acc2:0.8120
current mae:0.5728, current corr:0.7403, acc7:0.4971, acc5:0.5199,acc2_non_zero:0.8464, f_score_non_zero:0.8467, acc2:0.8120, f_score:0.8174
epoch:24, train_loss:0.3114, valid_mse:0.5444, valid_mae:0.5557, test_acc2:0.8202
current mae:0.5784, current corr:0.7435, acc7:0.4943, acc5:0.5150,acc2_non_zero:0.8497, f_score_non_zero:0.8497, acc2:0.8202, f_score:0.8248
epoch:25, train_loss:0.3021, valid_mse:0.5425, valid_mae:0.5553, test_acc2:0.8087
current mae:0.5722, current corr:0.7427, acc7:0.5053, acc5:0.5251,acc2_non_zero:0.8470, f_score_non_zero:0.8473, acc2:0.8087, f_score:0.8146
epoch:26, train_loss:0.2855, valid_mse:0.5579, valid_mae:0.5646, test_acc2:0.8223
current mae:0.5853, current corr:0.7458, acc7:0.4887, acc5:0.5104,acc2_non_zero:0.8514, f_score_non_zero:0.8510, acc2:0.8223, f_score:0.8264
epoch:27, train_loss:0.2819, valid_mse:0.5129, valid_mae:0.5385, test_acc2:0.8275
current mae:0.5572, current corr:0.7479, acc7:0.5167, acc5:0.5341,acc2_non_zero:0.8506, f_score_non_zero:0.8496, acc2:0.8275, f_score:0.8306
epoch:28, train_loss:0.2678, valid_mse:0.5296, valid_mae:0.5464, test_acc2:0.8238
current mae:0.5614, current corr:0.7482, acc7:0.5109, acc5:0.5322,acc2_non_zero:0.8528, f_score_non_zero:0.8524, acc2:0.8238, f_score:0.8278
epoch:29, train_loss:0.2661, valid_mse:0.5184, valid_mae:0.5395, test_acc2:0.7840
current mae:0.5592, current corr:0.7461, acc7:0.5167, acc5:0.5352,acc2_non_zero:0.8401, f_score_non_zero:0.8415, acc2:0.7840, f_score:0.7926
epoch:30, train_loss:0.2534, valid_mse:0.5460, valid_mae:0.5588, test_acc2:0.8251
current mae:0.5695, current corr:0.7499, acc7:0.5057, acc5:0.5244,acc2_non_zero:0.8511, f_score_non_zero:0.8508, acc2:0.8251, f_score:0.8291
epoch:31, train_loss:0.2542, valid_mse:0.5374, valid_mae:0.5559, test_acc2:0.8094
current mae:0.5723, current corr:0.7475, acc7:0.5051, acc5:0.5234,acc2_non_zero:0.8506, f_score_non_zero:0.8508, acc2:0.8094, f_score:0.8152
epoch:32, train_loss:0.2447, valid_mse:0.5214, valid_mae:0.5417, test_acc2:0.8025
current mae:0.5561, current corr:0.7450, acc7:0.5204, acc5:0.5378,acc2_non_zero:0.8467, f_score_non_zero:0.8469, acc2:0.8025, f_score:0.8087
epoch:33, train_loss:0.2383, valid_mse:0.5245, valid_mae:0.5464, test_acc2:0.8255
current mae:0.5602, current corr:0.7481, acc7:0.5186, acc5:0.5378,acc2_non_zero:0.8511, f_score_non_zero:0.8504, acc2:0.8255, f_score:0.8290
epoch:34, train_loss:0.2331, valid_mse:0.5145, valid_mae:0.5440, test_acc2:0.8342
current mae:0.5625, current corr:0.7509, acc7:0.5081, acc5:0.5266,acc2_non_zero:0.8539, f_score_non_zero:0.8527, acc2:0.8342, f_score:0.8366
epoch:35, train_loss:0.2232, valid_mse:0.5301, valid_mae:0.5518, test_acc2:0.8195
current mae:0.5663, current corr:0.7503, acc7:0.5053, acc5:0.5249,acc2_non_zero:0.8506, f_score_non_zero:0.8498, acc2:0.8195, f_score:0.8234
epoch:36, train_loss:0.2183, valid_mse:0.5222, valid_mae:0.5402, test_acc2:0.7954
current mae:0.5655, current corr:0.7448, acc7:0.5044, acc5:0.5240,acc2_non_zero:0.8475, f_score_non_zero:0.8487, acc2:0.7954, f_score:0.8032
epoch:37, train_loss:0.2166, valid_mse:0.5280, valid_mae:0.5435, test_acc2:0.8025
current mae:0.5598, current corr:0.7471, acc7:0.5115, acc5:0.5318,acc2_non_zero:0.8450, f_score_non_zero:0.8453, acc2:0.8025, f_score:0.8087
epoch:38, train_loss:0.2088, valid_mse:0.5139, valid_mae:0.5434, test_acc2:0.8141
current mae:0.5602, current corr:0.7480, acc7:0.5165, acc5:0.5352,acc2_non_zero:0.8511, f_score_non_zero:0.8511, acc2:0.8141, f_score:0.8193
epoch:39, train_loss:0.2026, valid_mse:0.5264, valid_mae:0.5449, test_acc2:0.8225
current mae:0.5622, current corr:0.7502, acc7:0.5173, acc5:0.5359,acc2_non_zero:0.8547, f_score_non_zero:0.8543, acc2:0.8225, f_score:0.8268
epoch:40, train_loss:0.1990, valid_mse:0.5208, valid_mae:0.5416, test_acc2:0.7954
current mae:0.5625, current corr:0.7502, acc7:0.5132, acc5:0.5328,acc2_non_zero:0.8470, f_score_non_zero:0.8476, acc2:0.7954, f_score:0.8026
epoch:41, train_loss:0.2006, valid_mse:0.5214, valid_mae:0.5472, test_acc2:0.8348
current mae:0.5631, current corr:0.7508, acc7:0.5143, acc5:0.5339,acc2_non_zero:0.8500, f_score_non_zero:0.8490, acc2:0.8348, f_score:0.8371
epoch:42, train_loss:0.1893, valid_mse:0.5421, valid_mae:0.5543, test_acc2:0.8021
current mae:0.5698, current corr:0.7530, acc7:0.5001, acc5:0.5221,acc2_non_zero:0.8448, f_score_non_zero:0.8451, acc2:0.8021, f_score:0.8084
epoch:43, train_loss:0.1906, valid_mse:0.5317, valid_mae:0.5521, test_acc2:0.8383
current mae:0.5689, current corr:0.7518, acc7:0.5051, acc5:0.5264,acc2_non_zero:0.8514, f_score_non_zero:0.8499, acc2:0.8383, f_score:0.8399
epoch:44, train_loss:0.1859, valid_mse:0.5159, valid_mae:0.5428, test_acc2:0.8042
current mae:0.5600, current corr:0.7481, acc7:0.5154, acc5:0.5352,acc2_non_zero:0.8503, f_score_non_zero:0.8506, acc2:0.8042, f_score:0.8105
epoch:45, train_loss:0.1806, valid_mse:0.5852, valid_mae:0.5764, test_acc2:0.8264
current mae:0.5919, current corr:0.7523, acc7:0.4928, acc5:0.5154,acc2_non_zero:0.8558, f_score_non_zero:0.8553, acc2:0.8264, f_score:0.8303
epoch:46, train_loss:0.1791, valid_mse:0.5218, valid_mae:0.5480, test_acc2:0.8342
current mae:0.5616, current corr:0.7548, acc7:0.5111, acc5:0.5307,acc2_non_zero:0.8597, f_score_non_zero:0.8587, acc2:0.8342, f_score:0.8370
epoch:47, train_loss:0.1760, valid_mse:0.5240, valid_mae:0.5457, test_acc2:0.8120
current mae:0.5622, current corr:0.7517, acc7:0.5171, acc5:0.5369,acc2_non_zero:0.8544, f_score_non_zero:0.8545, acc2:0.8120, f_score:0.8175
epoch:48, train_loss:0.1694, valid_mse:0.5160, valid_mae:0.5431, test_acc2:0.8238
current mae:0.5582, current corr:0.7515, acc7:0.5163, acc5:0.5331,acc2_non_zero:0.8552, f_score_non_zero:0.8550, acc2:0.8238, f_score:0.8282
epoch:49, train_loss:0.1659, valid_mse:0.5226, valid_mae:0.5479, test_acc2:0.8087
current mae:0.5602, current corr:0.7522, acc7:0.5096, acc5:0.5266,acc2_non_zero:0.8533, f_score_non_zero:0.8536, acc2:0.8087, f_score:0.8148
epoch:50, train_loss:0.1616, valid_mse:0.5517, valid_mae:0.5655, test_acc2:0.8316
current mae:0.5786, current corr:0.7516, acc7:0.5051, acc5:0.5251,acc2_non_zero:0.8530, f_score_non_zero:0.8518, acc2:0.8316, f_score:0.8341
epoch:51, train_loss:0.1620, valid_mse:0.5431, valid_mae:0.5590, test_acc2:0.8169
current mae:0.5686, current corr:0.7525, acc7:0.5150, acc5:0.5356,acc2_non_zero:0.8530, f_score_non_zero:0.8527, acc2:0.8169, f_score:0.8216
epoch:52, train_loss:0.1541, valid_mse:0.5214, valid_mae:0.5479, test_acc2:0.8176
current mae:0.5610, current corr:0.7499, acc7:0.5154, acc5:0.5344,acc2_non_zero:0.8552, f_score_non_zero:0.8550, acc2:0.8176, f_score:0.8224
epoch:53, train_loss:0.1571, valid_mse:0.5435, valid_mae:0.5575, test_acc2:0.8212
current mae:0.5744, current corr:0.7510, acc7:0.4969, acc5:0.5163,acc2_non_zero:0.8552, f_score_non_zero:0.8548, acc2:0.8212, f_score:0.8255
epoch:54, train_loss:0.1538, valid_mse:0.5364, valid_mae:0.5509, test_acc2:0.8115
current mae:0.5691, current corr:0.7496, acc7:0.5074, acc5:0.5266,acc2_non_zero:0.8519, f_score_non_zero:0.8522, acc2:0.8115, f_score:0.8172
epoch:55, train_loss:0.1458, valid_mse:0.5314, valid_mae:0.5501, test_acc2:0.8092
current mae:0.5676, current corr:0.7481, acc7:0.5033, acc5:0.5236,acc2_non_zero:0.8494, f_score_non_zero:0.8497, acc2:0.8092, f_score:0.8149
epoch:56, train_loss:0.1432, valid_mse:0.5456, valid_mae:0.5571, test_acc2:0.8029
current mae:0.5690, current corr:0.7493, acc7:0.5061, acc5:0.5260,acc2_non_zero:0.8519, f_score_non_zero:0.8525, acc2:0.8029, f_score:0.8097
epoch:57, train_loss:0.1428, valid_mse:0.5456, valid_mae:0.5572, test_acc2:0.8003
current mae:0.5758, current corr:0.7499, acc7:0.5064, acc5:0.5262,acc2_non_zero:0.8448, f_score_non_zero:0.8455, acc2:0.8003, f_score:0.8072
epoch:58, train_loss:0.1388, valid_mse:0.5487, valid_mae:0.5574, test_acc2:0.7971
current mae:0.5712, current corr:0.7505, acc7:0.5124, acc5:0.5331,acc2_non_zero:0.8478, f_score_non_zero:0.8486, acc2:0.7971, f_score:0.8044
epoch:59, train_loss:0.1353, valid_mse:0.5457, valid_mae:0.5586, test_acc2:0.8236
current mae:0.5659, current corr:0.7489, acc7:0.5141, acc5:0.5322,acc2_non_zero:0.8533, f_score_non_zero:0.8524, acc2:0.8236, f_score:0.8271
epoch:60, train_loss:0.1323, valid_mse:0.5475, valid_mae:0.5582, test_acc2:0.8189
current mae:0.5765, current corr:0.7450, acc7:0.5076, acc5:0.5272,acc2_non_zero:0.8492, f_score_non_zero:0.8490, acc2:0.8189, f_score:0.8234
epoch:61, train_loss:0.1330, valid_mse:0.5263, valid_mae:0.5447, test_acc2:0.8042
current mae:0.5586, current corr:0.7475, acc7:0.5204, acc5:0.5402,acc2_non_zero:0.8483, f_score_non_zero:0.8487, acc2:0.8042, f_score:0.8105
epoch:62, train_loss:0.1297, valid_mse:0.5320, valid_mae:0.5513, test_acc2:0.8135
current mae:0.5701, current corr:0.7496, acc7:0.5092, acc5:0.5300,acc2_non_zero:0.8517, f_score_non_zero:0.8518, acc2:0.8135, f_score:0.8189
epoch:63, train_loss:0.1289, valid_mse:0.5412, valid_mae:0.5527, test_acc2:0.7971
current mae:0.5670, current corr:0.7487, acc7:0.5156, acc5:0.5339,acc2_non_zero:0.8464, f_score_non_zero:0.8475, acc2:0.7971, f_score:0.8046
epoch:64, train_loss:0.1250, valid_mse:0.5069, valid_mae:0.5349, test_acc2:0.8070
current mae:0.5538, current corr:0.7486, acc7:0.5223, acc5:0.5395,acc2_non_zero:0.8492, f_score_non_zero:0.8493, acc2:0.8070, f_score:0.8128
Saved best model at epoch 64 by valid_mae=0.5349 -> /data01/lyw/GLoMo/experiments/mosei_only_moe_valmae_seed42/best_model.pt
epoch:65, train_loss:0.1221, valid_mse:0.5386, valid_mae:0.5528, test_acc2:0.7861
current mae:0.5771, current corr:0.7427, acc7:0.5074, acc5:0.5281,acc2_non_zero:0.8384, f_score_non_zero:0.8396, acc2:0.7861, f_score:0.7943
epoch:66, train_loss:0.1199, valid_mse:0.5282, valid_mae:0.5480, test_acc2:0.8141
current mae:0.5712, current corr:0.7440, acc7:0.5158, acc5:0.5348,acc2_non_zero:0.8517, f_score_non_zero:0.8514, acc2:0.8141, f_score:0.8191
epoch:67, train_loss:0.1165, valid_mse:0.5446, valid_mae:0.5523, test_acc2:0.8182
current mae:0.5751, current corr:0.7438, acc7:0.5066, acc5:0.5277,acc2_non_zero:0.8536, f_score_non_zero:0.8536, acc2:0.8182, f_score:0.8232
epoch:68, train_loss:0.1145, valid_mse:0.5535, valid_mae:0.5590, test_acc2:0.7896
current mae:0.5781, current corr:0.7466, acc7:0.5031, acc5:0.5240,acc2_non_zero:0.8420, f_score_non_zero:0.8432, acc2:0.7896, f_score:0.7976
epoch:69, train_loss:0.1160, valid_mse:0.5398, valid_mae:0.5601, test_acc2:0.8318
current mae:0.5767, current corr:0.7515, acc7:0.5096, acc5:0.5279,acc2_non_zero:0.8536, f_score_non_zero:0.8520, acc2:0.8318, f_score:0.8339
epoch:70, train_loss:0.1148, valid_mse:0.5454, valid_mae:0.5548, test_acc2:0.8150
current mae:0.5689, current corr:0.7515, acc7:0.5059, acc5:0.5272,acc2_non_zero:0.8511, f_score_non_zero:0.8511, acc2:0.8150, f_score:0.8201
epoch:71, train_loss:0.1120, valid_mse:0.5488, valid_mae:0.5621, test_acc2:0.8262
current mae:0.5779, current corr:0.7495, acc7:0.5044, acc5:0.5260,acc2_non_zero:0.8533, f_score_non_zero:0.8527, acc2:0.8262, f_score:0.8299
epoch:72, train_loss:0.1135, valid_mse:0.5404, valid_mae:0.5494, test_acc2:0.8120
current mae:0.5629, current corr:0.7485, acc7:0.5257, acc5:0.5440,acc2_non_zero:0.8470, f_score_non_zero:0.8465, acc2:0.8120, f_score:0.8167
epoch:73, train_loss:0.1110, valid_mse:0.5465, valid_mae:0.5563, test_acc2:0.8139
current mae:0.5789, current corr:0.7462, acc7:0.5044, acc5:0.5236,acc2_non_zero:0.8483, f_score_non_zero:0.8483, acc2:0.8139, f_score:0.8190
epoch:74, train_loss:0.1085, valid_mse:0.5331, valid_mae:0.5483, test_acc2:0.8219
current mae:0.5721, current corr:0.7469, acc7:0.5081, acc5:0.5268,acc2_non_zero:0.8503, f_score_non_zero:0.8496, acc2:0.8219, f_score:0.8257
epoch:75, train_loss:0.1041, valid_mse:0.5277, valid_mae:0.5435, test_acc2:0.8111
current mae:0.5659, current corr:0.7462, acc7:0.5141, acc5:0.5324,acc2_non_zero:0.8494, f_score_non_zero:0.8493, acc2:0.8111, f_score:0.8164
epoch:76, train_loss:0.1020, valid_mse:0.5312, valid_mae:0.5479, test_acc2:0.8120
current mae:0.5744, current corr:0.7470, acc7:0.5057, acc5:0.5236,acc2_non_zero:0.8519, f_score_non_zero:0.8516, acc2:0.8120, f_score:0.8170
epoch:77, train_loss:0.0998, valid_mse:0.5197, valid_mae:0.5374, test_acc2:0.7937
current mae:0.5677, current corr:0.7452, acc7:0.5102, acc5:0.5290,acc2_non_zero:0.8431, f_score_non_zero:0.8440, acc2:0.7937, f_score:0.8011
epoch:78, train_loss:0.1000, valid_mse:0.5423, valid_mae:0.5548, test_acc2:0.8128
current mae:0.5747, current corr:0.7447, acc7:0.5012, acc5:0.5201,acc2_non_zero:0.8481, f_score_non_zero:0.8478, acc2:0.8128, f_score:0.8177
epoch:79, train_loss:0.1008, valid_mse:0.5367, valid_mae:0.5500, test_acc2:0.8051
current mae:0.5737, current corr:0.7421, acc7:0.5100, acc5:0.5294,acc2_non_zero:0.8425, f_score_non_zero:0.8429, acc2:0.8051, f_score:0.8110
epoch:80, train_loss:0.0891, valid_mse:0.5389, valid_mae:0.5525, test_acc2:0.8120
current mae:0.5719, current corr:0.7441, acc7:0.5081, acc5:0.5260,acc2_non_zero:0.8464, f_score_non_zero:0.8466, acc2:0.8120, f_score:0.8173
epoch:81, train_loss:0.0818, valid_mse:0.5447, valid_mae:0.5541, test_acc2:0.8090
current mae:0.5746, current corr:0.7447, acc7:0.5057, acc5:0.5244,acc2_non_zero:0.8467, f_score_non_zero:0.8471, acc2:0.8090, f_score:0.8148
epoch:82, train_loss:0.0799, valid_mse:0.5403, valid_mae:0.5517, test_acc2:0.8077
current mae:0.5706, current corr:0.7475, acc7:0.5094, acc5:0.5277,acc2_non_zero:0.8453, f_score_non_zero:0.8455, acc2:0.8077, f_score:0.8133
epoch:83, train_loss:0.0774, valid_mse:0.5388, valid_mae:0.5496, test_acc2:0.8098
current mae:0.5695, current corr:0.7479, acc7:0.5104, acc5:0.5288,acc2_non_zero:0.8461, f_score_non_zero:0.8461, acc2:0.8098, f_score:0.8151
epoch:84, train_loss:0.0796, valid_mse:0.5401, valid_mae:0.5528, test_acc2:0.8059
current mae:0.5713, current corr:0.7468, acc7:0.5076, acc5:0.5264,acc2_non_zero:0.8464, f_score_non_zero:0.8468, acc2:0.8059, f_score:0.8121
epoch:85, train_loss:0.0770, valid_mse:0.5377, valid_mae:0.5502, test_acc2:0.8143
current mae:0.5686, current corr:0.7475, acc7:0.5113, acc5:0.5307,acc2_non_zero:0.8475, f_score_non_zero:0.8475, acc2:0.8143, f_score:0.8194
epoch:86, train_loss:0.0746, valid_mse:0.5364, valid_mae:0.5492, test_acc2:0.8090
current mae:0.5708, current corr:0.7467, acc7:0.5066, acc5:0.5253,acc2_non_zero:0.8467, f_score_non_zero:0.8469, acc2:0.8090, f_score:0.8147
epoch:87, train_loss:0.0745, valid_mse:0.5422, valid_mae:0.5521, test_acc2:0.8053
current mae:0.5697, current corr:0.7469, acc7:0.5087, acc5:0.5277,acc2_non_zero:0.8464, f_score_non_zero:0.8467, acc2:0.8053, f_score:0.8114
epoch:88, train_loss:0.0752, valid_mse:0.5380, valid_mae:0.5496, test_acc2:0.8085
current mae:0.5689, current corr:0.7468, acc7:0.5124, acc5:0.5320,acc2_non_zero:0.8470, f_score_non_zero:0.8474, acc2:0.8085, f_score:0.8145
epoch:89, train_loss:0.0738, valid_mse:0.5372, valid_mae:0.5488, test_acc2:0.8118
current mae:0.5661, current corr:0.7481, acc7:0.5143, acc5:0.5341,acc2_non_zero:0.8472, f_score_non_zero:0.8473, acc2:0.8118, f_score:0.8170
epoch:90, train_loss:0.0729, valid_mse:0.5350, valid_mae:0.5457, test_acc2:0.8083
current mae:0.5682, current corr:0.7466, acc7:0.5120, acc5:0.5311,acc2_non_zero:0.8464, f_score_non_zero:0.8467, acc2:0.8083, f_score:0.8140
epoch:91, train_loss:0.0717, valid_mse:0.5436, valid_mae:0.5497, test_acc2:0.8094
current mae:0.5707, current corr:0.7465, acc7:0.5079, acc5:0.5277,acc2_non_zero:0.8464, f_score_non_zero:0.8467, acc2:0.8094, f_score:0.8150
epoch:92, train_loss:0.0717, valid_mse:0.5426, valid_mae:0.5512, test_acc2:0.8122
current mae:0.5677, current corr:0.7477, acc7:0.5137, acc5:0.5331,acc2_non_zero:0.8475, f_score_non_zero:0.8476, acc2:0.8122, f_score:0.8174
epoch:93, train_loss:0.0714, valid_mse:0.5341, valid_mae:0.5472, test_acc2:0.8090
current mae:0.5683, current corr:0.7471, acc7:0.5122, acc5:0.5313,acc2_non_zero:0.8470, f_score_non_zero:0.8471, acc2:0.8090, f_score:0.8145
epoch:94, train_loss:0.0712, valid_mse:0.5311, valid_mae:0.5457, test_acc2:0.8053
current mae:0.5665, current corr:0.7479, acc7:0.5135, acc5:0.5318,acc2_non_zero:0.8461, f_score_non_zero:0.8467, acc2:0.8053, f_score:0.8116
epoch:95, train_loss:0.0709, valid_mse:0.5385, valid_mae:0.5486, test_acc2:0.8087
current mae:0.5695, current corr:0.7479, acc7:0.5079, acc5:0.5270,acc2_non_zero:0.8478, f_score_non_zero:0.8480, acc2:0.8087, f_score:0.8145
epoch:96, train_loss:0.0694, valid_mse:0.5319, valid_mae:0.5478, test_acc2:0.8118
current mae:0.5641, current corr:0.7490, acc7:0.5128, acc5:0.5311,acc2_non_zero:0.8489, f_score_non_zero:0.8489, acc2:0.8118, f_score:0.8170
epoch:97, train_loss:0.0702, valid_mse:0.5357, valid_mae:0.5488, test_acc2:0.8105
current mae:0.5688, current corr:0.7472, acc7:0.5094, acc5:0.5275,acc2_non_zero:0.8481, f_score_non_zero:0.8484, acc2:0.8105, f_score:0.8162
epoch:98, train_loss:0.0675, valid_mse:0.5394, valid_mae:0.5510, test_acc2:0.8115
current mae:0.5689, current corr:0.7479, acc7:0.5102, acc5:0.5292,acc2_non_zero:0.8481, f_score_non_zero:0.8483, acc2:0.8115, f_score:0.8170
epoch:99, train_loss:0.0682, valid_mse:0.5378, valid_mae:0.5502, test_acc2:0.8094
current mae:0.5691, current corr:0.7476, acc7:0.5096, acc5:0.5285,acc2_non_zero:0.8481, f_score_non_zero:0.8485, acc2:0.8094, f_score:0.8153
Loading best model from epoch 64 by valid_mae=0.5349 for analysis export.
Analysis files exported to: /data01/lyw/GLoMo/experiments/mosei_only_moe_valmae_seed42/analysis
  predictions: /data01/lyw/GLoMo/experiments/mosei_only_moe_valmae_seed42/analysis/predictions.csv
  repr: /data01/lyw/GLoMo/experiments/mosei_only_moe_valmae_seed42/analysis/repr.npz
  repr meta: /data01/lyw/GLoMo/experiments/mosei_only_moe_valmae_seed42/analysis/repr_meta.json
  cases: /data01/lyw/GLoMo/experiments/mosei_only_moe_valmae_seed42/analysis/cases.csv
Metrics summary saved to: /data01/lyw/GLoMo/experiments/mosei_only_moe_valmae_seed42/metrics.json
Total runtime: 7801311.990976334 ms
